MemTotal:        7916544 kB
MemFree:         3138852 kB
MemAvailable:    4830428 kB
Buffers:            3844 kB
Cached:          1373160 kB
SwapCached:         6648 kB
Active:          1234084 kB
Inactive:         829272 kB
Active(anon):     467512 kB
Inactive(anon):   241132 kB
Active(file):     766572 kB
Inactive(file):   588140 kB
Unevictable:        6324 kB
Mlocked:            5884 kB
SwapTotal:       4718584 kB
SwapFree:        3933944 kB
Dirty:             17700 kB
Writeback:             0 kB
AnonPages:        688496 kB
Mapped:           525916 kB
Shmem:             17432 kB
KReclaimable:     735268 kB
Slab:             316516 kB
SReclaimable:      87388 kB
SUnreclaim:       229128 kB
KernelStack:       49632 kB
ShadowCallStack:   12412 kB
PageTables:        63896 kB
NFS_Unstable:          0 kB
Bounce:                0 kB
WritebackTmp:          0 kB
CommitLimit:     8676856 kB
Committed_AS:   64907492 kB
VmallocTotal:   263061440 kB
VmallocUsed:      131816 kB
VmallocChunk:          0 kB
Percpu:             2448 kB
CmaTotal:         405504 kB
CmaFree:          244056 kB
MemTotal:        7916544 kB
MemFree:         3104208 kB
MemAvailable:    4550204 kB
Buffers:            3876 kB
Cached:          1373400 kB
SwapCached:         6664 kB
Active:          1267140 kB
Inactive:         829472 kB
Active(anon):     500520 kB
Inactive(anon):   241108 kB
Active(file):     766620 kB
Inactive(file):   588364 kB
Unevictable:        6324 kB
Mlocked:            5884 kB
SwapTotal:       4718584 kB
SwapFree:        3933944 kB
Dirty:             17848 kB
Writeback:             0 kB
AnonPages:        721584 kB
Mapped:           545560 kB
Shmem:             17604 kB
KReclaimable:     489416 kB
Slab:             316872 kB
SReclaimable:      87416 kB
SUnreclaim:       229456 kB
KernelStack:       49808 kB
ShadowCallStack:   12484 kB
PageTables:        64548 kB
NFS_Unstable:          0 kB
Bounce:                0 kB
WritebackTmp:          0 kB
CommitLimit:     8676856 kB
Committed_AS:   64936752 kB
VmallocTotal:   263061440 kB
VmallocUsed:      132008 kB
VmallocChunk:          0 kB
Percpu:             2448 kB
CmaTotal:         405504 kB
CmaFree:          244080 kB
MemTotal:        7916544 kB
MemFree:         3099912 kB
MemAvailable:    4545132 kB
Buffers:            3900 kB
Cached:          1373400 kB
SwapCached:         6664 kB
Active:          1271236 kB
Inactive:         829492 kB
Active(anon):     504616 kB
Inactive(anon):   241104 kB
Active(file):     766620 kB
Inactive(file):   588388 kB
Unevictable:        6324 kB
Mlocked:            5884 kB
SwapTotal:       4718584 kB
SwapFree:        3933944 kB
Dirty:             17968 kB
Writeback:            16 kB
AnonPages:        725636 kB
Mapped:           546356 kB
Shmem:             17604 kB
KReclaimable:     488616 kB
Slab:             316872 kB
SReclaimable:      87416 kB
SUnreclaim:       229456 kB
KernelStack:       49696 kB
ShadowCallStack:   12440 kB
PageTables:        64592 kB
NFS_Unstable:          0 kB
Bounce:                0 kB
WritebackTmp:          0 kB
CommitLimit:     8676856 kB
Committed_AS:   64936332 kB
VmallocTotal:   263061440 kB
VmallocUsed:      131844 kB
VmallocChunk:          0 kB
Percpu:             2448 kB
CmaTotal:         405504 kB
CmaFree:          244080 kB
MemTotal:        7916544 kB
MemFree:         3096048 kB
MemAvailable:    4541288 kB
Buffers:            3900 kB
Cached:          1373408 kB
SwapCached:         6664 kB
Active:          1274256 kB
Inactive:         829500 kB
Active(anon):     507636 kB
Inactive(anon):   241108 kB
Active(file):     766620 kB
Inactive(file):   588392 kB
Unevictable:        6324 kB
Mlocked:            5884 kB
SwapTotal:       4718584 kB
SwapFree:        3933944 kB
Dirty:             17984 kB
Writeback:             0 kB
AnonPages:        728780 kB
Mapped:           546876 kB
Shmem:             17608 kB
KReclaimable:     488632 kB
Slab:             316888 kB
SReclaimable:      87432 kB
SUnreclaim:       229456 kB
KernelStack:       49648 kB
ShadowCallStack:   12456 kB
PageTables:        64388 kB
NFS_Unstable:          0 kB
Bounce:                0 kB
WritebackTmp:          0 kB
CommitLimit:     8676856 kB
Committed_AS:   64936284 kB
VmallocTotal:   263061440 kB
VmallocUsed:      131828 kB
VmallocChunk:          0 kB
Percpu:             2448 kB
CmaTotal:         405504 kB
CmaFree:          244080 kB
MemTotal:        7916544 kB
MemFree:         3095336 kB
MemAvailable:    4540532 kB
Buffers:            3900 kB
Cached:          1373408 kB
SwapCached:         6668 kB
Active:          1275384 kB
Inactive:         829500 kB
Active(anon):     508764 kB
Inactive(anon):   241104 kB
Active(file):     766620 kB
Inactive(file):   588396 kB
Unevictable:        6324 kB
Mlocked:            5884 kB
SwapTotal:       4718584 kB
SwapFree:        3933944 kB
Dirty:             17988 kB
Writeback:             0 kB
AnonPages:        729616 kB
Mapped:           547100 kB
Shmem:             17608 kB
KReclaimable:     488584 kB
Slab:             316892 kB
SReclaimable:      87432 kB
SUnreclaim:       229460 kB
KernelStack:       49696 kB
ShadowCallStack:   12468 kB
PageTables:        64356 kB
NFS_Unstable:          0 kB
Bounce:                0 kB
WritebackTmp:          0 kB
CommitLimit:     8676856 kB
Committed_AS:   64936292 kB
VmallocTotal:   263061440 kB
VmallocUsed:      131828 kB
VmallocChunk:          0 kB
Percpu:             2448 kB
CmaTotal:         405504 kB
CmaFree:          244080 kB
MemTotal:        7916544 kB
MemFree:         3084540 kB
MemAvailable:    4530384 kB
Buffers:            3912 kB
Cached:          1373360 kB
SwapCached:         6668 kB
Active:          1287824 kB
Inactive:         829496 kB
Active(anon):     521204 kB
Inactive(anon):   241084 kB
Active(file):     766620 kB
Inactive(file):   588412 kB
Unevictable:        6324 kB
Mlocked:            5884 kB
SwapTotal:       4718584 kB
SwapFree:        3933944 kB
Dirty:             18136 kB
Writeback:             0 kB
AnonPages:        742232 kB
Mapped:           548548 kB
Shmem:             17552 kB
KReclaimable:     489216 kB
Slab:             316884 kB
SReclaimable:      87432 kB
SUnreclaim:       229452 kB
KernelStack:       49664 kB
ShadowCallStack:   12448 kB
PageTables:        64672 kB
NFS_Unstable:          0 kB
Bounce:                0 kB
WritebackTmp:          0 kB
CommitLimit:     8676856 kB
Committed_AS:   64954312 kB
VmallocTotal:   263061440 kB
VmallocUsed:      131828 kB
VmallocChunk:          0 kB
Percpu:             2448 kB
CmaTotal:         405504 kB
CmaFree:          244080 kB
MemTotal:        7916544 kB
MemFree:         3058428 kB
MemAvailable:    4504320 kB
Buffers:            3912 kB
Cached:          1373360 kB
SwapCached:         6668 kB
Active:          1312328 kB
Inactive:         829496 kB
Active(anon):     545708 kB
Inactive(anon):   241084 kB
Active(file):     766620 kB
Inactive(file):   588412 kB
Unevictable:        6324 kB
Mlocked:            5884 kB
SwapTotal:       4718584 kB
SwapFree:        3933944 kB
Dirty:             18136 kB
Writeback:             0 kB
AnonPages:        766716 kB
Mapped:           552428 kB
Shmem:             17552 kB
KReclaimable:     489264 kB
Slab:             316940 kB
SReclaimable:      87480 kB
SUnreclaim:       229460 kB
KernelStack:       49632 kB
ShadowCallStack:   12444 kB
PageTables:        64740 kB
NFS_Unstable:          0 kB
Bounce:                0 kB
WritebackTmp:          0 kB
CommitLimit:     8676856 kB
Committed_AS:   65037388 kB
VmallocTotal:   263061440 kB
VmallocUsed:      131808 kB
VmallocChunk:          0 kB
Percpu:             2448 kB
CmaTotal:         405504 kB
CmaFree:          244060 kB
MemTotal:        7916544 kB
MemFree:         2864604 kB
MemAvailable:    4243068 kB
Buffers:            3992 kB
Cached:          1373532 kB
SwapCached:         6672 kB
Active:          1503812 kB
Inactive:         829600 kB
Active(anon):     736976 kB
Inactive(anon):   241084 kB
Active(file):     766836 kB
Inactive(file):   588516 kB
Unevictable:        6324 kB
Mlocked:            5884 kB
SwapTotal:       4718584 kB
SwapFree:        3934712 kB
Dirty:             18140 kB
Writeback:             0 kB
AnonPages:        958196 kB
Mapped:           633224 kB
Shmem:             17488 kB
KReclaimable:     421516 kB
Slab:             317200 kB
SReclaimable:      87480 kB
SUnreclaim:       229720 kB
KernelStack:       49504 kB
ShadowCallStack:   12400 kB
PageTables:        65568 kB
NFS_Unstable:          0 kB
Bounce:                0 kB
WritebackTmp:          0 kB
CommitLimit:     8676856 kB
Committed_AS:   65317684 kB
VmallocTotal:   263061440 kB
VmallocUsed:      131596 kB
VmallocChunk:          0 kB
Percpu:             2448 kB
CmaTotal:         405504 kB
CmaFree:          244204 kB
MemTotal:        7916544 kB
MemFree:         2830892 kB
MemAvailable:    4200312 kB
Buffers:            4004 kB
Cached:          1387532 kB
SwapCached:         6680 kB
Active:          1538460 kB
Inactive:         829624 kB
Active(anon):     757636 kB
Inactive(anon):   241088 kB
Active(file):     780824 kB
Inactive(file):   588536 kB
Unevictable:        6324 kB
Mlocked:            5884 kB
SwapTotal:       4718584 kB
SwapFree:        3934712 kB
Dirty:             18168 kB
Writeback:             0 kB
AnonPages:        978748 kB
Mapped:           640364 kB
Shmem:             17488 kB
KReclaimable:     398464 kB
Slab:             317368 kB
SReclaimable:      87484 kB
SUnreclaim:       229884 kB
KernelStack:       49504 kB
ShadowCallStack:   12408 kB
PageTables:        65564 kB
NFS_Unstable:          0 kB
Bounce:                0 kB
WritebackTmp:          0 kB
CommitLimit:     8676856 kB
Committed_AS:   65359808 kB
VmallocTotal:   263061440 kB
VmallocUsed:      131616 kB
VmallocChunk:          0 kB
Percpu:             2448 kB
CmaTotal:         405504 kB
CmaFree:          244208 kB
MemTotal:        7916544 kB
MemFree:         2706064 kB
MemAvailable:    4060432 kB
Buffers:            4004 kB
Cached:          1387628 kB
SwapCached:         6680 kB
Active:          1661444 kB
Inactive:         829712 kB
Active(anon):     880620 kB
Inactive(anon):   241084 kB
Active(file):     780824 kB
Inactive(file):   588628 kB
Unevictable:        6324 kB
Mlocked:            5884 kB
SwapTotal:       4718584 kB
SwapFree:        3934712 kB
Dirty:             18172 kB
Writeback:             0 kB
AnonPages:       1101816 kB
Mapped:           654708 kB
Shmem:             17492 kB
KReclaimable:     383320 kB
Slab:             317436 kB
SReclaimable:      87484 kB
SUnreclaim:       229952 kB
KernelStack:       49504 kB
ShadowCallStack:   12388 kB
PageTables:        66108 kB
NFS_Unstable:          0 kB
Bounce:                0 kB
WritebackTmp:          0 kB
CommitLimit:     8676856 kB
Committed_AS:   65646532 kB
VmallocTotal:   263061440 kB
VmallocUsed:      131640 kB
VmallocChunk:          0 kB
Percpu:             2448 kB
CmaTotal:         405504 kB
CmaFree:          244208 kB
MemTotal:        7916544 kB
MemFree:         2552536 kB
MemAvailable:    3907016 kB
Buffers:            4004 kB
Cached:          1389196 kB
SwapCached:         6680 kB
Active:          1814668 kB
Inactive:         829716 kB
Active(anon):    1032276 kB
Inactive(anon):   241088 kB
Active(file):     782392 kB
Inactive(file):   588628 kB
Unevictable:        6324 kB
Mlocked:            5884 kB
SwapTotal:       4718584 kB
SwapFree:        3934712 kB
Dirty:             18172 kB
Writeback:             0 kB
AnonPages:       1253240 kB
Mapped:           656160 kB
Shmem:             17492 kB
KReclaimable:     381864 kB
Slab:             317452 kB
SReclaimable:      87484 kB
SUnreclaim:       229968 kB
KernelStack:       49504 kB
ShadowCallStack:   12420 kB
PageTables:        66484 kB
NFS_Unstable:          0 kB
Bounce:                0 kB
WritebackTmp:          0 kB
CommitLimit:     8676856 kB
Committed_AS:   65941444 kB
VmallocTotal:   263061440 kB
VmallocUsed:      131592 kB
VmallocChunk:          0 kB
Percpu:             2448 kB
CmaTotal:         405504 kB
CmaFree:          244208 kB
MemTotal:        7916544 kB
MemFree:         2429920 kB
MemAvailable:    3774924 kB
Buffers:            4004 kB
Cached:          1389232 kB
SwapCached:         6680 kB
Active:          1938316 kB
Inactive:         829716 kB
Active(anon):    1155900 kB
Inactive(anon):   241088 kB
Active(file):     782416 kB
Inactive(file):   588628 kB
Unevictable:        6324 kB
Mlocked:            5884 kB
SwapTotal:       4718584 kB
SwapFree:        3934968 kB
Dirty:             18184 kB
Writeback:             0 kB
AnonPages:       1376976 kB
Mapped:           656960 kB
Shmem:             17504 kB
KReclaimable:     372364 kB
Slab:             317508 kB
SReclaimable:      87484 kB
SUnreclaim:       230024 kB
KernelStack:       49472 kB
ShadowCallStack:   12424 kB
PageTables:        66856 kB
NFS_Unstable:          0 kB
Bounce:                0 kB
WritebackTmp:          0 kB
CommitLimit:     8676856 kB
Committed_AS:   66170824 kB
VmallocTotal:   263061440 kB
VmallocUsed:      131648 kB
VmallocChunk:          0 kB
Percpu:             2448 kB
CmaTotal:         405504 kB
CmaFree:          244208 kB
MemTotal:        7916544 kB
MemFree:         2307548 kB
MemAvailable:    3651584 kB
Buffers:            4052 kB
Cached:          1389288 kB
SwapCached:         6680 kB
Active:          2060348 kB
Inactive:         829816 kB
Active(anon):    1277932 kB
Inactive(anon):   241084 kB
Active(file):     782416 kB
Inactive(file):   588732 kB
Unevictable:        6324 kB
Mlocked:            5884 kB
SwapTotal:       4718584 kB
SwapFree:        3934968 kB
Dirty:             18240 kB
Writeback:             0 kB
AnonPages:       1499080 kB
Mapped:           657644 kB
Shmem:             17504 kB
KReclaimable:     371292 kB
Slab:             317532 kB
SReclaimable:      87484 kB
SUnreclaim:       230048 kB
KernelStack:       49488 kB
ShadowCallStack:   12396 kB
PageTables:        67488 kB
NFS_Unstable:          0 kB
Bounce:                0 kB
WritebackTmp:          0 kB
CommitLimit:     8676856 kB
Committed_AS:   66400160 kB
VmallocTotal:   263061440 kB
VmallocUsed:      131612 kB
VmallocChunk:          0 kB
Percpu:             2448 kB
CmaTotal:         405504 kB
CmaFree:          244208 kB
MemTotal:        7916544 kB
MemFree:         2218372 kB
MemAvailable:    3561936 kB
Buffers:            4052 kB
Cached:          1389292 kB
SwapCached:         6680 kB
Active:          2149492 kB
Inactive:         829820 kB
Active(anon):    1367076 kB
Inactive(anon):   241088 kB
Active(file):     782416 kB
Inactive(file):   588732 kB
Unevictable:        6324 kB
Mlocked:            5884 kB
SwapTotal:       4718584 kB
SwapFree:        3934968 kB
Dirty:             18240 kB
Writeback:             0 kB
AnonPages:       1588352 kB
Mapped:           658224 kB
Shmem:             17508 kB
KReclaimable:     370820 kB
Slab:             317496 kB
SReclaimable:      87500 kB
SUnreclaim:       229996 kB
KernelStack:       49488 kB
ShadowCallStack:   12388 kB
PageTables:        67764 kB
NFS_Unstable:          0 kB
Bounce:                0 kB
WritebackTmp:          0 kB
CommitLimit:     8676856 kB
Committed_AS:   66531232 kB
VmallocTotal:   263061440 kB
VmallocUsed:      131684 kB
VmallocChunk:          0 kB
Percpu:             2448 kB
CmaTotal:         405504 kB
CmaFree:          244208 kB
MemTotal:        7916544 kB
MemFree:         2143360 kB
MemAvailable:    3486504 kB
Buffers:            4052 kB
Cached:          1389280 kB
SwapCached:         6680 kB
Active:          2224336 kB
Inactive:         829808 kB
Active(anon):    1441920 kB
Inactive(anon):   241088 kB
Active(file):     782416 kB
Inactive(file):   588720 kB
Unevictable:        6324 kB
Mlocked:            5884 kB
SwapTotal:       4718584 kB
SwapFree:        3934968 kB
Dirty:             18228 kB
Writeback:             0 kB
AnonPages:       1663052 kB
Mapped:           658404 kB
Shmem:             17508 kB
KReclaimable:     370412 kB
Slab:             317480 kB
SReclaimable:      87500 kB
SUnreclaim:       229980 kB
KernelStack:       49472 kB
ShadowCallStack:   12396 kB
PageTables:        67836 kB
NFS_Unstable:          0 kB
Bounce:                0 kB
WritebackTmp:          0 kB
CommitLimit:     8676856 kB
Committed_AS:   66613156 kB
VmallocTotal:   263061440 kB
VmallocUsed:      131624 kB
VmallocChunk:          0 kB
Percpu:             2448 kB
CmaTotal:         405504 kB
CmaFree:          244208 kB
MemTotal:        7916544 kB
MemFree:         2080396 kB
MemAvailable:    3423464 kB
Buffers:            4052 kB
Cached:          1389292 kB
SwapCached:         6680 kB
Active:          2286068 kB
Inactive:         829816 kB
Active(anon):    1503652 kB
Inactive(anon):   241084 kB
Active(file):     782416 kB
Inactive(file):   588732 kB
Unevictable:        6324 kB
Mlocked:            5884 kB
SwapTotal:       4718584 kB
SwapFree:        3934968 kB
Dirty:             18240 kB
Writeback:             0 kB
AnonPages:       1724956 kB
Mapped:           658228 kB
Shmem:             17508 kB
KReclaimable:     370324 kB
Slab:             317488 kB
SReclaimable:      87500 kB
SUnreclaim:       229988 kB
KernelStack:       49472 kB
ShadowCallStack:   12396 kB
PageTables:        67856 kB
NFS_Unstable:          0 kB
Bounce:                0 kB
WritebackTmp:          0 kB
CommitLimit:     8676856 kB
Committed_AS:   66678688 kB
VmallocTotal:   263061440 kB
VmallocUsed:      131608 kB
VmallocChunk:          0 kB
Percpu:             2448 kB
CmaTotal:         405504 kB
CmaFree:          244208 kB
MemTotal:        7916544 kB
MemFree:         2020316 kB
MemAvailable:    3363304 kB
Buffers:            4052 kB
Cached:          1389292 kB
SwapCached:         6680 kB
Active:          2346572 kB
Inactive:         829816 kB
Active(anon):    1564156 kB
Inactive(anon):   241084 kB
Active(file):     782416 kB
Inactive(file):   588732 kB
Unevictable:        6324 kB
Mlocked:            5884 kB
SwapTotal:       4718584 kB
SwapFree:        3934968 kB
Dirty:             18240 kB
Writeback:             0 kB
AnonPages:       1785300 kB
Mapped:           658460 kB
Shmem:             17508 kB
KReclaimable:     370244 kB
Slab:             317484 kB
SReclaimable:      87500 kB
SUnreclaim:       229984 kB
KernelStack:       49488 kB
ShadowCallStack:   12396 kB
PageTables:        68148 kB
NFS_Unstable:          0 kB
Bounce:                0 kB
WritebackTmp:          0 kB
CommitLimit:     8676856 kB
Committed_AS:   66760608 kB
VmallocTotal:   263061440 kB
VmallocUsed:      131640 kB
VmallocChunk:          0 kB
Percpu:             2448 kB
CmaTotal:         405504 kB
CmaFree:          244208 kB
MemTotal:        7916544 kB
MemFree:         1980780 kB
MemAvailable:    3323748 kB
Buffers:            4060 kB
Cached:          1389292 kB
SwapCached:         6680 kB
Active:          2386204 kB
Inactive:         829820 kB
Active(anon):    1603788 kB
Inactive(anon):   241084 kB
Active(file):     782416 kB
Inactive(file):   588736 kB
Unevictable:        6324 kB
Mlocked:            5884 kB
SwapTotal:       4718584 kB
SwapFree:        3934968 kB
Dirty:               952 kB
Writeback:          8644 kB
AnonPages:       1824780 kB
Mapped:           658448 kB
Shmem:             17512 kB
KReclaimable:     370220 kB
Slab:             317492 kB
SReclaimable:      87500 kB
SUnreclaim:       229992 kB
KernelStack:       49408 kB
ShadowCallStack:   12404 kB
PageTables:        68128 kB
NFS_Unstable:          0 kB
Bounce:                0 kB
WritebackTmp:          0 kB
CommitLimit:     8676856 kB
Committed_AS:   66776780 kB
VmallocTotal:   263061440 kB
VmallocUsed:      131560 kB
VmallocChunk:          0 kB
Percpu:             2448 kB
CmaTotal:         405504 kB
CmaFree:          244208 kB
MemTotal:        7916544 kB
MemFree:         1930876 kB
MemAvailable:    3273732 kB
Buffers:            4064 kB
Cached:          1389304 kB
SwapCached:         6680 kB
Active:          2435268 kB
Inactive:         829840 kB
Active(anon):    1652852 kB
Inactive(anon):   241088 kB
Active(file):     782416 kB
Inactive(file):   588752 kB
Unevictable:        6324 kB
Mlocked:            5884 kB
SwapTotal:       4718584 kB
SwapFree:        3934968 kB
Dirty:               444 kB
Writeback:             0 kB
AnonPages:       1874100 kB
Mapped:           658664 kB
Shmem:             17512 kB
KReclaimable:     370092 kB
Slab:             317504 kB
SReclaimable:      87500 kB
SUnreclaim:       230004 kB
KernelStack:       49408 kB
ShadowCallStack:   12388 kB
PageTables:        68164 kB
NFS_Unstable:          0 kB
Bounce:                0 kB
WritebackTmp:          0 kB
CommitLimit:     8676856 kB
Committed_AS:   66836048 kB
VmallocTotal:   263061440 kB
VmallocUsed:      131516 kB
VmallocChunk:          0 kB
Percpu:             2448 kB
CmaTotal:         405504 kB
CmaFree:          244208 kB
MemTotal:        7916544 kB
MemFree:         1890748 kB
MemAvailable:    3233412 kB
Buffers:            4064 kB
Cached:          1389304 kB
SwapCached:         6680 kB
Active:          2476740 kB
Inactive:         829836 kB
Active(anon):    1694324 kB
Inactive(anon):   241084 kB
Active(file):     782416 kB
Inactive(file):   588752 kB
Unevictable:        6324 kB
Mlocked:            5884 kB
SwapTotal:       4718584 kB
SwapFree:        3934968 kB
Dirty:               488 kB
Writeback:             0 kB
AnonPages:       1915520 kB
Mapped:           658684 kB
Shmem:             17512 kB
KReclaimable:     369900 kB
Slab:             317392 kB
SReclaimable:      87388 kB
SUnreclaim:       230004 kB
KernelStack:       49408 kB
ShadowCallStack:   12384 kB
PageTables:        68308 kB
NFS_Unstable:          0 kB
Bounce:                0 kB
WritebackTmp:          0 kB
CommitLimit:     8676856 kB
Committed_AS:   66868772 kB
VmallocTotal:   263061440 kB
VmallocUsed:      131508 kB
VmallocChunk:          0 kB
Percpu:             2448 kB
CmaTotal:         405504 kB
CmaFree:          244208 kB
MemTotal:        7916544 kB
MemFree:         1850768 kB
MemAvailable:    3193352 kB
Buffers:            4076 kB
Cached:          1389308 kB
SwapCached:         6680 kB
Active:          2515616 kB
Inactive:         829840 kB
Active(anon):    1733200 kB
Inactive(anon):   241080 kB
Active(file):     782416 kB
Inactive(file):   588760 kB
Unevictable:        6324 kB
Mlocked:            5884 kB
SwapTotal:       4718584 kB
SwapFree:        3934968 kB
Dirty:               488 kB
Writeback:             0 kB
AnonPages:       1954708 kB
Mapped:           658796 kB
Shmem:             17520 kB
KReclaimable:     369812 kB
Slab:             317408 kB
SReclaimable:      87404 kB
SUnreclaim:       230004 kB
KernelStack:       49376 kB
ShadowCallStack:   12396 kB
PageTables:        68368 kB
NFS_Unstable:          0 kB
Bounce:                0 kB
WritebackTmp:          0 kB
CommitLimit:     8676856 kB
Committed_AS:   66885164 kB
VmallocTotal:   263061440 kB
VmallocUsed:      131508 kB
VmallocChunk:          0 kB
Percpu:             2448 kB
CmaTotal:         405504 kB
CmaFree:          244208 kB
MemTotal:        7916544 kB
MemFree:         1802348 kB
MemAvailable:    3144888 kB
Buffers:            4076 kB
Cached:          1389312 kB
SwapCached:         6680 kB
Active:          2564820 kB
Inactive:         829848 kB
Active(anon):    1782404 kB
Inactive(anon):   241084 kB
Active(file):     782416 kB
Inactive(file):   588764 kB
Unevictable:        6324 kB
Mlocked:            5884 kB
SwapTotal:       4718584 kB
SwapFree:        3934968 kB
Dirty:               552 kB
Writeback:             0 kB
AnonPages:       2003528 kB
Mapped:           658908 kB
Shmem:             17520 kB
KReclaimable:     369764 kB
Slab:             317416 kB
SReclaimable:      87404 kB
SUnreclaim:       230012 kB
KernelStack:       49392 kB
ShadowCallStack:   12396 kB
PageTables:        68416 kB
NFS_Unstable:          0 kB
Bounce:                0 kB
WritebackTmp:          0 kB
CommitLimit:     8676856 kB
Committed_AS:   66934316 kB
VmallocTotal:   263061440 kB
VmallocUsed:      131508 kB
VmallocChunk:          0 kB
Percpu:             2448 kB
CmaTotal:         405504 kB
CmaFree:          244208 kB
MemTotal:        7916544 kB
MemFree:         1768928 kB
MemAvailable:    3111480 kB
Buffers:            4076 kB
Cached:          1389324 kB
SwapCached:         6680 kB
Active:          2598432 kB
Inactive:         829860 kB
Active(anon):    1816016 kB
Inactive(anon):   241084 kB
Active(file):     782416 kB
Inactive(file):   588776 kB
Unevictable:        6324 kB
Mlocked:            5884 kB
SwapTotal:       4718584 kB
SwapFree:        3934968 kB
Dirty:               512 kB
Writeback:             0 kB
AnonPages:       2036932 kB
Mapped:           658960 kB
Shmem:             17520 kB
KReclaimable:     369764 kB
Slab:             317416 kB
SReclaimable:      87404 kB
SUnreclaim:       230012 kB
KernelStack:       49344 kB
ShadowCallStack:   12352 kB
PageTables:        68420 kB
NFS_Unstable:          0 kB
Bounce:                0 kB
WritebackTmp:          0 kB
CommitLimit:     8676856 kB
Committed_AS:   66952652 kB
VmallocTotal:   263061440 kB
VmallocUsed:      131452 kB
VmallocChunk:          0 kB
Percpu:             2448 kB
CmaTotal:         405504 kB
CmaFree:          244208 kB
MemTotal:        7916544 kB
MemFree:         1740952 kB
MemAvailable:    3083528 kB
Buffers:            4108 kB
Cached:          1389324 kB
SwapCached:         6680 kB
Active:          2625568 kB
Inactive:         829888 kB
Active(anon):    1843152 kB
Inactive(anon):   241088 kB
Active(file):     782416 kB
Inactive(file):   588800 kB
Unevictable:        6324 kB
Mlocked:            5884 kB
SwapTotal:       4718584 kB
SwapFree:        3934968 kB
Dirty:               208 kB
Writeback:             0 kB
AnonPages:       2064220 kB
Mapped:           658900 kB
Shmem:             17528 kB
KReclaimable:     369764 kB
Slab:             317448 kB
SReclaimable:      87404 kB
SUnreclaim:       230044 kB
KernelStack:       49376 kB
ShadowCallStack:   12380 kB
PageTables:        68456 kB
NFS_Unstable:          0 kB
Bounce:                0 kB
WritebackTmp:          0 kB
CommitLimit:     8676856 kB
Committed_AS:   66985420 kB
VmallocTotal:   263061440 kB
VmallocUsed:      131488 kB
VmallocChunk:          0 kB
Percpu:             2448 kB
CmaTotal:         405504 kB
CmaFree:          244208 kB
MemTotal:        7916544 kB
MemFree:         1716532 kB
MemAvailable:    3059116 kB
Buffers:            4108 kB
Cached:          1389332 kB
SwapCached:         6680 kB
Active:          2650668 kB
Inactive:         829896 kB
Active(anon):    1868252 kB
Inactive(anon):   241088 kB
Active(file):     782416 kB
Inactive(file):   588808 kB
Unevictable:        6324 kB
Mlocked:            5884 kB
SwapTotal:       4718584 kB
SwapFree:        3934968 kB
Dirty:               260 kB
Writeback:             0 kB
AnonPages:       2089284 kB
Mapped:           658932 kB
Shmem:             17528 kB
KReclaimable:     369764 kB
Slab:             317432 kB
SReclaimable:      87404 kB
SUnreclaim:       230028 kB
KernelStack:       49376 kB
ShadowCallStack:   12368 kB
PageTables:        68608 kB
NFS_Unstable:          0 kB
Bounce:                0 kB
WritebackTmp:          0 kB
CommitLimit:     8676856 kB
Committed_AS:   67001804 kB
VmallocTotal:   263061440 kB
VmallocUsed:      131468 kB
VmallocChunk:          0 kB
Percpu:             2448 kB
CmaTotal:         405504 kB
CmaFree:          244208 kB
MemTotal:        7916544 kB
MemFree:         1690208 kB
MemAvailable:    3032792 kB
Buffers:            4108 kB
Cached:          1389336 kB
SwapCached:         6680 kB
Active:          2677200 kB
Inactive:         829896 kB
Active(anon):    1894784 kB
Inactive(anon):   241088 kB
Active(file):     782416 kB
Inactive(file):   588808 kB
Unevictable:        6324 kB
Mlocked:            5884 kB
SwapTotal:       4718584 kB
SwapFree:        3934968 kB
Dirty:               304 kB
Writeback:             0 kB
AnonPages:       2115896 kB
Mapped:           659036 kB
Shmem:             17532 kB
KReclaimable:     369764 kB
Slab:             317428 kB
SReclaimable:      87404 kB
SUnreclaim:       230024 kB
KernelStack:       49360 kB
ShadowCallStack:   12352 kB
PageTables:        68504 kB
NFS_Unstable:          0 kB
Bounce:                0 kB
WritebackTmp:          0 kB
CommitLimit:     8676856 kB
Committed_AS:   67034576 kB
VmallocTotal:   263061440 kB
VmallocUsed:      131500 kB
VmallocChunk:          0 kB
Percpu:             2448 kB
CmaTotal:         405504 kB
CmaFree:          244208 kB
MemTotal:        7916544 kB
MemFree:         1666596 kB
MemAvailable:    3009180 kB
Buffers:            4108 kB
Cached:          1389336 kB
SwapCached:         6680 kB
Active:          2700552 kB
Inactive:         829900 kB
Active(anon):    1918136 kB
Inactive(anon):   241092 kB
Active(file):     782416 kB
Inactive(file):   588808 kB
Unevictable:        6324 kB
Mlocked:            5884 kB
SwapTotal:       4718584 kB
SwapFree:        3934968 kB
Dirty:               308 kB
Writeback:             0 kB
AnonPages:       2139208 kB
Mapped:           659016 kB
Shmem:             17532 kB
KReclaimable:     369764 kB
Slab:             317428 kB
SReclaimable:      87404 kB
SUnreclaim:       230024 kB
KernelStack:       49376 kB
ShadowCallStack:   12368 kB
PageTables:        68664 kB
NFS_Unstable:          0 kB
Bounce:                0 kB
WritebackTmp:          0 kB
CommitLimit:     8676856 kB
Committed_AS:   67050300 kB
VmallocTotal:   263061440 kB
VmallocUsed:      131460 kB
VmallocChunk:          0 kB
Percpu:             2448 kB
CmaTotal:         405504 kB
CmaFree:          244208 kB
MemTotal:        7916544 kB
MemFree:         1641540 kB
MemAvailable:    2984124 kB
Buffers:            4108 kB
Cached:          1389336 kB
SwapCached:         6680 kB
Active:          2724336 kB
Inactive:         829888 kB
Active(anon):    1941920 kB
Inactive(anon):   241080 kB
Active(file):     782416 kB
Inactive(file):   588808 kB
Unevictable:        6324 kB
Mlocked:            5884 kB
SwapTotal:       4718584 kB
SwapFree:        3934968 kB
Dirty:               308 kB
Writeback:             0 kB
AnonPages:       2163156 kB
Mapped:           659128 kB
Shmem:             17532 kB
KReclaimable:     369764 kB
Slab:             317440 kB
SReclaimable:      87404 kB
SUnreclaim:       230036 kB
KernelStack:       49408 kB
ShadowCallStack:   12388 kB
PageTables:        68620 kB
NFS_Unstable:          0 kB
Bounce:                0 kB
WritebackTmp:          0 kB
CommitLimit:     8676856 kB
Committed_AS:   67083068 kB
VmallocTotal:   263061440 kB
VmallocUsed:      131468 kB
VmallocChunk:          0 kB
Percpu:             2448 kB
CmaTotal:         405504 kB
CmaFree:          244208 kB
MemTotal:        7916544 kB
MemFree:         1620056 kB
MemAvailable:    2962680 kB
Buffers:            4116 kB
Cached:          1389336 kB
SwapCached:         6680 kB
Active:          2746880 kB
Inactive:         829900 kB
Active(anon):    1964464 kB
Inactive(anon):   241084 kB
Active(file):     782416 kB
Inactive(file):   588816 kB
Unevictable:        6324 kB
Mlocked:            5884 kB
SwapTotal:       4718584 kB
SwapFree:        3934968 kB
Dirty:               324 kB
Writeback:             0 kB
AnonPages:       2185708 kB
Mapped:           658924 kB
Shmem:             17532 kB
KReclaimable:     369796 kB
Slab:             317492 kB
SReclaimable:      87436 kB
SUnreclaim:       230056 kB
KernelStack:       49376 kB
ShadowCallStack:   12384 kB
PageTables:        68632 kB
NFS_Unstable:          0 kB
Bounce:                0 kB
WritebackTmp:          0 kB
CommitLimit:     8676856 kB
Committed_AS:   67099456 kB
VmallocTotal:   263061440 kB
VmallocUsed:      131472 kB
VmallocChunk:          0 kB
Percpu:             2448 kB
CmaTotal:         405504 kB
CmaFree:          244208 kB
MemTotal:        7916544 kB
MemFree:         1598536 kB
MemAvailable:    2941160 kB
Buffers:            4116 kB
Cached:          1389336 kB
SwapCached:         6680 kB
Active:          2767700 kB
Inactive:         829904 kB
Active(anon):    1985284 kB
Inactive(anon):   241088 kB
Active(file):     782416 kB
Inactive(file):   588816 kB
Unevictable:        6324 kB
Mlocked:            5884 kB
SwapTotal:       4718584 kB
SwapFree:        3934968 kB
Dirty:               332 kB
Writeback:             0 kB
AnonPages:       2206340 kB
Mapped:           658900 kB
Shmem:             17532 kB
KReclaimable:     369796 kB
Slab:             317492 kB
SReclaimable:      87436 kB
SUnreclaim:       230056 kB
KernelStack:       49344 kB
ShadowCallStack:   12368 kB
PageTables:        68676 kB
NFS_Unstable:          0 kB
Bounce:                0 kB
WritebackTmp:          0 kB
CommitLimit:     8676856 kB
Committed_AS:   67115840 kB
VmallocTotal:   263061440 kB
VmallocUsed:      131448 kB
VmallocChunk:          0 kB
Percpu:             2448 kB
CmaTotal:         405504 kB
CmaFree:          244208 kB
MemTotal:        7916544 kB
MemFree:         1571636 kB
MemAvailable:    2914608 kB
Buffers:            4116 kB
Cached:          1389692 kB
SwapCached:         6680 kB
Active:          2794752 kB
Inactive:         829904 kB
Active(anon):    2011992 kB
Inactive(anon):   241084 kB
Active(file):     782760 kB
Inactive(file):   588820 kB
Unevictable:        6324 kB
Mlocked:            5884 kB
SwapTotal:       4718584 kB
SwapFree:        3934968 kB
Dirty:               352 kB
Writeback:             4 kB
AnonPages:       2233212 kB
Mapped:           659024 kB
Shmem:             17540 kB
KReclaimable:     369796 kB
Slab:             317464 kB
SReclaimable:      87436 kB
SUnreclaim:       230028 kB
KernelStack:       49344 kB
ShadowCallStack:   12356 kB
PageTables:        68952 kB
NFS_Unstable:          0 kB
Bounce:                0 kB
WritebackTmp:          0 kB
CommitLimit:     8676856 kB
Committed_AS:   67148112 kB
VmallocTotal:   263061440 kB
VmallocUsed:      131440 kB
VmallocChunk:          0 kB
Percpu:             2448 kB
CmaTotal:         405504 kB
CmaFree:          244208 kB
MemTotal:        7916544 kB
MemFree:         1546144 kB
MemAvailable:    2889252 kB
Buffers:            4116 kB
Cached:          1389868 kB
SwapCached:         6680 kB
Active:          2819204 kB
Inactive:         829908 kB
Active(anon):    2036276 kB
Inactive(anon):   241088 kB
Active(file):     782928 kB
Inactive(file):   588820 kB
Unevictable:        6324 kB
Mlocked:            5884 kB
SwapTotal:       4718584 kB
SwapFree:        3934968 kB
Dirty:               376 kB
Writeback:             0 kB
AnonPages:       2257244 kB
Mapped:           659100 kB
Shmem:             17548 kB
KReclaimable:     369764 kB
Slab:             317452 kB
SReclaimable:      87436 kB
SUnreclaim:       230016 kB
KernelStack:       49360 kB
ShadowCallStack:   12364 kB
PageTables:        68828 kB
NFS_Unstable:          0 kB
Bounce:                0 kB
WritebackTmp:          0 kB
CommitLimit:     8676856 kB
Committed_AS:   67164504 kB
VmallocTotal:   263061440 kB
VmallocUsed:      131464 kB
VmallocChunk:          0 kB
Percpu:             2448 kB
CmaTotal:         405504 kB
CmaFree:          244208 kB
MemTotal:        7916544 kB
MemFree:         1510604 kB
MemAvailable:    2853528 kB
Buffers:            4116 kB
Cached:          1389868 kB
SwapCached:         6680 kB
Active:          2857884 kB
Inactive:         829200 kB
Active(anon):    2074956 kB
Inactive(anon):   240380 kB
Active(file):     782928 kB
Inactive(file):   588820 kB
Unevictable:        6324 kB
Mlocked:            5884 kB
SwapTotal:       4718584 kB
SwapFree:        3938040 kB
Dirty:               376 kB
Writeback:             0 kB
AnonPages:       2295344 kB
Mapped:           659440 kB
Shmem:             17548 kB
KReclaimable:     369580 kB
Slab:             317460 kB
SReclaimable:      87436 kB
SUnreclaim:       230024 kB
KernelStack:       49344 kB
ShadowCallStack:   12360 kB
PageTables:        68996 kB
NFS_Unstable:          0 kB
Bounce:                0 kB
WritebackTmp:          0 kB
CommitLimit:     8676856 kB
Committed_AS:   67213656 kB
VmallocTotal:   263061440 kB
VmallocUsed:      131440 kB
VmallocChunk:          0 kB
Percpu:             2448 kB
CmaTotal:         405504 kB
CmaFree:          244592 kB
MemTotal:        7916544 kB
MemFree:         1476332 kB
MemAvailable:    2819200 kB
Buffers:            4140 kB
Cached:          1389868 kB
SwapCached:         6680 kB
Active:          2891268 kB
Inactive:         829228 kB
Active(anon):    2108340 kB
Inactive(anon):   240384 kB
Active(file):     782928 kB
Inactive(file):   588844 kB
Unevictable:        6324 kB
Mlocked:            5884 kB
SwapTotal:       4718584 kB
SwapFree:        3938040 kB
Dirty:               392 kB
Writeback:             0 kB
AnonPages:       2328844 kB
Mapped:           659700 kB
Shmem:             17548 kB
KReclaimable:     369500 kB
Slab:             317496 kB
SReclaimable:      87436 kB
SUnreclaim:       230060 kB
KernelStack:       49360 kB
ShadowCallStack:   12372 kB
PageTables:        68968 kB
NFS_Unstable:          0 kB
Bounce:                0 kB
WritebackTmp:          0 kB
CommitLimit:     8676856 kB
Committed_AS:   67246424 kB
VmallocTotal:   263061440 kB
VmallocUsed:      131448 kB
VmallocChunk:          0 kB
Percpu:             2448 kB
CmaTotal:         405504 kB
CmaFree:          244592 kB
MemTotal:        7916544 kB
MemFree:         1432688 kB
MemAvailable:    2775212 kB
Buffers:            4140 kB
Cached:          1389868 kB
SwapCached:         6680 kB
Active:          2935552 kB
Inactive:         829228 kB
Active(anon):    2152624 kB
Inactive(anon):   240384 kB
Active(file):     782928 kB
Inactive(file):   588844 kB
Unevictable:        6324 kB
Mlocked:            5884 kB
SwapTotal:       4718584 kB
SwapFree:        3938040 kB
Dirty:               400 kB
Writeback:             0 kB
AnonPages:       2373024 kB
Mapped:           659800 kB
Shmem:             17548 kB
KReclaimable:     369156 kB
Slab:             317492 kB
SReclaimable:      87436 kB
SUnreclaim:       230056 kB
KernelStack:       49360 kB
ShadowCallStack:   12368 kB
PageTables:        69156 kB
NFS_Unstable:          0 kB
Bounce:                0 kB
WritebackTmp:          0 kB
CommitLimit:     8676856 kB
Committed_AS:   67317856 kB
VmallocTotal:   263061440 kB
VmallocUsed:      131444 kB
VmallocChunk:          0 kB
Percpu:             2448 kB
CmaTotal:         405504 kB
CmaFree:          244592 kB
MemTotal:        7916544 kB
MemFree:         1398416 kB
MemAvailable:    2740824 kB
Buffers:            4152 kB
Cached:          1389868 kB
SwapCached:         6680 kB
Active:          2969572 kB
Inactive:         829240 kB
Active(anon):    2186644 kB
Inactive(anon):   240384 kB
Active(file):     782928 kB
Inactive(file):   588856 kB
Unevictable:        6324 kB
Mlocked:            5884 kB
SwapTotal:       4718584 kB
SwapFree:        3938040 kB
Dirty:               476 kB
Writeback:             0 kB
AnonPages:       2407040 kB
Mapped:           659916 kB
Shmem:             17548 kB
KReclaimable:     369028 kB
Slab:             317480 kB
SReclaimable:      87436 kB
SUnreclaim:       230044 kB
KernelStack:       49360 kB
ShadowCallStack:   12372 kB
PageTables:        69228 kB
NFS_Unstable:          0 kB
Bounce:                0 kB
WritebackTmp:          0 kB
CommitLimit:     8676856 kB
Committed_AS:   67350600 kB
VmallocTotal:   263061440 kB
VmallocUsed:      131568 kB
VmallocChunk:          0 kB
Percpu:             2448 kB
CmaTotal:         405504 kB
CmaFree:          244592 kB
MemTotal:        7916544 kB
MemFree:         1364288 kB
MemAvailable:    2706572 kB
Buffers:            4152 kB
Cached:          1389872 kB
SwapCached:         6680 kB
Active:          3003220 kB
Inactive:         828968 kB
Active(anon):    2220292 kB
Inactive(anon):   240108 kB
Active(file):     782928 kB
Inactive(file):   588860 kB
Unevictable:        6324 kB
Mlocked:            5884 kB
SwapTotal:       4718584 kB
SwapFree:        3938040 kB
Dirty:               524 kB
Writeback:             0 kB
AnonPages:       2440472 kB
Mapped:           660084 kB
Shmem:             17548 kB
KReclaimable:     368900 kB
Slab:             317484 kB
SReclaimable:      87436 kB
SUnreclaim:       230048 kB
KernelStack:       49328 kB
ShadowCallStack:   12380 kB
PageTables:        69316 kB
NFS_Unstable:          0 kB
Bounce:                0 kB
WritebackTmp:          0 kB
CommitLimit:     8676856 kB
Committed_AS:   67399700 kB
VmallocTotal:   263061440 kB
VmallocUsed:      131472 kB
VmallocChunk:          0 kB
Percpu:             2448 kB
CmaTotal:         405504 kB
CmaFree:          244592 kB
MemTotal:        7916544 kB
MemFree:         1330200 kB
MemAvailable:    2672188 kB
Buffers:            4152 kB
Cached:          1389872 kB
SwapCached:         6680 kB
Active:          3036504 kB
Inactive:         828964 kB
Active(anon):    2253576 kB
Inactive(anon):   240104 kB
Active(file):     782928 kB
Inactive(file):   588860 kB
Unevictable:        6324 kB
Mlocked:            5884 kB
SwapTotal:       4718584 kB
SwapFree:        3938040 kB
Dirty:               528 kB
Writeback:             0 kB
AnonPages:       2473628 kB
Mapped:           660352 kB
Shmem:             17548 kB
KReclaimable:     368604 kB
Slab:             317492 kB
SReclaimable:      87436 kB
SUnreclaim:       230056 kB
KernelStack:       49360 kB
ShadowCallStack:   12388 kB
PageTables:        69276 kB
NFS_Unstable:          0 kB
Bounce:                0 kB
WritebackTmp:          0 kB
CommitLimit:     8676856 kB
Committed_AS:   67424276 kB
VmallocTotal:   263061440 kB
VmallocUsed:      131444 kB
VmallocChunk:          0 kB
Percpu:             2448 kB
CmaTotal:         405504 kB
CmaFree:          244592 kB
MemTotal:        7916544 kB
MemFree:         1309384 kB
MemAvailable:    2651356 kB
Buffers:            4152 kB
Cached:          1389872 kB
SwapCached:         6680 kB
Active:          3057852 kB
Inactive:         828972 kB
Active(anon):    2274924 kB
Inactive(anon):   240112 kB
Active(file):     782928 kB
Inactive(file):   588860 kB
Unevictable:        6324 kB
Mlocked:            5884 kB
SwapTotal:       4718584 kB
SwapFree:        3938296 kB
Dirty:               508 kB
Writeback:             0 kB
AnonPages:       2494996 kB
Mapped:           660456 kB
Shmem:             17548 kB
KReclaimable:     368588 kB
Slab:             317484 kB
SReclaimable:      87436 kB
SUnreclaim:       230048 kB
KernelStack:       49328 kB
ShadowCallStack:   12356 kB
PageTables:        69524 kB
NFS_Unstable:          0 kB
Bounce:                0 kB
WritebackTmp:          0 kB
CommitLimit:     8676856 kB
Committed_AS:   67457044 kB
VmallocTotal:   263061440 kB
VmallocUsed:      131412 kB
VmallocChunk:          0 kB
Percpu:             2448 kB
CmaTotal:         405504 kB
CmaFree:          244592 kB
MemTotal:        7916544 kB
MemFree:         1294636 kB
MemAvailable:    2636544 kB
Buffers:            4160 kB
Cached:          1389864 kB
SwapCached:         6680 kB
Active:          3073276 kB
Inactive:         828952 kB
Active(anon):    2290348 kB
Inactive(anon):   240092 kB
Active(file):     782928 kB
Inactive(file):   588860 kB
Unevictable:        6324 kB
Mlocked:            5884 kB
SwapTotal:       4718584 kB
SwapFree:        3938552 kB
Dirty:               508 kB
Writeback:             0 kB
AnonPages:       2510660 kB
Mapped:           660456 kB
Shmem:             17548 kB
KReclaimable:     368524 kB
Slab:             317548 kB
SReclaimable:      87436 kB
SUnreclaim:       230112 kB
KernelStack:       49360 kB
ShadowCallStack:   12376 kB
PageTables:        69480 kB
NFS_Unstable:          0 kB
Bounce:                0 kB
WritebackTmp:          0 kB
CommitLimit:     8676856 kB
Committed_AS:   67473480 kB
VmallocTotal:   263061440 kB
VmallocUsed:      131456 kB
VmallocChunk:          0 kB
Percpu:             2448 kB
CmaTotal:         405504 kB
CmaFree:          244592 kB
MemTotal:        7916544 kB
MemFree:         1278748 kB
MemAvailable:    2620648 kB
Buffers:            4160 kB
Cached:          1389876 kB
SwapCached:         6680 kB
Active:          3089120 kB
Inactive:         828972 kB
Active(anon):    2306192 kB
Inactive(anon):   240104 kB
Active(file):     782928 kB
Inactive(file):   588868 kB
Unevictable:        6324 kB
Mlocked:            5884 kB
SwapTotal:       4718584 kB
SwapFree:        3938552 kB
Dirty:               508 kB
Writeback:             0 kB
AnonPages:       2526296 kB
Mapped:           660452 kB
Shmem:             17552 kB
KReclaimable:     368508 kB
Slab:             317496 kB
SReclaimable:      87452 kB
SUnreclaim:       230044 kB
KernelStack:       49344 kB
ShadowCallStack:   12360 kB
PageTables:        69548 kB
NFS_Unstable:          0 kB
Bounce:                0 kB
WritebackTmp:          0 kB
CommitLimit:     8676856 kB
Committed_AS:   67473392 kB
VmallocTotal:   263061440 kB
VmallocUsed:      131428 kB
VmallocChunk:          0 kB
Percpu:             2448 kB
CmaTotal:         405504 kB
CmaFree:          244592 kB
MemTotal:        7916544 kB
MemFree:         1266656 kB
MemAvailable:    2608580 kB
Buffers:            4160 kB
Cached:          1389884 kB
SwapCached:         6680 kB
Active:          3101064 kB
Inactive:         828984 kB
Active(anon):    2318136 kB
Inactive(anon):   240108 kB
Active(file):     782928 kB
Inactive(file):   588876 kB
Unevictable:        6324 kB
Mlocked:            5884 kB
SwapTotal:       4718584 kB
SwapFree:        3938552 kB
Dirty:               520 kB
Writeback:             0 kB
AnonPages:       2538432 kB
Mapped:           660384 kB
Shmem:             17552 kB
KReclaimable:     368524 kB
Slab:             317520 kB
SReclaimable:      87468 kB
SUnreclaim:       230052 kB
KernelStack:       49296 kB
ShadowCallStack:   12372 kB
PageTables:        69320 kB
NFS_Unstable:          0 kB
Bounce:                0 kB
WritebackTmp:          0 kB
CommitLimit:     8676856 kB
Committed_AS:   67473392 kB
VmallocTotal:   263061440 kB
VmallocUsed:      131428 kB
VmallocChunk:          0 kB
Percpu:             2448 kB
CmaTotal:         405504 kB
CmaFree:          244592 kB
MemTotal:        7916544 kB
MemFree:         1251616 kB
MemAvailable:    2593940 kB
Buffers:            4184 kB
Cached:          1390276 kB
SwapCached:         6680 kB
Active:          3116180 kB
Inactive:         829044 kB
Active(anon):    2332896 kB
Inactive(anon):   240108 kB
Active(file):     783284 kB
Inactive(file):   588936 kB
Unevictable:        6324 kB
Mlocked:            5884 kB
SwapTotal:       4718584 kB
SwapFree:        3938552 kB
Dirty:               528 kB
Writeback:             0 kB
AnonPages:       2552996 kB
Mapped:           661192 kB
Shmem:             17552 kB
KReclaimable:     368508 kB
Slab:             317544 kB
SReclaimable:      87484 kB
SUnreclaim:       230060 kB
KernelStack:       49312 kB
ShadowCallStack:   12352 kB
PageTables:        69492 kB
NFS_Unstable:          0 kB
Bounce:                0 kB
WritebackTmp:          0 kB
CommitLimit:     8676856 kB
Committed_AS:   67506060 kB
VmallocTotal:   263061440 kB
VmallocUsed:      131388 kB
VmallocChunk:          0 kB
Percpu:             2448 kB
CmaTotal:         405504 kB
CmaFree:          244592 kB
MemTotal:        7916544 kB
MemFree:         1240140 kB
MemAvailable:    2582488 kB
Buffers:            4216 kB
Cached:          1390252 kB
SwapCached:         6680 kB
Active:          3126880 kB
Inactive:         829056 kB
Active(anon):    2343596 kB
Inactive(anon):   240112 kB
Active(file):     783284 kB
Inactive(file):   588944 kB
Unevictable:        6324 kB
Mlocked:            5884 kB
SwapTotal:       4718584 kB
SwapFree:        3938552 kB
Dirty:               272 kB
Writeback:           124 kB
AnonPages:       2563536 kB
Mapped:           659012 kB
Shmem:             17552 kB
KReclaimable:     368524 kB
Slab:             317556 kB
SReclaimable:      87500 kB
SUnreclaim:       230056 kB
KernelStack:       49296 kB
ShadowCallStack:   12340 kB
PageTables:        69636 kB
NFS_Unstable:          0 kB
Bounce:                0 kB
WritebackTmp:          0 kB
CommitLimit:     8676856 kB
Committed_AS:   67506004 kB
VmallocTotal:   263061440 kB
VmallocUsed:      131368 kB
VmallocChunk:          0 kB
Percpu:             2448 kB
CmaTotal:         405504 kB
CmaFree:          244668 kB
MemTotal:        7916544 kB
MemFree:         1226388 kB
MemAvailable:    2568760 kB
Buffers:            4216 kB
Cached:          1390276 kB
SwapCached:         6680 kB
Active:          3140324 kB
Inactive:         829052 kB
Active(anon):    2357040 kB
Inactive(anon):   240084 kB
Active(file):     783284 kB
Inactive(file):   588968 kB
Unevictable:        6324 kB
Mlocked:            5884 kB
SwapTotal:       4718584 kB
SwapFree:        3938552 kB
Dirty:               140 kB
Writeback:             0 kB
AnonPages:       2577092 kB
Mapped:           658776 kB
Shmem:             17552 kB
KReclaimable:     368524 kB
Slab:             317576 kB
SReclaimable:      87500 kB
SUnreclaim:       230076 kB
KernelStack:       49248 kB
ShadowCallStack:   12324 kB
PageTables:        69572 kB
NFS_Unstable:          0 kB
Bounce:                0 kB
WritebackTmp:          0 kB
CommitLimit:     8676856 kB
Committed_AS:   67522284 kB
VmallocTotal:   263061440 kB
VmallocUsed:      131312 kB
VmallocChunk:          0 kB
Percpu:             2448 kB
CmaTotal:         405504 kB
CmaFree:          244592 kB
MemTotal:        7916544 kB
MemFree:         1212796 kB
MemAvailable:    2555168 kB
Buffers:            4216 kB
Cached:          1390276 kB
SwapCached:         6680 kB
Active:          3154976 kB
Inactive:         829040 kB
Active(anon):    2371692 kB
Inactive(anon):   240072 kB
Active(file):     783284 kB
Inactive(file):   588968 kB
Unevictable:        6324 kB
Mlocked:            5884 kB
SwapTotal:       4718584 kB
SwapFree:        3938552 kB
Dirty:               156 kB
Writeback:             0 kB
AnonPages:       2591652 kB
Mapped:           658712 kB
Shmem:             17552 kB
KReclaimable:     368524 kB
Slab:             317580 kB
SReclaimable:      87500 kB
SUnreclaim:       230080 kB
KernelStack:       49200 kB
ShadowCallStack:   12328 kB
PageTables:        69524 kB
NFS_Unstable:          0 kB
Bounce:                0 kB
WritebackTmp:          0 kB
CommitLimit:     8676856 kB
Committed_AS:   67538520 kB
VmallocTotal:   263061440 kB
VmallocUsed:      131324 kB
VmallocChunk:          0 kB
Percpu:             2448 kB
CmaTotal:         405504 kB
CmaFree:          244588 kB
MemTotal:        7916544 kB
MemFree:         1190488 kB
MemAvailable:    2532780 kB
Buffers:            4216 kB
Cached:          1390276 kB
SwapCached:         6680 kB
Active:          3176716 kB
Inactive:         829036 kB
Active(anon):    2393432 kB
Inactive(anon):   240068 kB
Active(file):     783284 kB
Inactive(file):   588968 kB
Unevictable:        6324 kB
Mlocked:            5884 kB
SwapTotal:       4718584 kB
SwapFree:        3938552 kB
Dirty:               236 kB
Writeback:             0 kB
AnonPages:       2613448 kB
Mapped:           658780 kB
Shmem:             17552 kB
KReclaimable:     368444 kB
Slab:             317576 kB
SReclaimable:      87500 kB
SUnreclaim:       230076 kB
KernelStack:       49136 kB
ShadowCallStack:   12316 kB
PageTables:        69648 kB
NFS_Unstable:          0 kB
Bounce:                0 kB
WritebackTmp:          0 kB
CommitLimit:     8676856 kB
Committed_AS:   67554644 kB
VmallocTotal:   263061440 kB
VmallocUsed:      131204 kB
VmallocChunk:          0 kB
Percpu:             2448 kB
CmaTotal:         405504 kB
CmaFree:          244592 kB
MemTotal:        7916544 kB
MemFree:         1175160 kB
MemAvailable:    2517420 kB
Buffers:            4216 kB
Cached:          1390276 kB
SwapCached:         6680 kB
Active:          3191992 kB
Inactive:         829028 kB
Active(anon):    2408708 kB
Inactive(anon):   240060 kB
Active(file):     783284 kB
Inactive(file):   588968 kB
Unevictable:        6324 kB
Mlocked:            5884 kB
SwapTotal:       4718584 kB
SwapFree:        3938552 kB
Dirty:               240 kB
Writeback:             0 kB
AnonPages:       2628576 kB
Mapped:           658792 kB
Shmem:             17552 kB
KReclaimable:     368412 kB
Slab:             317576 kB
SReclaimable:      87500 kB
SUnreclaim:       230076 kB
KernelStack:       49056 kB
ShadowCallStack:   12332 kB
PageTables:        69456 kB
NFS_Unstable:          0 kB
Bounce:                0 kB
WritebackTmp:          0 kB
CommitLimit:     8676856 kB
Committed_AS:   67570824 kB
VmallocTotal:   263061440 kB
VmallocUsed:      131104 kB
VmallocChunk:          0 kB
Percpu:             2448 kB
CmaTotal:         405504 kB
CmaFree:          244592 kB
MemTotal:        7916544 kB
MemFree:         1162124 kB
MemAvailable:    2504304 kB
Buffers:            4216 kB
Cached:          1390276 kB
SwapCached:         6680 kB
Active:          3205728 kB
Inactive:         829040 kB
Active(anon):    2422444 kB
Inactive(anon):   240072 kB
Active(file):     783284 kB
Inactive(file):   588968 kB
Unevictable:        6324 kB
Mlocked:            5884 kB
SwapTotal:       4718584 kB
SwapFree:        3938552 kB
Dirty:                80 kB
Writeback:             0 kB
AnonPages:       2642560 kB
Mapped:           658748 kB
Shmem:             17552 kB
KReclaimable:     368332 kB
Slab:             317496 kB
SReclaimable:      87420 kB
SUnreclaim:       230076 kB
KernelStack:       49040 kB
ShadowCallStack:   12284 kB
PageTables:        69604 kB
NFS_Unstable:          0 kB
Bounce:                0 kB
WritebackTmp:          0 kB
CommitLimit:     8676856 kB
Committed_AS:   67570720 kB
VmallocTotal:   263061440 kB
VmallocUsed:      131064 kB
VmallocChunk:          0 kB
Percpu:             2448 kB
CmaTotal:         405504 kB
CmaFree:          244592 kB
MemTotal:        7916544 kB
MemFree:         1145488 kB
MemAvailable:    2487780 kB
Buffers:            4224 kB
Cached:          1390412 kB
SwapCached:         6680 kB
Active:          3222376 kB
Inactive:         829060 kB
Active(anon):    2438956 kB
Inactive(anon):   240084 kB
Active(file):     783420 kB
Inactive(file):   588976 kB
Unevictable:        6324 kB
Mlocked:            5884 kB
SwapTotal:       4718584 kB
SwapFree:        3939576 kB
Dirty:               164 kB
Writeback:             0 kB
AnonPages:       2658836 kB
Mapped:           659828 kB
Shmem:             17552 kB
KReclaimable:     368300 kB
Slab:             317528 kB
SReclaimable:      87420 kB
SUnreclaim:       230108 kB
KernelStack:       49072 kB
ShadowCallStack:   12284 kB
PageTables:        69660 kB
NFS_Unstable:          0 kB
Bounce:                0 kB
WritebackTmp:          0 kB
CommitLimit:     8676856 kB
Committed_AS:   67603432 kB
VmallocTotal:   263061440 kB
VmallocUsed:      131064 kB
VmallocChunk:          0 kB
Percpu:             2448 kB
CmaTotal:         405504 kB
CmaFree:          244588 kB
MemTotal:        7916544 kB
MemFree:         1123600 kB
MemAvailable:    2465844 kB
Buffers:            4236 kB
Cached:          1390416 kB
SwapCached:         6680 kB
Active:          3245236 kB
Inactive:         829044 kB
Active(anon):    2461800 kB
Inactive(anon):   240068 kB
Active(file):     783436 kB
Inactive(file):   588976 kB
Unevictable:        6324 kB
Mlocked:            5884 kB
SwapTotal:       4718584 kB
SwapFree:        3939576 kB
Dirty:               164 kB
Writeback:             0 kB
AnonPages:       2681780 kB
Mapped:           659972 kB
Shmem:             17552 kB
KReclaimable:     368236 kB
Slab:             317528 kB
SReclaimable:      87420 kB
SUnreclaim:       230108 kB
KernelStack:       49008 kB
ShadowCallStack:   12296 kB
PageTables:        69808 kB
NFS_Unstable:          0 kB
Bounce:                0 kB
WritebackTmp:          0 kB
CommitLimit:     8676856 kB
Committed_AS:   67619820 kB
VmallocTotal:   263061440 kB
VmallocUsed:      131080 kB
VmallocChunk:          0 kB
Percpu:             2448 kB
CmaTotal:         405504 kB
CmaFree:          244592 kB
MemTotal:        7916544 kB
MemFree:         1105100 kB
MemAvailable:    2447292 kB
Buffers:            4236 kB
Cached:          1390436 kB
SwapCached:         6680 kB
Active:          3263224 kB
Inactive:         829060 kB
Active(anon):    2479788 kB
Inactive(anon):   240072 kB
Active(file):     783436 kB
Inactive(file):   588988 kB
Unevictable:        6324 kB
Mlocked:            5884 kB
SwapTotal:       4718584 kB
SwapFree:        3939576 kB
Dirty:               176 kB
Writeback:             0 kB
AnonPages:       2699800 kB
Mapped:           659852 kB
Shmem:             17560 kB
KReclaimable:     368172 kB
Slab:             317504 kB
SReclaimable:      87420 kB
SUnreclaim:       230084 kB
KernelStack:       49024 kB
ShadowCallStack:   12264 kB
PageTables:        69564 kB
NFS_Unstable:          0 kB
Bounce:                0 kB
WritebackTmp:          0 kB
CommitLimit:     8676856 kB
Committed_AS:   67641276 kB
VmallocTotal:   263061440 kB
VmallocUsed:      131088 kB
VmallocChunk:          0 kB
Percpu:             2448 kB
CmaTotal:         405504 kB
CmaFree:          230052 kB
MemTotal:        7916544 kB
MemFree:         1091644 kB
MemAvailable:    2433836 kB
Buffers:            4236 kB
Cached:          1390436 kB
SwapCached:         6680 kB
Active:          3277320 kB
Inactive:         829060 kB
Active(anon):    2493884 kB
Inactive(anon):   240072 kB
Active(file):     783436 kB
Inactive(file):   588988 kB
Unevictable:        6324 kB
Mlocked:            5884 kB
SwapTotal:       4718584 kB
SwapFree:        3939576 kB
Dirty:               176 kB
Writeback:             0 kB
AnonPages:       2713984 kB
Mapped:           659840 kB
Shmem:             17560 kB
KReclaimable:     368172 kB
Slab:             317504 kB
SReclaimable:      87420 kB
SUnreclaim:       230084 kB
KernelStack:       49024 kB
ShadowCallStack:   12272 kB
PageTables:        69656 kB
NFS_Unstable:          0 kB
Bounce:                0 kB
WritebackTmp:          0 kB
CommitLimit:     8676856 kB
Committed_AS:   67657660 kB
VmallocTotal:   263061440 kB
VmallocUsed:      131008 kB
VmallocChunk:          0 kB
Percpu:             2448 kB
CmaTotal:         405504 kB
CmaFree:          216808 kB
MemTotal:        7916544 kB
MemFree:         1078260 kB
MemAvailable:    2420444 kB
Buffers:            4260 kB
Cached:          1390420 kB
SwapCached:         6680 kB
Active:          3290288 kB
Inactive:         829052 kB
Active(anon):    2506852 kB
Inactive(anon):   240072 kB
Active(file):     783436 kB
Inactive(file):   588980 kB
Unevictable:        6324 kB
Mlocked:            5884 kB
SwapTotal:       4718584 kB
SwapFree:        3939576 kB
Dirty:               180 kB
Writeback:             0 kB
AnonPages:       2726684 kB
Mapped:           660096 kB
Shmem:             17576 kB
KReclaimable:     368172 kB
Slab:             317504 kB
SReclaimable:      87420 kB
SUnreclaim:       230084 kB
KernelStack:       48992 kB
ShadowCallStack:   12292 kB
PageTables:        69528 kB
NFS_Unstable:          0 kB
Bounce:                0 kB
WritebackTmp:          0 kB
CommitLimit:     8676856 kB
Committed_AS:   67657676 kB
VmallocTotal:   263061440 kB
VmallocUsed:      131036 kB
VmallocChunk:          0 kB
Percpu:             2448 kB
CmaTotal:         405504 kB
CmaFree:          203760 kB
MemTotal:        7916544 kB
MemFree:         1064560 kB
MemAvailable:    2406784 kB
Buffers:            4260 kB
Cached:          1390468 kB
SwapCached:         6680 kB
Active:          3303756 kB
Inactive:         829088 kB
Active(anon):    2520320 kB
Inactive(anon):   240068 kB
Active(file):     783436 kB
Inactive(file):   589020 kB
Unevictable:        6324 kB
Mlocked:            5884 kB
SwapTotal:       4718584 kB
SwapFree:        3939576 kB
Dirty:               132 kB
Writeback:             0 kB
AnonPages:       2740320 kB
Mapped:           660008 kB
Shmem:             17584 kB
KReclaimable:     368172 kB
Slab:             317504 kB
SReclaimable:      87420 kB
SUnreclaim:       230084 kB
KernelStack:       48992 kB
ShadowCallStack:   12264 kB
PageTables:        69868 kB
NFS_Unstable:          0 kB
Bounce:                0 kB
WritebackTmp:          0 kB
CommitLimit:     8676856 kB
Committed_AS:   67673964 kB
VmallocTotal:   263061440 kB
VmallocUsed:      130964 kB
VmallocChunk:          0 kB
Percpu:             2448 kB
CmaTotal:         405504 kB
CmaFree:          190780 kB
MemTotal:        7916544 kB
MemFree:         1050700 kB
MemAvailable:    2392924 kB
Buffers:            4260 kB
Cached:          1390468 kB
SwapCached:         6680 kB
Active:          3317352 kB
Inactive:         829092 kB
Active(anon):    2533916 kB
Inactive(anon):   240072 kB
Active(file):     783436 kB
Inactive(file):   589020 kB
Unevictable:        6324 kB
Mlocked:            5884 kB
SwapTotal:       4718584 kB
SwapFree:        3939576 kB
Dirty:               132 kB
Writeback:             0 kB
AnonPages:       2754220 kB
Mapped:           659920 kB
Shmem:             17584 kB
KReclaimable:     368172 kB
Slab:             317504 kB
SReclaimable:      87420 kB
SUnreclaim:       230084 kB
KernelStack:       48976 kB
ShadowCallStack:   12280 kB
PageTables:        69712 kB
NFS_Unstable:          0 kB
Bounce:                0 kB
WritebackTmp:          0 kB
CommitLimit:     8676856 kB
Committed_AS:   67690348 kB
VmallocTotal:   263061440 kB
VmallocUsed:      130948 kB
VmallocChunk:          0 kB
Percpu:             2448 kB
CmaTotal:         405504 kB
CmaFree:          176024 kB
MemTotal:        7916544 kB
MemFree:         1037156 kB
MemAvailable:    2379380 kB
Buffers:            4260 kB
Cached:          1390468 kB
SwapCached:         6680 kB
Active:          3330532 kB
Inactive:         829092 kB
Active(anon):    2547096 kB
Inactive(anon):   240072 kB
Active(file):     783436 kB
Inactive(file):   589020 kB
Unevictable:        6324 kB
Mlocked:            5884 kB
SwapTotal:       4718584 kB
SwapFree:        3939576 kB
Dirty:               152 kB
Writeback:             0 kB
AnonPages:       2767104 kB
Mapped:           660048 kB
Shmem:             17584 kB
KReclaimable:     368172 kB
Slab:             317560 kB
SReclaimable:      87420 kB
SUnreclaim:       230140 kB
KernelStack:       48976 kB
ShadowCallStack:   12276 kB
PageTables:        69812 kB
NFS_Unstable:          0 kB
Bounce:                0 kB
WritebackTmp:          0 kB
CommitLimit:     8676856 kB
Committed_AS:   67690348 kB
VmallocTotal:   263061440 kB
VmallocUsed:      130952 kB
VmallocChunk:          0 kB
Percpu:             2448 kB
CmaTotal:         405504 kB
CmaFree:          162652 kB
MemTotal:        7916544 kB
MemFree:         1022664 kB
MemAvailable:    2364888 kB
Buffers:            4260 kB
Cached:          1390468 kB
SwapCached:         6680 kB
Active:          3345576 kB
Inactive:         829092 kB
Active(anon):    2562140 kB
Inactive(anon):   240072 kB
Active(file):     783436 kB
Inactive(file):   589020 kB
Unevictable:        6324 kB
Mlocked:            5884 kB
SwapTotal:       4718584 kB
SwapFree:        3939576 kB
Dirty:               152 kB
Writeback:             0 kB
AnonPages:       2782316 kB
Mapped:           660080 kB
Shmem:             17584 kB
KReclaimable:     368172 kB
Slab:             317568 kB
SReclaimable:      87420 kB
SUnreclaim:       230148 kB
KernelStack:       48976 kB
ShadowCallStack:   12264 kB
PageTables:        69840 kB
NFS_Unstable:          0 kB
Bounce:                0 kB
WritebackTmp:          0 kB
CommitLimit:     8676856 kB
Committed_AS:   67723120 kB
VmallocTotal:   263061440 kB
VmallocUsed:      130968 kB
VmallocChunk:          0 kB
Percpu:             2448 kB
CmaTotal:         405504 kB
CmaFree:          148940 kB
MemTotal:        7916544 kB
MemFree:         1004984 kB
MemAvailable:    2347148 kB
Buffers:            4268 kB
Cached:          1390464 kB
SwapCached:         6680 kB
Active:          3362560 kB
Inactive:         829092 kB
Active(anon):    2579124 kB
Inactive(anon):   240068 kB
Active(file):     783436 kB
Inactive(file):   589024 kB
Unevictable:        6324 kB
Mlocked:            5884 kB
SwapTotal:       4718584 kB
SwapFree:        3939576 kB
Dirty:               228 kB
Writeback:             0 kB
AnonPages:       2799304 kB
Mapped:           660136 kB
Shmem:             17584 kB
KReclaimable:     368108 kB
Slab:             317516 kB
SReclaimable:      87420 kB
SUnreclaim:       230096 kB
KernelStack:       48960 kB
ShadowCallStack:   12268 kB
PageTables:        70036 kB
NFS_Unstable:          0 kB
Bounce:                0 kB
WritebackTmp:          0 kB
CommitLimit:     8676856 kB
Committed_AS:   67739500 kB
VmallocTotal:   263061440 kB
VmallocUsed:      130968 kB
VmallocChunk:          0 kB
Percpu:             2448 kB
CmaTotal:         405504 kB
CmaFree:          131308 kB
MemTotal:        7916544 kB
MemFree:          988392 kB
MemAvailable:    2330472 kB
Buffers:            4268 kB
Cached:          1390468 kB
SwapCached:         6680 kB
Active:          3379316 kB
Inactive:         829096 kB
Active(anon):    2595880 kB
Inactive(anon):   240068 kB
Active(file):     783436 kB
Inactive(file):   589028 kB
Unevictable:        6324 kB
Mlocked:            5884 kB
SwapTotal:       4718584 kB
SwapFree:        3939576 kB
Dirty:                84 kB
Writeback:             0 kB
AnonPages:       2815848 kB
Mapped:           660204 kB
Shmem:             17584 kB
KReclaimable:     368020 kB
Slab:             317504 kB
SReclaimable:      87420 kB
SUnreclaim:       230084 kB
KernelStack:       48976 kB
ShadowCallStack:   12268 kB
PageTables:        70028 kB
NFS_Unstable:          0 kB
Bounce:                0 kB
WritebackTmp:          0 kB
CommitLimit:     8676856 kB
Committed_AS:   67755884 kB
VmallocTotal:   263061440 kB
VmallocUsed:      130948 kB
VmallocChunk:          0 kB
Percpu:             2448 kB
CmaTotal:         405504 kB
CmaFree:          114732 kB
MemTotal:        7916544 kB
MemFree:          973840 kB
MemAvailable:    2315888 kB
Buffers:            4268 kB
Cached:          1390476 kB
SwapCached:         6680 kB
Active:          3394328 kB
Inactive:         829096 kB
Active(anon):    2610892 kB
Inactive(anon):   240068 kB
Active(file):     783436 kB
Inactive(file):   589028 kB
Unevictable:        6324 kB
Mlocked:            5884 kB
SwapTotal:       4718584 kB
SwapFree:        3939576 kB
Dirty:               100 kB
Writeback:             0 kB
AnonPages:       2830900 kB
Mapped:           660488 kB
Shmem:             17592 kB
KReclaimable:     367988 kB
Slab:             317504 kB
SReclaimable:      87420 kB
SUnreclaim:       230084 kB
KernelStack:       48976 kB
ShadowCallStack:   12268 kB
PageTables:        70024 kB
NFS_Unstable:          0 kB
Bounce:                0 kB
WritebackTmp:          0 kB
CommitLimit:     8676856 kB
Committed_AS:   67788704 kB
VmallocTotal:   263061440 kB
VmallocUsed:      130984 kB
VmallocChunk:          0 kB
Percpu:             2448 kB
CmaTotal:         405504 kB
CmaFree:           99756 kB
MemTotal:        7916544 kB
MemFree:          950932 kB
MemAvailable:    2292788 kB
Buffers:            4268 kB
Cached:          1390476 kB
SwapCached:         6680 kB
Active:          3416444 kB
Inactive:         829100 kB
Active(anon):    2633008 kB
Inactive(anon):   240072 kB
Active(file):     783436 kB
Inactive(file):   589028 kB
Unevictable:        6324 kB
Mlocked:            5884 kB
SwapTotal:       4718584 kB
SwapFree:        3939576 kB
Dirty:               100 kB
Writeback:             0 kB
AnonPages:       2853012 kB
Mapped:           660620 kB
Shmem:             17592 kB
KReclaimable:     367796 kB
Slab:             317512 kB
SReclaimable:      87420 kB
SUnreclaim:       230092 kB
KernelStack:       48976 kB
ShadowCallStack:   12268 kB
PageTables:        70036 kB
NFS_Unstable:          0 kB
Bounce:                0 kB
WritebackTmp:          0 kB
CommitLimit:     8676856 kB
Committed_AS:   67821428 kB
VmallocTotal:   263061440 kB
VmallocUsed:      130964 kB
VmallocChunk:          0 kB
Percpu:             2448 kB
CmaTotal:         405504 kB
CmaFree:           76484 kB
MemTotal:        7916544 kB
MemFree:          929764 kB
MemAvailable:    2271556 kB
Buffers:            4268 kB
Cached:          1390476 kB
SwapCached:         6680 kB
Active:          3437748 kB
Inactive:         829108 kB
Active(anon):    2654312 kB
Inactive(anon):   240080 kB
Active(file):     783436 kB
Inactive(file):   589028 kB
Unevictable:        6324 kB
Mlocked:            5884 kB
SwapTotal:       4718584 kB
SwapFree:        3939576 kB
Dirty:               100 kB
Writeback:             0 kB
AnonPages:       2874596 kB
Mapped:           660904 kB
Shmem:             17592 kB
KReclaimable:     367732 kB
Slab:             317512 kB
SReclaimable:      87420 kB
SUnreclaim:       230092 kB
KernelStack:       49024 kB
ShadowCallStack:   12272 kB
PageTables:        70276 kB
NFS_Unstable:          0 kB
Bounce:                0 kB
WritebackTmp:          0 kB
CommitLimit:     8676856 kB
Committed_AS:   67854196 kB
VmallocTotal:   263061440 kB
VmallocUsed:      130984 kB
VmallocChunk:          0 kB
Percpu:             2448 kB
CmaTotal:         405504 kB
CmaFree:           55608 kB
MemTotal:        7916544 kB
MemFree:          913284 kB
MemAvailable:    2254932 kB
Buffers:            4300 kB
Cached:          1390480 kB
SwapCached:         6680 kB
Active:          3454156 kB
Inactive:         829124 kB
Active(anon):    2670720 kB
Inactive(anon):   240064 kB
Active(file):     783436 kB
Inactive(file):   589060 kB
Unevictable:        6324 kB
Mlocked:            5884 kB
SwapTotal:       4718584 kB
SwapFree:        3939576 kB
Dirty:               128 kB
Writeback:             0 kB
AnonPages:       2890720 kB
Mapped:           660820 kB
Shmem:             17596 kB
KReclaimable:     367556 kB
Slab:             317512 kB
SReclaimable:      87420 kB
SUnreclaim:       230092 kB
KernelStack:       48944 kB
ShadowCallStack:   12276 kB
PageTables:        70240 kB
NFS_Unstable:          0 kB
Bounce:                0 kB
WritebackTmp:          0 kB
CommitLimit:     8676856 kB
Committed_AS:   67854012 kB
VmallocTotal:   263061440 kB
VmallocUsed:      130968 kB
VmallocChunk:          0 kB
Percpu:             2448 kB
CmaTotal:         405504 kB
CmaFree:           38876 kB
MemTotal:        7916544 kB
MemFree:          900484 kB
MemAvailable:    2242084 kB
Buffers:            4300 kB
Cached:          1390484 kB
SwapCached:         6680 kB
Active:          3466044 kB
Inactive:         829132 kB
Active(anon):    2682608 kB
Inactive(anon):   240072 kB
Active(file):     783436 kB
Inactive(file):   589060 kB
Unevictable:        6324 kB
Mlocked:            5884 kB
SwapTotal:       4718584 kB
SwapFree:        3939576 kB
Dirty:               140 kB
Writeback:             0 kB
AnonPages:       2902608 kB
Mapped:           660880 kB
Shmem:             17600 kB
KReclaimable:     367508 kB
Slab:             317564 kB
SReclaimable:      87436 kB
SUnreclaim:       230128 kB
KernelStack:       48960 kB
ShadowCallStack:   12272 kB
PageTables:        70128 kB
NFS_Unstable:          0 kB
Bounce:                0 kB
WritebackTmp:          0 kB
CommitLimit:     8676856 kB
Committed_AS:   67870400 kB
VmallocTotal:   263061440 kB
VmallocUsed:      130964 kB
VmallocChunk:          0 kB
Percpu:             2448 kB
CmaTotal:         405504 kB
CmaFree:           26524 kB
MemTotal:        7916544 kB
MemFree:          888852 kB
MemAvailable:    2230408 kB
Buffers:            4312 kB
Cached:          1390492 kB
SwapCached:         6680 kB
Active:          3478232 kB
Inactive:         829160 kB
Active(anon):    2694796 kB
Inactive(anon):   240080 kB
Active(file):     783436 kB
Inactive(file):   589080 kB
Unevictable:        6324 kB
Mlocked:            5884 kB
SwapTotal:       4718584 kB
SwapFree:        3939576 kB
Dirty:               248 kB
Writeback:             0 kB
AnonPages:       2914656 kB
Mapped:           660996 kB
Shmem:             17600 kB
KReclaimable:     367444 kB
Slab:             317548 kB
SReclaimable:      87436 kB
SUnreclaim:       230112 kB
KernelStack:       49008 kB
ShadowCallStack:   12268 kB
PageTables:        70124 kB
NFS_Unstable:          0 kB
Bounce:                0 kB
WritebackTmp:          0 kB
CommitLimit:     8676856 kB
Committed_AS:   67886808 kB
VmallocTotal:   263061440 kB
VmallocUsed:      130952 kB
VmallocChunk:          0 kB
Percpu:             2448 kB
CmaTotal:         405504 kB
CmaFree:           14888 kB
MemTotal:        7916544 kB
MemFree:          873760 kB
MemAvailable:    2215268 kB
Buffers:            4312 kB
Cached:          1390492 kB
SwapCached:         6680 kB
Active:          3493268 kB
Inactive:         829148 kB
Active(anon):    2709832 kB
Inactive(anon):   240068 kB
Active(file):     783436 kB
Inactive(file):   589080 kB
Unevictable:        6324 kB
Mlocked:            5884 kB
SwapTotal:       4718584 kB
SwapFree:        3939576 kB
Dirty:               252 kB
Writeback:             0 kB
AnonPages:       2929668 kB
Mapped:           660968 kB
Shmem:             17600 kB
KReclaimable:     367396 kB
Slab:             317540 kB
SReclaimable:      87436 kB
SUnreclaim:       230104 kB
KernelStack:       48960 kB
ShadowCallStack:   12276 kB
PageTables:        70188 kB
NFS_Unstable:          0 kB
Bounce:                0 kB
WritebackTmp:          0 kB
CommitLimit:     8676856 kB
Committed_AS:   67903168 kB
VmallocTotal:   263061440 kB
VmallocUsed:      130944 kB
VmallocChunk:          0 kB
Percpu:             2448 kB
CmaTotal:         405504 kB
CmaFree:               0 kB
MemTotal:        7916544 kB
MemFree:          860240 kB
MemAvailable:    2201732 kB
Buffers:            4312 kB
Cached:          1390496 kB
SwapCached:         6680 kB
Active:          3506348 kB
Inactive:         829160 kB
Active(anon):    2722912 kB
Inactive(anon):   240080 kB
Active(file):     783436 kB
Inactive(file):   589080 kB
Unevictable:        6324 kB
Mlocked:            5884 kB
SwapTotal:       4718584 kB
SwapFree:        3939576 kB
Dirty:               252 kB
Writeback:             0 kB
AnonPages:       2943092 kB
Mapped:           661240 kB
Shmem:             17604 kB
KReclaimable:     367380 kB
Slab:             317540 kB
SReclaimable:      87436 kB
SUnreclaim:       230104 kB
KernelStack:       48992 kB
ShadowCallStack:   12280 kB
PageTables:        70188 kB
NFS_Unstable:          0 kB
Bounce:                0 kB
WritebackTmp:          0 kB
CommitLimit:     8676856 kB
Committed_AS:   67903172 kB
VmallocTotal:   263061440 kB
VmallocUsed:      131004 kB
VmallocChunk:          0 kB
Percpu:             2448 kB
CmaTotal:         405504 kB
CmaFree:              92 kB
MemTotal:        7916544 kB
MemFree:          839992 kB
MemAvailable:    2181292 kB
Buffers:            4312 kB
Cached:          1390496 kB
SwapCached:         6680 kB
Active:          3526824 kB
Inactive:         829148 kB
Active(anon):    2743388 kB
Inactive(anon):   240068 kB
Active(file):     783436 kB
Inactive(file):   589080 kB
Unevictable:        6324 kB
Mlocked:            5884 kB
SwapTotal:       4718584 kB
SwapFree:        3939576 kB
Dirty:               192 kB
Writeback:             0 kB
AnonPages:       2963264 kB
Mapped:           661092 kB
Shmem:             17604 kB
KReclaimable:     367188 kB
Slab:             317552 kB
SReclaimable:      87436 kB
SUnreclaim:       230116 kB
KernelStack:       48976 kB
ShadowCallStack:   12276 kB
PageTables:        70352 kB
NFS_Unstable:          0 kB
Bounce:                0 kB
WritebackTmp:          0 kB
CommitLimit:     8676856 kB
Committed_AS:   67935940 kB
VmallocTotal:   263061440 kB
VmallocUsed:      130960 kB
VmallocChunk:          0 kB
Percpu:             2448 kB
CmaTotal:         405504 kB
CmaFree:               0 kB
MemTotal:        7916544 kB
MemFree:          830460 kB
MemAvailable:    2171728 kB
Buffers:            4320 kB
Cached:          1390488 kB
SwapCached:         6680 kB
Active:          3535876 kB
Inactive:         829152 kB
Active(anon):    2752440 kB
Inactive(anon):   240072 kB
Active(file):     783436 kB
Inactive(file):   589080 kB
Unevictable:        6324 kB
Mlocked:            5884 kB
SwapTotal:       4718584 kB
SwapFree:        3939576 kB
Dirty:               192 kB
Writeback:             0 kB
AnonPages:       2972584 kB
Mapped:           661040 kB
Shmem:             17604 kB
KReclaimable:     367156 kB
Slab:             317584 kB
SReclaimable:      87452 kB
SUnreclaim:       230132 kB
KernelStack:       48960 kB
ShadowCallStack:   12280 kB
PageTables:        70348 kB
NFS_Unstable:          0 kB
Bounce:                0 kB
WritebackTmp:          0 kB
CommitLimit:     8676856 kB
Committed_AS:   67935940 kB
VmallocTotal:   263061440 kB
VmallocUsed:      130936 kB
VmallocChunk:          0 kB
Percpu:             2448 kB
CmaTotal:         405504 kB
CmaFree:              20 kB
MemTotal:        7916544 kB
MemFree:          816112 kB
MemAvailable:    2157212 kB
Buffers:            4320 kB
Cached:          1390500 kB
SwapCached:         6680 kB
Active:          3551516 kB
Inactive:         829160 kB
Active(anon):    2768080 kB
Inactive(anon):   240072 kB
Active(file):     783436 kB
Inactive(file):   589088 kB
Unevictable:        6324 kB
Mlocked:            5884 kB
SwapTotal:       4718584 kB
SwapFree:        3939576 kB
Dirty:                16 kB
Writeback:             0 kB
AnonPages:       2987920 kB
Mapped:           661080 kB
Shmem:             17608 kB
KReclaimable:     366980 kB
Slab:             317520 kB
SReclaimable:      87404 kB
SUnreclaim:       230116 kB
KernelStack:       48976 kB
ShadowCallStack:   12276 kB
PageTables:        70320 kB
NFS_Unstable:          0 kB
Bounce:                0 kB
WritebackTmp:          0 kB
CommitLimit:     8676856 kB
Committed_AS:   67952328 kB
VmallocTotal:   263061440 kB
VmallocUsed:      130968 kB
VmallocChunk:          0 kB
Percpu:             2448 kB
CmaTotal:         405504 kB
CmaFree:               0 kB
MemTotal:        7916544 kB
MemFree:          802800 kB
MemAvailable:    2143868 kB
Buffers:            4320 kB
Cached:          1390500 kB
SwapCached:         6680 kB
Active:          3564960 kB
Inactive:         829156 kB
Active(anon):    2781524 kB
Inactive(anon):   240068 kB
Active(file):     783436 kB
Inactive(file):   589088 kB
Unevictable:        6324 kB
Mlocked:            5884 kB
SwapTotal:       4718584 kB
SwapFree:        3939576 kB
Dirty:                16 kB
Writeback:             0 kB
AnonPages:       3001692 kB
Mapped:           661084 kB
Shmem:             17608 kB
KReclaimable:     366948 kB
Slab:             317520 kB
SReclaimable:      87404 kB
SUnreclaim:       230116 kB
KernelStack:       48944 kB
ShadowCallStack:   12276 kB
PageTables:        70332 kB
NFS_Unstable:          0 kB
Bounce:                0 kB
WritebackTmp:          0 kB
CommitLimit:     8676856 kB
Committed_AS:   67968716 kB
VmallocTotal:   263061440 kB
VmallocUsed:      131060 kB
VmallocChunk:          0 kB
Percpu:             2448 kB
CmaTotal:         405504 kB
CmaFree:              56 kB
MemTotal:        7916544 kB
MemFree:          791160 kB
MemAvailable:    2132228 kB
Buffers:            4320 kB
Cached:          1390500 kB
SwapCached:         6680 kB
Active:          3575092 kB
Inactive:         829160 kB
Active(anon):    2791656 kB
Inactive(anon):   240072 kB
Active(file):     783436 kB
Inactive(file):   589088 kB
Unevictable:        6324 kB
Mlocked:            5884 kB
SwapTotal:       4718584 kB
SwapFree:        3939576 kB
Dirty:                44 kB
Writeback:             0 kB
AnonPages:       3011640 kB
Mapped:           661276 kB
Shmem:             17608 kB
KReclaimable:     366948 kB
Slab:             317520 kB
SReclaimable:      87404 kB
SUnreclaim:       230116 kB
KernelStack:       48960 kB
ShadowCallStack:   12272 kB
PageTables:        70272 kB
NFS_Unstable:          0 kB
Bounce:                0 kB
WritebackTmp:          0 kB
CommitLimit:     8676856 kB
Committed_AS:   67968712 kB
VmallocTotal:   263061440 kB
VmallocUsed:      130964 kB
VmallocChunk:          0 kB
Percpu:             2448 kB
CmaTotal:         405504 kB
CmaFree:               0 kB
MemTotal:        7916544 kB
MemFree:          772652 kB
MemAvailable:    2113680 kB
Buffers:            4344 kB
Cached:          1390500 kB
SwapCached:         6680 kB
Active:          3593864 kB
Inactive:         829184 kB
Active(anon):    2810428 kB
Inactive(anon):   240072 kB
Active(file):     783436 kB
Inactive(file):   589112 kB
Unevictable:        6324 kB
Mlocked:            5884 kB
SwapTotal:       4718584 kB
SwapFree:        3939576 kB
Dirty:                92 kB
Writeback:             0 kB
AnonPages:       3030424 kB
Mapped:           661288 kB
Shmem:             17608 kB
KReclaimable:     366884 kB
Slab:             317520 kB
SReclaimable:      87404 kB
SUnreclaim:       230116 kB
KernelStack:       48976 kB
ShadowCallStack:   12268 kB
PageTables:        70376 kB
NFS_Unstable:          0 kB
Bounce:                0 kB
WritebackTmp:          0 kB
CommitLimit:     8676856 kB
Committed_AS:   68001484 kB
VmallocTotal:   263061440 kB
VmallocUsed:      130964 kB
VmallocChunk:          0 kB
Percpu:             2448 kB
CmaTotal:         405504 kB
CmaFree:               0 kB
MemTotal:        7916544 kB
MemFree:          763824 kB
MemAvailable:    2104820 kB
Buffers:            4344 kB
Cached:          1390500 kB
SwapCached:         6680 kB
Active:          3603204 kB
Inactive:         829184 kB
Active(anon):    2819768 kB
Inactive(anon):   240072 kB
Active(file):     783436 kB
Inactive(file):   589112 kB
Unevictable:        6324 kB
Mlocked:            5884 kB
SwapTotal:       4718584 kB
SwapFree:        3939576 kB
Dirty:                92 kB
Writeback:             0 kB
AnonPages:       3039736 kB
Mapped:           661232 kB
Shmem:             17608 kB
KReclaimable:     366852 kB
Slab:             317524 kB
SReclaimable:      87404 kB
SUnreclaim:       230120 kB
KernelStack:       48976 kB
ShadowCallStack:   12268 kB
PageTables:        70448 kB
NFS_Unstable:          0 kB
Bounce:                0 kB
WritebackTmp:          0 kB
CommitLimit:     8676856 kB
Committed_AS:   68001480 kB
VmallocTotal:   263061440 kB
VmallocUsed:      130976 kB
VmallocChunk:          0 kB
Percpu:             2448 kB
CmaTotal:         405504 kB
CmaFree:               0 kB
MemTotal:        7916544 kB
MemFree:          753296 kB
MemAvailable:    2094292 kB
Buffers:            4344 kB
Cached:          1390500 kB
SwapCached:         6680 kB
Active:          3612936 kB
Inactive:         829180 kB
Active(anon):    2829500 kB
Inactive(anon):   240068 kB
Active(file):     783436 kB
Inactive(file):   589112 kB
Unevictable:        6324 kB
Mlocked:            5884 kB
SwapTotal:       4718584 kB
SwapFree:        3939576 kB
Dirty:                96 kB
Writeback:             0 kB
AnonPages:       3049760 kB
Mapped:           661440 kB
Shmem:             17608 kB
KReclaimable:     366852 kB
Slab:             317524 kB
SReclaimable:      87404 kB
SUnreclaim:       230120 kB
KernelStack:       48976 kB
ShadowCallStack:   12276 kB
PageTables:        70468 kB
NFS_Unstable:          0 kB
Bounce:                0 kB
WritebackTmp:          0 kB
CommitLimit:     8676856 kB
Committed_AS:   68017864 kB
VmallocTotal:   263061440 kB
VmallocUsed:      130972 kB
VmallocChunk:          0 kB
Percpu:             2448 kB
CmaTotal:         405504 kB
CmaFree:               0 kB
MemTotal:        7916544 kB
MemFree:          731608 kB
MemAvailable:    2072548 kB
Buffers:            4344 kB
Cached:          1390508 kB
SwapCached:         6680 kB
Active:          3636564 kB
Inactive:         829188 kB
Active(anon):    2853128 kB
Inactive(anon):   240068 kB
Active(file):     783436 kB
Inactive(file):   589120 kB
Unevictable:        6324 kB
Mlocked:            5884 kB
SwapTotal:       4718584 kB
SwapFree:        3939576 kB
Dirty:               108 kB
Writeback:             0 kB
AnonPages:       3073112 kB
Mapped:           661360 kB
Shmem:             17608 kB
KReclaimable:     366788 kB
Slab:             317520 kB
SReclaimable:      87404 kB
SUnreclaim:       230116 kB
KernelStack:       48976 kB
ShadowCallStack:   12268 kB
PageTables:        70576 kB
NFS_Unstable:          0 kB
Bounce:                0 kB
WritebackTmp:          0 kB
CommitLimit:     8676856 kB
Committed_AS:   68050632 kB
VmallocTotal:   263061440 kB
VmallocUsed:      130988 kB
VmallocChunk:          0 kB
Percpu:             2448 kB
CmaTotal:         405504 kB
CmaFree:               0 kB
MemTotal:        7916544 kB
MemFree:          722192 kB
MemAvailable:    2063068 kB
Buffers:            4344 kB
Cached:          1390508 kB
SwapCached:         6680 kB
Active:          3645704 kB
Inactive:         829188 kB
Active(anon):    2862268 kB
Inactive(anon):   240068 kB
Active(file):     783436 kB
Inactive(file):   589120 kB
Unevictable:        6324 kB
Mlocked:            5884 kB
SwapTotal:       4718584 kB
SwapFree:        3939576 kB
Dirty:                16 kB
Writeback:             0 kB
AnonPages:       3082380 kB
Mapped:           661408 kB
Shmem:             17608 kB
KReclaimable:     366724 kB
Slab:             317520 kB
SReclaimable:      87404 kB
SUnreclaim:       230116 kB
KernelStack:       48944 kB
ShadowCallStack:   12292 kB
PageTables:        70576 kB
NFS_Unstable:          0 kB
Bounce:                0 kB
WritebackTmp:          0 kB
CommitLimit:     8676856 kB
Committed_AS:   68050632 kB
VmallocTotal:   263061440 kB
VmallocUsed:      130960 kB
VmallocChunk:          0 kB
Percpu:             2448 kB
CmaTotal:         405504 kB
CmaFree:               0 kB
MemTotal:        7916544 kB
MemFree:          707804 kB
MemAvailable:    2048648 kB
Buffers:            4344 kB
Cached:          1390512 kB
SwapCached:         6680 kB
Active:          3660284 kB
Inactive:         829192 kB
Active(anon):    2876848 kB
Inactive(anon):   240072 kB
Active(file):     783436 kB
Inactive(file):   589120 kB
Unevictable:        6324 kB
Mlocked:            5884 kB
SwapTotal:       4718584 kB
SwapFree:        3939576 kB
Dirty:                16 kB
Writeback:             0 kB
AnonPages:       3096816 kB
Mapped:           661448 kB
Shmem:             17612 kB
KReclaimable:     366692 kB
Slab:             317516 kB
SReclaimable:      87404 kB
SUnreclaim:       230112 kB
KernelStack:       48960 kB
ShadowCallStack:   12264 kB
PageTables:        70528 kB
NFS_Unstable:          0 kB
Bounce:                0 kB
WritebackTmp:          0 kB
CommitLimit:     8676856 kB
Committed_AS:   68067020 kB
VmallocTotal:   263061440 kB
VmallocUsed:      130952 kB
VmallocChunk:          0 kB
Percpu:             2448 kB
CmaTotal:         405504 kB
CmaFree:               0 kB
MemTotal:        7916544 kB
MemFree:          696668 kB
MemAvailable:    2037520 kB
Buffers:            4352 kB
Cached:          1390512 kB
SwapCached:         6680 kB
Active:          3670492 kB
Inactive:         829192 kB
Active(anon):    2887056 kB
Inactive(anon):   240064 kB
Active(file):     783436 kB
Inactive(file):   589128 kB
Unevictable:        6324 kB
Mlocked:            5884 kB
SwapTotal:       4718584 kB
SwapFree:        3939576 kB
Dirty:               104 kB
Writeback:             0 kB
AnonPages:       3107024 kB
Mapped:           661408 kB
Shmem:             17612 kB
KReclaimable:     366692 kB
Slab:             317528 kB
SReclaimable:      87404 kB
SUnreclaim:       230124 kB
KernelStack:       48992 kB
ShadowCallStack:   12256 kB
PageTables:        70532 kB
NFS_Unstable:          0 kB
Bounce:                0 kB
WritebackTmp:          0 kB
CommitLimit:     8676856 kB
Committed_AS:   68067020 kB
VmallocTotal:   263061440 kB
VmallocUsed:      130972 kB
VmallocChunk:          0 kB
Percpu:             2448 kB
CmaTotal:         405504 kB
CmaFree:              16 kB
MemTotal:        7916544 kB
MemFree:          688576 kB
MemAvailable:    2029440 kB
Buffers:            4364 kB
Cached:          1390512 kB
SwapCached:         6680 kB
Active:          3679208 kB
Inactive:         829208 kB
Active(anon):    2895772 kB
Inactive(anon):   240068 kB
Active(file):     783436 kB
Inactive(file):   589140 kB
Unevictable:        6324 kB
Mlocked:            5884 kB
SwapTotal:       4718584 kB
SwapFree:        3939576 kB
Dirty:               104 kB
Writeback:             0 kB
AnonPages:       3115680 kB
Mapped:           661428 kB
Shmem:             17612 kB
KReclaimable:     366692 kB
Slab:             317544 kB
SReclaimable:      87404 kB
SUnreclaim:       230140 kB
KernelStack:       48944 kB
ShadowCallStack:   12284 kB
PageTables:        70688 kB
NFS_Unstable:          0 kB
Bounce:                0 kB
WritebackTmp:          0 kB
CommitLimit:     8676856 kB
Committed_AS:   68083404 kB
VmallocTotal:   263061440 kB
VmallocUsed:      130972 kB
VmallocChunk:          0 kB
Percpu:             2448 kB
CmaTotal:         405504 kB
CmaFree:               0 kB
MemTotal:        7916544 kB
MemFree:          677488 kB
MemAvailable:    2018356 kB
Buffers:            4364 kB
Cached:          1390516 kB
SwapCached:         6680 kB
Active:          3690000 kB
Inactive:         829220 kB
Active(anon):    2906564 kB
Inactive(anon):   240076 kB
Active(file):     783436 kB
Inactive(file):   589144 kB
Unevictable:        6324 kB
Mlocked:            5884 kB
SwapTotal:       4718584 kB
SwapFree:        3939576 kB
Dirty:               228 kB
Writeback:             0 kB
AnonPages:       3126512 kB
Mapped:           661544 kB
Shmem:             17612 kB
KReclaimable:     366692 kB
Slab:             317544 kB
SReclaimable:      87404 kB
SUnreclaim:       230140 kB
KernelStack:       48976 kB
ShadowCallStack:   12304 kB
PageTables:        70624 kB
NFS_Unstable:          0 kB
Bounce:                0 kB
WritebackTmp:          0 kB
CommitLimit:     8676856 kB
Committed_AS:   68083448 kB
VmallocTotal:   263061440 kB
VmallocUsed:      130996 kB
VmallocChunk:          0 kB
Percpu:             2448 kB
CmaTotal:         405504 kB
CmaFree:               0 kB
MemTotal:        7916544 kB
MemFree:          667072 kB
MemAvailable:    2007944 kB
Buffers:            4364 kB
Cached:          1390520 kB
SwapCached:         6680 kB
Active:          3700916 kB
Inactive:         829224 kB
Active(anon):    2917480 kB
Inactive(anon):   240076 kB
Active(file):     783436 kB
Inactive(file):   589148 kB
Unevictable:        6324 kB
Mlocked:            5884 kB
SwapTotal:       4718584 kB
SwapFree:        3939576 kB
Dirty:               252 kB
Writeback:             0 kB
AnonPages:       3137496 kB
Mapped:           661504 kB
Shmem:             17612 kB
KReclaimable:     366692 kB
Slab:             317540 kB
SReclaimable:      87404 kB
SUnreclaim:       230136 kB
KernelStack:       48976 kB
ShadowCallStack:   12276 kB
PageTables:        70636 kB
NFS_Unstable:          0 kB
Bounce:                0 kB
WritebackTmp:          0 kB
CommitLimit:     8676856 kB
Committed_AS:   68099792 kB
VmallocTotal:   263061440 kB
VmallocUsed:      130972 kB
VmallocChunk:          0 kB
Percpu:             2448 kB
CmaTotal:         405504 kB
CmaFree:               0 kB
MemTotal:        7916544 kB
MemFree:          659500 kB
MemAvailable:    2000376 kB
Buffers:            4364 kB
Cached:          1390524 kB
SwapCached:         6680 kB
Active:          3708792 kB
Inactive:         829216 kB
Active(anon):    2925356 kB
Inactive(anon):   240064 kB
Active(file):     783436 kB
Inactive(file):   589152 kB
Unevictable:        6324 kB
Mlocked:            5884 kB
SwapTotal:       4718584 kB
SwapFree:        3939576 kB
Dirty:               256 kB
Writeback:             0 kB
AnonPages:       3145284 kB
Mapped:           661544 kB
Shmem:             17612 kB
KReclaimable:     366692 kB
Slab:             317540 kB
SReclaimable:      87404 kB
SUnreclaim:       230136 kB
KernelStack:       48992 kB
ShadowCallStack:   12256 kB
PageTables:        70508 kB
NFS_Unstable:          0 kB
Bounce:                0 kB
WritebackTmp:          0 kB
CommitLimit:     8676856 kB
Committed_AS:   68099788 kB
VmallocTotal:   263061440 kB
VmallocUsed:      130960 kB
VmallocChunk:          0 kB
Percpu:             2448 kB
CmaTotal:         405504 kB
CmaFree:               0 kB
MemTotal:        7916544 kB
MemFree:          651044 kB
MemAvailable:    1991932 kB
Buffers:            4388 kB
Cached:          1390512 kB
SwapCached:         6680 kB
Active:          3715724 kB
Inactive:         829236 kB
Active(anon):    2932288 kB
Inactive(anon):   240072 kB
Active(file):     783436 kB
Inactive(file):   589164 kB
Unevictable:        6324 kB
Mlocked:            5884 kB
SwapTotal:       4718584 kB
SwapFree:        3939576 kB
Dirty:                80 kB
Writeback:             0 kB
AnonPages:       3152300 kB
Mapped:           661564 kB
Shmem:             17612 kB
KReclaimable:     366692 kB
Slab:             317508 kB
SReclaimable:      87404 kB
SUnreclaim:       230104 kB
KernelStack:       48976 kB
ShadowCallStack:   12236 kB
PageTables:        70572 kB
NFS_Unstable:          0 kB
Bounce:                0 kB
WritebackTmp:          0 kB
CommitLimit:     8676856 kB
Committed_AS:   68099712 kB
VmallocTotal:   263061440 kB
VmallocUsed:      130964 kB
VmallocChunk:          0 kB
Percpu:             2448 kB
CmaTotal:         405504 kB
CmaFree:               0 kB
MemTotal:        7916544 kB
MemFree:          638416 kB
MemAvailable:    1979364 kB
Buffers:            4388 kB
Cached:          1390572 kB
SwapCached:         6680 kB
Active:          3728976 kB
Inactive:         829300 kB
Active(anon):    2945540 kB
Inactive(anon):   240076 kB
Active(file):     783436 kB
Inactive(file):   589224 kB
Unevictable:        6324 kB
Mlocked:            5884 kB
SwapTotal:       4718584 kB
SwapFree:        3939576 kB
Dirty:               152 kB
Writeback:             0 kB
AnonPages:       3165544 kB
Mapped:           661488 kB
Shmem:             17612 kB
KReclaimable:     366692 kB
Slab:             317484 kB
SReclaimable:      87404 kB
SUnreclaim:       230080 kB
KernelStack:       48960 kB
ShadowCallStack:   12256 kB
PageTables:        70740 kB
NFS_Unstable:          0 kB
Bounce:                0 kB
WritebackTmp:          0 kB
CommitLimit:     8676856 kB
Committed_AS:   68132480 kB
VmallocTotal:   263061440 kB
VmallocUsed:      130952 kB
VmallocChunk:          0 kB
Percpu:             2448 kB
CmaTotal:         405504 kB
CmaFree:               0 kB
MemTotal:        7916544 kB
MemFree:          630320 kB
MemAvailable:    1971268 kB
Buffers:            4388 kB
Cached:          1390572 kB
SwapCached:         6680 kB
Active:          3737600 kB
Inactive:         829292 kB
Active(anon):    2954164 kB
Inactive(anon):   240068 kB
Active(file):     783436 kB
Inactive(file):   589224 kB
Unevictable:        6324 kB
Mlocked:            5884 kB
SwapTotal:       4718584 kB
SwapFree:        3939576 kB
Dirty:               152 kB
Writeback:             0 kB
AnonPages:       3174136 kB
Mapped:           661444 kB
Shmem:             17612 kB
KReclaimable:     366692 kB
Slab:             317484 kB
SReclaimable:      87404 kB
SUnreclaim:       230080 kB
KernelStack:       48944 kB
ShadowCallStack:   12280 kB
PageTables:        70552 kB
NFS_Unstable:          0 kB
Bounce:                0 kB
WritebackTmp:          0 kB
CommitLimit:     8676856 kB
Committed_AS:   68132480 kB
VmallocTotal:   263061440 kB
VmallocUsed:      130968 kB
VmallocChunk:          0 kB
Percpu:             2448 kB
CmaTotal:         405504 kB
CmaFree:               0 kB
MemTotal:        7916544 kB
MemFree:          622536 kB
MemAvailable:    1963484 kB
Buffers:            4388 kB
Cached:          1390572 kB
SwapCached:         6680 kB
Active:          3745148 kB
Inactive:         829292 kB
Active(anon):    2961712 kB
Inactive(anon):   240068 kB
Active(file):     783436 kB
Inactive(file):   589224 kB
Unevictable:        6324 kB
Mlocked:            5884 kB
SwapTotal:       4718584 kB
SwapFree:        3939576 kB
Dirty:               152 kB
Writeback:             0 kB
AnonPages:       3181820 kB
Mapped:           661420 kB
Shmem:             17612 kB
KReclaimable:     366692 kB
Slab:             317516 kB
SReclaimable:      87404 kB
SUnreclaim:       230112 kB
KernelStack:       48976 kB
ShadowCallStack:   12288 kB
PageTables:        70704 kB
NFS_Unstable:          0 kB
Bounce:                0 kB
WritebackTmp:          0 kB
CommitLimit:     8676856 kB
Committed_AS:   68132484 kB
VmallocTotal:   263061440 kB
VmallocUsed:      130968 kB
VmallocChunk:          0 kB
Percpu:             2448 kB
CmaTotal:         405504 kB
CmaFree:               4 kB
MemTotal:        7916544 kB
MemFree:          604748 kB
MemAvailable:    1945676 kB
Buffers:            4388 kB
Cached:          1390584 kB
SwapCached:         6680 kB
Active:          3762660 kB
Inactive:         829308 kB
Active(anon):    2979224 kB
Inactive(anon):   240072 kB
Active(file):     783436 kB
Inactive(file):   589236 kB
Unevictable:        6324 kB
Mlocked:            5884 kB
SwapTotal:       4718584 kB
SwapFree:        3939576 kB
Dirty:               164 kB
Writeback:             0 kB
AnonPages:       3199248 kB
Mapped:           661588 kB
Shmem:             17612 kB
KReclaimable:     366660 kB
Slab:             317456 kB
SReclaimable:      87372 kB
SUnreclaim:       230084 kB
KernelStack:       48976 kB
ShadowCallStack:   12268 kB
PageTables:        70724 kB
NFS_Unstable:          0 kB
Bounce:                0 kB
WritebackTmp:          0 kB
CommitLimit:     8676856 kB
Committed_AS:   68165248 kB
VmallocTotal:   263061440 kB
VmallocUsed:      130968 kB
VmallocChunk:          0 kB
Percpu:             2448 kB
CmaTotal:         405504 kB
CmaFree:               0 kB
MemTotal:        7916544 kB
MemFree:          584524 kB
MemAvailable:    1925484 kB
Buffers:            4396 kB
Cached:          1390608 kB
SwapCached:         6680 kB
Active:          3783256 kB
Inactive:         829336 kB
Active(anon):    2999820 kB
Inactive(anon):   240068 kB
Active(file):     783436 kB
Inactive(file):   589268 kB
Unevictable:        6324 kB
Mlocked:            5884 kB
SwapTotal:       4718584 kB
SwapFree:        3939576 kB
Dirty:               232 kB
Writeback:             0 kB
AnonPages:       3219820 kB
Mapped:           661516 kB
Shmem:             17612 kB
KReclaimable:     366660 kB
Slab:             317456 kB
SReclaimable:      87372 kB
SUnreclaim:       230084 kB
KernelStack:       48976 kB
ShadowCallStack:   12268 kB
PageTables:        70692 kB
NFS_Unstable:          0 kB
Bounce:                0 kB
WritebackTmp:          0 kB
CommitLimit:     8676856 kB
Committed_AS:   68181632 kB
VmallocTotal:   263061440 kB
VmallocUsed:      130948 kB
VmallocChunk:          0 kB
Percpu:             2448 kB
CmaTotal:         405504 kB
CmaFree:               0 kB
MemTotal:        7916544 kB
MemFree:          563068 kB
MemAvailable:    1904028 kB
Buffers:            4396 kB
Cached:          1390608 kB
SwapCached:         6680 kB
Active:          3803380 kB
Inactive:         829332 kB
Active(anon):    3019944 kB
Inactive(anon):   240064 kB
Active(file):     783436 kB
Inactive(file):   589268 kB
Unevictable:        6324 kB
Mlocked:            5884 kB
SwapTotal:       4718584 kB
SwapFree:        3939576 kB
Dirty:                80 kB
Writeback:            20 kB
AnonPages:       3240144 kB
Mapped:           661488 kB
Shmem:             17612 kB
KReclaimable:     366660 kB
Slab:             317464 kB
SReclaimable:      87372 kB
SUnreclaim:       230092 kB
KernelStack:       49008 kB
ShadowCallStack:   12268 kB
PageTables:        70716 kB
NFS_Unstable:          0 kB
Bounce:                0 kB
WritebackTmp:          0 kB
CommitLimit:     8676856 kB
Committed_AS:   68197780 kB
VmallocTotal:   263061440 kB
VmallocUsed:      130980 kB
VmallocChunk:          0 kB
Percpu:             2448 kB
CmaTotal:         405504 kB
CmaFree:               8 kB
MemTotal:        7916544 kB
MemFree:          547476 kB
MemAvailable:    1888456 kB
Buffers:            4396 kB
Cached:          1390644 kB
SwapCached:         6680 kB
Active:          3819940 kB
Inactive:         829364 kB
Active(anon):    3036504 kB
Inactive(anon):   240076 kB
Active(file):     783436 kB
Inactive(file):   589288 kB
Unevictable:        6324 kB
Mlocked:            5884 kB
SwapTotal:       4718584 kB
SwapFree:        3939576 kB
Dirty:               124 kB
Writeback:             0 kB
AnonPages:       3256464 kB
