MemTotal:        7916544 kB
MemFree:         3305128 kB
MemAvailable:    4720020 kB
Buffers:            4264 kB
Cached:          1136644 kB
SwapCached:         6688 kB
Active:           844156 kB
Inactive:        1019216 kB
Active(anon):     470948 kB
Inactive(anon):   274316 kB
Active(file):     373208 kB
Inactive(file):   744900 kB
Unevictable:        6380 kB
Mlocked:            5940 kB
SwapTotal:       4718584 kB
SwapFree:        3959288 kB
Dirty:             17624 kB
Writeback:             0 kB
AnonPages:        724772 kB
Mapped:           437764 kB
Shmem:             18056 kB
KReclaimable:     711572 kB
Slab:             317512 kB
SReclaimable:      87760 kB
SUnreclaim:       229752 kB
KernelStack:       48912 kB
ShadowCallStack:   12252 kB
PageTables:        65148 kB
NFS_Unstable:          0 kB
Bounce:                0 kB
WritebackTmp:          0 kB
CommitLimit:     8676856 kB
Committed_AS:   66268340 kB
VmallocTotal:   263061440 kB
VmallocUsed:      130816 kB
VmallocChunk:          0 kB
Percpu:             2448 kB
CmaTotal:         405504 kB
CmaFree:          230728 kB
MemTotal:        7916544 kB
MemFree:         3268840 kB
MemAvailable:    4438764 kB
Buffers:            4288 kB
Cached:          1137364 kB
SwapCached:         6688 kB
Active:           877628 kB
Inactive:        1019280 kB
Active(anon):     503776 kB
Inactive(anon):   274320 kB
Active(file):     373852 kB
Inactive(file):   744960 kB
Unevictable:        6380 kB
Mlocked:            5940 kB
SwapTotal:       4718584 kB
SwapFree:        3959288 kB
Dirty:             17660 kB
Writeback:             0 kB
AnonPages:        757544 kB
Mapped:           457080 kB
Shmem:             18096 kB
KReclaimable:     465900 kB
Slab:             317884 kB
SReclaimable:      87776 kB
SUnreclaim:       230108 kB
KernelStack:       49056 kB
ShadowCallStack:   12288 kB
PageTables:        65648 kB
NFS_Unstable:          0 kB
Bounce:                0 kB
WritebackTmp:          0 kB
CommitLimit:     8676856 kB
Committed_AS:   66298004 kB
VmallocTotal:   263061440 kB
VmallocUsed:      131044 kB
VmallocChunk:          0 kB
Percpu:             2448 kB
CmaTotal:         405504 kB
CmaFree:          230856 kB
MemTotal:        7916544 kB
MemFree:         3264776 kB
MemAvailable:    4434668 kB
Buffers:            4288 kB
Cached:          1137368 kB
SwapCached:         6688 kB
Active:           882068 kB
Inactive:        1019276 kB
Active(anon):     508216 kB
Inactive(anon):   274316 kB
Active(file):     373852 kB
Inactive(file):   744960 kB
Unevictable:        6380 kB
Mlocked:            5940 kB
SwapTotal:       4718584 kB
SwapFree:        3959288 kB
Dirty:             17768 kB
Writeback:             0 kB
AnonPages:        762012 kB
Mapped:           457672 kB
Shmem:             18100 kB
KReclaimable:     465868 kB
Slab:             317916 kB
SReclaimable:      87776 kB
SUnreclaim:       230140 kB
KernelStack:       49056 kB
ShadowCallStack:   12288 kB
PageTables:        65748 kB
NFS_Unstable:          0 kB
Bounce:                0 kB
WritebackTmp:          0 kB
CommitLimit:     8676856 kB
Committed_AS:   66298008 kB
VmallocTotal:   263061440 kB
VmallocUsed:      131072 kB
VmallocChunk:          0 kB
Percpu:             2448 kB
CmaTotal:         405504 kB
CmaFree:          230856 kB
MemTotal:        7916544 kB
MemFree:         3260440 kB
MemAvailable:    4429588 kB
Buffers:            4288 kB
Cached:          1137384 kB
SwapCached:         6688 kB
Active:           885592 kB
Inactive:        1019284 kB
Active(anon):     511740 kB
Inactive(anon):   274316 kB
Active(file):     373852 kB
Inactive(file):   744968 kB
Unevictable:        6380 kB
Mlocked:            5940 kB
SwapTotal:       4718584 kB
SwapFree:        3959288 kB
Dirty:             17788 kB
Writeback:             0 kB
AnonPages:        765548 kB
Mapped:           458316 kB
Shmem:             18108 kB
KReclaimable:     465116 kB
Slab:             317884 kB
SReclaimable:      87792 kB
SUnreclaim:       230092 kB
KernelStack:       49088 kB
ShadowCallStack:   12296 kB
PageTables:        65756 kB
NFS_Unstable:          0 kB
Bounce:                0 kB
WritebackTmp:          0 kB
CommitLimit:     8676856 kB
Committed_AS:   66298060 kB
VmallocTotal:   263061440 kB
VmallocUsed:      131096 kB
VmallocChunk:          0 kB
Percpu:             2448 kB
CmaTotal:         405504 kB
CmaFree:          230856 kB
MemTotal:        7916544 kB
MemFree:         3260188 kB
MemAvailable:    4429320 kB
Buffers:            4288 kB
Cached:          1137392 kB
SwapCached:         6688 kB
Active:           886920 kB
Inactive:        1019288 kB
Active(anon):     513068 kB
Inactive(anon):   274320 kB
Active(file):     373852 kB
Inactive(file):   744968 kB
Unevictable:        6380 kB
Mlocked:            5940 kB
SwapTotal:       4718584 kB
SwapFree:        3959288 kB
Dirty:             17800 kB
Writeback:             0 kB
AnonPages:        766812 kB
Mapped:           458748 kB
Shmem:             18116 kB
KReclaimable:     465100 kB
Slab:             317908 kB
SReclaimable:      87792 kB
SUnreclaim:       230116 kB
KernelStack:       49040 kB
ShadowCallStack:   12292 kB
PageTables:        65540 kB
NFS_Unstable:          0 kB
Bounce:                0 kB
WritebackTmp:          0 kB
CommitLimit:     8676856 kB
Committed_AS:   66298028 kB
VmallocTotal:   263061440 kB
VmallocUsed:      131096 kB
VmallocChunk:          0 kB
Percpu:             2448 kB
CmaTotal:         405504 kB
CmaFree:          230856 kB
MemTotal:        7916544 kB
MemFree:         3250232 kB
MemAvailable:    4419332 kB
Buffers:            4288 kB
Cached:          1137392 kB
SwapCached:         6688 kB
Active:           897388 kB
Inactive:        1019284 kB
Active(anon):     523536 kB
Inactive(anon):   274316 kB
Active(file):     373852 kB
Inactive(file):   744968 kB
Unevictable:        6380 kB
Mlocked:            5940 kB
SwapTotal:       4718584 kB
SwapFree:        3959288 kB
Dirty:             17800 kB
Writeback:             0 kB
AnonPages:        777216 kB
Mapped:           460108 kB
Shmem:             18116 kB
KReclaimable:     465068 kB
Slab:             317836 kB
SReclaimable:      87792 kB
SUnreclaim:       230044 kB
KernelStack:       49088 kB
ShadowCallStack:   12292 kB
PageTables:        65656 kB
NFS_Unstable:          0 kB
Bounce:                0 kB
WritebackTmp:          0 kB
CommitLimit:     8676856 kB
Committed_AS:   66314416 kB
VmallocTotal:   263061440 kB
VmallocUsed:      131100 kB
VmallocChunk:          0 kB
Percpu:             2448 kB
CmaTotal:         405504 kB
CmaFree:          230856 kB
MemTotal:        7916544 kB
MemFree:         3223140 kB
MemAvailable:    4392240 kB
Buffers:            4288 kB
Cached:          1137400 kB
SwapCached:         6688 kB
Active:           922648 kB
Inactive:        1019284 kB
Active(anon):     548796 kB
Inactive(anon):   274316 kB
Active(file):     373852 kB
Inactive(file):   744968 kB
Unevictable:        6380 kB
Mlocked:            5940 kB
SwapTotal:       4718584 kB
SwapFree:        3959288 kB
Dirty:             17800 kB
Writeback:             0 kB
AnonPages:        802576 kB
Mapped:           462236 kB
Shmem:             18124 kB
KReclaimable:     465068 kB
Slab:             318028 kB
SReclaimable:      87792 kB
SUnreclaim:       230236 kB
KernelStack:       49072 kB
ShadowCallStack:   12300 kB
PageTables:        65828 kB
NFS_Unstable:          0 kB
Bounce:                0 kB
WritebackTmp:          0 kB
CommitLimit:     8676856 kB
Committed_AS:   66399288 kB
VmallocTotal:   263061440 kB
VmallocUsed:      131112 kB
VmallocChunk:          0 kB
Percpu:             2448 kB
CmaTotal:         405504 kB
CmaFree:          230860 kB
MemTotal:        7916544 kB
MemFree:         3027344 kB
MemAvailable:    4128848 kB
Buffers:            4296 kB
Cached:          1137400 kB
SwapCached:         6688 kB
Active:          1117800 kB
Inactive:        1019296 kB
Active(anon):     743948 kB
Inactive(anon):   274320 kB
Active(file):     373852 kB
Inactive(file):   744976 kB
Unevictable:        6380 kB
Mlocked:            5940 kB
SwapTotal:       4718584 kB
SwapFree:        3959288 kB
Dirty:             17820 kB
Writeback:             0 kB
AnonPages:        997736 kB
Mapped:           542824 kB
Shmem:             18124 kB
KReclaimable:     397464 kB
Slab:             318168 kB
SReclaimable:      87808 kB
SUnreclaim:       230360 kB
KernelStack:       49120 kB
ShadowCallStack:   12320 kB
PageTables:        66508 kB
NFS_Unstable:          0 kB
Bounce:                0 kB
WritebackTmp:          0 kB
CommitLimit:     8676856 kB
Committed_AS:   66680304 kB
VmallocTotal:   263061440 kB
VmallocUsed:      131108 kB
VmallocChunk:          0 kB
Percpu:             2448 kB
CmaTotal:         405504 kB
CmaFree:          230856 kB
MemTotal:        7916544 kB
MemFree:         3002632 kB
MemAvailable:    4086212 kB
Buffers:            4296 kB
Cached:          1138412 kB
SwapCached:         6688 kB
Active:          1142376 kB
Inactive:        1019296 kB
Active(anon):     767516 kB
Inactive(anon):   274320 kB
Active(file):     374860 kB
Inactive(file):   744976 kB
Unevictable:        6380 kB
Mlocked:            5940 kB
SwapTotal:       4718584 kB
SwapFree:        3959288 kB
Dirty:             17824 kB
Writeback:             0 kB
AnonPages:       1021240 kB
Mapped:           538484 kB
Shmem:             18128 kB
KReclaimable:     378532 kB
Slab:             318292 kB
SReclaimable:      87824 kB
SUnreclaim:       230468 kB
KernelStack:       49120 kB
ShadowCallStack:   12312 kB
PageTables:        66524 kB
NFS_Unstable:          0 kB
Bounce:                0 kB
WritebackTmp:          0 kB
CommitLimit:     8676856 kB
Committed_AS:   66705992 kB
VmallocTotal:   263061440 kB
VmallocUsed:      131208 kB
VmallocChunk:          0 kB
Percpu:             2448 kB
CmaTotal:         405504 kB
CmaFree:          230856 kB
MemTotal:        7916544 kB
MemFree:         2894052 kB
MemAvailable:    3958524 kB
Buffers:            4296 kB
Cached:          1138416 kB
SwapCached:         6688 kB
Active:          1250940 kB
Inactive:        1019296 kB
Active(anon):     876080 kB
Inactive(anon):   274320 kB
Active(file):     374860 kB
Inactive(file):   744976 kB
Unevictable:        6380 kB
Mlocked:            5940 kB
SwapTotal:       4718584 kB
SwapFree:        3959288 kB
Dirty:             17824 kB
Writeback:             0 kB
AnonPages:       1129888 kB
Mapped:           556752 kB
Shmem:             18132 kB
KReclaimable:     359424 kB
Slab:             318360 kB
SReclaimable:      87824 kB
SUnreclaim:       230536 kB
KernelStack:       49136 kB
ShadowCallStack:   12308 kB
PageTables:        67208 kB
NFS_Unstable:          0 kB
Bounce:                0 kB
WritebackTmp:          0 kB
CommitLimit:     8676856 kB
Committed_AS:   66968140 kB
VmallocTotal:   263061440 kB
VmallocUsed:      131176 kB
VmallocChunk:          0 kB
Percpu:             2448 kB
CmaTotal:         405504 kB
CmaFree:          230856 kB
MemTotal:        7916544 kB
MemFree:         2747576 kB
MemAvailable:    3810512 kB
Buffers:            4296 kB
Cached:          1138420 kB
SwapCached:         6688 kB
Active:          1395956 kB
Inactive:        1019296 kB
Active(anon):    1021096 kB
Inactive(anon):   274320 kB
Active(file):     374860 kB
Inactive(file):   744976 kB
Unevictable:        6380 kB
Mlocked:            5940 kB
SwapTotal:       4718584 kB
SwapFree:        3959288 kB
Dirty:             17824 kB
Writeback:             0 kB
AnonPages:       1274860 kB
Mapped:           558136 kB
Shmem:             18136 kB
KReclaimable:     357888 kB
Slab:             318464 kB
SReclaimable:      87840 kB
SUnreclaim:       230624 kB
KernelStack:       49136 kB
ShadowCallStack:   12316 kB
PageTables:        67652 kB
NFS_Unstable:          0 kB
Bounce:                0 kB
WritebackTmp:          0 kB
CommitLimit:     8676856 kB
Committed_AS:   67263056 kB
VmallocTotal:   263061440 kB
VmallocUsed:      131192 kB
VmallocChunk:          0 kB
Percpu:             2448 kB
CmaTotal:         405504 kB
CmaFree:          230856 kB
MemTotal:        7916544 kB
MemFree:         2653784 kB
MemAvailable:    3707636 kB
Buffers:            4296 kB
Cached:          1138424 kB
SwapCached:         6688 kB
Active:          1490192 kB
Inactive:        1019296 kB
Active(anon):    1115332 kB
Inactive(anon):   274320 kB
Active(file):     374860 kB
Inactive(file):   744976 kB
Unevictable:        6380 kB
Mlocked:            5940 kB
SwapTotal:       4718584 kB
SwapFree:        3959288 kB
Dirty:             17824 kB
Writeback:             0 kB
AnonPages:       1369128 kB
Mapped:           558568 kB
Shmem:             18140 kB
KReclaimable:     348804 kB
Slab:             318688 kB
SReclaimable:      87840 kB
SUnreclaim:       230848 kB
KernelStack:       49136 kB
ShadowCallStack:   12308 kB
PageTables:        67960 kB
NFS_Unstable:          0 kB
Bounce:                0 kB
WritebackTmp:          0 kB
CommitLimit:     8676856 kB
Committed_AS:   67410520 kB
VmallocTotal:   263061440 kB
VmallocUsed:      131192 kB
VmallocChunk:          0 kB
Percpu:             2448 kB
CmaTotal:         405504 kB
CmaFree:          230856 kB
MemTotal:        7916544 kB
MemFree:         2585028 kB
MemAvailable:    3638636 kB
Buffers:            4304 kB
Cached:          1138444 kB
SwapCached:         6688 kB
Active:          1558840 kB
Inactive:        1019324 kB
Active(anon):    1183980 kB
Inactive(anon):   274320 kB
Active(file):     374860 kB
Inactive(file):   745004 kB
Unevictable:        6380 kB
Mlocked:            5940 kB
SwapTotal:       4718584 kB
SwapFree:        3959288 kB
Dirty:             17844 kB
Writeback:             0 kB
AnonPages:       1437724 kB
Mapped:           558796 kB
Shmem:             18140 kB
KReclaimable:     348532 kB
Slab:             318720 kB
SReclaimable:      87856 kB
SUnreclaim:       230864 kB
KernelStack:       49120 kB
ShadowCallStack:   12304 kB
PageTables:        68080 kB
NFS_Unstable:          0 kB
Bounce:                0 kB
WritebackTmp:          0 kB
CommitLimit:     8676856 kB
Committed_AS:   67492396 kB
VmallocTotal:   263061440 kB
VmallocUsed:      131148 kB
VmallocChunk:          0 kB
Percpu:             2448 kB
CmaTotal:         405504 kB
CmaFree:          230856 kB
MemTotal:        7916544 kB
MemFree:         2535352 kB
MemAvailable:    3588952 kB
Buffers:            4304 kB
Cached:          1138448 kB
SwapCached:         6688 kB
Active:          1608832 kB
Inactive:        1019324 kB
Active(anon):    1233972 kB
Inactive(anon):   274320 kB
Active(file):     374860 kB
Inactive(file):   745004 kB
Unevictable:        6380 kB
Mlocked:            5940 kB
SwapTotal:       4718584 kB
SwapFree:        3959288 kB
Dirty:             17844 kB
Writeback:             0 kB
AnonPages:       1487716 kB
Mapped:           558804 kB
Shmem:             18144 kB
KReclaimable:     348524 kB
Slab:             318708 kB
SReclaimable:      87856 kB
SUnreclaim:       230852 kB
KernelStack:       49120 kB
ShadowCallStack:   12304 kB
PageTables:        68176 kB
NFS_Unstable:          0 kB
Bounce:                0 kB
WritebackTmp:          0 kB
CommitLimit:     8676856 kB
Committed_AS:   67541548 kB
VmallocTotal:   263061440 kB
VmallocUsed:      131160 kB
VmallocChunk:          0 kB
Percpu:             2448 kB
CmaTotal:         405504 kB
CmaFree:          230856 kB
MemTotal:        7916544 kB
MemFree:         2494504 kB
MemAvailable:    3548788 kB
Buffers:            4304 kB
Cached:          1139268 kB
SwapCached:         6688 kB
Active:          1648980 kB
Inactive:        1019324 kB
Active(anon):    1273324 kB
Inactive(anon):   274320 kB
Active(file):     375656 kB
Inactive(file):   745004 kB
Unevictable:        6380 kB
Mlocked:            5940 kB
SwapTotal:       4718584 kB
SwapFree:        3959288 kB
Dirty:             17844 kB
Writeback:             0 kB
AnonPages:       1527080 kB
Mapped:           558972 kB
Shmem:             18168 kB
KReclaimable:     348412 kB
Slab:             318752 kB
SReclaimable:      87872 kB
SUnreclaim:       230880 kB
KernelStack:       49120 kB
ShadowCallStack:   12304 kB
PageTables:        68236 kB
NFS_Unstable:          0 kB
Bounce:                0 kB
WritebackTmp:          0 kB
CommitLimit:     8676856 kB
Committed_AS:   67574336 kB
VmallocTotal:   263061440 kB
VmallocUsed:      131152 kB
VmallocChunk:          0 kB
Percpu:             2448 kB
CmaTotal:         405504 kB
CmaFree:          230856 kB
MemTotal:        7916544 kB
MemFree:         2452704 kB
MemAvailable:    3507000 kB
Buffers:            4308 kB
Cached:          1139280 kB
SwapCached:         6688 kB
Active:          1690708 kB
Inactive:        1019332 kB
Active(anon):    1315052 kB
Inactive(anon):   274316 kB
Active(file):     375656 kB
Inactive(file):   745016 kB
Unevictable:        6380 kB
Mlocked:            5940 kB
SwapTotal:       4718584 kB
SwapFree:        3959288 kB
Dirty:               228 kB
Writeback:             0 kB
AnonPages:       1568744 kB
Mapped:           558944 kB
Shmem:             18172 kB
KReclaimable:     348412 kB
Slab:             318776 kB
SReclaimable:      87872 kB
SUnreclaim:       230904 kB
KernelStack:       49120 kB
ShadowCallStack:   12304 kB
PageTables:        68412 kB
NFS_Unstable:          0 kB
Bounce:                0 kB
WritebackTmp:          0 kB
CommitLimit:     8676856 kB
Committed_AS:   67623492 kB
VmallocTotal:   263061440 kB
VmallocUsed:      131140 kB
VmallocChunk:          0 kB
Percpu:             2448 kB
CmaTotal:         405504 kB
CmaFree:          230856 kB
MemTotal:        7916544 kB
MemFree:         2413076 kB
MemAvailable:    3467192 kB
Buffers:            4320 kB
Cached:          1139280 kB
SwapCached:         6688 kB
Active:          1729936 kB
Inactive:        1019348 kB
Active(anon):    1354280 kB
Inactive(anon):   274320 kB
Active(file):     375656 kB
Inactive(file):   745028 kB
Unevictable:        6380 kB
Mlocked:            5940 kB
SwapTotal:       4718584 kB
SwapFree:        3959288 kB
Dirty:               260 kB
Writeback:             0 kB
AnonPages:       1608020 kB
Mapped:           559104 kB
Shmem:             18172 kB
KReclaimable:     348220 kB
Slab:             318756 kB
SReclaimable:      87872 kB
SUnreclaim:       230884 kB
KernelStack:       49120 kB
ShadowCallStack:   12304 kB
PageTables:        68368 kB
NFS_Unstable:          0 kB
Bounce:                0 kB
WritebackTmp:          0 kB
CommitLimit:     8676856 kB
Committed_AS:   67656264 kB
VmallocTotal:   263061440 kB
VmallocUsed:      131120 kB
VmallocChunk:          0 kB
Percpu:             2448 kB
CmaTotal:         405504 kB
CmaFree:          230856 kB
MemTotal:        7916544 kB
MemFree:         2382836 kB
MemAvailable:    3436784 kB
Buffers:            4328 kB
Cached:          1139280 kB
SwapCached:         6688 kB
Active:          1760200 kB
Inactive:        1019352 kB
Active(anon):    1384544 kB
Inactive(anon):   274316 kB
Active(file):     375656 kB
Inactive(file):   745036 kB
Unevictable:        6380 kB
Mlocked:            5940 kB
SwapTotal:       4718584 kB
SwapFree:        3959288 kB
Dirty:               356 kB
Writeback:             0 kB
AnonPages:       1638312 kB
Mapped:           559240 kB
Shmem:             18172 kB
KReclaimable:     348044 kB
Slab:             318628 kB
SReclaimable:      87872 kB
SUnreclaim:       230756 kB
KernelStack:       49104 kB
ShadowCallStack:   12308 kB
PageTables:        68528 kB
NFS_Unstable:          0 kB
Bounce:                0 kB
WritebackTmp:          0 kB
CommitLimit:     8676856 kB
Committed_AS:   67705412 kB
VmallocTotal:   263061440 kB
VmallocUsed:      131136 kB
VmallocChunk:          0 kB
Percpu:             2448 kB
CmaTotal:         405504 kB
CmaFree:          230856 kB
MemTotal:        7916544 kB
MemFree:         2352900 kB
MemAvailable:    3406616 kB
Buffers:            4328 kB
Cached:          1139280 kB
SwapCached:         6688 kB
Active:          1790840 kB
Inactive:        1019352 kB
Active(anon):    1415184 kB
Inactive(anon):   274316 kB
Active(file):     375656 kB
Inactive(file):   745036 kB
Unevictable:        6380 kB
Mlocked:            5940 kB
SwapTotal:       4718584 kB
SwapFree:        3959288 kB
Dirty:               356 kB
Writeback:             0 kB
AnonPages:       1668736 kB
Mapped:           559408 kB
Shmem:             18172 kB
KReclaimable:     347812 kB
Slab:             318640 kB
SReclaimable:      87872 kB
SUnreclaim:       230768 kB
KernelStack:       49056 kB
ShadowCallStack:   12296 kB
PageTables:        68564 kB
NFS_Unstable:          0 kB
Bounce:                0 kB
WritebackTmp:          0 kB
CommitLimit:     8676856 kB
Committed_AS:   67705204 kB
VmallocTotal:   263061440 kB
VmallocUsed:      131060 kB
VmallocChunk:          0 kB
Percpu:             2448 kB
CmaTotal:         405504 kB
CmaFree:          230856 kB
MemTotal:        7916544 kB
MemFree:         2330976 kB
MemAvailable:    3384692 kB
Buffers:            4328 kB
Cached:          1139280 kB
SwapCached:         6688 kB
Active:          1812092 kB
Inactive:        1019356 kB
Active(anon):    1436436 kB
Inactive(anon):   274320 kB
Active(file):     375656 kB
Inactive(file):   745036 kB
Unevictable:        6380 kB
Mlocked:            5940 kB
SwapTotal:       4718584 kB
SwapFree:        3959288 kB
Dirty:               356 kB
Writeback:             0 kB
AnonPages:       1690128 kB
Mapped:           559452 kB
Shmem:             18172 kB
KReclaimable:     347812 kB
Slab:             318540 kB
SReclaimable:      87872 kB
SUnreclaim:       230668 kB
KernelStack:       49024 kB
ShadowCallStack:   12288 kB
PageTables:        68360 kB
NFS_Unstable:          0 kB
Bounce:                0 kB
WritebackTmp:          0 kB
CommitLimit:     8676856 kB
Committed_AS:   67737972 kB
VmallocTotal:   263061440 kB
VmallocUsed:      131072 kB
VmallocChunk:          0 kB
Percpu:             2448 kB
CmaTotal:         405504 kB
CmaFree:          230856 kB
MemTotal:        7916544 kB
MemFree:         2311276 kB
MemAvailable:    3364912 kB
Buffers:            4328 kB
Cached:          1139284 kB
SwapCached:         6688 kB
Active:          1831912 kB
Inactive:        1019356 kB
Active(anon):    1456256 kB
Inactive(anon):   274320 kB
Active(file):     375656 kB
Inactive(file):   745036 kB
Unevictable:        6380 kB
Mlocked:            5940 kB
SwapTotal:       4718584 kB
SwapFree:        3959288 kB
Dirty:               156 kB
Writeback:             0 kB
AnonPages:       1709988 kB
Mapped:           559596 kB
Shmem:             18176 kB
KReclaimable:     347732 kB
Slab:             318684 kB
SReclaimable:      87872 kB
SUnreclaim:       230812 kB
KernelStack:       49072 kB
ShadowCallStack:   12292 kB
PageTables:        68656 kB
NFS_Unstable:          0 kB
Bounce:                0 kB
WritebackTmp:          0 kB
CommitLimit:     8676856 kB
Committed_AS:   67737976 kB
VmallocTotal:   263061440 kB
VmallocUsed:      131076 kB
VmallocChunk:          0 kB
Percpu:             2448 kB
CmaTotal:         405504 kB
CmaFree:          230860 kB
MemTotal:        7916544 kB
MemFree:         2286444 kB
MemAvailable:    3340048 kB
Buffers:            4328 kB
Cached:          1139284 kB
SwapCached:         6688 kB
Active:          1857256 kB
Inactive:        1019344 kB
Active(anon):    1481600 kB
Inactive(anon):   274308 kB
Active(file):     375656 kB
Inactive(file):   745036 kB
Unevictable:        6380 kB
Mlocked:            5940 kB
SwapTotal:       4718584 kB
SwapFree:        3959288 kB
Dirty:               168 kB
Writeback:             0 kB
AnonPages:       1735296 kB
Mapped:           559628 kB
Shmem:             18176 kB
KReclaimable:     347700 kB
Slab:             318684 kB
SReclaimable:      87872 kB
SUnreclaim:       230812 kB
KernelStack:       49056 kB
ShadowCallStack:   12296 kB
PageTables:        68524 kB
NFS_Unstable:          0 kB
Bounce:                0 kB
WritebackTmp:          0 kB
CommitLimit:     8676856 kB
Committed_AS:   67754360 kB
VmallocTotal:   263061440 kB
VmallocUsed:      131068 kB
VmallocChunk:          0 kB
Percpu:             2448 kB
CmaTotal:         405504 kB
CmaFree:          230856 kB
MemTotal:        7916544 kB
MemFree:         2267644 kB
MemAvailable:    3321216 kB
Buffers:            4336 kB
Cached:          1139284 kB
SwapCached:         6688 kB
Active:          1875248 kB
Inactive:        1019356 kB
Active(anon):    1499592 kB
Inactive(anon):   274320 kB
Active(file):     375656 kB
Inactive(file):   745036 kB
Unevictable:        6380 kB
Mlocked:            5940 kB
SwapTotal:       4718584 kB
SwapFree:        3959288 kB
Dirty:               172 kB
Writeback:             0 kB
AnonPages:       1753484 kB
Mapped:           559632 kB
Shmem:             18180 kB
KReclaimable:     347668 kB
Slab:             318676 kB
SReclaimable:      87872 kB
SUnreclaim:       230804 kB
KernelStack:       49056 kB
ShadowCallStack:   12288 kB
PageTables:        68644 kB
NFS_Unstable:          0 kB
Bounce:                0 kB
WritebackTmp:          0 kB
CommitLimit:     8676856 kB
Committed_AS:   67803516 kB
VmallocTotal:   263061440 kB
VmallocUsed:      131072 kB
VmallocChunk:          0 kB
Percpu:             2448 kB
CmaTotal:         405504 kB
CmaFree:          230856 kB
MemTotal:        7916544 kB
MemFree:         2245024 kB
MemAvailable:    3298484 kB
Buffers:            4336 kB
Cached:          1139288 kB
SwapCached:         6688 kB
Active:          1897892 kB
Inactive:        1019360 kB
Active(anon):    1522236 kB
Inactive(anon):   274316 kB
Active(file):     375656 kB
Inactive(file):   745044 kB
Unevictable:        6380 kB
Mlocked:            5940 kB
SwapTotal:       4718584 kB
SwapFree:        3959288 kB
Dirty:               220 kB
Writeback:             0 kB
AnonPages:       1775804 kB
Mapped:           559688 kB
Shmem:             18180 kB
KReclaimable:     347548 kB
Slab:             318772 kB
SReclaimable:      87872 kB
SUnreclaim:       230900 kB
KernelStack:       49008 kB
ShadowCallStack:   12284 kB
PageTables:        68772 kB
NFS_Unstable:          0 kB
Bounce:                0 kB
WritebackTmp:          0 kB
CommitLimit:     8676856 kB
Committed_AS:   67836180 kB
VmallocTotal:   263061440 kB
VmallocUsed:      131032 kB
VmallocChunk:          0 kB
Percpu:             2448 kB
CmaTotal:         405504 kB
CmaFree:          230856 kB
MemTotal:        7916544 kB
MemFree:         2224652 kB
MemAvailable:    3277984 kB
Buffers:            4336 kB
Cached:          1139288 kB
SwapCached:         6688 kB
Active:          1918748 kB
Inactive:        1019360 kB
Active(anon):    1543092 kB
Inactive(anon):   274316 kB
Active(file):     375656 kB
Inactive(file):   745044 kB
Unevictable:        6380 kB
Mlocked:            5940 kB
SwapTotal:       4718584 kB
SwapFree:        3959288 kB
Dirty:               248 kB
Writeback:             0 kB
AnonPages:       1796744 kB
Mapped:           559796 kB
Shmem:             18180 kB
KReclaimable:     347420 kB
Slab:             318740 kB
SReclaimable:      87872 kB
SUnreclaim:       230868 kB
KernelStack:       49040 kB
ShadowCallStack:   12284 kB
PageTables:        68820 kB
NFS_Unstable:          0 kB
Bounce:                0 kB
WritebackTmp:          0 kB
CommitLimit:     8676856 kB
Committed_AS:   67852612 kB
VmallocTotal:   263061440 kB
VmallocUsed:      131104 kB
VmallocChunk:          0 kB
Percpu:             2448 kB
CmaTotal:         405504 kB
CmaFree:          230856 kB
MemTotal:        7916544 kB
MemFree:         2204740 kB
MemAvailable:    3258308 kB
Buffers:            4336 kB
Cached:          1139628 kB
SwapCached:         6688 kB
Active:          1938356 kB
Inactive:        1019364 kB
Active(anon):    1562360 kB
Inactive(anon):   274320 kB
Active(file):     375996 kB
Inactive(file):   745044 kB
Unevictable:        6380 kB
Mlocked:            5940 kB
SwapTotal:       4718584 kB
SwapFree:        3959288 kB
Dirty:               260 kB
Writeback:             0 kB
AnonPages:       1816052 kB
Mapped:           560112 kB
Shmem:             18180 kB
KReclaimable:     347316 kB
Slab:             318628 kB
SReclaimable:      87872 kB
SUnreclaim:       230756 kB
KernelStack:       48992 kB
ShadowCallStack:   12276 kB
PageTables:        68688 kB
NFS_Unstable:          0 kB
Bounce:                0 kB
WritebackTmp:          0 kB
CommitLimit:     8676856 kB
Committed_AS:   67885332 kB
VmallocTotal:   263061440 kB
VmallocUsed:      131052 kB
VmallocChunk:          0 kB
Percpu:             2448 kB
CmaTotal:         405504 kB
CmaFree:          230856 kB
MemTotal:        7916544 kB
MemFree:         2185584 kB
MemAvailable:    3238968 kB
Buffers:            4336 kB
Cached:          1139628 kB
SwapCached:         6688 kB
Active:          1958088 kB
Inactive:        1019364 kB
Active(anon):    1582092 kB
Inactive(anon):   274320 kB
Active(file):     375996 kB
Inactive(file):   745044 kB
Unevictable:        6380 kB
Mlocked:            5940 kB
SwapTotal:       4718584 kB
SwapFree:        3959288 kB
Dirty:               260 kB
Writeback:             0 kB
AnonPages:       1835848 kB
Mapped:           560304 kB
Shmem:             18180 kB
KReclaimable:     347132 kB
Slab:             318664 kB
SReclaimable:      87872 kB
SUnreclaim:       230792 kB
KernelStack:       48992 kB
ShadowCallStack:   12272 kB
PageTables:        68696 kB
NFS_Unstable:          0 kB
Bounce:                0 kB
WritebackTmp:          0 kB
CommitLimit:     8676856 kB
Committed_AS:   67901720 kB
VmallocTotal:   263061440 kB
VmallocUsed:      131020 kB
VmallocChunk:          0 kB
Percpu:             2448 kB
CmaTotal:         405504 kB
CmaFree:          230856 kB
MemTotal:        7916544 kB
MemFree:         2174228 kB
MemAvailable:    3227628 kB
Buffers:            4336 kB
Cached:          1139628 kB
SwapCached:         6688 kB
Active:          1967780 kB
Inactive:        1019364 kB
Active(anon):    1591784 kB
Inactive(anon):   274320 kB
Active(file):     375996 kB
Inactive(file):   745044 kB
Unevictable:        6380 kB
Mlocked:            5940 kB
SwapTotal:       4718584 kB
SwapFree:        3959288 kB
Dirty:               260 kB
Writeback:             0 kB
AnonPages:       1845344 kB
Mapped:           560332 kB
Shmem:             18180 kB
KReclaimable:     347148 kB
Slab:             318684 kB
SReclaimable:      87888 kB
SUnreclaim:       230796 kB
KernelStack:       48992 kB
ShadowCallStack:   12280 kB
PageTables:        68720 kB
NFS_Unstable:          0 kB
Bounce:                0 kB
WritebackTmp:          0 kB
CommitLimit:     8676856 kB
Committed_AS:   67901720 kB
VmallocTotal:   263061440 kB
VmallocUsed:      131036 kB
VmallocChunk:          0 kB
Percpu:             2448 kB
CmaTotal:         405504 kB
CmaFree:          230856 kB
MemTotal:        7916544 kB
MemFree:         2160620 kB
MemAvailable:    3214808 kB
Buffers:            4336 kB
Cached:          1140488 kB
SwapCached:         6688 kB
Active:          1981940 kB
Inactive:        1019360 kB
Active(anon):    1605084 kB
Inactive(anon):   274316 kB
Active(file):     376856 kB
Inactive(file):   745044 kB
Unevictable:        6380 kB
Mlocked:            5940 kB
SwapTotal:       4718584 kB
SwapFree:        3959288 kB
Dirty:               260 kB
Writeback:             0 kB
AnonPages:       1858772 kB
Mapped:           560512 kB
Shmem:             18180 kB
KReclaimable:     347076 kB
Slab:             318740 kB
SReclaimable:      87888 kB
SUnreclaim:       230852 kB
KernelStack:       48992 kB
ShadowCallStack:   12272 kB
PageTables:        68832 kB
NFS_Unstable:          0 kB
Bounce:                0 kB
WritebackTmp:          0 kB
CommitLimit:     8676856 kB
Committed_AS:   67934484 kB
VmallocTotal:   263061440 kB
VmallocUsed:      131040 kB
VmallocChunk:          0 kB
Percpu:             2448 kB
CmaTotal:         405504 kB
CmaFree:          230856 kB
MemTotal:        7916544 kB
MemFree:         2151548 kB
MemAvailable:    3205744 kB
Buffers:            4344 kB
Cached:          1140488 kB
SwapCached:         6688 kB
Active:          1991096 kB
Inactive:        1019368 kB
Active(anon):    1614240 kB
Inactive(anon):   274316 kB
Active(file):     376856 kB
Inactive(file):   745052 kB
Unevictable:        6380 kB
Mlocked:            5940 kB
SwapTotal:       4718584 kB
SwapFree:        3959288 kB
Dirty:               264 kB
Writeback:             0 kB
AnonPages:       1867912 kB
Mapped:           560512 kB
Shmem:             18180 kB
KReclaimable:     347076 kB
Slab:             318800 kB
SReclaimable:      87888 kB
SUnreclaim:       230912 kB
KernelStack:       48576 kB
ShadowCallStack:   12176 kB
PageTables:        68852 kB
NFS_Unstable:          0 kB
Bounce:                0 kB
WritebackTmp:          0 kB
CommitLimit:     8676856 kB
Committed_AS:   67934484 kB
VmallocTotal:   263061440 kB
VmallocUsed:      130520 kB
VmallocChunk:          0 kB
Percpu:             2448 kB
CmaTotal:         405504 kB
CmaFree:          230856 kB
MemTotal:        7916544 kB
MemFree:         2139700 kB
MemAvailable:    3193900 kB
Buffers:            4344 kB
Cached:          1140500 kB
SwapCached:         6688 kB
Active:          2003368 kB
Inactive:        1019372 kB
Active(anon):    1626512 kB
Inactive(anon):   274316 kB
Active(file):     376856 kB
Inactive(file):   745056 kB
Unevictable:        6380 kB
Mlocked:            5940 kB
SwapTotal:       4718584 kB
SwapFree:        3959288 kB
Dirty:               408 kB
Writeback:             0 kB
AnonPages:       1880248 kB
Mapped:           560532 kB
Shmem:             18188 kB
KReclaimable:     347076 kB
Slab:             318824 kB
SReclaimable:      87888 kB
SUnreclaim:       230936 kB
KernelStack:       48576 kB
ShadowCallStack:   12168 kB
PageTables:        68908 kB
NFS_Unstable:          0 kB
Bounce:                0 kB
WritebackTmp:          0 kB
CommitLimit:     8676856 kB
Committed_AS:   67950832 kB
VmallocTotal:   263061440 kB
VmallocUsed:      130504 kB
VmallocChunk:          0 kB
Percpu:             2448 kB
CmaTotal:         405504 kB
CmaFree:          230856 kB
MemTotal:        7916544 kB
MemFree:         2130652 kB
MemAvailable:    3184864 kB
Buffers:            4356 kB
Cached:          1140500 kB
SwapCached:         6688 kB
Active:          2012396 kB
Inactive:        1019384 kB
Active(anon):    1635540 kB
Inactive(anon):   274316 kB
Active(file):     376856 kB
Inactive(file):   745068 kB
Unevictable:        6380 kB
Mlocked:            5940 kB
SwapTotal:       4718584 kB
SwapFree:        3959288 kB
Dirty:               472 kB
Writeback:             0 kB
AnonPages:       1889300 kB
Mapped:           560532 kB
Shmem:             18188 kB
KReclaimable:     347076 kB
Slab:             318768 kB
SReclaimable:      87888 kB
SUnreclaim:       230880 kB
KernelStack:       48592 kB
ShadowCallStack:   12172 kB
PageTables:        69044 kB
NFS_Unstable:          0 kB
Bounce:                0 kB
WritebackTmp:          0 kB
CommitLimit:     8676856 kB
Committed_AS:   67967216 kB
VmallocTotal:   263061440 kB
VmallocUsed:      130444 kB
VmallocChunk:          0 kB
Percpu:             2448 kB
CmaTotal:         405504 kB
CmaFree:          230856 kB
MemTotal:        7916544 kB
MemFree:         2144120 kB
MemAvailable:    3191728 kB
Buffers:            4360 kB
Cached:          1133520 kB
SwapCached:         6688 kB
Active:          2004460 kB
Inactive:        1013076 kB
Active(anon):    1628208 kB
Inactive(anon):   274316 kB
Active(file):     376252 kB
Inactive(file):   738760 kB
Unevictable:        6380 kB
Mlocked:            5940 kB
SwapTotal:       4718584 kB
SwapFree:        3959288 kB
Dirty:               472 kB
Writeback:             0 kB
AnonPages:       1882000 kB
Mapped:           556968 kB
Shmem:             18124 kB
KReclaimable:     347384 kB
Slab:             318720 kB
SReclaimable:      87880 kB
SUnreclaim:       230840 kB
KernelStack:       48592 kB
ShadowCallStack:   12176 kB
PageTables:        68996 kB
NFS_Unstable:          0 kB
Bounce:                0 kB
WritebackTmp:          0 kB
CommitLimit:     8676856 kB
Committed_AS:   67967152 kB
VmallocTotal:   263061440 kB
VmallocUsed:      130496 kB
VmallocChunk:          0 kB
Percpu:             2448 kB
CmaTotal:         405504 kB
CmaFree:          231240 kB
MemTotal:        7916544 kB
MemFree:         2134720 kB
MemAvailable:    3182332 kB
Buffers:            4360 kB
Cached:          1133528 kB
SwapCached:         6688 kB
Active:          2014864 kB
Inactive:        1013052 kB
Active(anon):    1638608 kB
Inactive(anon):   274292 kB
Active(file):     376256 kB
Inactive(file):   738760 kB
Unevictable:        6380 kB
Mlocked:            5940 kB
SwapTotal:       4718584 kB
SwapFree:        3959288 kB
Dirty:               472 kB
Writeback:             0 kB
AnonPages:       1892224 kB
Mapped:           556988 kB
Shmem:             18128 kB
KReclaimable:     347384 kB
Slab:             318748 kB
SReclaimable:      87880 kB
SUnreclaim:       230868 kB
KernelStack:       48576 kB
ShadowCallStack:   12156 kB
PageTables:        69132 kB
NFS_Unstable:          0 kB
Bounce:                0 kB
WritebackTmp:          0 kB
CommitLimit:     8676856 kB
Committed_AS:   67967160 kB
VmallocTotal:   263061440 kB
VmallocUsed:      130492 kB
VmallocChunk:          0 kB
Percpu:             2448 kB
CmaTotal:         405504 kB
CmaFree:          231220 kB
MemTotal:        7916544 kB
MemFree:         2122768 kB
MemAvailable:    3170396 kB
Buffers:            4360 kB
Cached:          1133544 kB
SwapCached:         6688 kB
Active:          2026660 kB
Inactive:        1013068 kB
Active(anon):    1650388 kB
Inactive(anon):   274308 kB
Active(file):     376272 kB
Inactive(file):   738760 kB
Unevictable:        6380 kB
Mlocked:            5940 kB
SwapTotal:       4718584 kB
SwapFree:        3959288 kB
Dirty:               480 kB
Writeback:             0 kB
AnonPages:       1904084 kB
Mapped:           556984 kB
Shmem:             18128 kB
KReclaimable:     347384 kB
Slab:             318664 kB
SReclaimable:      87880 kB
SUnreclaim:       230784 kB
KernelStack:       48560 kB
ShadowCallStack:   12172 kB
PageTables:        68804 kB
NFS_Unstable:          0 kB
Bounce:                0 kB
WritebackTmp:          0 kB
CommitLimit:     8676856 kB
Committed_AS:   67985592 kB
VmallocTotal:   263061440 kB
VmallocUsed:      130480 kB
VmallocChunk:          0 kB
Percpu:             2448 kB
CmaTotal:         405504 kB
CmaFree:          231240 kB
MemTotal:        7916544 kB
MemFree:         2112412 kB
MemAvailable:    3160052 kB
Buffers:            4372 kB
Cached:          1133544 kB
SwapCached:         6688 kB
Active:          2037060 kB
Inactive:        1013064 kB
Active(anon):    1660788 kB
Inactive(anon):   274292 kB
Active(file):     376272 kB
Inactive(file):   738772 kB
Unevictable:        6380 kB
Mlocked:            5940 kB
SwapTotal:       4718584 kB
SwapFree:        3959288 kB
Dirty:               536 kB
Writeback:             0 kB
AnonPages:       1914556 kB
Mapped:           557028 kB
Shmem:             18128 kB
KReclaimable:     347384 kB
Slab:             318644 kB
SReclaimable:      87880 kB
SUnreclaim:       230764 kB
KernelStack:       48560 kB
ShadowCallStack:   12172 kB
PageTables:        68872 kB
NFS_Unstable:          0 kB
Bounce:                0 kB
WritebackTmp:          0 kB
CommitLimit:     8676856 kB
Committed_AS:   68018356 kB
VmallocTotal:   263061440 kB
VmallocUsed:      130480 kB
VmallocChunk:          0 kB
Percpu:             2448 kB
CmaTotal:         405504 kB
CmaFree:          231240 kB
MemTotal:        7916544 kB
MemFree:         2097264 kB
MemAvailable:    3144904 kB
Buffers:            4372 kB
Cached:          1133544 kB
SwapCached:         6688 kB
Active:          2052244 kB
Inactive:        1013064 kB
Active(anon):    1675972 kB
Inactive(anon):   274292 kB
Active(file):     376272 kB
Inactive(file):   738772 kB
Unevictable:        6380 kB
Mlocked:            5940 kB
SwapTotal:       4718584 kB
SwapFree:        3959288 kB
Dirty:               544 kB
Writeback:             0 kB
AnonPages:       1929748 kB
Mapped:           557048 kB
Shmem:             18128 kB
KReclaimable:     347384 kB
Slab:             318652 kB
SReclaimable:      87880 kB
SUnreclaim:       230772 kB
KernelStack:       48592 kB
ShadowCallStack:   12180 kB
PageTables:        69052 kB
NFS_Unstable:          0 kB
Bounce:                0 kB
WritebackTmp:          0 kB
CommitLimit:     8676856 kB
Committed_AS:   68034744 kB
VmallocTotal:   263061440 kB
VmallocUsed:      130480 kB
VmallocChunk:          0 kB
Percpu:             2448 kB
CmaTotal:         405504 kB
CmaFree:          231240 kB
MemTotal:        7916544 kB
MemFree:         2083908 kB
MemAvailable:    3131548 kB
Buffers:            4372 kB
Cached:          1133544 kB
SwapCached:         6688 kB
Active:          2065236 kB
Inactive:        1013052 kB
Active(anon):    1688964 kB
Inactive(anon):   274280 kB
Active(file):     376272 kB
Inactive(file):   738772 kB
Unevictable:        6380 kB
Mlocked:            5940 kB
SwapTotal:       4718584 kB
SwapFree:        3959288 kB
Dirty:               544 kB
Writeback:             0 kB
AnonPages:       1942724 kB
Mapped:           557060 kB
Shmem:             18128 kB
KReclaimable:     347384 kB
Slab:             318656 kB
SReclaimable:      87880 kB
SUnreclaim:       230776 kB
KernelStack:       48592 kB
ShadowCallStack:   12172 kB
PageTables:        69076 kB
NFS_Unstable:          0 kB
Bounce:                0 kB
WritebackTmp:          0 kB
CommitLimit:     8676856 kB
Committed_AS:   68051124 kB
VmallocTotal:   263061440 kB
VmallocUsed:      130456 kB
VmallocChunk:          0 kB
Percpu:             2448 kB
CmaTotal:         405504 kB
CmaFree:          231240 kB
MemTotal:        7916544 kB
MemFree:         2072568 kB
MemAvailable:    3120208 kB
Buffers:            4372 kB
Cached:          1133548 kB
SwapCached:         6688 kB
Active:          2077456 kB
Inactive:        1013052 kB
Active(anon):    1701184 kB
Inactive(anon):   274280 kB
Active(file):     376272 kB
Inactive(file):   738772 kB
Unevictable:        6380 kB
Mlocked:            5940 kB
SwapTotal:       4718584 kB
SwapFree:        3959288 kB
Dirty:               544 kB
Writeback:             0 kB
AnonPages:       1954948 kB
Mapped:           557044 kB
Shmem:             18132 kB
KReclaimable:     347384 kB
Slab:             318692 kB
SReclaimable:      87880 kB
SUnreclaim:       230812 kB
KernelStack:       48544 kB
ShadowCallStack:   12168 kB
PageTables:        68984 kB
NFS_Unstable:          0 kB
Bounce:                0 kB
WritebackTmp:          0 kB
CommitLimit:     8676856 kB
Committed_AS:   68083844 kB
VmallocTotal:   263061440 kB
VmallocUsed:      130476 kB
VmallocChunk:          0 kB
Percpu:             2448 kB
CmaTotal:         405504 kB
CmaFree:          231240 kB
MemTotal:        7916544 kB
MemFree:         2058252 kB
MemAvailable:    3105908 kB
Buffers:            4372 kB
Cached:          1133552 kB
SwapCached:         6688 kB
Active:          2091356 kB
Inactive:        1013052 kB
Active(anon):    1715084 kB
Inactive(anon):   274280 kB
Active(file):     376272 kB
Inactive(file):   738772 kB
Unevictable:        6380 kB
Mlocked:            5940 kB
SwapTotal:       4718584 kB
SwapFree:        3959288 kB
Dirty:               544 kB
Writeback:             0 kB
AnonPages:       1968800 kB
Mapped:           557044 kB
Shmem:             18136 kB
KReclaimable:     347400 kB
Slab:             318672 kB
SReclaimable:      87896 kB
SUnreclaim:       230776 kB
KernelStack:       48576 kB
ShadowCallStack:   12168 kB
PageTables:        69128 kB
NFS_Unstable:          0 kB
Bounce:                0 kB
WritebackTmp:          0 kB
CommitLimit:     8676856 kB
Committed_AS:   68083848 kB
VmallocTotal:   263061440 kB
VmallocUsed:      130456 kB
VmallocChunk:          0 kB
Percpu:             2448 kB
CmaTotal:         405504 kB
CmaFree:          231240 kB
MemTotal:        7916544 kB
MemFree:         2041020 kB
MemAvailable:    3088660 kB
Buffers:            4372 kB
Cached:          1133552 kB
SwapCached:         6688 kB
Active:          2108584 kB
Inactive:        1013048 kB
Active(anon):    1732312 kB
Inactive(anon):   274276 kB
Active(file):     376272 kB
Inactive(file):   738772 kB
Unevictable:        6380 kB
Mlocked:            5940 kB
SwapTotal:       4718584 kB
SwapFree:        3959288 kB
Dirty:                80 kB
Writeback:             0 kB
AnonPages:       1985984 kB
Mapped:           557012 kB
Shmem:             18136 kB
KReclaimable:     347384 kB
Slab:             318764 kB
SReclaimable:      87896 kB
SUnreclaim:       230868 kB
KernelStack:       48576 kB
ShadowCallStack:   12176 kB
PageTables:        69272 kB
NFS_Unstable:          0 kB
Bounce:                0 kB
WritebackTmp:          0 kB
CommitLimit:     8676856 kB
Committed_AS:   68100236 kB
VmallocTotal:   263061440 kB
VmallocUsed:      130484 kB
VmallocChunk:          0 kB
Percpu:             2448 kB
CmaTotal:         405504 kB
CmaFree:          231240 kB
MemTotal:        7916544 kB
MemFree:         2026168 kB
MemAvailable:    3073776 kB
Buffers:            4380 kB
Cached:          1133552 kB
SwapCached:         6688 kB
Active:          2123684 kB
Inactive:        1013060 kB
Active(anon):    1747412 kB
Inactive(anon):   274280 kB
Active(file):     376272 kB
Inactive(file):   738780 kB
Unevictable:        6380 kB
Mlocked:            5940 kB
SwapTotal:       4718584 kB
SwapFree:        3959288 kB
Dirty:               132 kB
Writeback:             0 kB
AnonPages:       2001180 kB
Mapped:           557044 kB
Shmem:             18136 kB
KReclaimable:     347344 kB
Slab:             318860 kB
SReclaimable:      87912 kB
SUnreclaim:       230948 kB
KernelStack:       48592 kB
ShadowCallStack:   12172 kB
PageTables:        69340 kB
NFS_Unstable:          0 kB
Bounce:                0 kB
WritebackTmp:          0 kB
CommitLimit:     8676856 kB
Committed_AS:   68133004 kB
VmallocTotal:   263061440 kB
VmallocUsed:      130460 kB
VmallocChunk:          0 kB
Percpu:             2448 kB
CmaTotal:         405504 kB
CmaFree:          231240 kB
MemTotal:        7916544 kB
MemFree:         2013568 kB
MemAvailable:    3061112 kB
Buffers:            4380 kB
Cached:          1133552 kB
SwapCached:         6688 kB
Active:          2136356 kB
Inactive:        1013060 kB
Active(anon):    1760084 kB
Inactive(anon):   274280 kB
Active(file):     376272 kB
Inactive(file):   738780 kB
Unevictable:        6380 kB
Mlocked:            5940 kB
SwapTotal:       4718584 kB
SwapFree:        3959288 kB
Dirty:               136 kB
Writeback:             0 kB
AnonPages:       2013792 kB
Mapped:           557116 kB
Shmem:             18136 kB
KReclaimable:     347280 kB
Slab:             318852 kB
SReclaimable:      87912 kB
SUnreclaim:       230940 kB
KernelStack:       48576 kB
ShadowCallStack:   12176 kB
PageTables:        69228 kB
NFS_Unstable:          0 kB
Bounce:                0 kB
WritebackTmp:          0 kB
CommitLimit:     8676856 kB
Committed_AS:   68149384 kB
VmallocTotal:   263061440 kB
VmallocUsed:      130476 kB
VmallocChunk:          0 kB
Percpu:             2448 kB
CmaTotal:         405504 kB
CmaFree:          231240 kB
MemTotal:        7916544 kB
MemFree:         1997944 kB
MemAvailable:    3045472 kB
Buffers:            4380 kB
Cached:          1133552 kB
SwapCached:         6688 kB
Active:          2151424 kB
Inactive:        1013060 kB
Active(anon):    1775152 kB
Inactive(anon):   274280 kB
Active(file):     376272 kB
Inactive(file):   738780 kB
Unevictable:        6380 kB
Mlocked:            5940 kB
SwapTotal:       4718584 kB
SwapFree:        3959288 kB
Dirty:               136 kB
Writeback:             0 kB
AnonPages:       2028904 kB
Mapped:           557124 kB
Shmem:             18136 kB
KReclaimable:     347264 kB
Slab:             318824 kB
SReclaimable:      87912 kB
SUnreclaim:       230912 kB
KernelStack:       48560 kB
ShadowCallStack:   12172 kB
PageTables:        69284 kB
NFS_Unstable:          0 kB
Bounce:                0 kB
WritebackTmp:          0 kB
CommitLimit:     8676856 kB
Committed_AS:   68165768 kB
VmallocTotal:   263061440 kB
VmallocUsed:      130492 kB
VmallocChunk:          0 kB
Percpu:             2448 kB
CmaTotal:         405504 kB
CmaFree:          231240 kB
MemTotal:        7916544 kB
MemFree:         1981800 kB
MemAvailable:    3029244 kB
Buffers:            4380 kB
Cached:          1133576 kB
SwapCached:         6688 kB
Active:          2167836 kB
Inactive:        1013056 kB
Active(anon):    1791544 kB
Inactive(anon):   274276 kB
Active(file):     376292 kB
Inactive(file):   738780 kB
Unevictable:        6380 kB
Mlocked:            5940 kB
SwapTotal:       4718584 kB
SwapFree:        3959288 kB
Dirty:               208 kB
Writeback:             0 kB
AnonPages:       2045228 kB
Mapped:           557240 kB
Shmem:             18140 kB
KReclaimable:     347160 kB
Slab:             318800 kB
SReclaimable:      87912 kB
SUnreclaim:       230888 kB
KernelStack:       48544 kB
ShadowCallStack:   12168 kB
PageTables:        69412 kB
NFS_Unstable:          0 kB
Bounce:                0 kB
WritebackTmp:          0 kB
CommitLimit:     8676856 kB
Committed_AS:   68182056 kB
VmallocTotal:   263061440 kB
VmallocUsed:      130436 kB
VmallocChunk:          0 kB
Percpu:             2448 kB
CmaTotal:         405504 kB
CmaFree:          231240 kB
MemTotal:        7916544 kB
MemFree:         1964944 kB
MemAvailable:    3012220 kB
Buffers:            4380 kB
Cached:          1133576 kB
SwapCached:         6688 kB
Active:          2185188 kB
Inactive:        1013060 kB
Active(anon):    1808896 kB
Inactive(anon):   274280 kB
Active(file):     376292 kB
Inactive(file):   738780 kB
Unevictable:        6380 kB
Mlocked:            5940 kB
SwapTotal:       4718584 kB
SwapFree:        3959288 kB
Dirty:               216 kB
Writeback:             0 kB
AnonPages:       2062760 kB
Mapped:           557324 kB
Shmem:             18140 kB
KReclaimable:     346992 kB
Slab:             318812 kB
SReclaimable:      87912 kB
SUnreclaim:       230900 kB
KernelStack:       48528 kB
ShadowCallStack:   12156 kB
PageTables:        69452 kB
NFS_Unstable:          0 kB
Bounce:                0 kB
WritebackTmp:          0 kB
CommitLimit:     8676856 kB
Committed_AS:   68214760 kB
VmallocTotal:   263061440 kB
VmallocUsed:      130400 kB
VmallocChunk:          0 kB
Percpu:             2448 kB
CmaTotal:         405504 kB
CmaFree:          231240 kB
MemTotal:        7916544 kB
MemFree:         1953368 kB
MemAvailable:    3000664 kB
Buffers:            4400 kB
Cached:          1133576 kB
SwapCached:         6688 kB
Active:          2195444 kB
Inactive:        1013076 kB
Active(anon):    1819152 kB
Inactive(anon):   274276 kB
Active(file):     376292 kB
Inactive(file):   738800 kB
Unevictable:        6380 kB
Mlocked:            5940 kB
SwapTotal:       4718584 kB
SwapFree:        3959288 kB
Dirty:               112 kB
Writeback:             0 kB
AnonPages:       2072876 kB
Mapped:           557324 kB
Shmem:             18140 kB
KReclaimable:     346992 kB
Slab:             318836 kB
SReclaimable:      87912 kB
SUnreclaim:       230924 kB
KernelStack:       48400 kB
ShadowCallStack:   12132 kB
PageTables:        69456 kB
NFS_Unstable:          0 kB
Bounce:                0 kB
WritebackTmp:          0 kB
CommitLimit:     8676856 kB
Committed_AS:   68214352 kB
VmallocTotal:   263061440 kB
VmallocUsed:      130256 kB
VmallocChunk:          0 kB
Percpu:             2448 kB
CmaTotal:         405504 kB
CmaFree:          231240 kB
MemTotal:        7916544 kB
MemFree:         1943812 kB
MemAvailable:    2991108 kB
Buffers:            4400 kB
Cached:          1133576 kB
SwapCached:         6688 kB
Active:          2206300 kB
Inactive:        1013076 kB
Active(anon):    1830008 kB
Inactive(anon):   274276 kB
Active(file):     376292 kB
Inactive(file):   738800 kB
Unevictable:        6380 kB
Mlocked:            5940 kB
SwapTotal:       4718584 kB
SwapFree:        3959288 kB
Dirty:               168 kB
Writeback:             0 kB
AnonPages:       2083780 kB
Mapped:           557328 kB
Shmem:             18140 kB
KReclaimable:     346992 kB
Slab:             318816 kB
SReclaimable:      87912 kB
SUnreclaim:       230904 kB
KernelStack:       48400 kB
ShadowCallStack:   12124 kB
PageTables:        69472 kB
NFS_Unstable:          0 kB
Bounce:                0 kB
WritebackTmp:          0 kB
CommitLimit:     8676856 kB
Committed_AS:   68214352 kB
VmallocTotal:   263061440 kB
VmallocUsed:      130248 kB
VmallocChunk:          0 kB
Percpu:             2448 kB
CmaTotal:         405504 kB
CmaFree:          231240 kB
MemTotal:        7916544 kB
MemFree:         1929640 kB
MemAvailable:    2976816 kB
Buffers:            4400 kB
Cached:          1133580 kB
SwapCached:         6688 kB
Active:          2219144 kB
Inactive:        1013076 kB
Active(anon):    1842852 kB
Inactive(anon):   274276 kB
Active(file):     376292 kB
Inactive(file):   738800 kB
Unevictable:        6380 kB
Mlocked:            5940 kB
SwapTotal:       4718584 kB
SwapFree:        3959288 kB
Dirty:               168 kB
Writeback:             0 kB
AnonPages:       2096500 kB
Mapped:           557392 kB
Shmem:             18144 kB
KReclaimable:     346872 kB
Slab:             318804 kB
SReclaimable:      87912 kB
SUnreclaim:       230892 kB
KernelStack:       48368 kB
ShadowCallStack:   12124 kB
PageTables:        69376 kB
NFS_Unstable:          0 kB
Bounce:                0 kB
WritebackTmp:          0 kB
CommitLimit:     8676856 kB
Committed_AS:   68230740 kB
VmallocTotal:   263061440 kB
VmallocUsed:      130256 kB
VmallocChunk:          0 kB
Percpu:             2448 kB
CmaTotal:         405504 kB
CmaFree:          231240 kB
MemTotal:        7916544 kB
MemFree:         1919284 kB
MemAvailable:    2966380 kB
Buffers:            4400 kB
Cached:          1133584 kB
SwapCached:         6688 kB
Active:          2230336 kB
Inactive:        1013080 kB
Active(anon):    1854044 kB
Inactive(anon):   274280 kB
Active(file):     376292 kB
Inactive(file):   738800 kB
Unevictable:        6380 kB
Mlocked:            5940 kB
SwapTotal:       4718584 kB
SwapFree:        3959288 kB
Dirty:               168 kB
Writeback:             0 kB
AnonPages:       2107792 kB
Mapped:           557476 kB
Shmem:             18148 kB
KReclaimable:     346792 kB
Slab:             318808 kB
SReclaimable:      87912 kB
SUnreclaim:       230896 kB
KernelStack:       48352 kB
ShadowCallStack:   12108 kB
PageTables:        69432 kB
NFS_Unstable:          0 kB
Bounce:                0 kB
WritebackTmp:          0 kB
CommitLimit:     8676856 kB
Committed_AS:   68246924 kB
VmallocTotal:   263061440 kB
VmallocUsed:      130176 kB
VmallocChunk:          0 kB
Percpu:             2448 kB
CmaTotal:         405504 kB
CmaFree:          231240 kB
MemTotal:        7916544 kB
MemFree:         1910656 kB
MemAvailable:    2957768 kB
Buffers:            4400 kB
Cached:          1133584 kB
SwapCached:         6688 kB
Active:          2237616 kB
Inactive:        1013076 kB
Active(anon):    1861324 kB
Inactive(anon):   274276 kB
Active(file):     376292 kB
Inactive(file):   738800 kB
Unevictable:        6380 kB
Mlocked:            5940 kB
SwapTotal:       4718584 kB
SwapFree:        3959288 kB
Dirty:               168 kB
Writeback:             0 kB
AnonPages:       2115192 kB
Mapped:           557436 kB
Shmem:             18148 kB
KReclaimable:     346808 kB
Slab:             318832 kB
SReclaimable:      87928 kB
SUnreclaim:       230904 kB
KernelStack:       48288 kB
ShadowCallStack:   12104 kB
PageTables:        69540 kB
NFS_Unstable:          0 kB
Bounce:                0 kB
WritebackTmp:          0 kB
CommitLimit:     8676856 kB
Committed_AS:   68246816 kB
VmallocTotal:   263061440 kB
VmallocUsed:      130136 kB
VmallocChunk:          0 kB
Percpu:             2448 kB
CmaTotal:         405504 kB
CmaFree:          231240 kB
MemTotal:        7916544 kB
MemFree:         1898152 kB
MemAvailable:    2946052 kB
Buffers:            4400 kB
Cached:          1133604 kB
SwapCached:         6688 kB
Active:          2249308 kB
Inactive:        1013080 kB
Active(anon):    1872996 kB
Inactive(anon):   274280 kB
Active(file):     376312 kB
Inactive(file):   738800 kB
Unevictable:        6380 kB
Mlocked:            5940 kB
SwapTotal:       4718584 kB
SwapFree:        3959288 kB
Dirty:                84 kB
Writeback:             0 kB
AnonPages:       2126716 kB
Mapped:           557396 kB
Shmem:             18148 kB
KReclaimable:     347576 kB
Slab:             319640 kB
SReclaimable:      88696 kB
SUnreclaim:       230944 kB
KernelStack:       48272 kB
ShadowCallStack:   12092 kB
PageTables:        69484 kB
NFS_Unstable:          0 kB
Bounce:                0 kB
WritebackTmp:          0 kB
CommitLimit:     8676856 kB
Committed_AS:   68263096 kB
VmallocTotal:   263061440 kB
VmallocUsed:      130224 kB
VmallocChunk:          0 kB
Percpu:             2448 kB
CmaTotal:         405504 kB
CmaFree:          231240 kB
MemTotal:        7916544 kB
MemFree:         1885488 kB
MemAvailable:    2933372 kB
Buffers:            4408 kB
Cached:          1133608 kB
SwapCached:         6688 kB
Active:          2262412 kB
Inactive:        1013084 kB
Active(anon):    1886100 kB
Inactive(anon):   274276 kB
Active(file):     376312 kB
Inactive(file):   738808 kB
Unevictable:        6380 kB
Mlocked:            5940 kB
SwapTotal:       4718584 kB
SwapFree:        3959288 kB
Dirty:               112 kB
Writeback:             0 kB
AnonPages:       2139760 kB
Mapped:           557464 kB
Shmem:             18152 kB
KReclaimable:     347552 kB
Slab:             319624 kB
SReclaimable:      88712 kB
SUnreclaim:       230912 kB
KernelStack:       48240 kB
ShadowCallStack:   12092 kB
PageTables:        69468 kB
NFS_Unstable:          0 kB
Bounce:                0 kB
WritebackTmp:          0 kB
CommitLimit:     8676856 kB
Committed_AS:   68279484 kB
VmallocTotal:   263061440 kB
VmallocUsed:      130092 kB
VmallocChunk:          0 kB
Percpu:             2448 kB
CmaTotal:         405504 kB
CmaFree:          231240 kB
MemTotal:        7916544 kB
MemFree:         1878968 kB
MemAvailable:    2926768 kB
Buffers:            4408 kB
Cached:          1133608 kB
SwapCached:         6688 kB
Active:          2269840 kB
Inactive:        1013084 kB
Active(anon):    1893528 kB
Inactive(anon):   274276 kB
Active(file):     376312 kB
Inactive(file):   738808 kB
Unevictable:        6380 kB
Mlocked:            5940 kB
SwapTotal:       4718584 kB
SwapFree:        3959288 kB
Dirty:               148 kB
Writeback:             0 kB
AnonPages:       2147200 kB
Mapped:           557508 kB
Shmem:             18152 kB
KReclaimable:     347468 kB
Slab:             319632 kB
SReclaimable:      88708 kB
SUnreclaim:       230924 kB
KernelStack:       48224 kB
ShadowCallStack:   12080 kB
PageTables:        69596 kB
NFS_Unstable:          0 kB
Bounce:                0 kB
WritebackTmp:          0 kB
CommitLimit:     8676856 kB
Committed_AS:   68279384 kB
VmallocTotal:   263061440 kB
VmallocUsed:      130020 kB
VmallocChunk:          0 kB
Percpu:             2448 kB
CmaTotal:         405504 kB
CmaFree:          231240 kB
MemTotal:        7916544 kB
MemFree:         1863124 kB
MemAvailable:    2910844 kB
Buffers:            4408 kB
Cached:          1133608 kB
SwapCached:         6688 kB
Active:          2285944 kB
Inactive:        1013084 kB
Active(anon):    1909632 kB
Inactive(anon):   274276 kB
Active(file):     376312 kB
Inactive(file):   738808 kB
Unevictable:        6380 kB
Mlocked:            5940 kB
SwapTotal:       4718584 kB
SwapFree:        3959288 kB
Dirty:               172 kB
Writeback:             0 kB
AnonPages:       2163144 kB
Mapped:           557548 kB
Shmem:             18152 kB
KReclaimable:     347388 kB
Slab:             319600 kB
SReclaimable:      88708 kB
SUnreclaim:       230892 kB
KernelStack:       48192 kB
ShadowCallStack:   12080 kB
PageTables:        69516 kB
NFS_Unstable:          0 kB
Bounce:                0 kB
WritebackTmp:          0 kB
CommitLimit:     8676856 kB
Committed_AS:   68312148 kB
VmallocTotal:   263061440 kB
VmallocUsed:      130036 kB
VmallocChunk:          0 kB
Percpu:             2448 kB
CmaTotal:         405504 kB
CmaFree:          231240 kB
MemTotal:        7916544 kB
MemFree:         1847556 kB
MemAvailable:    2895164 kB
Buffers:            4408 kB
Cached:          1133608 kB
SwapCached:         6688 kB
Active:          2300700 kB
Inactive:        1013088 kB
Active(anon):    1924388 kB
Inactive(anon):   274280 kB
Active(file):     376312 kB
Inactive(file):   738808 kB
Unevictable:        6380 kB
Mlocked:            5940 kB
SwapTotal:       4718584 kB
SwapFree:        3959288 kB
Dirty:               172 kB
Writeback:             0 kB
AnonPages:       2177956 kB
Mapped:           557604 kB
Shmem:             18152 kB
KReclaimable:     347276 kB
Slab:             319568 kB
SReclaimable:      88708 kB
SUnreclaim:       230860 kB
KernelStack:       48224 kB
ShadowCallStack:   12080 kB
PageTables:        69544 kB
NFS_Unstable:          0 kB
Bounce:                0 kB
WritebackTmp:          0 kB
CommitLimit:     8676856 kB
Committed_AS:   68312148 kB
VmallocTotal:   263061440 kB
VmallocUsed:      130032 kB
VmallocChunk:          0 kB
Percpu:             2448 kB
CmaTotal:         405504 kB
CmaFree:          231240 kB
MemTotal:        7916544 kB
MemFree:         1837468 kB
MemAvailable:    2885044 kB
Buffers:            4408 kB
Cached:          1133608 kB
SwapCached:         6688 kB
Active:          2311720 kB
Inactive:        1013084 kB
Active(anon):    1935408 kB
Inactive(anon):   274276 kB
Active(file):     376312 kB
Inactive(file):   738808 kB
Unevictable:        6380 kB
Mlocked:            5940 kB
SwapTotal:       4718584 kB
SwapFree:        3959288 kB
Dirty:               172 kB
Writeback:             0 kB
AnonPages:       2189052 kB
Mapped:           557624 kB
Shmem:             18152 kB
KReclaimable:     347244 kB
Slab:             319584 kB
SReclaimable:      88708 kB
SUnreclaim:       230876 kB
KernelStack:       48192 kB
ShadowCallStack:   12080 kB
PageTables:        69564 kB
NFS_Unstable:          0 kB
Bounce:                0 kB
WritebackTmp:          0 kB
CommitLimit:     8676856 kB
Committed_AS:   68328532 kB
VmallocTotal:   263061440 kB
VmallocUsed:      130036 kB
VmallocChunk:          0 kB
Percpu:             2448 kB
CmaTotal:         405504 kB
CmaFree:          231240 kB
MemTotal:        7916544 kB
MemFree:         1822144 kB
MemAvailable:    2869732 kB
Buffers:            4432 kB
Cached:          1133600 kB
SwapCached:         6688 kB
Active:          2325564 kB
Inactive:        1013100 kB
Active(anon):    1949252 kB
Inactive(anon):   274280 kB
Active(file):     376312 kB
Inactive(file):   738820 kB
Unevictable:        6380 kB
Mlocked:            5940 kB
SwapTotal:       4718584 kB
SwapFree:        3959288 kB
Dirty:               172 kB
Writeback:             4 kB
AnonPages:       2203056 kB
Mapped:           557644 kB
Shmem:             18156 kB
KReclaimable:     347244 kB
Slab:             319584 kB
SReclaimable:      88708 kB
SUnreclaim:       230876 kB
KernelStack:       48192 kB
ShadowCallStack:   12096 kB
PageTables:        69892 kB
NFS_Unstable:          0 kB
Bounce:                0 kB
WritebackTmp:          0 kB
CommitLimit:     8676856 kB
Committed_AS:   68344920 kB
VmallocTotal:   263061440 kB
VmallocUsed:      130016 kB
VmallocChunk:          0 kB
Percpu:             2448 kB
CmaTotal:         405504 kB
CmaFree:          231240 kB
MemTotal:        7916544 kB
MemFree:         1811172 kB
MemAvailable:    2858800 kB
Buffers:            4432 kB
Cached:          1133648 kB
SwapCached:         6688 kB
Active:          2337956 kB
Inactive:        1013140 kB
Active(anon):    1961644 kB
Inactive(anon):   274280 kB
Active(file):     376312 kB
Inactive(file):   738860 kB
Unevictable:        6380 kB
Mlocked:            5940 kB
SwapTotal:       4718584 kB
SwapFree:        3959544 kB
Dirty:               288 kB
Writeback:             0 kB
AnonPages:       2215312 kB
Mapped:           557784 kB
Shmem:             18164 kB
KReclaimable:     347244 kB
Slab:             319576 kB
SReclaimable:      88708 kB
SUnreclaim:       230868 kB
KernelStack:       48224 kB
ShadowCallStack:   12080 kB
PageTables:        69716 kB
NFS_Unstable:          0 kB
Bounce:                0 kB
WritebackTmp:          0 kB
CommitLimit:     8676856 kB
Committed_AS:   68377696 kB
VmallocTotal:   263061440 kB
VmallocUsed:      130040 kB
VmallocChunk:          0 kB
Percpu:             2448 kB
CmaTotal:         405504 kB
CmaFree:          231240 kB
MemTotal:        7916544 kB
MemFree:         1794320 kB
MemAvailable:    2841900 kB
Buffers:            4432 kB
Cached:          1133648 kB
SwapCached:         6688 kB
Active:          2353988 kB
Inactive:        1013140 kB
Active(anon):    1977676 kB
Inactive(anon):   274280 kB
Active(file):     376312 kB
Inactive(file):   738860 kB
Unevictable:        6380 kB
Mlocked:            5940 kB
SwapTotal:       4718584 kB
SwapFree:        3959544 kB
Dirty:               288 kB
Writeback:             0 kB
AnonPages:       2231416 kB
Mapped:           557744 kB
Shmem:             18164 kB
KReclaimable:     347196 kB
Slab:             319548 kB
SReclaimable:      88708 kB
SUnreclaim:       230840 kB
KernelStack:       48224 kB
ShadowCallStack:   12080 kB
PageTables:        69708 kB
NFS_Unstable:          0 kB
Bounce:                0 kB
WritebackTmp:          0 kB
CommitLimit:     8676856 kB
Committed_AS:   68377692 kB
VmallocTotal:   263061440 kB
VmallocUsed:      130024 kB
VmallocChunk:          0 kB
Percpu:             2448 kB
CmaTotal:         405504 kB
CmaFree:          231240 kB
MemTotal:        7916544 kB
MemFree:         1788492 kB
MemAvailable:    2836032 kB
Buffers:            4432 kB
Cached:          1133656 kB
SwapCached:         6688 kB
Active:          2360916 kB
Inactive:        1013144 kB
Active(anon):    1984604 kB
Inactive(anon):   274276 kB
Active(file):     376312 kB
Inactive(file):   738868 kB
Unevictable:        6380 kB
Mlocked:            5940 kB
SwapTotal:       4718584 kB
SwapFree:        3959544 kB
Dirty:               296 kB
Writeback:             0 kB
AnonPages:       2238212 kB
Mapped:           557772 kB
Shmem:             18164 kB
KReclaimable:     347148 kB
Slab:             319580 kB
SReclaimable:      88708 kB
SUnreclaim:       230872 kB
KernelStack:       48224 kB
ShadowCallStack:   12080 kB
PageTables:        69816 kB
NFS_Unstable:          0 kB
Bounce:                0 kB
WritebackTmp:          0 kB
CommitLimit:     8676856 kB
Committed_AS:   68394076 kB
VmallocTotal:   263061440 kB
VmallocUsed:      130028 kB
VmallocChunk:          0 kB
Percpu:             2448 kB
CmaTotal:         405504 kB
CmaFree:          231240 kB
MemTotal:        7916544 kB
MemFree:         1773400 kB
MemAvailable:    2820940 kB
Buffers:            4444 kB
Cached:          1133644 kB
SwapCached:         6688 kB
Active:          2375368 kB
Inactive:        1013148 kB
Active(anon):    1999056 kB
Inactive(anon):   274280 kB
Active(file):     376312 kB
Inactive(file):   738868 kB
Unevictable:        6380 kB
Mlocked:            5940 kB
SwapTotal:       4718584 kB
SwapFree:        3959544 kB
Dirty:               296 kB
Writeback:             0 kB
AnonPages:       2252640 kB
Mapped:           557828 kB
Shmem:             18164 kB
KReclaimable:     347148 kB
Slab:             319680 kB
SReclaimable:      88708 kB
SUnreclaim:       230972 kB
KernelStack:       48240 kB
ShadowCallStack:   12104 kB
PageTables:        69780 kB
NFS_Unstable:          0 kB
Bounce:                0 kB
WritebackTmp:          0 kB
CommitLimit:     8676856 kB
Committed_AS:   68410460 kB
VmallocTotal:   263061440 kB
VmallocUsed:      130016 kB
VmallocChunk:          0 kB
Percpu:             2448 kB
CmaTotal:         405504 kB
CmaFree:          231240 kB
MemTotal:        7916544 kB
MemFree:         1757996 kB
MemAvailable:    2805548 kB
Buffers:            4444 kB
Cached:          1133656 kB
SwapCached:         6688 kB
Active:          2390132 kB
Inactive:        1013156 kB
Active(anon):    2013820 kB
Inactive(anon):   274276 kB
Active(file):     376312 kB
Inactive(file):   738880 kB
Unevictable:        6380 kB
Mlocked:            5940 kB
SwapTotal:       4718584 kB
SwapFree:        3959544 kB
Dirty:                84 kB
Writeback:             0 kB
AnonPages:       2267440 kB
Mapped:           557772 kB
Shmem:             18164 kB
KReclaimable:     347148 kB
Slab:             319572 kB
SReclaimable:      88708 kB
SUnreclaim:       230864 kB
KernelStack:       48192 kB
ShadowCallStack:   12072 kB
PageTables:        69880 kB
NFS_Unstable:          0 kB
Bounce:                0 kB
WritebackTmp:          0 kB
CommitLimit:     8676856 kB
Committed_AS:   68426844 kB
VmallocTotal:   263061440 kB
VmallocUsed:      130016 kB
VmallocChunk:          0 kB
Percpu:             2448 kB
CmaTotal:         405504 kB
CmaFree:          231240 kB
MemTotal:        7916544 kB
MemFree:         1747080 kB
MemAvailable:    2794644 kB
Buffers:            4452 kB
Cached:          1133660 kB
SwapCached:         6688 kB
Active:          2401448 kB
Inactive:        1013168 kB
Active(anon):    2025136 kB
Inactive(anon):   274276 kB
Active(file):     376312 kB
Inactive(file):   738892 kB
Unevictable:        6380 kB
Mlocked:            5940 kB
SwapTotal:       4718584 kB
SwapFree:        3959544 kB
Dirty:               160 kB
Writeback:             0 kB
AnonPages:       2278848 kB
Mapped:           557772 kB
Shmem:             18164 kB
KReclaimable:     347148 kB
Slab:             319584 kB
SReclaimable:      88708 kB
SUnreclaim:       230876 kB
KernelStack:       48192 kB
ShadowCallStack:   12080 kB
PageTables:        69912 kB
NFS_Unstable:          0 kB
Bounce:                0 kB
WritebackTmp:          0 kB
CommitLimit:     8676856 kB
Committed_AS:   68443176 kB
VmallocTotal:   263061440 kB
VmallocUsed:      129996 kB
VmallocChunk:          0 kB
Percpu:             2448 kB
CmaTotal:         405504 kB
CmaFree:          231240 kB
MemTotal:        7916544 kB
MemFree:         1722684 kB
MemAvailable:    2770216 kB
Buffers:            4452 kB
Cached:          1133672 kB
SwapCached:         6688 kB
Active:          2424804 kB
Inactive:        1013180 kB
Active(anon):    2048492 kB
Inactive(anon):   274276 kB
Active(file):     376312 kB
Inactive(file):   738904 kB
Unevictable:        6380 kB
Mlocked:            5940 kB
SwapTotal:       4718584 kB
SwapFree:        3959544 kB
Dirty:               172 kB
Writeback:             0 kB
AnonPages:       2302296 kB
Mapped:           557792 kB
Shmem:             18164 kB
KReclaimable:     347104 kB
Slab:             319596 kB
SReclaimable:      88704 kB
SUnreclaim:       230892 kB
KernelStack:       48176 kB
ShadowCallStack:   12076 kB
PageTables:        69960 kB
NFS_Unstable:          0 kB
Bounce:                0 kB
WritebackTmp:          0 kB
CommitLimit:     8676856 kB
Committed_AS:   68463404 kB
VmallocTotal:   263061440 kB
VmallocUsed:      129960 kB
VmallocChunk:          0 kB
Percpu:             2448 kB
CmaTotal:         405504 kB
CmaFree:          231240 kB
MemTotal:        7916544 kB
MemFree:         1710560 kB
MemAvailable:    2758044 kB
Buffers:            4452 kB
Cached:          1133672 kB
SwapCached:         6688 kB
Active:          2438808 kB
Inactive:        1013180 kB
Active(anon):    2062496 kB
Inactive(anon):   274276 kB
Active(file):     376312 kB
Inactive(file):   738904 kB
Unevictable:        6380 kB
Mlocked:            5940 kB
SwapTotal:       4718584 kB
SwapFree:        3959544 kB
Dirty:               172 kB
Writeback:             0 kB
AnonPages:       2316156 kB
Mapped:           557828 kB
Shmem:             18164 kB
KReclaimable:     347056 kB
Slab:             319644 kB
SReclaimable:      88704 kB
SUnreclaim:       230940 kB
KernelStack:       48192 kB
ShadowCallStack:   12072 kB
PageTables:        69988 kB
NFS_Unstable:          0 kB
Bounce:                0 kB
WritebackTmp:          0 kB
CommitLimit:     8676856 kB
Committed_AS:   68496172 kB
VmallocTotal:   263061440 kB
VmallocUsed:      129976 kB
VmallocChunk:          0 kB
Percpu:             2448 kB
CmaTotal:         405504 kB
CmaFree:          231240 kB
MemTotal:        7916544 kB
MemFree:         1703252 kB
MemAvailable:    2750624 kB
Buffers:            4452 kB
Cached:          1133672 kB
SwapCached:         6688 kB
Active:          2445236 kB
Inactive:        1013184 kB
Active(anon):    2068924 kB
Inactive(anon):   274280 kB
Active(file):     376312 kB
Inactive(file):   738904 kB
Unevictable:        6380 kB
Mlocked:            5940 kB
SwapTotal:       4718584 kB
SwapFree:        3959800 kB
Dirty:               104 kB
Writeback:             0 kB
AnonPages:       2322604 kB
Mapped:           557940 kB
Shmem:             18164 kB
KReclaimable:     346944 kB
Slab:             319580 kB
SReclaimable:      88704 kB
SUnreclaim:       230876 kB
KernelStack:       48208 kB
ShadowCallStack:   12076 kB
PageTables:        69924 kB
NFS_Unstable:          0 kB
Bounce:                0 kB
WritebackTmp:          0 kB
CommitLimit:     8676856 kB
Committed_AS:   68496216 kB
VmallocTotal:   263061440 kB
VmallocUsed:      129996 kB
VmallocChunk:          0 kB
Percpu:             2448 kB
CmaTotal:         405504 kB
CmaFree:          231240 kB
MemTotal:        7916544 kB
MemFree:         1698732 kB
MemAvailable:    2746040 kB
Buffers:            4452 kB
Cached:          1133680 kB
SwapCached:         6688 kB
Active:          2448956 kB
Inactive:        1013180 kB
Active(anon):    2072644 kB
Inactive(anon):   274276 kB
Active(file):     376312 kB
Inactive(file):   738904 kB
Unevictable:        6380 kB
Mlocked:            5940 kB
SwapTotal:       4718584 kB
SwapFree:        3959800 kB
Dirty:               124 kB
Writeback:             0 kB
AnonPages:       2326272 kB
Mapped:           557896 kB
Shmem:             18172 kB
KReclaimable:     346880 kB
Slab:             319572 kB
SReclaimable:      88640 kB
SUnreclaim:       230932 kB
KernelStack:       48192 kB
ShadowCallStack:   12080 kB
PageTables:        69884 kB
NFS_Unstable:          0 kB
Bounce:                0 kB
WritebackTmp:          0 kB
CommitLimit:     8676856 kB
Committed_AS:   68495520 kB
VmallocTotal:   263061440 kB
VmallocUsed:      129996 kB
VmallocChunk:          0 kB
Percpu:             2448 kB
CmaTotal:         405504 kB
CmaFree:          231240 kB
MemTotal:        7916544 kB
MemFree:         1694064 kB
MemAvailable:    2741372 kB
Buffers:            4452 kB
Cached:          1133680 kB
SwapCached:         6688 kB
Active:          2455528 kB
Inactive:        1013184 kB
Active(anon):    2079216 kB
Inactive(anon):   274280 kB
Active(file):     376312 kB
Inactive(file):   738904 kB
Unevictable:        6380 kB
Mlocked:            5940 kB
SwapTotal:       4718584 kB
SwapFree:        3959800 kB
Dirty:                56 kB
Writeback:             0 kB
AnonPages:       2332864 kB
Mapped:           557960 kB
Shmem:             18172 kB
KReclaimable:     346880 kB
Slab:             319576 kB
SReclaimable:      88640 kB
SUnreclaim:       230936 kB
KernelStack:       48176 kB
ShadowCallStack:   12076 kB
PageTables:        69932 kB
NFS_Unstable:          0 kB
Bounce:                0 kB
WritebackTmp:          0 kB
CommitLimit:     8676856 kB
Committed_AS:   68495520 kB
VmallocTotal:   263061440 kB
VmallocUsed:      129996 kB
VmallocChunk:          0 kB
Percpu:             2448 kB
CmaTotal:         405504 kB
CmaFree:          231240 kB
MemTotal:        7916544 kB
MemFree:         1682472 kB
MemAvailable:    2729788 kB
Buffers:            4460 kB
Cached:          1133680 kB
SwapCached:         6688 kB
Active:          2466228 kB
Inactive:        1013192 kB
Active(anon):    2089916 kB
Inactive(anon):   274280 kB
Active(file):     376312 kB
Inactive(file):   738912 kB
Unevictable:        6380 kB
Mlocked:            5940 kB
SwapTotal:       4718584 kB
SwapFree:        3959800 kB
Dirty:                60 kB
Writeback:             0 kB
AnonPages:       2343684 kB
Mapped:           557864 kB
Shmem:             18172 kB
KReclaimable:     346880 kB
Slab:             319788 kB
SReclaimable:      88640 kB
SUnreclaim:       231148 kB
KernelStack:       48208 kB
ShadowCallStack:   12072 kB
PageTables:        69972 kB
NFS_Unstable:          0 kB
Bounce:                0 kB
WritebackTmp:          0 kB
CommitLimit:     8676856 kB
Committed_AS:   68511904 kB
VmallocTotal:   263061440 kB
VmallocUsed:      129996 kB
VmallocChunk:          0 kB
Percpu:             2448 kB
CmaTotal:         405504 kB
CmaFree:          231240 kB
MemTotal:        7916544 kB
MemFree:         1674376 kB
MemAvailable:    2721672 kB
Buffers:            4460 kB
Cached:          1133688 kB
SwapCached:         6688 kB
Active:          2474096 kB
Inactive:        1013192 kB
Active(anon):    2097784 kB
Inactive(anon):   274276 kB
Active(file):     376312 kB
Inactive(file):   738916 kB
Unevictable:        6380 kB
Mlocked:            5940 kB
SwapTotal:       4718584 kB
SwapFree:        3959800 kB
Dirty:                88 kB
Writeback:             0 kB
AnonPages:       2351432 kB
Mapped:           557976 kB
Shmem:             18176 kB
KReclaimable:     346856 kB
Slab:             319648 kB
SReclaimable:      88640 kB
SUnreclaim:       231008 kB
KernelStack:       48176 kB
ShadowCallStack:   12068 kB
PageTables:        70072 kB
NFS_Unstable:          0 kB
Bounce:                0 kB
WritebackTmp:          0 kB
CommitLimit:     8676856 kB
Committed_AS:   68511912 kB
VmallocTotal:   263061440 kB
VmallocUsed:      129976 kB
VmallocChunk:          0 kB
Percpu:             2448 kB
CmaTotal:         405504 kB
CmaFree:          231240 kB
MemTotal:        7916544 kB
MemFree:         1664044 kB
MemAvailable:    2711340 kB
Buffers:            4460 kB
Cached:          1133688 kB
SwapCached:         6688 kB
Active:          2485648 kB
Inactive:        1013192 kB
Active(anon):    2109336 kB
Inactive(anon):   274276 kB
Active(file):     376312 kB
Inactive(file):   738916 kB
Unevictable:        6380 kB
Mlocked:            5940 kB
SwapTotal:       4718584 kB
SwapFree:        3959800 kB
Dirty:               116 kB
Writeback:             0 kB
AnonPages:       2362984 kB
Mapped:           557912 kB
Shmem:             18176 kB
KReclaimable:     346856 kB
Slab:             319564 kB
SReclaimable:      88640 kB
SUnreclaim:       230924 kB
KernelStack:       48160 kB
ShadowCallStack:   12072 kB
PageTables:        69964 kB
NFS_Unstable:          0 kB
Bounce:                0 kB
WritebackTmp:          0 kB
CommitLimit:     8676856 kB
Committed_AS:   68546724 kB
VmallocTotal:   263061440 kB
VmallocUsed:      129980 kB
VmallocChunk:          0 kB
Percpu:             2448 kB
CmaTotal:         405504 kB
CmaFree:          231240 kB
MemTotal:        7916544 kB
MemFree:         1653984 kB
MemAvailable:    2701232 kB
Buffers:            4460 kB
Cached:          1133688 kB
SwapCached:         6688 kB
Active:          2496196 kB
Inactive:        1013192 kB
Active(anon):    2119884 kB
Inactive(anon):   274276 kB
Active(file):     376312 kB
Inactive(file):   738916 kB
Unevictable:        6380 kB
Mlocked:            5940 kB
SwapTotal:       4718584 kB
SwapFree:        3959800 kB
Dirty:               120 kB
Writeback:             0 kB
AnonPages:       2373552 kB
Mapped:           557936 kB
Shmem:             18176 kB
KReclaimable:     346808 kB
Slab:             319628 kB
SReclaimable:      88640 kB
SUnreclaim:       230988 kB
KernelStack:       48192 kB
ShadowCallStack:   12080 kB
PageTables:        70120 kB
NFS_Unstable:          0 kB
Bounce:                0 kB
WritebackTmp:          0 kB
CommitLimit:     8676856 kB
Committed_AS:   68563112 kB
VmallocTotal:   263061440 kB
VmallocUsed:      129984 kB
VmallocChunk:          0 kB
Percpu:             2448 kB
CmaTotal:         405504 kB
CmaFree:          231240 kB
MemTotal:        7916544 kB
MemFree:         1645888 kB
MemAvailable:    2693136 kB
Buffers:            4460 kB
Cached:          1133688 kB
SwapCached:         6688 kB
Active:          2503628 kB
Inactive:        1013192 kB
Active(anon):    2127316 kB
Inactive(anon):   274276 kB
Active(file):     376312 kB
Inactive(file):   738916 kB
Unevictable:        6380 kB
Mlocked:            5940 kB
SwapTotal:       4718584 kB
SwapFree:        3959800 kB
Dirty:                16 kB
Writeback:             0 kB
AnonPages:       2380988 kB
Mapped:           557936 kB
Shmem:             18176 kB
KReclaimable:     346808 kB
Slab:             319652 kB
SReclaimable:      88640 kB
SUnreclaim:       231012 kB
KernelStack:       48176 kB
ShadowCallStack:   12076 kB
PageTables:        70112 kB
NFS_Unstable:          0 kB
Bounce:                0 kB
WritebackTmp:          0 kB
CommitLimit:     8676856 kB
Committed_AS:   68563108 kB
VmallocTotal:   263061440 kB
VmallocUsed:      129996 kB
VmallocChunk:          0 kB
Percpu:             2448 kB
CmaTotal:         405504 kB
CmaFree:          231240 kB
MemTotal:        7916544 kB
MemFree:         1639396 kB
MemAvailable:    2686644 kB
Buffers:            4460 kB
Cached:          1133688 kB
SwapCached:         6688 kB
Active:          2510084 kB
Inactive:        1013196 kB
Active(anon):    2133772 kB
Inactive(anon):   274280 kB
Active(file):     376312 kB
Inactive(file):   738916 kB
Unevictable:        6380 kB
Mlocked:            5940 kB
SwapTotal:       4718584 kB
SwapFree:        3959800 kB
Dirty:                16 kB
Writeback:             0 kB
AnonPages:       2387528 kB
Mapped:           557960 kB
Shmem:             18176 kB
KReclaimable:     346808 kB
Slab:             319660 kB
SReclaimable:      88640 kB
SUnreclaim:       231020 kB
KernelStack:       48192 kB
ShadowCallStack:   12072 kB
PageTables:        70064 kB
NFS_Unstable:          0 kB
Bounce:                0 kB
WritebackTmp:          0 kB
CommitLimit:     8676856 kB
Committed_AS:   68571300 kB
VmallocTotal:   263061440 kB
VmallocUsed:      129980 kB
VmallocChunk:          0 kB
Percpu:             2448 kB
CmaTotal:         405504 kB
CmaFree:          231240 kB
MemTotal:        7916544 kB
MemFree:         1629536 kB
MemAvailable:    2676760 kB
Buffers:            4480 kB
Cached:          1133684 kB
SwapCached:         6688 kB
Active:          2518968 kB
Inactive:        1013204 kB
Active(anon):    2142656 kB
Inactive(anon):   274280 kB
Active(file):     376312 kB
Inactive(file):   738924 kB
Unevictable:        6380 kB
Mlocked:            5940 kB
SwapTotal:       4718584 kB
SwapFree:        3959800 kB
Dirty:                44 kB
Writeback:             0 kB
AnonPages:       2396316 kB
Mapped:           557952 kB
Shmem:             18176 kB
KReclaimable:     346776 kB
Slab:             319616 kB
SReclaimable:      88640 kB
SUnreclaim:       230976 kB
KernelStack:       48176 kB
ShadowCallStack:   12072 kB
PageTables:        70044 kB
NFS_Unstable:          0 kB
Bounce:                0 kB
WritebackTmp:          0 kB
CommitLimit:     8676856 kB
Committed_AS:   68571300 kB
VmallocTotal:   263061440 kB
VmallocUsed:      130016 kB
VmallocChunk:          0 kB
Percpu:             2448 kB
CmaTotal:         405504 kB
CmaFree:          231240 kB
MemTotal:        7916544 kB
MemFree:         1626764 kB
MemAvailable:    2673976 kB
Buffers:            4480 kB
Cached:          1133688 kB
SwapCached:         6688 kB
Active:          2522700 kB
Inactive:        1013216 kB
Active(anon):    2146388 kB
Inactive(anon):   274280 kB
Active(file):     376312 kB
Inactive(file):   738936 kB
Unevictable:        6380 kB
Mlocked:            5940 kB
SwapTotal:       4718584 kB
SwapFree:        3959800 kB
Dirty:               144 kB
Writeback:             0 kB
AnonPages:       2400004 kB
Mapped:           557916 kB
Shmem:             18176 kB
KReclaimable:     346752 kB
Slab:             319564 kB
SReclaimable:      88640 kB
SUnreclaim:       230924 kB
KernelStack:       48192 kB
ShadowCallStack:   12072 kB
PageTables:        70124 kB
NFS_Unstable:          0 kB
Bounce:                0 kB
WritebackTmp:          0 kB
CommitLimit:     8676856 kB
Committed_AS:   68571300 kB
VmallocTotal:   263061440 kB
VmallocUsed:      130004 kB
VmallocChunk:          0 kB
Percpu:             2448 kB
CmaTotal:         405504 kB
CmaFree:          231240 kB
MemTotal:        7916544 kB
MemFree:         1622008 kB
MemAvailable:    2669220 kB
Buffers:            4480 kB
Cached:          1133688 kB
SwapCached:         6688 kB
Active:          2525892 kB
Inactive:        1013216 kB
Active(anon):    2149580 kB
Inactive(anon):   274280 kB
Active(file):     376312 kB
Inactive(file):   738936 kB
Unevictable:        6380 kB
Mlocked:            5940 kB
SwapTotal:       4718584 kB
SwapFree:        3959800 kB
Dirty:               160 kB
Writeback:             0 kB
AnonPages:       2403268 kB
Mapped:           558020 kB
Shmem:             18176 kB
KReclaimable:     346752 kB
Slab:             319680 kB
SReclaimable:      88640 kB
SUnreclaim:       231040 kB
KernelStack:       48176 kB
ShadowCallStack:   12068 kB
PageTables:        70088 kB
NFS_Unstable:          0 kB
Bounce:                0 kB
WritebackTmp:          0 kB
CommitLimit:     8676856 kB
Committed_AS:   68571300 kB
VmallocTotal:   263061440 kB
VmallocUsed:      130000 kB
VmallocChunk:          0 kB
Percpu:             2448 kB
CmaTotal:         405504 kB
CmaFree:          231240 kB
MemTotal:        7916544 kB
MemFree:         1615928 kB
MemAvailable:    2664604 kB
Buffers:            4480 kB
Cached:          1135156 kB
SwapCached:         6688 kB
Active:          2533256 kB
Inactive:        1013228 kB
Active(anon):    2155496 kB
Inactive(anon):   274276 kB
Active(file):     377760 kB
Inactive(file):   738952 kB
Unevictable:        6380 kB
Mlocked:            5940 kB
SwapTotal:       4718584 kB
SwapFree:        3959800 kB
Dirty:               160 kB
Writeback:             0 kB
AnonPages:       2409124 kB
Mapped:           557692 kB
Shmem:             18180 kB
KReclaimable:     346752 kB
Slab:             319880 kB
SReclaimable:      88640 kB
SUnreclaim:       231240 kB
KernelStack:       48272 kB
ShadowCallStack:   12092 kB
PageTables:        70192 kB
NFS_Unstable:          0 kB
Bounce:                0 kB
WritebackTmp:          0 kB
CommitLimit:     8676856 kB
Committed_AS:   68587996 kB
VmallocTotal:   263061440 kB
VmallocUsed:      130064 kB
VmallocChunk:          0 kB
Percpu:             2448 kB
CmaTotal:         405504 kB
CmaFree:          231240 kB
MemTotal:        7916544 kB
MemFree:         1605428 kB
MemAvailable:    2660944 kB
Buffers:            4480 kB
Cached:          1141996 kB
SwapCached:         6688 kB
Active:          2543820 kB
Inactive:        1013228 kB
Active(anon):    2159220 kB
Inactive(anon):   274276 kB
Active(file):     384600 kB
Inactive(file):   738952 kB
Unevictable:        6380 kB
Mlocked:            5940 kB
SwapTotal:       4718584 kB
SwapFree:        3959800 kB
Dirty:               164 kB
Writeback:             0 kB
AnonPages:       2412852 kB
Mapped:           558556 kB
Shmem:             18180 kB
KReclaimable:     346752 kB
Slab:             319736 kB
SReclaimable:      88640 kB
SUnreclaim:       231096 kB
KernelStack:       48240 kB
ShadowCallStack:   12092 kB
PageTables:        70076 kB
NFS_Unstable:          0 kB
Bounce:                0 kB
WritebackTmp:          0 kB
CommitLimit:     8676856 kB
Committed_AS:   68604380 kB
VmallocTotal:   263061440 kB
VmallocUsed:      130060 kB
VmallocChunk:          0 kB
Percpu:             2448 kB
CmaTotal:         405504 kB
CmaFree:          231240 kB
MemTotal:        7916544 kB
MemFree:         1596816 kB
MemAvailable:    2652340 kB
Buffers:            4488 kB
Cached:          1141996 kB
SwapCached:         6688 kB
Active:          2551076 kB
Inactive:        1013236 kB
Active(anon):    2166476 kB
Inactive(anon):   274276 kB
Active(file):     384600 kB
Inactive(file):   738960 kB
Unevictable:        6380 kB
Mlocked:            5940 kB
SwapTotal:       4718584 kB
SwapFree:        3959800 kB
Dirty:               220 kB
Writeback:             0 kB
AnonPages:       2420032 kB
Mapped:           558628 kB
Shmem:             18180 kB
KReclaimable:     346752 kB
Slab:             319704 kB
SReclaimable:      88640 kB
SUnreclaim:       231064 kB
KernelStack:       48240 kB
ShadowCallStack:   12084 kB
PageTables:        70084 kB
NFS_Unstable:          0 kB
Bounce:                0 kB
WritebackTmp:          0 kB
CommitLimit:     8676856 kB
Committed_AS:   68604380 kB
VmallocTotal:   263061440 kB
VmallocUsed:      130096 kB
VmallocChunk:          0 kB
Percpu:             2448 kB
CmaTotal:         405504 kB
CmaFree:          231240 kB
MemTotal:        7916544 kB
MemFree:         1594536 kB
MemAvailable:    2650432 kB
Buffers:            4488 kB
Cached:          1142368 kB
SwapCached:         6688 kB
Active:          2553616 kB
Inactive:        1013236 kB
Active(anon):    2168644 kB
Inactive(anon):   274276 kB
Active(file):     384972 kB
Inactive(file):   738960 kB
Unevictable:        6380 kB
Mlocked:            5940 kB
SwapTotal:       4718584 kB
SwapFree:        3959800 kB
Dirty:               120 kB
Writeback:             0 kB
AnonPages:       2422268 kB
Mapped:           558696 kB
Shmem:             18180 kB
KReclaimable:     346752 kB
Slab:             319644 kB
SReclaimable:      88640 kB
SUnreclaim:       231004 kB
KernelStack:       48256 kB
ShadowCallStack:   12092 kB
PageTables:        70092 kB
NFS_Unstable:          0 kB
Bounce:                0 kB
WritebackTmp:          0 kB
CommitLimit:     8676856 kB
Committed_AS:   68604380 kB
VmallocTotal:   263061440 kB
VmallocUsed:      130096 kB
VmallocChunk:          0 kB
Percpu:             2448 kB
CmaTotal:         405504 kB
CmaFree:          231240 kB
MemTotal:        7916544 kB
MemFree:         1590012 kB
MemAvailable:    2645908 kB
Buffers:            4488 kB
Cached:          1142368 kB
SwapCached:         6688 kB
Active:          2559040 kB
Inactive:        1013240 kB
Active(anon):    2174068 kB
Inactive(anon):   274280 kB
Active(file):     384972 kB
Inactive(file):   738960 kB
Unevictable:        6380 kB
Mlocked:            5940 kB
SwapTotal:       4718584 kB
SwapFree:        3959800 kB
Dirty:               124 kB
Writeback:             0 kB
AnonPages:       2427908 kB
Mapped:           558736 kB
Shmem:             18180 kB
KReclaimable:     346752 kB
Slab:             319836 kB
SReclaimable:      88640 kB
SUnreclaim:       231196 kB
KernelStack:       48256 kB
ShadowCallStack:   12096 kB
PageTables:        70136 kB
NFS_Unstable:          0 kB
Bounce:                0 kB
WritebackTmp:          0 kB
CommitLimit:     8676856 kB
Committed_AS:   68604384 kB
VmallocTotal:   263061440 kB
VmallocUsed:      130092 kB
VmallocChunk:          0 kB
Percpu:             2448 kB
CmaTotal:         405504 kB
CmaFree:          231240 kB
MemTotal:        7916544 kB
MemFree:         1585696 kB
MemAvailable:    2641592 kB
Buffers:            4488 kB
Cached:          1142368 kB
SwapCached:         6688 kB
Active:          2563004 kB
Inactive:        1013236 kB
Active(anon):    2178032 kB
Inactive(anon):   274276 kB
Active(file):     384972 kB
Inactive(file):   738960 kB
Unevictable:        6380 kB
Mlocked:            5940 kB
SwapTotal:       4718584 kB
SwapFree:        3959800 kB
Dirty:               140 kB
Writeback:             0 kB
AnonPages:       2431688 kB
Mapped:           558696 kB
Shmem:             18180 kB
KReclaimable:     346752 kB
Slab:             319756 kB
SReclaimable:      88640 kB
SUnreclaim:       231116 kB
KernelStack:       48272 kB
ShadowCallStack:   12100 kB
PageTables:        70240 kB
NFS_Unstable:          0 kB
Bounce:                0 kB
WritebackTmp:          0 kB
CommitLimit:     8676856 kB
Committed_AS:   68604380 kB
VmallocTotal:   263061440 kB
VmallocUsed:      130096 kB
VmallocChunk:          0 kB
Percpu:             2448 kB
CmaTotal:         405504 kB
CmaFree:          231240 kB
MemTotal:        7916544 kB
MemFree:         1582628 kB
MemAvailable:    2638480 kB
Buffers:            4488 kB
Cached:          1142368 kB
SwapCached:         6688 kB
Active:          2566676 kB
Inactive:        1013240 kB
Active(anon):    2181704 kB
Inactive(anon):   274280 kB
Active(file):     384972 kB
Inactive(file):   738960 kB
Unevictable:        6380 kB
Mlocked:            5940 kB
SwapTotal:       4718584 kB
SwapFree:        3959800 kB
Dirty:               164 kB
Writeback:             0 kB
AnonPages:       2435340 kB
Mapped:           558772 kB
Shmem:             18180 kB
KReclaimable:     346708 kB
Slab:             319580 kB
SReclaimable:      88596 kB
SUnreclaim:       230984 kB
KernelStack:       48272 kB
ShadowCallStack:   12092 kB
PageTables:        70184 kB
NFS_Unstable:          0 kB
Bounce:                0 kB
WritebackTmp:          0 kB
CommitLimit:     8676856 kB
Committed_AS:   68604384 kB
VmallocTotal:   263061440 kB
VmallocUsed:      130096 kB
VmallocChunk:          0 kB
Percpu:             2448 kB
CmaTotal:         405504 kB
CmaFree:          231240 kB
MemTotal:        7916544 kB
MemFree:         1572800 kB
MemAvailable:    2628660 kB
Buffers:            4496 kB
Cached:          1142368 kB
SwapCached:         6688 kB
Active:          2577104 kB
Inactive:        1013248 kB
Active(anon):    2192132 kB
Inactive(anon):   274280 kB
Active(file):     384972 kB
Inactive(file):   738968 kB
Unevictable:        6380 kB
Mlocked:            5940 kB
SwapTotal:       4718584 kB
SwapFree:        3959800 kB
Dirty:               180 kB
Writeback:             0 kB
AnonPages:       2445852 kB
Mapped:           558700 kB
Shmem:             18180 kB
KReclaimable:     346708 kB
Slab:             319652 kB
SReclaimable:      88596 kB
SUnreclaim:       231056 kB
KernelStack:       48256 kB
ShadowCallStack:   12088 kB
PageTables:        70164 kB
NFS_Unstable:          0 kB
Bounce:                0 kB
WritebackTmp:          0 kB
CommitLimit:     8676856 kB
Committed_AS:   68620308 kB
VmallocTotal:   263061440 kB
VmallocUsed:      130096 kB
VmallocChunk:          0 kB
Percpu:             2448 kB
CmaTotal:         405504 kB
CmaFree:          231240 kB
MemTotal:        7916544 kB
MemFree:         1570524 kB
MemAvailable:    2626384 kB
Buffers:            4496 kB
Cached:          1142368 kB
SwapCached:         6688 kB
Active:          2578964 kB
Inactive:        1013248 kB
Active(anon):    2193992 kB
Inactive(anon):   274280 kB
Active(file):     384972 kB
Inactive(file):   738968 kB
Unevictable:        6380 kB
Mlocked:            5940 kB
SwapTotal:       4718584 kB
SwapFree:        3959800 kB
Dirty:                80 kB
Writeback:             0 kB
AnonPages:       2447616 kB
Mapped:           558820 kB
Shmem:             18180 kB
KReclaimable:     346708 kB
Slab:             319672 kB
SReclaimable:      88596 kB
SUnreclaim:       231076 kB
KernelStack:       48272 kB
ShadowCallStack:   12092 kB
PageTables:        70168 kB
NFS_Unstable:          0 kB
Bounce:                0 kB
WritebackTmp:          0 kB
CommitLimit:     8676856 kB
Committed_AS:   68620312 kB
VmallocTotal:   263061440 kB
VmallocUsed:      130060 kB
VmallocChunk:          0 kB
Percpu:             2448 kB
CmaTotal:         405504 kB
CmaFree:          231240 kB
MemTotal:        7916544 kB
MemFree:         1566996 kB
MemAvailable:    2622856 kB
Buffers:            4496 kB
Cached:          1142368 kB
SwapCached:         6688 kB
Active:          2581640 kB
Inactive:        1013244 kB
Active(anon):    2196668 kB
Inactive(anon):   274276 kB
Active(file):     384972 kB
Inactive(file):   738968 kB
Unevictable:        6380 kB
Mlocked:            5940 kB
SwapTotal:       4718584 kB
SwapFree:        3959800 kB
Dirty:                80 kB
Writeback:             0 kB
AnonPages:       2450312 kB
Mapped:           558756 kB
Shmem:             18180 kB
KReclaimable:     346708 kB
Slab:             319740 kB
SReclaimable:      88596 kB
SUnreclaim:       231144 kB
KernelStack:       48272 kB
ShadowCallStack:   12100 kB
PageTables:        70264 kB
NFS_Unstable:          0 kB
Bounce:                0 kB
WritebackTmp:          0 kB
CommitLimit:     8676856 kB
Committed_AS:   68620352 kB
VmallocTotal:   263061440 kB
VmallocUsed:      130116 kB
VmallocChunk:          0 kB
Percpu:             2448 kB
CmaTotal:         405504 kB
CmaFree:          231240 kB
MemTotal:        7916544 kB
MemFree:         1563456 kB
MemAvailable:    2619316 kB
Buffers:            4496 kB
Cached:          1142368 kB
SwapCached:         6688 kB
Active:          2585832 kB
Inactive:        1013248 kB
Active(anon):    2200860 kB
Inactive(anon):   274280 kB
Active(file):     384972 kB
Inactive(file):   738968 kB
Unevictable:        6380 kB
Mlocked:            5940 kB
SwapTotal:       4718584 kB
SwapFree:        3959800 kB
Dirty:                80 kB
Writeback:             0 kB
AnonPages:       2454576 kB
Mapped:           558836 kB
Shmem:             18180 kB
KReclaimable:     346708 kB
Slab:             319636 kB
SReclaimable:      88596 kB
SUnreclaim:       231040 kB
KernelStack:       48304 kB
ShadowCallStack:   12100 kB
PageTables:        70212 kB
NFS_Unstable:          0 kB
Bounce:                0 kB
WritebackTmp:          0 kB
CommitLimit:     8676856 kB
Committed_AS:   68636692 kB
VmallocTotal:   263061440 kB
VmallocUsed:      130116 kB
VmallocChunk:          0 kB
Percpu:             2448 kB
CmaTotal:         405504 kB
CmaFree:          231240 kB
MemTotal:        7916544 kB
MemFree:         1558544 kB
MemAvailable:    2614404 kB
Buffers:            4496 kB
Cached:          1142368 kB
SwapCached:         6688 kB
Active:          2590224 kB
Inactive:        1013244 kB
Active(anon):    2205252 kB
Inactive(anon):   274276 kB
Active(file):     384972 kB
Inactive(file):   738968 kB
Unevictable:        6380 kB
Mlocked:            5940 kB
SwapTotal:       4718584 kB
SwapFree:        3959800 kB
Dirty:                80 kB
Writeback:             0 kB
AnonPages:       2458876 kB
Mapped:           558744 kB
Shmem:             18180 kB
KReclaimable:     346708 kB
Slab:             319684 kB
SReclaimable:      88596 kB
SUnreclaim:       231088 kB
KernelStack:       48288 kB
ShadowCallStack:   12092 kB
PageTables:        70276 kB
NFS_Unstable:          0 kB
Bounce:                0 kB
WritebackTmp:          0 kB
CommitLimit:     8676856 kB
Committed_AS:   68636692 kB
VmallocTotal:   263061440 kB
VmallocUsed:      130096 kB
VmallocChunk:          0 kB
Percpu:             2448 kB
CmaTotal:         405504 kB
CmaFree:          231240 kB
MemTotal:        7916544 kB
MemFree:         1554856 kB
MemAvailable:    2610716 kB
Buffers:            4496 kB
Cached:          1142368 kB
SwapCached:         6688 kB
Active:          2595272 kB
Inactive:        1013244 kB
Active(anon):    2210300 kB
Inactive(anon):   274276 kB
Active(file):     384972 kB
Inactive(file):   738968 kB
Unevictable:        6380 kB
Mlocked:            5940 kB
SwapTotal:       4718584 kB
SwapFree:        3959800 kB
Dirty:               248 kB
Writeback:             0 kB
AnonPages:       2464040 kB
Mapped:           558756 kB
Shmem:             18180 kB
KReclaimable:     346708 kB
Slab:             319640 kB
SReclaimable:      88596 kB
SUnreclaim:       231044 kB
KernelStack:       48272 kB
ShadowCallStack:   12092 kB
PageTables:        70296 kB
NFS_Unstable:          0 kB
Bounce:                0 kB
WritebackTmp:          0 kB
CommitLimit:     8676856 kB
Committed_AS:   68636692 kB
VmallocTotal:   263061440 kB
VmallocUsed:      130096 kB
VmallocChunk:          0 kB
Percpu:             2448 kB
CmaTotal:         405504 kB
CmaFree:          231240 kB
MemTotal:        7916544 kB
MemFree:         1545532 kB
MemAvailable:    2602660 kB
Buffers:            4508 kB
Cached:          1143624 kB
SwapCached:         6688 kB
Active:          2603060 kB
Inactive:        1013256 kB
Active(anon):    2216832 kB
Inactive(anon):   274276 kB
Active(file):     386228 kB
Inactive(file):   738980 kB
Unevictable:        6380 kB
Mlocked:            5940 kB
SwapTotal:       4718584 kB
SwapFree:        3959800 kB
Dirty:               252 kB
Writeback:             0 kB
AnonPages:       2470496 kB
