MemTotal:        7916544 kB
MemFree:         3182144 kB
MemAvailable:    4747408 kB
Buffers:            3660 kB
Cached:          1303892 kB
SwapCached:         6680 kB
Active:           681172 kB
Inactive:        1327024 kB
Active(anon):     459688 kB
Inactive(anon):   263596 kB
Active(file):     221484 kB
Inactive(file):  1063428 kB
Unevictable:        6372 kB
Mlocked:            5932 kB
SwapTotal:       4718584 kB
SwapFree:        3951352 kB
Dirty:             17548 kB
Writeback:             0 kB
AnonPages:        703168 kB
Mapped:           494668 kB
Shmem:             17388 kB
KReclaimable:     686948 kB
Slab:             316604 kB
SReclaimable:      87324 kB
SUnreclaim:       229280 kB
KernelStack:       49728 kB
ShadowCallStack:   12452 kB
PageTables:        65064 kB
NFS_Unstable:          0 kB
Bounce:                0 kB
WritebackTmp:          0 kB
CommitLimit:     8676856 kB
Committed_AS:   66217660 kB
VmallocTotal:   263061440 kB
VmallocUsed:      131908 kB
VmallocChunk:          0 kB
Percpu:             2448 kB
CmaTotal:         405504 kB
CmaFree:          244168 kB
MemTotal:        7916544 kB
MemFree:         3144568 kB
MemAvailable:    4464572 kB
Buffers:            3724 kB
Cached:          1304268 kB
SwapCached:         6680 kB
Active:           715644 kB
Inactive:        1326648 kB
Active(anon):     493896 kB
Inactive(anon):   262912 kB
Active(file):     221748 kB
Inactive(file):  1063736 kB
Unevictable:        6372 kB
Mlocked:            5932 kB
SwapTotal:       4718584 kB
SwapFree:        3951352 kB
Dirty:             17792 kB
Writeback:             0 kB
AnonPages:        736592 kB
Mapped:           516340 kB
Shmem:             17772 kB
KReclaimable:     441116 kB
Slab:             317292 kB
SReclaimable:      87372 kB
SUnreclaim:       229920 kB
KernelStack:       49984 kB
ShadowCallStack:   12520 kB
PageTables:        65668 kB
NFS_Unstable:          0 kB
Bounce:                0 kB
WritebackTmp:          0 kB
CommitLimit:     8676856 kB
Committed_AS:   66268216 kB
VmallocTotal:   263061440 kB
VmallocUsed:      132192 kB
VmallocChunk:          0 kB
Percpu:             2448 kB
CmaTotal:         405504 kB
CmaFree:          244160 kB
MemTotal:        7916544 kB
MemFree:         3140552 kB
MemAvailable:    4460552 kB
Buffers:            3736 kB
Cached:          1304268 kB
SwapCached:         6680 kB
Active:           720224 kB
Inactive:        1326660 kB
Active(anon):     498476 kB
Inactive(anon):   262912 kB
Active(file):     221748 kB
Inactive(file):  1063748 kB
Unevictable:        6372 kB
Mlocked:            5932 kB
SwapTotal:       4718584 kB
SwapFree:        3951352 kB
Dirty:             17796 kB
Writeback:             0 kB
AnonPages:        741168 kB
Mapped:           516924 kB
Shmem:             17772 kB
KReclaimable:     441100 kB
Slab:             317588 kB
SReclaimable:      87388 kB
SUnreclaim:       230200 kB
KernelStack:       50000 kB
ShadowCallStack:   12524 kB
PageTables:        65760 kB
NFS_Unstable:          0 kB
Bounce:                0 kB
WritebackTmp:          0 kB
CommitLimit:     8676856 kB
Committed_AS:   66268216 kB
VmallocTotal:   263061440 kB
VmallocUsed:      132232 kB
VmallocChunk:          0 kB
Percpu:             2448 kB
CmaTotal:         405504 kB
CmaFree:          244160 kB
MemTotal:        7916544 kB
MemFree:         3137968 kB
MemAvailable:    4457208 kB
Buffers:            3736 kB
Cached:          1304284 kB
SwapCached:         6680 kB
Active:           723200 kB
Inactive:        1326668 kB
Active(anon):     501452 kB
Inactive(anon):   262912 kB
Active(file):     221748 kB
Inactive(file):  1063756 kB
Unevictable:        6372 kB
Mlocked:            5932 kB
SwapTotal:       4718584 kB
SwapFree:        3951352 kB
Dirty:             17820 kB
Writeback:             0 kB
AnonPages:        744068 kB
Mapped:           517516 kB
Shmem:             17780 kB
KReclaimable:     440332 kB
Slab:             317516 kB
SReclaimable:      87388 kB
SUnreclaim:       230128 kB
KernelStack:       50016 kB
ShadowCallStack:   12520 kB
PageTables:        65596 kB
NFS_Unstable:          0 kB
Bounce:                0 kB
WritebackTmp:          0 kB
CommitLimit:     8676856 kB
Committed_AS:   66268224 kB
VmallocTotal:   263061440 kB
VmallocUsed:      132256 kB
VmallocChunk:          0 kB
Percpu:             2448 kB
CmaTotal:         405504 kB
CmaFree:          244160 kB
MemTotal:        7916544 kB
MemFree:         3135192 kB
MemAvailable:    4454432 kB
Buffers:            3736 kB
Cached:          1304292 kB
SwapCached:         6680 kB
Active:           724944 kB
Inactive:        1326668 kB
Active(anon):     503196 kB
Inactive(anon):   262912 kB
Active(file):     221748 kB
Inactive(file):  1063756 kB
Unevictable:        6372 kB
Mlocked:            5932 kB
SwapTotal:       4718584 kB
SwapFree:        3951352 kB
Dirty:             17824 kB
Writeback:             0 kB
AnonPages:        745976 kB
Mapped:           517984 kB
Shmem:             17788 kB
KReclaimable:     440332 kB
Slab:             317664 kB
SReclaimable:      87388 kB
SUnreclaim:       230276 kB
KernelStack:       50016 kB
ShadowCallStack:   12524 kB
PageTables:        65740 kB
NFS_Unstable:          0 kB
Bounce:                0 kB
WritebackTmp:          0 kB
CommitLimit:     8676856 kB
Committed_AS:   66268232 kB
VmallocTotal:   263061440 kB
VmallocUsed:      132288 kB
VmallocChunk:          0 kB
Percpu:             2448 kB
CmaTotal:         405504 kB
CmaFree:          244160 kB
MemTotal:        7916544 kB
MemFree:         3129888 kB
MemAvailable:    4449096 kB
Buffers:            3736 kB
Cached:          1304292 kB
SwapCached:         6680 kB
Active:           730264 kB
Inactive:        1326384 kB
Active(anon):     508516 kB
Inactive(anon):   262628 kB
Active(file):     221748 kB
Inactive(file):  1063756 kB
Unevictable:        6372 kB
Mlocked:            5932 kB
SwapTotal:       4718584 kB
SwapFree:        3951608 kB
Dirty:             17852 kB
Writeback:             0 kB
AnonPages:        750900 kB
Mapped:           519192 kB
Shmem:             17788 kB
KReclaimable:     440300 kB
Slab:             317612 kB
SReclaimable:      87404 kB
SUnreclaim:       230208 kB
KernelStack:       49968 kB
ShadowCallStack:   12524 kB
PageTables:        65668 kB
NFS_Unstable:          0 kB
Bounce:                0 kB
WritebackTmp:          0 kB
CommitLimit:     8676856 kB
Committed_AS:   66268228 kB
VmallocTotal:   263061440 kB
VmallocUsed:      132244 kB
VmallocChunk:          0 kB
Percpu:             2448 kB
CmaTotal:         405504 kB
CmaFree:          244152 kB
MemTotal:        7916544 kB
MemFree:         3102036 kB
MemAvailable:    4421276 kB
Buffers:            3736 kB
Cached:          1304292 kB
SwapCached:         6680 kB
Active:           758744 kB
Inactive:        1326336 kB
Active(anon):     536996 kB
Inactive(anon):   262580 kB
Active(file):     221748 kB
Inactive(file):  1063756 kB
Unevictable:        6372 kB
Mlocked:            5932 kB
SwapTotal:       4718584 kB
SwapFree:        3951608 kB
Dirty:             17868 kB
Writeback:             0 kB
AnonPages:        779180 kB
Mapped:           519428 kB
Shmem:             17788 kB
KReclaimable:     440332 kB
Slab:             317476 kB
SReclaimable:      87436 kB
SUnreclaim:       230040 kB
KernelStack:       50000 kB
ShadowCallStack:   12524 kB
PageTables:        65740 kB
NFS_Unstable:          0 kB
Bounce:                0 kB
WritebackTmp:          0 kB
CommitLimit:     8676856 kB
Committed_AS:   66296684 kB
VmallocTotal:   263061440 kB
VmallocUsed:      132232 kB
VmallocChunk:          0 kB
Percpu:             2448 kB
CmaTotal:         405504 kB
CmaFree:          244160 kB
MemTotal:        7916544 kB
MemFree:         2912552 kB
MemAvailable:    4164844 kB
Buffers:            3748 kB
Cached:          1304296 kB
SwapCached:         6680 kB
Active:           946884 kB
Inactive:        1326352 kB
Active(anon):     725136 kB
Inactive(anon):   262580 kB
Active(file):     221748 kB
Inactive(file):  1063772 kB
Unevictable:        6372 kB
Mlocked:            5932 kB
SwapTotal:       4718584 kB
SwapFree:        3951608 kB
Dirty:             17888 kB
Writeback:             0 kB
AnonPages:        967624 kB
Mapped:           601892 kB
Shmem:             17788 kB
KReclaimable:     373368 kB
Slab:             317772 kB
SReclaimable:      87452 kB
SUnreclaim:       230320 kB
KernelStack:       50032 kB
ShadowCallStack:   12524 kB
PageTables:        66288 kB
NFS_Unstable:          0 kB
Bounce:                0 kB
WritebackTmp:          0 kB
CommitLimit:     8676856 kB
Committed_AS:   66616316 kB
VmallocTotal:   263061440 kB
VmallocUsed:      132404 kB
VmallocChunk:          0 kB
Percpu:             2448 kB
CmaTotal:         405504 kB
CmaFree:          244160 kB
MemTotal:        7916544 kB
MemFree:         2885136 kB
MemAvailable:    4117924 kB
Buffers:            3748 kB
Cached:          1304320 kB
SwapCached:         6680 kB
Active:           974232 kB
Inactive:        1326376 kB
Active(anon):     752484 kB
Inactive(anon):   262580 kB
Active(file):     221748 kB
Inactive(file):  1063796 kB
Unevictable:        6372 kB
Mlocked:            5932 kB
SwapTotal:       4718584 kB
SwapFree:        3951608 kB
Dirty:             17896 kB
Writeback:             0 kB
AnonPages:        994884 kB
Mapped:           599116 kB
Shmem:             17788 kB
KReclaimable:     353840 kB
Slab:             317932 kB
SReclaimable:      87452 kB
SUnreclaim:       230480 kB
KernelStack:       50000 kB
ShadowCallStack:   12524 kB
PageTables:        66636 kB
NFS_Unstable:          0 kB
Bounce:                0 kB
WritebackTmp:          0 kB
CommitLimit:     8676856 kB
Committed_AS:   66681388 kB
VmallocTotal:   263061440 kB
VmallocUsed:      132300 kB
VmallocChunk:          0 kB
Percpu:             2448 kB
CmaTotal:         405504 kB
CmaFree:          244160 kB
MemTotal:        7916544 kB
MemFree:         2780504 kB
MemAvailable:    3994184 kB
Buffers:            3748 kB
Cached:          1304416 kB
SwapCached:         6680 kB
Active:          1077608 kB
Inactive:        1326468 kB
Active(anon):     855860 kB
Inactive(anon):   262580 kB
Active(file):     221748 kB
Inactive(file):  1063888 kB
Unevictable:        6372 kB
Mlocked:            5932 kB
SwapTotal:       4718584 kB
SwapFree:        3951608 kB
Dirty:             17948 kB
Writeback:             0 kB
AnonPages:       1098152 kB
Mapped:           618128 kB
Shmem:             17792 kB
KReclaimable:     334640 kB
Slab:             318024 kB
SReclaimable:      87468 kB
SUnreclaim:       230556 kB
KernelStack:       50032 kB
ShadowCallStack:   12540 kB
PageTables:        67088 kB
NFS_Unstable:          0 kB
Bounce:                0 kB
WritebackTmp:          0 kB
CommitLimit:     8676856 kB
Committed_AS:   66943536 kB
VmallocTotal:   263061440 kB
VmallocUsed:      132352 kB
VmallocChunk:          0 kB
Percpu:             2448 kB
CmaTotal:         405504 kB
CmaFree:          244160 kB
MemTotal:        7916544 kB
MemFree:         2632580 kB
MemAvailable:    3844740 kB
Buffers:            3748 kB
Cached:          1304416 kB
SwapCached:         6680 kB
Active:          1225504 kB
Inactive:        1326468 kB
Active(anon):    1003756 kB
Inactive(anon):   262580 kB
Active(file):     221748 kB
Inactive(file):  1063888 kB
Unevictable:        6372 kB
Mlocked:            5932 kB
SwapTotal:       4718584 kB
SwapFree:        3951608 kB
Dirty:             17980 kB
Writeback:             0 kB
AnonPages:       1246400 kB
Mapped:           619020 kB
Shmem:             17792 kB
KReclaimable:     333120 kB
Slab:             318032 kB
SReclaimable:      87468 kB
SUnreclaim:       230564 kB
KernelStack:       50064 kB
ShadowCallStack:   12544 kB
PageTables:        67672 kB
NFS_Unstable:          0 kB
Bounce:                0 kB
WritebackTmp:          0 kB
CommitLimit:     8676856 kB
Committed_AS:   67222064 kB
VmallocTotal:   263061440 kB
VmallocUsed:      132336 kB
VmallocChunk:          0 kB
Percpu:             2448 kB
CmaTotal:         405504 kB
CmaFree:          244160 kB
MemTotal:        7916544 kB
MemFree:         2505740 kB
MemAvailable:    3709284 kB
Buffers:            3748 kB
Cached:          1305336 kB
SwapCached:         6680 kB
Active:          1353388 kB
Inactive:        1326468 kB
Active(anon):    1130724 kB
Inactive(anon):   262580 kB
Active(file):     222664 kB
Inactive(file):  1063888 kB
Unevictable:        6372 kB
Mlocked:            5932 kB
SwapTotal:       4718584 kB
SwapFree:        3951608 kB
Dirty:             18052 kB
Writeback:             0 kB
AnonPages:       1373072 kB
Mapped:           619804 kB
Shmem:             17796 kB
KReclaimable:     323588 kB
Slab:             318176 kB
SReclaimable:      87468 kB
SUnreclaim:       230708 kB
KernelStack:       50032 kB
ShadowCallStack:   12532 kB
PageTables:        68140 kB
NFS_Unstable:          0 kB
Bounce:                0 kB
WritebackTmp:          0 kB
CommitLimit:     8676856 kB
Committed_AS:   67484216 kB
VmallocTotal:   263061440 kB
VmallocUsed:      132364 kB
VmallocChunk:          0 kB
Percpu:             2448 kB
CmaTotal:         405504 kB
CmaFree:          244160 kB
MemTotal:        7916544 kB
MemFree:         2380592 kB
MemAvailable:    3583076 kB
Buffers:            3756 kB
Cached:          1305356 kB
SwapCached:         6680 kB
Active:          1478164 kB
Inactive:        1326496 kB
Active(anon):    1255500 kB
Inactive(anon):   262580 kB
Active(file):     222664 kB
Inactive(file):  1063916 kB
Unevictable:        6372 kB
Mlocked:            5932 kB
SwapTotal:       4718584 kB
SwapFree:        3951608 kB
Dirty:             18072 kB
Writeback:             0 kB
AnonPages:       1497844 kB
Mapped:           620628 kB
Shmem:             17796 kB
KReclaimable:     322500 kB
Slab:             318240 kB
SReclaimable:      87468 kB
SUnreclaim:       230772 kB
KernelStack:       49824 kB
ShadowCallStack:   12476 kB
PageTables:        68576 kB
NFS_Unstable:          0 kB
Bounce:                0 kB
WritebackTmp:          0 kB
CommitLimit:     8676856 kB
Committed_AS:   67713544 kB
VmallocTotal:   263061440 kB
VmallocUsed:      132144 kB
VmallocChunk:          0 kB
Percpu:             2448 kB
CmaTotal:         405504 kB
CmaFree:          244160 kB
MemTotal:        7916544 kB
MemFree:         2307504 kB
MemAvailable:    3509572 kB
Buffers:            3756 kB
Cached:          1305360 kB
SwapCached:         6680 kB
Active:          1551512 kB
Inactive:        1326492 kB
Active(anon):    1328848 kB
Inactive(anon):   262576 kB
Active(file):     222664 kB
Inactive(file):  1063916 kB
Unevictable:        6372 kB
Mlocked:            5932 kB
SwapTotal:       4718584 kB
SwapFree:        3951608 kB
Dirty:             18072 kB
Writeback:             0 kB
AnonPages:       1571176 kB
Mapped:           621024 kB
Shmem:             17800 kB
KReclaimable:     322084 kB
Slab:             318280 kB
SReclaimable:      87468 kB
SUnreclaim:       230812 kB
KernelStack:       49792 kB
ShadowCallStack:   12456 kB
PageTables:        68628 kB
NFS_Unstable:          0 kB
Bounce:                0 kB
WritebackTmp:          0 kB
CommitLimit:     8676856 kB
Committed_AS:   67779084 kB
VmallocTotal:   263061440 kB
VmallocUsed:      132128 kB
VmallocChunk:          0 kB
Percpu:             2448 kB
CmaTotal:         405504 kB
CmaFree:          244160 kB
MemTotal:        7916544 kB
MemFree:         2231572 kB
MemAvailable:    3433440 kB
Buffers:            3756 kB
Cached:          1305360 kB
SwapCached:         6680 kB
Active:          1626572 kB
Inactive:        1326492 kB
Active(anon):    1403908 kB
Inactive(anon):   262576 kB
Active(file):     222664 kB
Inactive(file):  1063916 kB
Unevictable:        6372 kB
Mlocked:            5932 kB
SwapTotal:       4718584 kB
SwapFree:        3951608 kB
Dirty:             18072 kB
Writeback:             0 kB
AnonPages:       1646408 kB
Mapped:           621204 kB
Shmem:             17800 kB
KReclaimable:     321884 kB
Slab:             318472 kB
SReclaimable:      87500 kB
SUnreclaim:       230972 kB
KernelStack:       49840 kB
ShadowCallStack:   12480 kB
PageTables:        69040 kB
NFS_Unstable:          0 kB
Bounce:                0 kB
WritebackTmp:          0 kB
CommitLimit:     8676856 kB
Committed_AS:   67910156 kB
VmallocTotal:   263061440 kB
VmallocUsed:      132004 kB
VmallocChunk:          0 kB
Percpu:             2448 kB
CmaTotal:         405504 kB
CmaFree:          244160 kB
MemTotal:        7916544 kB
MemFree:         2168964 kB
MemAvailable:    3370456 kB
Buffers:            3756 kB
Cached:          1305360 kB
SwapCached:         6680 kB
Active:          1689496 kB
Inactive:        1326492 kB
Active(anon):    1466832 kB
Inactive(anon):   262576 kB
Active(file):     222664 kB
Inactive(file):  1063916 kB
Unevictable:        6372 kB
Mlocked:            5932 kB
SwapTotal:       4718584 kB
SwapFree:        3951608 kB
Dirty:             18072 kB
Writeback:             0 kB
AnonPages:       1709164 kB
Mapped:           621428 kB
Shmem:             17800 kB
KReclaimable:     321508 kB
Slab:             318236 kB
SReclaimable:      87500 kB
SUnreclaim:       230736 kB
KernelStack:       49808 kB
ShadowCallStack:   12468 kB
PageTables:        68904 kB
NFS_Unstable:          0 kB
Bounce:                0 kB
WritebackTmp:          0 kB
CommitLimit:     8676856 kB
Committed_AS:   67992076 kB
VmallocTotal:   263061440 kB
VmallocUsed:      132040 kB
VmallocChunk:          0 kB
Percpu:             2448 kB
CmaTotal:         405504 kB
CmaFree:          244160 kB
MemTotal:        7916544 kB
MemFree:         2108232 kB
MemAvailable:    3309588 kB
Buffers:            3756 kB
Cached:          1305360 kB
SwapCached:         6680 kB
Active:          1749224 kB
Inactive:        1326492 kB
Active(anon):    1526560 kB
Inactive(anon):   262576 kB
Active(file):     222664 kB
Inactive(file):  1063916 kB
Unevictable:        6372 kB
Mlocked:            5932 kB
SwapTotal:       4718584 kB
SwapFree:        3951608 kB
Dirty:             18072 kB
Writeback:             0 kB
AnonPages:       1768740 kB
Mapped:           621456 kB
Shmem:             17800 kB
KReclaimable:     321372 kB
Slab:             318352 kB
SReclaimable:      87500 kB
SUnreclaim:       230852 kB
KernelStack:       49792 kB
ShadowCallStack:   12472 kB
PageTables:        69168 kB
NFS_Unstable:          0 kB
Bounce:                0 kB
WritebackTmp:          0 kB
CommitLimit:     8676856 kB
Committed_AS:   68024844 kB
VmallocTotal:   263061440 kB
VmallocUsed:      132032 kB
VmallocChunk:          0 kB
Percpu:             2448 kB
CmaTotal:         405504 kB
CmaFree:          244160 kB
MemTotal:        7916544 kB
MemFree:         2071300 kB
MemAvailable:    3272664 kB
Buffers:            3772 kB
Cached:          1305356 kB
SwapCached:         6680 kB
Active:          1786944 kB
Inactive:        1326496 kB
Active(anon):    1564280 kB
Inactive(anon):   262572 kB
Active(file):     222664 kB
Inactive(file):  1063924 kB
Unevictable:        6372 kB
Mlocked:            5932 kB
SwapTotal:       4718584 kB
SwapFree:        3951608 kB
Dirty:               944 kB
Writeback:             0 kB
AnonPages:       1806832 kB
Mapped:           621472 kB
Shmem:             17804 kB
KReclaimable:     321372 kB
Slab:             318272 kB
SReclaimable:      87500 kB
SUnreclaim:       230772 kB
KernelStack:       49760 kB
ShadowCallStack:   12476 kB
PageTables:        69052 kB
NFS_Unstable:          0 kB
Bounce:                0 kB
WritebackTmp:          0 kB
CommitLimit:     8676856 kB
Committed_AS:   68041076 kB
VmallocTotal:   263061440 kB
VmallocUsed:      131964 kB
VmallocChunk:          0 kB
Percpu:             2448 kB
CmaTotal:         405504 kB
CmaFree:          244160 kB
MemTotal:        7916544 kB
MemFree:         2022476 kB
MemAvailable:    3223752 kB
Buffers:            3780 kB
Cached:          1305372 kB
SwapCached:         6680 kB
Active:          1835940 kB
Inactive:        1326516 kB
Active(anon):    1613276 kB
Inactive(anon):   262568 kB
Active(file):     222664 kB
Inactive(file):  1063948 kB
Unevictable:        6372 kB
Mlocked:            5932 kB
SwapTotal:       4718584 kB
SwapFree:        3951608 kB
Dirty:               840 kB
Writeback:             0 kB
AnonPages:       1855648 kB
Mapped:           621516 kB
Shmem:             17804 kB
KReclaimable:     321260 kB
Slab:             318216 kB
SReclaimable:      87388 kB
SUnreclaim:       230828 kB
KernelStack:       49744 kB
ShadowCallStack:   12460 kB
PageTables:        69192 kB
NFS_Unstable:          0 kB
Bounce:                0 kB
WritebackTmp:          0 kB
CommitLimit:     8676856 kB
Committed_AS:   68106560 kB
VmallocTotal:   263061440 kB
VmallocUsed:      131932 kB
VmallocChunk:          0 kB
Percpu:             2448 kB
CmaTotal:         405504 kB
CmaFree:          244160 kB
MemTotal:        7916544 kB
MemFree:         1970376 kB
MemAvailable:    3171652 kB
Buffers:            3780 kB
Cached:          1305372 kB
SwapCached:         6680 kB
Active:          1887760 kB
Inactive:        1326516 kB
Active(anon):    1665096 kB
Inactive(anon):   262568 kB
Active(file):     222664 kB
Inactive(file):  1063948 kB
Unevictable:        6372 kB
Mlocked:            5932 kB
SwapTotal:       4718584 kB
SwapFree:        3951608 kB
Dirty:               840 kB
Writeback:             0 kB
AnonPages:       1907440 kB
Mapped:           621440 kB
Shmem:             17804 kB
KReclaimable:     321260 kB
Slab:             318072 kB
SReclaimable:      87388 kB
SUnreclaim:       230684 kB
KernelStack:       49696 kB
ShadowCallStack:   12452 kB
PageTables:        69116 kB
NFS_Unstable:          0 kB
Bounce:                0 kB
WritebackTmp:          0 kB
CommitLimit:     8676856 kB
Committed_AS:   68172096 kB
VmallocTotal:   263061440 kB
VmallocUsed:      132068 kB
VmallocChunk:          0 kB
Percpu:             2448 kB
CmaTotal:         405504 kB
CmaFree:          244160 kB
MemTotal:        7916544 kB
MemFree:         1921560 kB
MemAvailable:    3122500 kB
Buffers:            3780 kB
Cached:          1305372 kB
SwapCached:         6680 kB
Active:          1935992 kB
Inactive:        1326516 kB
Active(anon):    1713328 kB
Inactive(anon):   262568 kB
Active(file):     222664 kB
Inactive(file):  1063948 kB
Unevictable:        6372 kB
Mlocked:            5932 kB
SwapTotal:       4718584 kB
SwapFree:        3951608 kB
Dirty:               840 kB
Writeback:             0 kB
AnonPages:       1955640 kB
Mapped:           621692 kB
Shmem:             17804 kB
KReclaimable:     320924 kB
Slab:             318164 kB
SReclaimable:      87388 kB
SUnreclaim:       230776 kB
KernelStack:       49760 kB
ShadowCallStack:   12472 kB
PageTables:        69552 kB
NFS_Unstable:          0 kB
Bounce:                0 kB
WritebackTmp:          0 kB
CommitLimit:     8676856 kB
Committed_AS:   68237676 kB
VmallocTotal:   263061440 kB
VmallocUsed:      132084 kB
VmallocChunk:          0 kB
Percpu:             2448 kB
CmaTotal:         405504 kB
CmaFree:          244160 kB
MemTotal:        7916544 kB
MemFree:         1879624 kB
MemAvailable:    3080372 kB
Buffers:            3780 kB
Cached:          1305376 kB
SwapCached:         6680 kB
Active:          1976468 kB
Inactive:        1326516 kB
Active(anon):    1753804 kB
Inactive(anon):   262568 kB
Active(file):     222664 kB
Inactive(file):  1063948 kB
Unevictable:        6372 kB
Mlocked:            5932 kB
SwapTotal:       4718584 kB
SwapFree:        3951608 kB
Dirty:               840 kB
Writeback:             0 kB
AnonPages:       1996180 kB
Mapped:           621852 kB
Shmem:             17808 kB
KReclaimable:     320732 kB
Slab:             318176 kB
SReclaimable:      87388 kB
SUnreclaim:       230788 kB
KernelStack:       49776 kB
ShadowCallStack:   12472 kB
PageTables:        69624 kB
NFS_Unstable:          0 kB
Bounce:                0 kB
WritebackTmp:          0 kB
CommitLimit:     8676856 kB
Committed_AS:   68270400 kB
VmallocTotal:   263061440 kB
VmallocUsed:      131944 kB
VmallocChunk:          0 kB
Percpu:             2448 kB
CmaTotal:         405504 kB
CmaFree:          244160 kB
MemTotal:        7916544 kB
MemFree:         1844188 kB
MemAvailable:    3044872 kB
Buffers:            3780 kB
Cached:          1305376 kB
SwapCached:         6680 kB
Active:          2013816 kB
Inactive:        1326516 kB
Active(anon):    1791152 kB
Inactive(anon):   262568 kB
Active(file):     222664 kB
Inactive(file):  1063948 kB
Unevictable:        6372 kB
Mlocked:            5932 kB
SwapTotal:       4718584 kB
SwapFree:        3951608 kB
Dirty:               680 kB
Writeback:             0 kB
AnonPages:       2033492 kB
Mapped:           622028 kB
Shmem:             17808 kB
KReclaimable:     320668 kB
Slab:             318204 kB
SReclaimable:      87388 kB
SUnreclaim:       230816 kB
KernelStack:       49696 kB
ShadowCallStack:   12448 kB
PageTables:        69564 kB
NFS_Unstable:          0 kB
Bounce:                0 kB
WritebackTmp:          0 kB
CommitLimit:     8676856 kB
Committed_AS:   68288728 kB
VmallocTotal:   263061440 kB
VmallocUsed:      131884 kB
VmallocChunk:          0 kB
Percpu:             2448 kB
CmaTotal:         405504 kB
CmaFree:          244160 kB
MemTotal:        7916544 kB
MemFree:         1813140 kB
MemAvailable:    3013816 kB
Buffers:            3780 kB
Cached:          1305376 kB
SwapCached:         6680 kB
Active:          2043916 kB
Inactive:        1326516 kB
Active(anon):    1821252 kB
Inactive(anon):   262568 kB
Active(file):     222664 kB
Inactive(file):  1063948 kB
Unevictable:        6372 kB
Mlocked:            5932 kB
SwapTotal:       4718584 kB
SwapFree:        3951608 kB
Dirty:               680 kB
Writeback:             0 kB
AnonPages:       2063604 kB
Mapped:           622016 kB
Shmem:             17808 kB
KReclaimable:     320660 kB
Slab:             318116 kB
SReclaimable:      87388 kB
SUnreclaim:       230728 kB
KernelStack:       49712 kB
ShadowCallStack:   12444 kB
PageTables:        69748 kB
NFS_Unstable:          0 kB
Bounce:                0 kB
WritebackTmp:          0 kB
CommitLimit:     8676856 kB
Committed_AS:   68305112 kB
VmallocTotal:   263061440 kB
VmallocUsed:      131904 kB
VmallocChunk:          0 kB
Percpu:             2448 kB
CmaTotal:         405504 kB
CmaFree:          244160 kB
MemTotal:        7916544 kB
MemFree:         1781660 kB
MemAvailable:    2982348 kB
Buffers:            3788 kB
Cached:          1305380 kB
SwapCached:         6680 kB
Active:          2075460 kB
Inactive:        1326528 kB
Active(anon):    1852796 kB
Inactive(anon):   262568 kB
Active(file):     222664 kB
Inactive(file):  1063960 kB
Unevictable:        6372 kB
Mlocked:            5932 kB
SwapTotal:       4718584 kB
SwapFree:        3951608 kB
Dirty:               680 kB
Writeback:             0 kB
AnonPages:       2095128 kB
Mapped:           621896 kB
Shmem:             17808 kB
KReclaimable:     320660 kB
Slab:             318260 kB
SReclaimable:      87388 kB
SUnreclaim:       230872 kB
KernelStack:       49728 kB
ShadowCallStack:   12460 kB
PageTables:        69568 kB
NFS_Unstable:          0 kB
Bounce:                0 kB
WritebackTmp:          0 kB
CommitLimit:     8676856 kB
Committed_AS:   68337880 kB
VmallocTotal:   263061440 kB
VmallocUsed:      131904 kB
VmallocChunk:          0 kB
Percpu:             2448 kB
CmaTotal:         405504 kB
CmaFree:          244160 kB
MemTotal:        7916544 kB
MemFree:         1757672 kB
MemAvailable:    2958360 kB
Buffers:            3788 kB
Cached:          1305380 kB
SwapCached:         6680 kB
Active:          2099456 kB
Inactive:        1326528 kB
Active(anon):    1876792 kB
Inactive(anon):   262568 kB
Active(file):     222664 kB
Inactive(file):  1063960 kB
Unevictable:        6372 kB
Mlocked:            5932 kB
SwapTotal:       4718584 kB
SwapFree:        3951608 kB
Dirty:               680 kB
Writeback:             0 kB
AnonPages:       2118924 kB
Mapped:           621960 kB
Shmem:             17808 kB
KReclaimable:     320660 kB
Slab:             318188 kB
SReclaimable:      87388 kB
SUnreclaim:       230800 kB
KernelStack:       49696 kB
ShadowCallStack:   12448 kB
PageTables:        69660 kB
NFS_Unstable:          0 kB
Bounce:                0 kB
WritebackTmp:          0 kB
CommitLimit:     8676856 kB
Committed_AS:   68337264 kB
VmallocTotal:   263061440 kB
VmallocUsed:      131892 kB
VmallocChunk:          0 kB
Percpu:             2448 kB
CmaTotal:         405504 kB
CmaFree:          244160 kB
MemTotal:        7916544 kB
MemFree:         1732584 kB
MemAvailable:    2933272 kB
Buffers:            3788 kB
Cached:          1305380 kB
SwapCached:         6680 kB
Active:          2124828 kB
Inactive:        1326528 kB
Active(anon):    1902164 kB
Inactive(anon):   262568 kB
Active(file):     222664 kB
Inactive(file):  1063960 kB
Unevictable:        6372 kB
Mlocked:            5932 kB
SwapTotal:       4718584 kB
SwapFree:        3951608 kB
Dirty:               680 kB
Writeback:             0 kB
AnonPages:       2144556 kB
Mapped:           622044 kB
Shmem:             17808 kB
KReclaimable:     320660 kB
Slab:             318296 kB
SReclaimable:      87388 kB
SUnreclaim:       230908 kB
KernelStack:       49744 kB
ShadowCallStack:   12452 kB
PageTables:        69760 kB
NFS_Unstable:          0 kB
Bounce:                0 kB
WritebackTmp:          0 kB
CommitLimit:     8676856 kB
Committed_AS:   68370032 kB
VmallocTotal:   263061440 kB
VmallocUsed:      131912 kB
VmallocChunk:          0 kB
Percpu:             2448 kB
CmaTotal:         405504 kB
CmaFree:          244160 kB
MemTotal:        7916544 kB
MemFree:         1708100 kB
MemAvailable:    2910464 kB
Buffers:            3788 kB
Cached:          1307056 kB
SwapCached:         6684 kB
Active:          2148640 kB
Inactive:        1326528 kB
Active(anon):    1924300 kB
Inactive(anon):   262568 kB
Active(file):     224340 kB
Inactive(file):  1063960 kB
Unevictable:        6372 kB
Mlocked:            5932 kB
SwapTotal:       4718584 kB
SwapFree:        3951608 kB
Dirty:               476 kB
Writeback:           168 kB
AnonPages:       2166632 kB
Mapped:           622136 kB
Shmem:             17808 kB
KReclaimable:     320660 kB
Slab:             318212 kB
SReclaimable:      87388 kB
SUnreclaim:       230824 kB
KernelStack:       49696 kB
ShadowCallStack:   12448 kB
PageTables:        69700 kB
NFS_Unstable:          0 kB
Bounce:                0 kB
WritebackTmp:          0 kB
CommitLimit:     8676856 kB
Committed_AS:   68370040 kB
VmallocTotal:   263061440 kB
VmallocUsed:      131960 kB
VmallocChunk:          0 kB
Percpu:             2448 kB
CmaTotal:         405504 kB
CmaFree:          244160 kB
MemTotal:        7916544 kB
MemFree:         1687004 kB
MemAvailable:    2889368 kB
Buffers:            3788 kB
Cached:          1307060 kB
SwapCached:         6684 kB
Active:          2170084 kB
Inactive:        1326528 kB
Active(anon):    1945744 kB
Inactive(anon):   262568 kB
Active(file):     224340 kB
Inactive(file):  1063960 kB
Unevictable:        6372 kB
Mlocked:            5932 kB
SwapTotal:       4718584 kB
SwapFree:        3951608 kB
Dirty:               240 kB
Writeback:             0 kB
AnonPages:       2188064 kB
Mapped:           622136 kB
Shmem:             17812 kB
KReclaimable:     320660 kB
Slab:             318268 kB
SReclaimable:      87388 kB
SUnreclaim:       230880 kB
KernelStack:       49184 kB
ShadowCallStack:   12316 kB
PageTables:        69836 kB
NFS_Unstable:          0 kB
Bounce:                0 kB
WritebackTmp:          0 kB
CommitLimit:     8676856 kB
Committed_AS:   68402804 kB
VmallocTotal:   263061440 kB
VmallocUsed:      131220 kB
VmallocChunk:          0 kB
Percpu:             2448 kB
CmaTotal:         405504 kB
CmaFree:          244160 kB
MemTotal:        7916544 kB
MemFree:         1667276 kB
MemAvailable:    2869640 kB
Buffers:            3788 kB
Cached:          1307060 kB
SwapCached:         6684 kB
Active:          2190808 kB
Inactive:        1326528 kB
Active(anon):    1966468 kB
Inactive(anon):   262568 kB
Active(file):     224340 kB
Inactive(file):  1063960 kB
Unevictable:        6372 kB
Mlocked:            5932 kB
SwapTotal:       4718584 kB
SwapFree:        3951608 kB
Dirty:               240 kB
Writeback:             0 kB
AnonPages:       2208736 kB
Mapped:           622204 kB
Shmem:             17812 kB
KReclaimable:     320660 kB
Slab:             318180 kB
SReclaimable:      87388 kB
SUnreclaim:       230792 kB
KernelStack:       49184 kB
ShadowCallStack:   12312 kB
PageTables:        69692 kB
NFS_Unstable:          0 kB
Bounce:                0 kB
WritebackTmp:          0 kB
CommitLimit:     8676856 kB
Committed_AS:   68402352 kB
VmallocTotal:   263061440 kB
VmallocUsed:      131236 kB
VmallocChunk:          0 kB
Percpu:             2448 kB
CmaTotal:         405504 kB
CmaFree:          244160 kB
MemTotal:        7916544 kB
MemFree:         1641612 kB
MemAvailable:    2843980 kB
Buffers:            3788 kB
Cached:          1307072 kB
SwapCached:         6684 kB
Active:          2215792 kB
Inactive:        1326532 kB
Active(anon):    1991452 kB
Inactive(anon):   262568 kB
Active(file):     224340 kB
Inactive(file):  1063964 kB
Unevictable:        6372 kB
Mlocked:            5932 kB
SwapTotal:       4718584 kB
SwapFree:        3951608 kB
Dirty:               256 kB
Writeback:             0 kB
AnonPages:       2233844 kB
Mapped:           622156 kB
Shmem:             17820 kB
KReclaimable:     320660 kB
Slab:             318272 kB
SReclaimable:      87388 kB
SUnreclaim:       230884 kB
KernelStack:       49184 kB
ShadowCallStack:   12316 kB
PageTables:        69780 kB
NFS_Unstable:          0 kB
Bounce:                0 kB
WritebackTmp:          0 kB
CommitLimit:     8676856 kB
Committed_AS:   68435084 kB
VmallocTotal:   263061440 kB
VmallocUsed:      131216 kB
VmallocChunk:          0 kB
Percpu:             2448 kB
CmaTotal:         405504 kB
CmaFree:          244160 kB
MemTotal:        7916544 kB
MemFree:         1619892 kB
MemAvailable:    2822988 kB
Buffers:            3796 kB
Cached:          1307788 kB
SwapCached:         6684 kB
Active:          2236924 kB
Inactive:        1326548 kB
Active(anon):    2011888 kB
Inactive(anon):   262568 kB
Active(file):     225036 kB
Inactive(file):  1063980 kB
Unevictable:        6372 kB
Mlocked:            5932 kB
SwapTotal:       4718584 kB
SwapFree:        3951608 kB
Dirty:               340 kB
Writeback:             0 kB
AnonPages:       2254164 kB
Mapped:           622236 kB
Shmem:             17832 kB
KReclaimable:     320676 kB
Slab:             318280 kB
SReclaimable:      87404 kB
SUnreclaim:       230876 kB
KernelStack:       49168 kB
ShadowCallStack:   12316 kB
PageTables:        69884 kB
NFS_Unstable:          0 kB
Bounce:                0 kB
WritebackTmp:          0 kB
CommitLimit:     8676856 kB
Committed_AS:   68435100 kB
VmallocTotal:   263061440 kB
VmallocUsed:      131232 kB
VmallocChunk:          0 kB
Percpu:             2448 kB
CmaTotal:         405504 kB
CmaFree:          244160 kB
MemTotal:        7916544 kB
MemFree:         1603244 kB
MemAvailable:    2806352 kB
Buffers:            3808 kB
Cached:          1307788 kB
SwapCached:         6684 kB
Active:          2253828 kB
Inactive:        1326560 kB
Active(anon):    2028792 kB
Inactive(anon):   262568 kB
Active(file):     225036 kB
Inactive(file):  1063992 kB
Unevictable:        6372 kB
Mlocked:            5932 kB
SwapTotal:       4718584 kB
SwapFree:        3951608 kB
Dirty:               404 kB
Writeback:             0 kB
AnonPages:       2271068 kB
Mapped:           622208 kB
Shmem:             17832 kB
KReclaimable:     320676 kB
Slab:             318156 kB
SReclaimable:      87404 kB
SUnreclaim:       230752 kB
KernelStack:       49168 kB
ShadowCallStack:   12320 kB
PageTables:        69892 kB
NFS_Unstable:          0 kB
Bounce:                0 kB
WritebackTmp:          0 kB
CommitLimit:     8676856 kB
Committed_AS:   68467864 kB
VmallocTotal:   263061440 kB
VmallocUsed:      131200 kB
VmallocChunk:          0 kB
Percpu:             2448 kB
CmaTotal:         405504 kB
CmaFree:          244160 kB
MemTotal:        7916544 kB
MemFree:         1582072 kB
MemAvailable:    2785196 kB
Buffers:            3808 kB
Cached:          1307788 kB
SwapCached:         6684 kB
Active:          2274468 kB
Inactive:        1326560 kB
Active(anon):    2049432 kB
Inactive(anon):   262568 kB
Active(file):     225036 kB
Inactive(file):  1063992 kB
Unevictable:        6372 kB
Mlocked:            5932 kB
SwapTotal:       4718584 kB
SwapFree:        3951608 kB
Dirty:               244 kB
Writeback:             0 kB
AnonPages:       2291700 kB
Mapped:           622212 kB
Shmem:             17832 kB
KReclaimable:     320692 kB
Slab:             318180 kB
SReclaimable:      87420 kB
SUnreclaim:       230760 kB
KernelStack:       49168 kB
ShadowCallStack:   12312 kB
PageTables:        70024 kB
NFS_Unstable:          0 kB
Bounce:                0 kB
WritebackTmp:          0 kB
CommitLimit:     8676856 kB
Committed_AS:   68467864 kB
VmallocTotal:   263061440 kB
VmallocUsed:      131216 kB
VmallocChunk:          0 kB
Percpu:             2448 kB
CmaTotal:         405504 kB
CmaFree:          244160 kB
MemTotal:        7916544 kB
MemFree:         1535484 kB
MemAvailable:    2738608 kB
Buffers:            3808 kB
Cached:          1307788 kB
SwapCached:         6684 kB
Active:          2321268 kB
Inactive:        1326560 kB
Active(anon):    2096232 kB
Inactive(anon):   262568 kB
Active(file):     225036 kB
Inactive(file):  1063992 kB
Unevictable:        6372 kB
Mlocked:            5932 kB
SwapTotal:       4718584 kB
SwapFree:        3951608 kB
Dirty:               256 kB
Writeback:             0 kB
AnonPages:       2338524 kB
Mapped:           622388 kB
Shmem:             17832 kB
KReclaimable:     320692 kB
Slab:             318388 kB
SReclaimable:      87420 kB
SUnreclaim:       230968 kB
KernelStack:       49184 kB
ShadowCallStack:   12316 kB
PageTables:        70100 kB
NFS_Unstable:          0 kB
Bounce:                0 kB
WritebackTmp:          0 kB
CommitLimit:     8676856 kB
Committed_AS:   68520772 kB
VmallocTotal:   263061440 kB
VmallocUsed:      131216 kB
VmallocChunk:          0 kB
Percpu:             2448 kB
CmaTotal:         405504 kB
CmaFree:          244160 kB
MemTotal:        7916544 kB
MemFree:         1503668 kB
MemAvailable:    2706616 kB
Buffers:            3808 kB
Cached:          1307788 kB
SwapCached:         6684 kB
Active:          2355528 kB
Inactive:        1323960 kB
Active(anon):    2130492 kB
Inactive(anon):   259968 kB
Active(file):     225036 kB
Inactive(file):  1063992 kB
Unevictable:        6372 kB
Mlocked:            5932 kB
SwapTotal:       4718584 kB
SwapFree:        3951608 kB
Dirty:               328 kB
Writeback:             0 kB
AnonPages:       2370260 kB
Mapped:           622388 kB
Shmem:             17832 kB
KReclaimable:     320516 kB
Slab:             318312 kB
SReclaimable:      87420 kB
SUnreclaim:       230892 kB
KernelStack:       49152 kB
ShadowCallStack:   12316 kB
PageTables:        70108 kB
NFS_Unstable:          0 kB
Bounce:                0 kB
WritebackTmp:          0 kB
CommitLimit:     8676856 kB
Committed_AS:   68569924 kB
VmallocTotal:   263061440 kB
VmallocUsed:      131228 kB
VmallocChunk:          0 kB
Percpu:             2448 kB
CmaTotal:         405504 kB
CmaFree:          244160 kB
MemTotal:        7916544 kB
MemFree:         1479932 kB
MemAvailable:    2682792 kB
Buffers:            3808 kB
Cached:          1307928 kB
SwapCached:         6684 kB
Active:          2381876 kB
Inactive:        1323960 kB
Active(anon):    2156700 kB
Inactive(anon):   259968 kB
Active(file):     225176 kB
Inactive(file):  1063992 kB
Unevictable:        6372 kB
Mlocked:            5932 kB
SwapTotal:       4718584 kB
SwapFree:        3951608 kB
Dirty:               328 kB
Writeback:             0 kB
AnonPages:       2396428 kB
Mapped:           622548 kB
Shmem:             17832 kB
KReclaimable:     320288 kB
Slab:             318296 kB
SReclaimable:      87408 kB
SUnreclaim:       230888 kB
KernelStack:       49136 kB
ShadowCallStack:   12324 kB
PageTables:        70152 kB
NFS_Unstable:          0 kB
Bounce:                0 kB
WritebackTmp:          0 kB
CommitLimit:     8676856 kB
Committed_AS:   68588360 kB
VmallocTotal:   263061440 kB
VmallocUsed:      131260 kB
VmallocChunk:          0 kB
Percpu:             2448 kB
CmaTotal:         405504 kB
CmaFree:          244160 kB
MemTotal:        7916544 kB
MemFree:         1439916 kB
MemAvailable:    2642672 kB
Buffers:            3816 kB
Cached:          1307928 kB
SwapCached:         6684 kB
Active:          2421616 kB
Inactive:        1323968 kB
Active(anon):    2196440 kB
Inactive(anon):   259968 kB
Active(file):     225176 kB
Inactive(file):  1064000 kB
Unevictable:        6372 kB
Mlocked:            5932 kB
SwapTotal:       4718584 kB
SwapFree:        3951608 kB
Dirty:               332 kB
Writeback:             0 kB
AnonPages:       2436060 kB
Mapped:           622620 kB
Shmem:             17832 kB
KReclaimable:     320176 kB
Slab:             318284 kB
SReclaimable:      87424 kB
SUnreclaim:       230860 kB
KernelStack:       49136 kB
ShadowCallStack:   12308 kB
PageTables:        70356 kB
NFS_Unstable:          0 kB
Bounce:                0 kB
WritebackTmp:          0 kB
CommitLimit:     8676856 kB
Committed_AS:   68653840 kB
VmallocTotal:   263061440 kB
VmallocUsed:      131196 kB
VmallocChunk:          0 kB
Percpu:             2448 kB
CmaTotal:         405504 kB
CmaFree:          244160 kB
MemTotal:        7916544 kB
MemFree:         1410944 kB
MemAvailable:    2613636 kB
Buffers:            3816 kB
Cached:          1307928 kB
SwapCached:         6684 kB
Active:          2450744 kB
Inactive:        1323968 kB
Active(anon):    2225568 kB
Inactive(anon):   259968 kB
Active(file):     225176 kB
Inactive(file):  1064000 kB
Unevictable:        6372 kB
Mlocked:            5932 kB
SwapTotal:       4718584 kB
SwapFree:        3951608 kB
Dirty:               316 kB
Writeback:             0 kB
AnonPages:       2465140 kB
Mapped:           622616 kB
Shmem:             17832 kB
KReclaimable:     320112 kB
Slab:             318296 kB
SReclaimable:      87424 kB
SUnreclaim:       230872 kB
KernelStack:       49152 kB
ShadowCallStack:   12316 kB
PageTables:        70424 kB
NFS_Unstable:          0 kB
Bounce:                0 kB
WritebackTmp:          0 kB
CommitLimit:     8676856 kB
Committed_AS:   68694812 kB
VmallocTotal:   263061440 kB
VmallocUsed:      131192 kB
VmallocChunk:          0 kB
Percpu:             2448 kB
CmaTotal:         405504 kB
CmaFree:          244160 kB
MemTotal:        7916544 kB
MemFree:         1379696 kB
MemAvailable:    2582108 kB
Buffers:            3816 kB
Cached:          1307928 kB
SwapCached:         6684 kB
Active:          2481136 kB
Inactive:        1323968 kB
Active(anon):    2255960 kB
Inactive(anon):   259968 kB
Active(file):     225176 kB
Inactive(file):  1064000 kB
Unevictable:        6372 kB
Mlocked:            5932 kB
SwapTotal:       4718584 kB
SwapFree:        3951608 kB
Dirty:               316 kB
Writeback:             0 kB
AnonPages:       2495620 kB
Mapped:           623164 kB
Shmem:             17832 kB
KReclaimable:     319832 kB
Slab:             318356 kB
SReclaimable:      87440 kB
SUnreclaim:       230916 kB
KernelStack:       49152 kB
ShadowCallStack:   12312 kB
PageTables:        70404 kB
NFS_Unstable:          0 kB
Bounce:                0 kB
WritebackTmp:          0 kB
CommitLimit:     8676856 kB
Committed_AS:   68727584 kB
VmallocTotal:   263061440 kB
VmallocUsed:      131176 kB
VmallocChunk:          0 kB
Percpu:             2448 kB
CmaTotal:         405504 kB
CmaFree:          244160 kB
MemTotal:        7916544 kB
MemFree:         1353440 kB
MemAvailable:    2555676 kB
Buffers:            3816 kB
Cached:          1307928 kB
SwapCached:         6684 kB
Active:          2507672 kB
Inactive:        1323968 kB
Active(anon):    2282496 kB
Inactive(anon):   259968 kB
Active(file):     225176 kB
Inactive(file):  1064000 kB
Unevictable:        6372 kB
Mlocked:            5932 kB
SwapTotal:       4718584 kB
SwapFree:        3951608 kB
Dirty:               328 kB
Writeback:             0 kB
AnonPages:       2522548 kB
Mapped:           623272 kB
Shmem:             17832 kB
KReclaimable:     319656 kB
Slab:             318376 kB
SReclaimable:      87440 kB
SUnreclaim:       230936 kB
KernelStack:       49152 kB
ShadowCallStack:   12312 kB
PageTables:        70352 kB
NFS_Unstable:          0 kB
Bounce:                0 kB
WritebackTmp:          0 kB
CommitLimit:     8676856 kB
Committed_AS:   68760348 kB
VmallocTotal:   263061440 kB
VmallocUsed:      131196 kB
VmallocChunk:          0 kB
Percpu:             2448 kB
CmaTotal:         405504 kB
CmaFree:          244160 kB
MemTotal:        7916544 kB
MemFree:         1336652 kB
MemAvailable:    2538824 kB
Buffers:            3816 kB
Cached:          1307928 kB
SwapCached:         6684 kB
Active:          2525244 kB
Inactive:        1323964 kB
Active(anon):    2300068 kB
Inactive(anon):   259964 kB
Active(file):     225176 kB
Inactive(file):  1064000 kB
Unevictable:        6372 kB
Mlocked:            5932 kB
SwapTotal:       4718584 kB
SwapFree:        3951608 kB
Dirty:               356 kB
Writeback:             0 kB
AnonPages:       2539696 kB
Mapped:           623300 kB
Shmem:             17832 kB
KReclaimable:     319592 kB
Slab:             318340 kB
SReclaimable:      87440 kB
SUnreclaim:       230900 kB
KernelStack:       49136 kB
ShadowCallStack:   12312 kB
PageTables:        70360 kB
NFS_Unstable:          0 kB
Bounce:                0 kB
WritebackTmp:          0 kB
CommitLimit:     8676856 kB
Committed_AS:   68776780 kB
VmallocTotal:   263061440 kB
VmallocUsed:      131212 kB
VmallocChunk:          0 kB
Percpu:             2448 kB
CmaTotal:         405504 kB
CmaFree:          244160 kB
MemTotal:        7916544 kB
MemFree:         1324924 kB
MemAvailable:    2527032 kB
Buffers:            3816 kB
Cached:          1307928 kB
SwapCached:         6684 kB
Active:          2536360 kB
Inactive:        1323964 kB
Active(anon):    2311184 kB
Inactive(anon):   259964 kB
Active(file):     225176 kB
Inactive(file):  1064000 kB
Unevictable:        6372 kB
Mlocked:            5932 kB
SwapTotal:       4718584 kB
SwapFree:        3951864 kB
Dirty:               376 kB
Writeback:             0 kB
AnonPages:       2550860 kB
Mapped:           623344 kB
Shmem:             17832 kB
KReclaimable:     319528 kB
Slab:             318388 kB
SReclaimable:      87440 kB
SUnreclaim:       230948 kB
KernelStack:       49168 kB
ShadowCallStack:   12308 kB
PageTables:        70564 kB
NFS_Unstable:          0 kB
Bounce:                0 kB
WritebackTmp:          0 kB
CommitLimit:     8676856 kB
Committed_AS:   68776776 kB
VmallocTotal:   263061440 kB
VmallocUsed:      131216 kB
VmallocChunk:          0 kB
Percpu:             2448 kB
CmaTotal:         405504 kB
CmaFree:          244160 kB
MemTotal:        7916544 kB
MemFree:         1315736 kB
MemAvailable:    2517836 kB
Buffers:            3824 kB
Cached:          1307944 kB
SwapCached:         6684 kB
Active:          2548140 kB
Inactive:        1321972 kB
Active(anon):    2322964 kB
Inactive(anon):   257948 kB
Active(file):     225176 kB
Inactive(file):  1064024 kB
Unevictable:        6372 kB
Mlocked:            5932 kB
SwapTotal:       4718584 kB
SwapFree:        3954168 kB
Dirty:               380 kB
Writeback:             0 kB
AnonPages:       2560640 kB
Mapped:           623404 kB
Shmem:             17832 kB
KReclaimable:     319496 kB
Slab:             318320 kB
SReclaimable:      87440 kB
SUnreclaim:       230880 kB
KernelStack:       49104 kB
ShadowCallStack:   12304 kB
PageTables:        70532 kB
NFS_Unstable:          0 kB
Bounce:                0 kB
WritebackTmp:          0 kB
CommitLimit:     8676856 kB
Committed_AS:   68792960 kB
VmallocTotal:   263061440 kB
VmallocUsed:      131132 kB
VmallocChunk:          0 kB
Percpu:             2448 kB
CmaTotal:         405504 kB
CmaFree:          244672 kB
MemTotal:        7916544 kB
MemFree:         1302584 kB
MemAvailable:    2504652 kB
Buffers:            3824 kB
Cached:          1307944 kB
SwapCached:         6684 kB
Active:          2561352 kB
Inactive:        1321972 kB
Active(anon):    2336176 kB
Inactive(anon):   257948 kB
Active(file):     225176 kB
Inactive(file):  1064024 kB
Unevictable:        6372 kB
Mlocked:            5932 kB
SwapTotal:       4718584 kB
SwapFree:        3954168 kB
Dirty:               380 kB
Writeback:             0 kB
AnonPages:       2573804 kB
Mapped:           623364 kB
Shmem:             17832 kB
KReclaimable:     319464 kB
Slab:             318324 kB
SReclaimable:      87440 kB
SUnreclaim:       230884 kB
KernelStack:       49056 kB
ShadowCallStack:   12292 kB
PageTables:        70548 kB
NFS_Unstable:          0 kB
Bounce:                0 kB
WritebackTmp:          0 kB
CommitLimit:     8676856 kB
Committed_AS:   68809200 kB
VmallocTotal:   263061440 kB
VmallocUsed:      131132 kB
VmallocChunk:          0 kB
Percpu:             2448 kB
CmaTotal:         405504 kB
CmaFree:          244644 kB
MemTotal:        7916544 kB
MemFree:         1285612 kB
MemAvailable:    2488144 kB
Buffers:            3824 kB
Cached:          1308408 kB
SwapCached:         6684 kB
Active:          2577716 kB
Inactive:        1321972 kB
Active(anon):    2352076 kB
Inactive(anon):   257948 kB
Active(file):     225640 kB
Inactive(file):  1064024 kB
Unevictable:        6372 kB
Mlocked:            5932 kB
SwapTotal:       4718584 kB
SwapFree:        3954168 kB
Dirty:               384 kB
Writeback:             0 kB
AnonPages:       2589740 kB
Mapped:           623444 kB
Shmem:             17832 kB
KReclaimable:     319464 kB
Slab:             318484 kB
SReclaimable:      87440 kB
SUnreclaim:       231044 kB
KernelStack:       49024 kB
ShadowCallStack:   12292 kB
PageTables:        70520 kB
NFS_Unstable:          0 kB
Bounce:                0 kB
WritebackTmp:          0 kB
CommitLimit:     8676856 kB
Committed_AS:   68808992 kB
VmallocTotal:   263061440 kB
VmallocUsed:      131052 kB
VmallocChunk:          0 kB
Percpu:             2448 kB
CmaTotal:         405504 kB
CmaFree:          244676 kB
MemTotal:        7916544 kB
MemFree:         1271660 kB
MemAvailable:    2474448 kB
Buffers:            3824 kB
Cached:          1308684 kB
SwapCached:         6684 kB
Active:          2592644 kB
Inactive:        1321976 kB
Active(anon):    2366736 kB
Inactive(anon):   257948 kB
Active(file):     225908 kB
Inactive(file):  1064028 kB
Unevictable:        6372 kB
Mlocked:            5932 kB
SwapTotal:       4718584 kB
SwapFree:        3954168 kB
Dirty:               456 kB
Writeback:             0 kB
AnonPages:       2604412 kB
Mapped:           623476 kB
Shmem:             17836 kB
KReclaimable:     319448 kB
Slab:             318376 kB
SReclaimable:      87456 kB
SUnreclaim:       230920 kB
KernelStack:       48960 kB
ShadowCallStack:   12264 kB
PageTables:        70708 kB
NFS_Unstable:          0 kB
Bounce:                0 kB
WritebackTmp:          0 kB
CommitLimit:     8676856 kB
Committed_AS:   68841504 kB
VmallocTotal:   263061440 kB
VmallocUsed:      130956 kB
VmallocChunk:          0 kB
Percpu:             2448 kB
CmaTotal:         405504 kB
CmaFree:          244672 kB
MemTotal:        7916544 kB
MemFree:         1252792 kB
MemAvailable:    2455528 kB
Buffers:            3836 kB
Cached:          1308684 kB
SwapCached:         6684 kB
Active:          2610760 kB
Inactive:        1321744 kB
Active(anon):    2384852 kB
Inactive(anon):   257704 kB
Active(file):     225908 kB
Inactive(file):  1064040 kB
Unevictable:        6372 kB
Mlocked:            5932 kB
SwapTotal:       4718584 kB
SwapFree:        3954168 kB
Dirty:               460 kB
Writeback:             0 kB
AnonPages:       2622300 kB
Mapped:           620404 kB
Shmem:             17836 kB
KReclaimable:     319384 kB
Slab:             318424 kB
SReclaimable:      87456 kB
SUnreclaim:       230968 kB
KernelStack:       48896 kB
ShadowCallStack:   12252 kB
PageTables:        70616 kB
NFS_Unstable:          0 kB
Bounce:                0 kB
WritebackTmp:          0 kB
CommitLimit:     8676856 kB
Committed_AS:   68874220 kB
VmallocTotal:   263061440 kB
VmallocUsed:      130928 kB
VmallocChunk:          0 kB
Percpu:             2448 kB
CmaTotal:         405504 kB
CmaFree:          244672 kB
MemTotal:        7916544 kB
MemFree:         1240116 kB
MemAvailable:    2442788 kB
Buffers:            3836 kB
Cached:          1308684 kB
SwapCached:         6684 kB
Active:          2624496 kB
Inactive:        1321744 kB
Active(anon):    2398588 kB
Inactive(anon):   257704 kB
Active(file):     225908 kB
Inactive(file):  1064040 kB
Unevictable:        6372 kB
Mlocked:            5932 kB
SwapTotal:       4718584 kB
SwapFree:        3954168 kB
Dirty:               460 kB
Writeback:             0 kB
AnonPages:       2635996 kB
Mapped:           620460 kB
Shmem:             17836 kB
KReclaimable:     319320 kB
Slab:             318436 kB
SReclaimable:      87456 kB
SUnreclaim:       230980 kB
KernelStack:       48912 kB
ShadowCallStack:   12252 kB
PageTables:        70772 kB
NFS_Unstable:          0 kB
Bounce:                0 kB
WritebackTmp:          0 kB
CommitLimit:     8676856 kB
Committed_AS:   68874116 kB
VmallocTotal:   263061440 kB
VmallocUsed:      130892 kB
VmallocChunk:          0 kB
Percpu:             2448 kB
CmaTotal:         405504 kB
CmaFree:          244672 kB
MemTotal:        7916544 kB
MemFree:         1222948 kB
MemAvailable:    2425624 kB
Buffers:            3836 kB
Cached:          1308688 kB
SwapCached:         6684 kB
Active:          2640944 kB
Inactive:        1321748 kB
Active(anon):    2415036 kB
Inactive(anon):   257704 kB
Active(file):     225908 kB
Inactive(file):  1064044 kB
Unevictable:        6372 kB
Mlocked:            5932 kB
SwapTotal:       4718584 kB
SwapFree:        3954168 kB
Dirty:               468 kB
Writeback:             0 kB
AnonPages:       2652516 kB
Mapped:           620524 kB
Shmem:             17836 kB
KReclaimable:     319320 kB
Slab:             318308 kB
SReclaimable:      87456 kB
SUnreclaim:       230852 kB
KernelStack:       48800 kB
ShadowCallStack:   12232 kB
PageTables:        70592 kB
NFS_Unstable:          0 kB
Bounce:                0 kB
WritebackTmp:          0 kB
CommitLimit:     8676856 kB
Committed_AS:   68890188 kB
VmallocTotal:   263061440 kB
VmallocUsed:      130776 kB
VmallocChunk:          0 kB
Percpu:             2448 kB
CmaTotal:         405504 kB
CmaFree:          244672 kB
MemTotal:        7916544 kB
MemFree:         1211012 kB
MemAvailable:    2413688 kB
Buffers:            3836 kB
Cached:          1308688 kB
SwapCached:         6684 kB
Active:          2653888 kB
Inactive:        1321748 kB
Active(anon):    2427980 kB
Inactive(anon):   257704 kB
Active(file):     225908 kB
Inactive(file):  1064044 kB
Unevictable:        6372 kB
Mlocked:            5932 kB
SwapTotal:       4718584 kB
SwapFree:        3954168 kB
Dirty:               468 kB
Writeback:             0 kB
AnonPages:       2665488 kB
Mapped:           620460 kB
Shmem:             17836 kB
KReclaimable:     319320 kB
Slab:             318348 kB
SReclaimable:      87456 kB
SUnreclaim:       230892 kB
KernelStack:       48800 kB
ShadowCallStack:   12224 kB
PageTables:        70816 kB
NFS_Unstable:          0 kB
Bounce:                0 kB
WritebackTmp:          0 kB
CommitLimit:     8676856 kB
Committed_AS:   68906520 kB
VmallocTotal:   263061440 kB
VmallocUsed:      130756 kB
VmallocChunk:          0 kB
Percpu:             2448 kB
CmaTotal:         405504 kB
CmaFree:          244672 kB
MemTotal:        7916544 kB
MemFree:         1195104 kB
MemAvailable:    2397756 kB
Buffers:            3844 kB
Cached:          1308688 kB
SwapCached:         6684 kB
Active:          2668976 kB
Inactive:        1321756 kB
Active(anon):    2443068 kB
Inactive(anon):   257704 kB
Active(file):     225908 kB
Inactive(file):  1064052 kB
Unevictable:        6372 kB
Mlocked:            5932 kB
SwapTotal:       4718584 kB
SwapFree:        3954168 kB
Dirty:               472 kB
Writeback:             0 kB
AnonPages:       2680392 kB
Mapped:           620492 kB
Shmem:             17836 kB
KReclaimable:     319288 kB
Slab:             318368 kB
SReclaimable:      87456 kB
SUnreclaim:       230912 kB
KernelStack:       48768 kB
ShadowCallStack:   12216 kB
PageTables:        70832 kB
NFS_Unstable:          0 kB
Bounce:                0 kB
WritebackTmp:          0 kB
CommitLimit:     8676856 kB
Committed_AS:   68906420 kB
VmallocTotal:   263061440 kB
VmallocUsed:      130716 kB
VmallocChunk:          0 kB
Percpu:             2448 kB
CmaTotal:         405504 kB
CmaFree:          244672 kB
MemTotal:        7916544 kB
MemFree:         1177432 kB
MemAvailable:    2380084 kB
Buffers:            3844 kB
Cached:          1308696 kB
SwapCached:         6684 kB
Active:          2686352 kB
Inactive:        1321756 kB
Active(anon):    2460444 kB
Inactive(anon):   257704 kB
Active(file):     225908 kB
Inactive(file):  1064052 kB
Unevictable:        6372 kB
Mlocked:            5932 kB
SwapTotal:       4718584 kB
SwapFree:        3954168 kB
Dirty:               476 kB
Writeback:             0 kB
AnonPages:       2697672 kB
Mapped:           620500 kB
Shmem:             17844 kB
KReclaimable:     319288 kB
Slab:             318396 kB
SReclaimable:      87456 kB
SUnreclaim:       230940 kB
KernelStack:       48752 kB
ShadowCallStack:   12220 kB
PageTables:        70864 kB
NFS_Unstable:          0 kB
Bounce:                0 kB
WritebackTmp:          0 kB
CommitLimit:     8676856 kB
Committed_AS:   68922808 kB
VmallocTotal:   263061440 kB
VmallocUsed:      130716 kB
VmallocChunk:          0 kB
Percpu:             2448 kB
CmaTotal:         405504 kB
CmaFree:          244672 kB
MemTotal:        7916544 kB
MemFree:         1167044 kB
MemAvailable:    2369712 kB
Buffers:            3844 kB
Cached:          1308696 kB
SwapCached:         6684 kB
Active:          2696464 kB
Inactive:        1321756 kB
Active(anon):    2470556 kB
Inactive(anon):   257704 kB
Active(file):     225908 kB
Inactive(file):  1064052 kB
Unevictable:        6372 kB
Mlocked:            5932 kB
SwapTotal:       4718584 kB
SwapFree:        3954168 kB
Dirty:                84 kB
Writeback:             0 kB
AnonPages:       2708096 kB
Mapped:           620540 kB
Shmem:             17844 kB
KReclaimable:     319304 kB
Slab:             318428 kB
SReclaimable:      87472 kB
SUnreclaim:       230956 kB
KernelStack:       48784 kB
ShadowCallStack:   12216 kB
PageTables:        70788 kB
NFS_Unstable:          0 kB
Bounce:                0 kB
WritebackTmp:          0 kB
CommitLimit:     8676856 kB
Committed_AS:   68939192 kB
VmallocTotal:   263061440 kB
VmallocUsed:      130712 kB
VmallocChunk:          0 kB
Percpu:             2448 kB
CmaTotal:         405504 kB
CmaFree:          244672 kB
MemTotal:        7916544 kB
MemFree:         1155072 kB
MemAvailable:    2357740 kB
Buffers:            3844 kB
Cached:          1308696 kB
SwapCached:         6684 kB
Active:          2709060 kB
Inactive:        1321756 kB
Active(anon):    2483152 kB
Inactive(anon):   257704 kB
Active(file):     225908 kB
Inactive(file):  1064052 kB
Unevictable:        6372 kB
Mlocked:            5932 kB
SwapTotal:       4718584 kB
SwapFree:        3954168 kB
Dirty:                84 kB
Writeback:             0 kB
AnonPages:       2720604 kB
Mapped:           620540 kB
Shmem:             17844 kB
KReclaimable:     319304 kB
Slab:             318264 kB
SReclaimable:      87472 kB
SUnreclaim:       230792 kB
KernelStack:       48768 kB
ShadowCallStack:   12216 kB
PageTables:        70812 kB
NFS_Unstable:          0 kB
Bounce:                0 kB
WritebackTmp:          0 kB
CommitLimit:     8676856 kB
Committed_AS:   68955576 kB
VmallocTotal:   263061440 kB
VmallocUsed:      130712 kB
VmallocChunk:          0 kB
Percpu:             2448 kB
CmaTotal:         405504 kB
CmaFree:          244672 kB
MemTotal:        7916544 kB
MemFree:         1140800 kB
MemAvailable:    2343468 kB
Buffers:            3844 kB
Cached:          1308696 kB
SwapCached:         6684 kB
Active:          2722388 kB
Inactive:        1321756 kB
Active(anon):    2496480 kB
Inactive(anon):   257704 kB
Active(file):     225908 kB
Inactive(file):  1064052 kB
Unevictable:        6372 kB
Mlocked:            5932 kB
SwapTotal:       4718584 kB
SwapFree:        3954168 kB
Dirty:                84 kB
Writeback:             0 kB
AnonPages:       2733820 kB
Mapped:           620504 kB
Shmem:             17844 kB
KReclaimable:     319304 kB
Slab:             318252 kB
SReclaimable:      87472 kB
SUnreclaim:       230780 kB
KernelStack:       48672 kB
ShadowCallStack:   12192 kB
PageTables:        70804 kB
NFS_Unstable:          0 kB
Bounce:                0 kB
WritebackTmp:          0 kB
CommitLimit:     8676856 kB
Committed_AS:   68971752 kB
VmallocTotal:   263061440 kB
VmallocUsed:      130632 kB
VmallocChunk:          0 kB
Percpu:             2448 kB
CmaTotal:         405504 kB
CmaFree:          244672 kB
MemTotal:        7916544 kB
MemFree:         1122136 kB
MemAvailable:    2332104 kB
Buffers:            3844 kB
Cached:          1315996 kB
SwapCached:         6688 kB
Active:          2743396 kB
Inactive:        1321756 kB
Active(anon):    2510188 kB
Inactive(anon):   257704 kB
Active(file):     233208 kB
Inactive(file):  1064052 kB
Unevictable:        6372 kB
Mlocked:            5932 kB
SwapTotal:       4718584 kB
SwapFree:        3954680 kB
Dirty:               140 kB
Writeback:             0 kB
AnonPages:       2747648 kB
Mapped:           622416 kB
Shmem:             17844 kB
KReclaimable:     319304 kB
Slab:             318172 kB
SReclaimable:      87472 kB
SUnreclaim:       230700 kB
KernelStack:       48704 kB
ShadowCallStack:   12196 kB
PageTables:        70956 kB
NFS_Unstable:          0 kB
Bounce:                0 kB
WritebackTmp:          0 kB
CommitLimit:     8676856 kB
Committed_AS:   68993424 kB
VmallocTotal:   263061440 kB
VmallocUsed:      130636 kB
VmallocChunk:          0 kB
Percpu:             2448 kB
CmaTotal:         405504 kB
CmaFree:          244796 kB
MemTotal:        7916544 kB
MemFree:         1109276 kB
MemAvailable:    2319556 kB
Buffers:            3844 kB
Cached:          1316024 kB
SwapCached:         6688 kB
Active:          2754032 kB
Inactive:        1321756 kB
Active(anon):    2520764 kB
Inactive(anon):   257704 kB
Active(file):     233268 kB
Inactive(file):  1064052 kB
Unevictable:        6372 kB
Mlocked:            5932 kB
SwapTotal:       4718584 kB
SwapFree:        3954680 kB
Dirty:               176 kB
Writeback:             0 kB
AnonPages:       2758292 kB
Mapped:           622368 kB
Shmem:             17812 kB
KReclaimable:     319556 kB
Slab:             318276 kB
SReclaimable:      87472 kB
SUnreclaim:       230804 kB
KernelStack:       48704 kB
ShadowCallStack:   12200 kB
PageTables:        70992 kB
NFS_Unstable:          0 kB
Bounce:                0 kB
WritebackTmp:          0 kB
CommitLimit:     8676856 kB
Committed_AS:   69009780 kB
VmallocTotal:   263061440 kB
VmallocUsed:      130636 kB
VmallocChunk:          0 kB
Percpu:             2448 kB
CmaTotal:         405504 kB
CmaFree:          234932 kB
MemTotal:        7916544 kB
MemFree:         1091412 kB
MemAvailable:    2301388 kB
Buffers:            3852 kB
Cached:          1316024 kB
SwapCached:         6688 kB
Active:          2770588 kB
Inactive:        1321764 kB
Active(anon):    2537320 kB
Inactive(anon):   257704 kB
Active(file):     233268 kB
Inactive(file):  1064060 kB
Unevictable:        6372 kB
Mlocked:            5932 kB
SwapTotal:       4718584 kB
SwapFree:        3954680 kB
Dirty:               188 kB
Writeback:             0 kB
AnonPages:       2774812 kB
Mapped:           622528 kB
Shmem:             17812 kB
KReclaimable:     319244 kB
Slab:             318308 kB
SReclaimable:      87472 kB
SUnreclaim:       230836 kB
KernelStack:       48704 kB
ShadowCallStack:   12192 kB
PageTables:        70880 kB
NFS_Unstable:          0 kB
Bounce:                0 kB
WritebackTmp:          0 kB
CommitLimit:     8676856 kB
Committed_AS:   69009776 kB
VmallocTotal:   263061440 kB
VmallocUsed:      130676 kB
VmallocChunk:          0 kB
Percpu:             2448 kB
CmaTotal:         405504 kB
CmaFree:          217932 kB
MemTotal:        7916544 kB
MemFree:         1071184 kB
MemAvailable:    2282048 kB
Buffers:            3852 kB
Cached:          1317004 kB
SwapCached:         6688 kB
Active:          2791484 kB
Inactive:        1321592 kB
Active(anon):    2557240 kB
Inactive(anon):   257532 kB
Active(file):     234244 kB
Inactive(file):  1064060 kB
Unevictable:        6372 kB
Mlocked:            5932 kB
SwapTotal:       4718584 kB
SwapFree:        3954680 kB
Dirty:               192 kB
Writeback:             0 kB
AnonPages:       2794412 kB
Mapped:           622716 kB
Shmem:             17816 kB
KReclaimable:     319156 kB
Slab:             318360 kB
SReclaimable:      87472 kB
SUnreclaim:       230888 kB
KernelStack:       48672 kB
ShadowCallStack:   12180 kB
PageTables:        70952 kB
NFS_Unstable:          0 kB
Bounce:                0 kB
WritebackTmp:          0 kB
CommitLimit:     8676856 kB
Committed_AS:   69042552 kB
VmallocTotal:   263061440 kB
VmallocUsed:      130636 kB
VmallocChunk:          0 kB
Percpu:             2448 kB
CmaTotal:         405504 kB
CmaFree:          197592 kB
MemTotal:        7916544 kB
MemFree:         1059616 kB
MemAvailable:    2270564 kB
Buffers:            3856 kB
Cached:          1317124 kB
SwapCached:         6688 kB
Active:          2803780 kB
Inactive:        1321592 kB
Active(anon):    2569412 kB
Inactive(anon):   257532 kB
Active(file):     234368 kB
Inactive(file):  1064060 kB
Unevictable:        6372 kB
Mlocked:            5932 kB
SwapTotal:       4718584 kB
SwapFree:        3954680 kB
Dirty:               208 kB
Writeback:             0 kB
AnonPages:       2806764 kB
Mapped:           623032 kB
Shmem:             17816 kB
KReclaimable:     319116 kB
Slab:             318280 kB
SReclaimable:      87472 kB
SUnreclaim:       230808 kB
KernelStack:       48688 kB
ShadowCallStack:   12204 kB
PageTables:        71012 kB
NFS_Unstable:          0 kB
Bounce:                0 kB
WritebackTmp:          0 kB
CommitLimit:     8676856 kB
Committed_AS:   69058936 kB
VmallocTotal:   263061440 kB
VmallocUsed:      130636 kB
VmallocChunk:          0 kB
Percpu:             2448 kB
CmaTotal:         405504 kB
CmaFree:          186456 kB
MemTotal:        7916544 kB
MemFree:         1042724 kB
MemAvailable:    2253576 kB
Buffers:            3856 kB
Cached:          1317128 kB
SwapCached:         6688 kB
Active:          2820260 kB
Inactive:        1321592 kB
Active(anon):    2585892 kB
Inactive(anon):   257532 kB
Active(file):     234368 kB
Inactive(file):  1064060 kB
Unevictable:        6372 kB
Mlocked:            5932 kB
SwapTotal:       4718584 kB
SwapFree:        3954680 kB
Dirty:               212 kB
Writeback:             0 kB
AnonPages:       2823296 kB
Mapped:           623132 kB
Shmem:             17820 kB
KReclaimable:     319020 kB
Slab:             318316 kB
SReclaimable:      87472 kB
SUnreclaim:       230844 kB
KernelStack:       48656 kB
ShadowCallStack:   12192 kB
PageTables:        71100 kB
NFS_Unstable:          0 kB
Bounce:                0 kB
WritebackTmp:          0 kB
CommitLimit:     8676856 kB
Committed_AS:   69075316 kB
VmallocTotal:   263061440 kB
VmallocUsed:      130636 kB
VmallocChunk:          0 kB
Percpu:             2448 kB
CmaTotal:         405504 kB
CmaFree:          169456 kB
MemTotal:        7916544 kB
MemFree:         1028968 kB
MemAvailable:    2239832 kB
Buffers:            3868 kB
Cached:          1317128 kB
SwapCached:         6688 kB
Active:          2832676 kB
Inactive:        1321480 kB
Active(anon):    2598308 kB
Inactive(anon):   257408 kB
Active(file):     234368 kB
Inactive(file):  1064072 kB
Unevictable:        6372 kB
Mlocked:            5932 kB
SwapTotal:       4718584 kB
SwapFree:        3954680 kB
Dirty:               212 kB
Writeback:             0 kB
AnonPages:       2835396 kB
Mapped:           623160 kB
Shmem:             17820 kB
KReclaimable:     318956 kB
Slab:             318260 kB
SReclaimable:      87472 kB
SUnreclaim:       230788 kB
KernelStack:       48704 kB
ShadowCallStack:   12200 kB
PageTables:        71148 kB
NFS_Unstable:          0 kB
Bounce:                0 kB
WritebackTmp:          0 kB
CommitLimit:     8676856 kB
Committed_AS:   69091704 kB
VmallocTotal:   263061440 kB
VmallocUsed:      130668 kB
VmallocChunk:          0 kB
Percpu:             2448 kB
CmaTotal:         405504 kB
CmaFree:          155544 kB
MemTotal:        7916544 kB
MemFree:         1018212 kB
MemAvailable:    2229036 kB
Buffers:            3876 kB
Cached:          1317128 kB
SwapCached:         6688 kB
Active:          2844624 kB
Inactive:        1321388 kB
Active(anon):    2610256 kB
Inactive(anon):   257308 kB
Active(file):     234368 kB
Inactive(file):  1064080 kB
Unevictable:        6372 kB
Mlocked:            5932 kB
SwapTotal:       4718584 kB
SwapFree:        3954680 kB
Dirty:               220 kB
Writeback:             0 kB
AnonPages:       2847280 kB
Mapped:           623180 kB
Shmem:             17820 kB
KReclaimable:     318972 kB
Slab:             318300 kB
SReclaimable:      87488 kB
SUnreclaim:       230812 kB
KernelStack:       48720 kB
ShadowCallStack:   12208 kB
PageTables:        71176 kB
NFS_Unstable:          0 kB
Bounce:                0 kB
WritebackTmp:          0 kB
CommitLimit:     8676856 kB
Committed_AS:   69108132 kB
VmallocTotal:   263061440 kB
VmallocUsed:      130636 kB
VmallocChunk:          0 kB
Percpu:             2448 kB
CmaTotal:         405504 kB
CmaFree:          144236 kB
MemTotal:        7916544 kB
MemFree:         1000572 kB
MemAvailable:    2211364 kB
Buffers:            3876 kB
Cached:          1317128 kB
SwapCached:         6688 kB
Active:          2862192 kB
Inactive:        1321388 kB
Active(anon):    2627824 kB
Inactive(anon):   257308 kB
Active(file):     234368 kB
Inactive(file):  1064080 kB
Unevictable:        6372 kB
Mlocked:            5932 kB
SwapTotal:       4718584 kB
SwapFree:        3954680 kB
Dirty:               156 kB
Writeback:             0 kB
AnonPages:       2864776 kB
Mapped:           623208 kB
Shmem:             17820 kB
KReclaimable:     318940 kB
Slab:             318316 kB
SReclaimable:      87488 kB
SUnreclaim:       230828 kB
KernelStack:       48752 kB
ShadowCallStack:   12200 kB
PageTables:        71096 kB
NFS_Unstable:          0 kB
Bounce:                0 kB
WritebackTmp:          0 kB
CommitLimit:     8676856 kB
Committed_AS:   69124472 kB
VmallocTotal:   263061440 kB
VmallocUsed:      130632 kB
VmallocChunk:          0 kB
Percpu:             2448 kB
CmaTotal:         405504 kB
CmaFree:          127128 kB
MemTotal:        7916544 kB
MemFree:          985420 kB
MemAvailable:    2196084 kB
Buffers:            3876 kB
Cached:          1317132 kB
SwapCached:         6688 kB
Active:          2876080 kB
Inactive:        1321388 kB
Active(anon):    2641712 kB
Inactive(anon):   257308 kB
Active(file):     234368 kB
Inactive(file):  1064080 kB
Unevictable:        6372 kB
Mlocked:            5932 kB
SwapTotal:       4718584 kB
SwapFree:        3954680 kB
Dirty:               180 kB
Writeback:             0 kB
AnonPages:       2878884 kB
Mapped:           623344 kB
Shmem:             17824 kB
KReclaimable:     318812 kB
Slab:             318328 kB
SReclaimable:      87488 kB
SUnreclaim:       230840 kB
KernelStack:       48704 kB
ShadowCallStack:   12192 kB
PageTables:        71060 kB
NFS_Unstable:          0 kB
Bounce:                0 kB
WritebackTmp:          0 kB
CommitLimit:     8676856 kB
Committed_AS:   69140856 kB
VmallocTotal:   263061440 kB
VmallocUsed:      130628 kB
VmallocChunk:          0 kB
Percpu:             2448 kB
CmaTotal:         405504 kB
CmaFree:          112416 kB
MemTotal:        7916544 kB
MemFree:          973040 kB
MemAvailable:    2183704 kB
Buffers:            3876 kB
Cached:          1317132 kB
SwapCached:         6688 kB
Active:          2888824 kB
Inactive:        1321388 kB
Active(anon):    2654456 kB
Inactive(anon):   257308 kB
Active(file):     234368 kB
Inactive(file):  1064080 kB
Unevictable:        6372 kB
Mlocked:            5932 kB
SwapTotal:       4718584 kB
SwapFree:        3954680 kB
Dirty:               192 kB
Writeback:             0 kB
AnonPages:       2891544 kB
Mapped:           623384 kB
Shmem:             17824 kB
KReclaimable:     318812 kB
Slab:             318336 kB
SReclaimable:      87488 kB
SUnreclaim:       230848 kB
KernelStack:       48704 kB
ShadowCallStack:   12200 kB
PageTables:        71160 kB
NFS_Unstable:          0 kB
Bounce:                0 kB
WritebackTmp:          0 kB
CommitLimit:     8676856 kB
Committed_AS:   69140856 kB
VmallocTotal:   263061440 kB
VmallocUsed:      130636 kB
VmallocChunk:          0 kB
Percpu:             2448 kB
CmaTotal:         405504 kB
CmaFree:          100184 kB
MemTotal:        7916544 kB
MemFree:          954228 kB
MemAvailable:    2164860 kB
Buffers:            3876 kB
Cached:          1317132 kB
SwapCached:         6688 kB
Active:          2908744 kB
Inactive:        1321388 kB
Active(anon):    2674376 kB
Inactive(anon):   257308 kB
Active(file):     234368 kB
Inactive(file):  1064080 kB
Unevictable:        6372 kB
Mlocked:            5932 kB
SwapTotal:       4718584 kB
SwapFree:        3954680 kB
Dirty:               192 kB
Writeback:             0 kB
AnonPages:       2911428 kB
Mapped:           623600 kB
Shmem:             17824 kB
KReclaimable:     318780 kB
Slab:             318276 kB
SReclaimable:      87488 kB
SUnreclaim:       230788 kB
KernelStack:       48704 kB
ShadowCallStack:   12192 kB
PageTables:        71192 kB
NFS_Unstable:          0 kB
Bounce:                0 kB
WritebackTmp:          0 kB
CommitLimit:     8676856 kB
Committed_AS:   69173624 kB
VmallocTotal:   263061440 kB
VmallocUsed:      130636 kB
VmallocChunk:          0 kB
Percpu:             2448 kB
CmaTotal:         405504 kB
CmaFree:           81372 kB
MemTotal:        7916544 kB
MemFree:          938632 kB
MemAvailable:    2149168 kB
Buffers:            3876 kB
Cached:          1317140 kB
SwapCached:         6688 kB
Active:          2924072 kB
Inactive:        1321388 kB
Active(anon):    2689704 kB
Inactive(anon):   257308 kB
Active(file):     234368 kB
Inactive(file):  1064080 kB
Unevictable:        6372 kB
Mlocked:            5932 kB
SwapTotal:       4718584 kB
SwapFree:        3954680 kB
Dirty:               192 kB
Writeback:             0 kB
AnonPages:       2926916 kB
Mapped:           623640 kB
Shmem:             17832 kB
KReclaimable:     318684 kB
Slab:             318376 kB
SReclaimable:      87488 kB
SUnreclaim:       230888 kB
KernelStack:       48704 kB
ShadowCallStack:   12204 kB
PageTables:        71356 kB
NFS_Unstable:          0 kB
Bounce:                0 kB
WritebackTmp:          0 kB
CommitLimit:     8676856 kB
Committed_AS:   69206400 kB
VmallocTotal:   263061440 kB
VmallocUsed:      130636 kB
VmallocChunk:          0 kB
Percpu:             2448 kB
CmaTotal:         405504 kB
CmaFree:           66016 kB
MemTotal:        7916544 kB
MemFree:          924932 kB
MemAvailable:    2135476 kB
Buffers:            3884 kB
Cached:          1317140 kB
SwapCached:         6688 kB
Active:          2937148 kB
Inactive:        1321392 kB
Active(anon):    2702780 kB
Inactive(anon):   257304 kB
Active(file):     234368 kB
Inactive(file):  1064088 kB
Unevictable:        6372 kB
Mlocked:            5932 kB
SwapTotal:       4718584 kB
SwapFree:        3954680 kB
Dirty:               240 kB
Writeback:             0 kB
AnonPages:       2939768 kB
Mapped:           623760 kB
Shmem:             17832 kB
KReclaimable:     318684 kB
Slab:             318436 kB
SReclaimable:      87488 kB
SUnreclaim:       230948 kB
KernelStack:       48688 kB
ShadowCallStack:   12180 kB
PageTables:        71300 kB
NFS_Unstable:          0 kB
Bounce:                0 kB
WritebackTmp:          0 kB
CommitLimit:     8676856 kB
Committed_AS:   69206400 kB
VmallocTotal:   263061440 kB
VmallocUsed:      130620 kB
VmallocChunk:          0 kB
Percpu:             2448 kB
CmaTotal:         405504 kB
CmaFree:           52840 kB
MemTotal:        7916544 kB
MemFree:          916960 kB
MemAvailable:    2127504 kB
Buffers:            3884 kB
Cached:          1317140 kB
SwapCached:         6688 kB
Active:          2945940 kB
Inactive:        1321392 kB
Active(anon):    2711572 kB
Inactive(anon):   257304 kB
Active(file):     234368 kB
Inactive(file):  1064088 kB
Unevictable:        6372 kB
Mlocked:            5932 kB
SwapTotal:       4718584 kB
SwapFree:        3954680 kB
Dirty:               268 kB
Writeback:             0 kB
AnonPages:       2948636 kB
Mapped:           623588 kB
Shmem:             17832 kB
KReclaimable:     318684 kB
Slab:             318432 kB
SReclaimable:      87488 kB
SUnreclaim:       230944 kB
KernelStack:       48768 kB
ShadowCallStack:   12208 kB
PageTables:        71280 kB
NFS_Unstable:          0 kB
Bounce:                0 kB
WritebackTmp:          0 kB
CommitLimit:     8676856 kB
Committed_AS:   69222784 kB
VmallocTotal:   263061440 kB
VmallocUsed:      130636 kB
VmallocChunk:          0 kB
Percpu:             2448 kB
CmaTotal:         405504 kB
CmaFree:           44568 kB
MemTotal:        7916544 kB
MemFree:          904648 kB
MemAvailable:    2115192 kB
Buffers:            3884 kB
Cached:          1317140 kB
SwapCached:         6688 kB
Active:          2958204 kB
Inactive:        1321392 kB
Active(anon):    2723836 kB
Inactive(anon):   257304 kB
Active(file):     234368 kB
Inactive(file):  1064088 kB
Unevictable:        6372 kB
Mlocked:            5932 kB
SwapTotal:       4718584 kB
SwapFree:        3954680 kB
Dirty:               280 kB
Writeback:             0 kB
AnonPages:       2960988 kB
Mapped:           623764 kB
Shmem:             17832 kB
KReclaimable:     318684 kB
Slab:             318268 kB
SReclaimable:      87488 kB
SUnreclaim:       230780 kB
KernelStack:       48720 kB
ShadowCallStack:   12204 kB
PageTables:        71304 kB
NFS_Unstable:          0 kB
Bounce:                0 kB
WritebackTmp:          0 kB
CommitLimit:     8676856 kB
Committed_AS:   69239168 kB
VmallocTotal:   263061440 kB
VmallocUsed:      130668 kB
VmallocChunk:          0 kB
Percpu:             2448 kB
CmaTotal:         405504 kB
CmaFree:           32552 kB
MemTotal:        7916544 kB
MemFree:          899672 kB
MemAvailable:    2110216 kB
Buffers:            3884 kB
Cached:          1317140 kB
SwapCached:         6688 kB
Active:          2963868 kB
Inactive:        1321392 kB
Active(anon):    2729500 kB
Inactive(anon):   257304 kB
Active(file):     234368 kB
Inactive(file):  1064088 kB
Unevictable:        6372 kB
Mlocked:            5932 kB
SwapTotal:       4718584 kB
SwapFree:        3954680 kB
Dirty:               316 kB
Writeback:             0 kB
AnonPages:       2966576 kB
Mapped:           623764 kB
Shmem:             17832 kB
KReclaimable:     318684 kB
Slab:             318260 kB
SReclaimable:      87488 kB
SUnreclaim:       230772 kB
KernelStack:       48688 kB
ShadowCallStack:   12212 kB
PageTables:        71428 kB
NFS_Unstable:          0 kB
Bounce:                0 kB
WritebackTmp:          0 kB
CommitLimit:     8676856 kB
Committed_AS:   69239172 kB
VmallocTotal:   263061440 kB
VmallocUsed:      130636 kB
VmallocChunk:          0 kB
Percpu:             2448 kB
CmaTotal:         405504 kB
CmaFree:           26740 kB
MemTotal:        7916544 kB
MemFree:          888004 kB
MemAvailable:    2098548 kB
Buffers:            3884 kB
Cached:          1317140 kB
SwapCached:         6688 kB
Active:          2974616 kB
Inactive:        1321312 kB
Active(anon):    2740248 kB
Inactive(anon):   257224 kB
Active(file):     234368 kB
Inactive(file):  1064088 kB
Unevictable:        6372 kB
Mlocked:            5932 kB
SwapTotal:       4718584 kB
SwapFree:        3954680 kB
Dirty:               316 kB
Writeback:             0 kB
AnonPages:       2977156 kB
Mapped:           623760 kB
Shmem:             17832 kB
KReclaimable:     318684 kB
Slab:             318276 kB
SReclaimable:      87488 kB
SUnreclaim:       230788 kB
KernelStack:       48544 kB
ShadowCallStack:   12176 kB
PageTables:        71528 kB
NFS_Unstable:          0 kB
Bounce:                0 kB
WritebackTmp:          0 kB
CommitLimit:     8676856 kB
Committed_AS:   69255188 kB
VmallocTotal:   263061440 kB
VmallocUsed:      130496 kB
VmallocChunk:          0 kB
Percpu:             2448 kB
CmaTotal:         405504 kB
CmaFree:           15940 kB
MemTotal:        7916544 kB
MemFree:          878144 kB
MemAvailable:    2088696 kB
Buffers:            3892 kB
Cached:          1317140 kB
SwapCached:         6688 kB
Active:          2985380 kB
Inactive:        1321304 kB
Active(anon):    2751012 kB
Inactive(anon):   257208 kB
Active(file):     234368 kB
Inactive(file):  1064096 kB
Unevictable:        6372 kB
Mlocked:            5932 kB
SwapTotal:       4718584 kB
SwapFree:        3954680 kB
Dirty:               316 kB
Writeback:             0 kB
AnonPages:       2987888 kB
Mapped:           623744 kB
Shmem:             17832 kB
KReclaimable:     318684 kB
Slab:             318260 kB
SReclaimable:      87488 kB
SUnreclaim:       230772 kB
KernelStack:       48608 kB
ShadowCallStack:   12172 kB
PageTables:        71348 kB
NFS_Unstable:          0 kB
Bounce:                0 kB
WritebackTmp:          0 kB
CommitLimit:     8676856 kB
Committed_AS:   69271572 kB
VmallocTotal:   263061440 kB
VmallocUsed:      130496 kB
VmallocChunk:          0 kB
Percpu:             2448 kB
CmaTotal:         405504 kB
CmaFree:            5560 kB
MemTotal:        7916544 kB
MemFree:          861308 kB
MemAvailable:    2071668 kB
Buffers:            3892 kB
Cached:          1317140 kB
SwapCached:         6688 kB
Active:          3002456 kB
Inactive:        1321304 kB
Active(anon):    2768088 kB
Inactive(anon):   257208 kB
Active(file):     234368 kB
Inactive(file):  1064096 kB
Unevictable:        6372 kB
Mlocked:            5932 kB
SwapTotal:       4718584 kB
SwapFree:        3954680 kB
Dirty:               320 kB
Writeback:             0 kB
AnonPages:       3005048 kB
Mapped:           624076 kB
Shmem:             17832 kB
KReclaimable:     318492 kB
Slab:             318184 kB
SReclaimable:      87392 kB
SUnreclaim:       230792 kB
KernelStack:       48592 kB
ShadowCallStack:   12164 kB
PageTables:        71316 kB
NFS_Unstable:          0 kB
Bounce:                0 kB
WritebackTmp:          0 kB
CommitLimit:     8676856 kB
Committed_AS:   69271356 kB
VmallocTotal:   263061440 kB
VmallocUsed:      130496 kB
VmallocChunk:          0 kB
Percpu:             2448 kB
CmaTotal:         405504 kB
CmaFree:               0 kB
MemTotal:        7916544 kB
MemFree:          852116 kB
MemAvailable:    2062412 kB
Buffers:            3892 kB
Cached:          1317140 kB
SwapCached:         6688 kB
Active:          3012460 kB
Inactive:        1321304 kB
Active(anon):    2778092 kB
Inactive(anon):   257208 kB
Active(file):     234368 kB
Inactive(file):  1064096 kB
Unevictable:        6372 kB
Mlocked:            5932 kB
SwapTotal:       4718584 kB
SwapFree:        3954680 kB
Dirty:               324 kB
Writeback:             0 kB
AnonPages:       3015020 kB
Mapped:           623860 kB
Shmem:             17832 kB
KReclaimable:     318428 kB
Slab:             318148 kB
SReclaimable:      87392 kB
SUnreclaim:       230756 kB
KernelStack:       48544 kB
ShadowCallStack:   12176 kB
PageTables:        71444 kB
NFS_Unstable:          0 kB
Bounce:                0 kB
WritebackTmp:          0 kB
CommitLimit:     8676856 kB
Committed_AS:   69271356 kB
VmallocTotal:   263061440 kB
VmallocUsed:      130496 kB
VmallocChunk:          0 kB
Percpu:             2448 kB
CmaTotal:         405504 kB
CmaFree:               0 kB
MemTotal:        7916544 kB
MemFree:          840496 kB
MemAvailable:    2050764 kB
Buffers:            3904 kB
Cached:          1317132 kB
SwapCached:         6688 kB
Active:          3023768 kB
Inactive:        1321308 kB
Active(anon):    2789400 kB
Inactive(anon):   257208 kB
Active(file):     234368 kB
Inactive(file):  1064100 kB
Unevictable:        6372 kB
Mlocked:            5932 kB
SwapTotal:       4718584 kB
SwapFree:        3954680 kB
Dirty:               324 kB
Writeback:             0 kB
AnonPages:       3026260 kB
Mapped:           624088 kB
Shmem:             17832 kB
KReclaimable:     318396 kB
Slab:             318184 kB
SReclaimable:      87392 kB
SUnreclaim:       230792 kB
KernelStack:       48608 kB
ShadowCallStack:   12168 kB
PageTables:        71408 kB
NFS_Unstable:          0 kB
Bounce:                0 kB
WritebackTmp:          0 kB
CommitLimit:     8676856 kB
Committed_AS:   69287740 kB
VmallocTotal:   263061440 kB
VmallocUsed:      130496 kB
VmallocChunk:          0 kB
Percpu:             2448 kB
CmaTotal:         405504 kB
CmaFree:               0 kB
MemTotal:        7916544 kB
MemFree:          836028 kB
MemAvailable:    2046304 kB
Buffers:            3904 kB
Cached:          1317144 kB
SwapCached:         6688 kB
Active:          3028620 kB
Inactive:        1321316 kB
Active(anon):    2794252 kB
Inactive(anon):   257208 kB
Active(file):     234368 kB
Inactive(file):  1064108 kB
Unevictable:        6372 kB
Mlocked:            5932 kB
SwapTotal:       4718584 kB
SwapFree:        3954680 kB
Dirty:               388 kB
Writeback:             0 kB
AnonPages:       3031132 kB
Mapped:           623968 kB
Shmem:             17836 kB
KReclaimable:     318396 kB
Slab:             318212 kB
SReclaimable:      87392 kB
SUnreclaim:       230820 kB
KernelStack:       48592 kB
ShadowCallStack:   12172 kB
PageTables:        71420 kB
NFS_Unstable:          0 kB
Bounce:                0 kB
WritebackTmp:          0 kB
CommitLimit:     8676856 kB
Committed_AS:   69304128 kB
VmallocTotal:   263061440 kB
VmallocUsed:      130460 kB
VmallocChunk:          0 kB
Percpu:             2448 kB
CmaTotal:         405504 kB
CmaFree:               0 kB
MemTotal:        7916544 kB
MemFree:          819956 kB
MemAvailable:    2030168 kB
Buffers:            3904 kB
Cached:          1317144 kB
SwapCached:         6688 kB
Active:          3044184 kB
Inactive:        1321316 kB
Active(anon):    2809816 kB
Inactive(anon):   257208 kB
Active(file):     234368 kB
Inactive(file):  1064108 kB
Unevictable:        6372 kB
Mlocked:            5932 kB
SwapTotal:       4718584 kB
SwapFree:        3954680 kB
Dirty:               532 kB
Writeback:             0 kB
AnonPages:       3046612 kB
Mapped:           624072 kB
Shmem:             17836 kB
KReclaimable:     318332 kB
Slab:             318220 kB
SReclaimable:      87392 kB
SUnreclaim:       230828 kB
KernelStack:       48544 kB
ShadowCallStack:   12160 kB
PageTables:        71460 kB
NFS_Unstable:          0 kB
Bounce:                0 kB
WritebackTmp:          0 kB
CommitLimit:     8676856 kB
Committed_AS:   69320512 kB
VmallocTotal:   263061440 kB
VmallocUsed:      130476 kB
VmallocChunk:          0 kB
Percpu:             2448 kB
CmaTotal:         405504 kB
CmaFree:               0 kB
MemTotal:        7916544 kB
MemFree:          797776 kB
MemAvailable:    2007868 kB
Buffers:            3904 kB
Cached:          1317240 kB
SwapCached:         6688 kB
Active:          3066736 kB
Inactive:        1321316 kB
Active(anon):    2832272 kB
Inactive(anon):   257208 kB
Active(file):     234464 kB
Inactive(file):  1064108 kB
Unevictable:        6372 kB
Mlocked:            5932 kB
SwapTotal:       4718584 kB
SwapFree:        3954680 kB
Dirty:               532 kB
Writeback:             0 kB
AnonPages:       3069220 kB
Mapped:           624232 kB
Shmem:             17836 kB
KReclaimable:     318116 kB
Slab:             318144 kB
SReclaimable:      87328 kB
SUnreclaim:       230816 kB
KernelStack:       48576 kB
ShadowCallStack:   12176 kB
PageTables:        71524 kB
NFS_Unstable:          0 kB
Bounce:                0 kB
WritebackTmp:          0 kB
CommitLimit:     8676856 kB
Committed_AS:   69336900 kB
VmallocTotal:   263061440 kB
VmallocUsed:      130480 kB
VmallocChunk:          0 kB
Percpu:             2448 kB
CmaTotal:         405504 kB
CmaFree:               0 kB
MemTotal:        7916544 kB
MemFree:          789720 kB
MemAvailable:    1999720 kB
Buffers:            3912 kB
Cached:          1317236 kB
SwapCached:         6688 kB
Active:          3075752 kB
Inactive:        1321320 kB
Active(anon):    2841288 kB
Inactive(anon):   257208 kB
Active(file):     234464 kB
Inactive(file):  1064112 kB
Unevictable:        6372 kB
Mlocked:            5932 kB
SwapTotal:       4718584 kB
SwapFree:        3954680 kB
Dirty:               536 kB
Writeback:             0 kB
AnonPages:       3078364 kB
Mapped:           624124 kB
Shmem:             17836 kB
KReclaimable:     318020 kB
Slab:             318156 kB
SReclaimable:      87328 kB
SUnreclaim:       230828 kB
KernelStack:       48576 kB
ShadowCallStack:   12176 kB
PageTables:        71480 kB
NFS_Unstable:          0 kB
Bounce:                0 kB
WritebackTmp:          0 kB
CommitLimit:     8676856 kB
Committed_AS:   69353280 kB
VmallocTotal:   263061440 kB
VmallocUsed:      130468 kB
VmallocChunk:          0 kB
Percpu:             2448 kB
CmaTotal:         405504 kB
CmaFree:               0 kB
MemTotal:        7916544 kB
MemFree:          772192 kB
MemAvailable:    1982364 kB
Buffers:            3912 kB
Cached:          1317476 kB
SwapCached:         6688 kB
Active:          3093032 kB
Inactive:        1321324 kB
Active(anon):    2858336 kB
Inactive(anon):   257208 kB
Active(file):     234696 kB
Inactive(file):  1064116 kB
Unevictable:        6372 kB
Mlocked:            5932 kB
SwapTotal:       4718584 kB
SwapFree:        3954936 kB
Dirty:               544 kB
Writeback:             0 kB
AnonPages:       3095292 kB
Mapped:           624620 kB
Shmem:             17840 kB
KReclaimable:     317956 kB
Slab:             318152 kB
SReclaimable:      87328 kB
SUnreclaim:       230824 kB
KernelStack:       48608 kB
ShadowCallStack:   12168 kB
PageTables:        71496 kB
NFS_Unstable:          0 kB
Bounce:                0 kB
WritebackTmp:          0 kB
CommitLimit:     8676856 kB
Committed_AS:   69369592 kB
VmallocTotal:   263061440 kB
VmallocUsed:      130468 kB
VmallocChunk:          0 kB
Percpu:             2448 kB
CmaTotal:         405504 kB
CmaFree:               0 kB
MemTotal:        7916544 kB
MemFree:          762880 kB
MemAvailable:    1972948 kB
Buffers:            3912 kB
Cached:          1317476 kB
SwapCached:         6688 kB
Active:          3101084 kB
Inactive:        1321324 kB
Active(anon):    2866388 kB
Inactive(anon):   257208 kB
Active(file):     234696 kB
Inactive(file):  1064116 kB
Unevictable:        6372 kB
Mlocked:            5932 kB
SwapTotal:       4718584 kB
SwapFree:        3954936 kB
Dirty:               548 kB
Writeback:             0 kB
AnonPages:       3103364 kB
Mapped:           624688 kB
Shmem:             17840 kB
KReclaimable:     317852 kB
Slab:             318172 kB
SReclaimable:      87328 kB
SUnreclaim:       230844 kB
KernelStack:       48528 kB
ShadowCallStack:   12168 kB
PageTables:        71332 kB
NFS_Unstable:          0 kB
Bounce:                0 kB
WritebackTmp:          0 kB
CommitLimit:     8676856 kB
Committed_AS:   69369592 kB
VmallocTotal:   263061440 kB
VmallocUsed:      130492 kB
VmallocChunk:          0 kB
Percpu:             2448 kB
CmaTotal:         405504 kB
CmaFree:               0 kB
MemTotal:        7916544 kB
MemFree:          756072 kB
MemAvailable:    1966140 kB
Buffers:            3912 kB
Cached:          1317476 kB
SwapCached:         6688 kB
Active:          3108848 kB
Inactive:        1321324 kB
Active(anon):    2874152 kB
Inactive(anon):   257208 kB
Active(file):     234696 kB
Inactive(file):  1064116 kB
Unevictable:        6372 kB
Mlocked:            5932 kB
SwapTotal:       4718584 kB
SwapFree:        3954936 kB
Dirty:               548 kB
Writeback:             0 kB
AnonPages:       3111064 kB
Mapped:           624636 kB
Shmem:             17840 kB
KReclaimable:     317852 kB
Slab:             318152 kB
SReclaimable:      87328 kB
SUnreclaim:       230824 kB
KernelStack:       48592 kB
ShadowCallStack:   12172 kB
PageTables:        71664 kB
NFS_Unstable:          0 kB
Bounce:                0 kB
WritebackTmp:          0 kB
CommitLimit:     8676856 kB
Committed_AS:   69369636 kB
VmallocTotal:   263061440 kB
VmallocUsed:      130504 kB
VmallocChunk:          0 kB
Percpu:             2448 kB
CmaTotal:         405504 kB
CmaFree:               0 kB
MemTotal:        7916544 kB
MemFree:          746992 kB
MemAvailable:    1957060 kB
Buffers:            3912 kB
Cached:          1317476 kB
SwapCached:         6688 kB
Active:          3116936 kB
Inactive:        1321324 kB
Active(anon):    2882240 kB
Inactive(anon):   257208 kB
Active(file):     234696 kB
Inactive(file):  1064116 kB
Unevictable:        6372 kB
Mlocked:            5932 kB
SwapTotal:       4718584 kB
SwapFree:        3954936 kB
Dirty:               548 kB
Writeback:             0 kB
AnonPages:       3119136 kB
Mapped:           624700 kB
Shmem:             17840 kB
KReclaimable:     317852 kB
Slab:             318116 kB
SReclaimable:      87328 kB
SUnreclaim:       230788 kB
KernelStack:       48576 kB
ShadowCallStack:   12168 kB
PageTables:        71628 kB
NFS_Unstable:          0 kB
Bounce:                0 kB
WritebackTmp:          0 kB
CommitLimit:     8676856 kB
Committed_AS:   69402360 kB
VmallocTotal:   263061440 kB
VmallocUsed:      130476 kB
VmallocChunk:          0 kB
Percpu:             2448 kB
CmaTotal:         405504 kB
CmaFree:               0 kB
MemTotal:        7916544 kB
MemFree:          729972 kB
MemAvailable:    1940040 kB
Buffers:            3912 kB
Cached:          1317476 kB
SwapCached:         6688 kB
Active:          3134448 kB
Inactive:        1321324 kB
Active(anon):    2899752 kB
Inactive(anon):   257208 kB
Active(file):     234696 kB
Inactive(file):  1064116 kB
Unevictable:        6372 kB
Mlocked:            5932 kB
SwapTotal:       4718584 kB
SwapFree:        3954936 kB
Dirty:               204 kB
Writeback:           172 kB
AnonPages:       3136860 kB
Mapped:           624604 kB
Shmem:             17840 kB
KReclaimable:     317852 kB
Slab:             318120 kB
SReclaimable:      87328 kB
SUnreclaim:       230792 kB
KernelStack:       48544 kB
ShadowCallStack:   12160 kB
PageTables:        71788 kB
NFS_Unstable:          0 kB
Bounce:                0 kB
WritebackTmp:          0 kB
CommitLimit:     8676856 kB
Committed_AS:   69402360 kB
VmallocTotal:   263061440 kB
VmallocUsed:      130472 kB
VmallocChunk:          0 kB
Percpu:             2448 kB
CmaTotal:         405504 kB
CmaFree:               0 kB
MemTotal:        7916544 kB
MemFree:          716784 kB
MemAvailable:    1926920 kB
Buffers:            3920 kB
Cached:          1317600 kB
SwapCached:         6688 kB
Active:          3147196 kB
Inactive:        1321332 kB
Active(anon):    2912376 kB
Inactive(anon):   257208 kB
Active(file):     234820 kB
Inactive(file):  1064124 kB
Unevictable:        6372 kB
Mlocked:            5932 kB
SwapTotal:       4718584 kB
SwapFree:        3954936 kB
Dirty:                84 kB
Writeback:             0 kB
AnonPages:       3149308 kB
Mapped:           624828 kB
Shmem:             17840 kB
KReclaimable:     317788 kB
Slab:             318172 kB
SReclaimable:      87328 kB
SUnreclaim:       230844 kB
KernelStack:       48608 kB
ShadowCallStack:   12176 kB
PageTables:        71700 kB
NFS_Unstable:          0 kB
Bounce:                0 kB
WritebackTmp:          0 kB
CommitLimit:     8676856 kB
Committed_AS:   69435128 kB
VmallocTotal:   263061440 kB
VmallocUsed:      130460 kB
VmallocChunk:          0 kB
Percpu:             2448 kB
CmaTotal:         405504 kB
CmaFree:               0 kB
MemTotal:        7916544 kB
MemFree:          723300 kB
MemAvailable:    1933436 kB
Buffers:            3920 kB
Cached:          1317600 kB
SwapCached:         6688 kB
Active:          3140496 kB
Inactive:        1321332 kB
Active(anon):    2905676 kB
Inactive(anon):   257208 kB
Active(file):     234820 kB
Inactive(file):  1064124 kB
Unevictable:        6372 kB
Mlocked:            5932 kB
SwapTotal:       4718584 kB
SwapFree:        3954936 kB
Dirty:                84 kB
Writeback:             0 kB
AnonPages:       3142580 kB
Mapped:           614660 kB
Shmem:             17840 kB
KReclaimable:     317788 kB
Slab:             318164 kB
SReclaimable:      87328 kB
SUnreclaim:       230836 kB
KernelStack:       48544 kB
ShadowCallStack:   12164 kB
PageTables:        71584 kB
NFS_Unstable:          0 kB
Bounce:                0 kB
WritebackTmp:          0 kB
CommitLimit:     8676856 kB
Committed_AS:   69435184 kB
VmallocTotal:   263061440 kB
VmallocUsed:      130492 kB
VmallocChunk:          0 kB
Percpu:             2448 kB
CmaTotal:         405504 kB
CmaFree:            1152 kB
MemTotal:        7916544 kB
MemFree:          711520 kB
MemAvailable:    1921560 kB
Buffers:            3920 kB
Cached:          1317600 kB
SwapCached:         6688 kB
Active:          3154028 kB
Inactive:        1321332 kB
Active(anon):    2919208 kB
Inactive(anon):   257208 kB
Active(file):     234820 kB
Inactive(file):  1064124 kB
Unevictable:        6372 kB
Mlocked:            5932 kB
SwapTotal:       4718584 kB
SwapFree:        3954936 kB
Dirty:               116 kB
Writeback:             0 kB
AnonPages:       3156104 kB
Mapped:           614764 kB
Shmem:             17840 kB
KReclaimable:     317692 kB
Slab:             318120 kB
SReclaimable:      87328 kB
SUnreclaim:       230792 kB
KernelStack:       48640 kB
ShadowCallStack:   12172 kB
PageTables:        71668 kB
NFS_Unstable:          0 kB
Bounce:                0 kB
WritebackTmp:          0 kB
CommitLimit:     8676856 kB
Committed_AS:   69435180 kB
VmallocTotal:   263061440 kB
VmallocUsed:      130512 kB
VmallocChunk:          0 kB
Percpu:             2448 kB
CmaTotal:         405504 kB
CmaFree:               0 kB
MemTotal:        7916544 kB
MemFree:          703000 kB
MemAvailable:    1913040 kB
Buffers:            3920 kB
Cached:          1317600 kB
SwapCached:         6688 kB
Active:          3163132 kB
Inactive:        1321332 kB
Active(anon):    2928312 kB
Inactive(anon):   257208 kB
Active(file):     234820 kB
Inactive(file):  1064124 kB
Unevictable:        6372 kB
Mlocked:            5932 kB
SwapTotal:       4718584 kB
SwapFree:        3954936 kB
Dirty:               132 kB
Writeback:             0 kB
AnonPages:       3165324 kB
Mapped:           614732 kB
Shmem:             17840 kB
KReclaimable:     317692 kB
Slab:             318132 kB
SReclaimable:      87328 kB
SUnreclaim:       230804 kB
KernelStack:       48608 kB
ShadowCallStack:   12172 kB
PageTables:        71836 kB
NFS_Unstable:          0 kB
Bounce:                0 kB
WritebackTmp:          0 kB
CommitLimit:     8676856 kB
Committed_AS:   69451564 kB
VmallocTotal:   263061440 kB
VmallocUsed:      130496 kB
VmallocChunk:          0 kB
Percpu:             2448 kB
CmaTotal:         405504 kB
CmaFree:              56 kB
MemTotal:        7916544 kB
MemFree:          694304 kB
MemAvailable:    1904344 kB
Buffers:            3920 kB
Cached:          1317600 kB
SwapCached:         6688 kB
Active:          3170700 kB
Inactive:        1321320 kB
Active(anon):    2935880 kB
Inactive(anon):   257196 kB
Active(file):     234820 kB
Inactive(file):  1064124 kB
Unevictable:        6372 kB
Mlocked:            5932 kB
SwapTotal:       4718584 kB
SwapFree:        3954936 kB
Dirty:               132 kB
Writeback:             0 kB
AnonPages:       3172788 kB
