MemTotal:        7916544 kB
MemFree:          663624 kB
MemAvailable:    4116044 kB
Buffers:           42408 kB
Cached:          3126232 kB
SwapCached:            0 kB
Active:          2962496 kB
Inactive:        1683172 kB
Active(anon):    1445120 kB
Inactive(anon):    60988 kB
Active(file):    1517376 kB
Inactive(file):  1622184 kB
Unevictable:        6192 kB
Mlocked:            5752 kB
SwapTotal:       4718584 kB
SwapFree:        4718584 kB
Dirty:             18124 kB
Writeback:             0 kB
AnonPages:       1483256 kB
Mapped:           971920 kB
Shmem:             24392 kB
KReclaimable:     760416 kB
Slab:             340204 kB
SReclaimable:     110988 kB
SUnreclaim:       229216 kB
KernelStack:       50432 kB
ShadowCallStack:   12628 kB
PageTables:        70024 kB
NFS_Unstable:          0 kB
Bounce:                0 kB
WritebackTmp:          0 kB
CommitLimit:     8676856 kB
Committed_AS:   75600824 kB
VmallocTotal:   263061440 kB
VmallocUsed:      132808 kB
VmallocChunk:          0 kB
Percpu:             2448 kB
CmaTotal:         405504 kB
CmaFree:          115068 kB
MemTotal:        7916544 kB
MemFree:          213904 kB
MemAvailable:    3126148 kB
Buffers:           42456 kB
Cached:          2902856 kB
SwapCached:            0 kB
Active:          3674800 kB
Inactive:        1435572 kB
Active(anon):    2133296 kB
Inactive(anon):    60996 kB
Active(file):    1541504 kB
Inactive(file):  1374576 kB
Unevictable:        6192 kB
Mlocked:            5752 kB
SwapTotal:       4718584 kB
SwapFree:        4718584 kB
Dirty:             18008 kB
Writeback:             0 kB
AnonPages:       2171372 kB
Mapped:          1073384 kB
Shmem:             24472 kB
KReclaimable:     386376 kB
Slab:             336824 kB
SReclaimable:     106268 kB
SUnreclaim:       230556 kB
KernelStack:       50272 kB
ShadowCallStack:   12600 kB
PageTables:        72832 kB
NFS_Unstable:          0 kB
Bounce:                0 kB
WritebackTmp:          0 kB
CommitLimit:     8676856 kB
Committed_AS:   76742136 kB
VmallocTotal:   263061440 kB
VmallocUsed:      132608 kB
VmallocChunk:          0 kB
Percpu:             2448 kB
CmaTotal:         405504 kB
CmaFree:             156 kB
MemTotal:        7916544 kB
MemFree:          210800 kB
MemAvailable:    3081736 kB
Buffers:           41676 kB
Cached:          2870716 kB
SwapCached:            0 kB
Active:          3722264 kB
Inactive:        1397304 kB
Active(anon):    2175408 kB
Inactive(anon):    60992 kB
Active(file):    1546856 kB
Inactive(file):  1336312 kB
Unevictable:        6192 kB
Mlocked:            5752 kB
SwapTotal:       4718584 kB
SwapFree:        4718584 kB
Dirty:             18008 kB
Writeback:             0 kB
AnonPages:       2213460 kB
Mapped:          1071668 kB
Shmem:             24476 kB
KReclaimable:     377980 kB
Slab:             336252 kB
SReclaimable:     105656 kB
SUnreclaim:       230596 kB
KernelStack:       50240 kB
ShadowCallStack:   12600 kB
PageTables:        72960 kB
NFS_Unstable:          0 kB
Bounce:                0 kB
WritebackTmp:          0 kB
CommitLimit:     8676856 kB
Committed_AS:   76758520 kB
VmallocTotal:   263061440 kB
VmallocUsed:      132632 kB
VmallocChunk:          0 kB
Percpu:             2448 kB
CmaTotal:         405504 kB
CmaFree:               0 kB
MemTotal:        7916544 kB
MemFree:          211288 kB
MemAvailable:    3054060 kB
Buffers:           41684 kB
Cached:          2848484 kB
SwapCached:            0 kB
Active:          3749060 kB
Inactive:        1374904 kB
Active(anon):    2202040 kB
Inactive(anon):    60996 kB
Active(file):    1547020 kB
Inactive(file):  1313908 kB
Unevictable:        6192 kB
Mlocked:            5752 kB
SwapTotal:       4718584 kB
SwapFree:        4718584 kB
Dirty:               820 kB
Writeback:          8548 kB
AnonPages:       2240092 kB
Mapped:          1071668 kB
Shmem:             24476 kB
KReclaimable:     372056 kB
Slab:             335888 kB
SReclaimable:     105180 kB
SUnreclaim:       230708 kB
KernelStack:       50224 kB
ShadowCallStack:   12596 kB
PageTables:        72860 kB
NFS_Unstable:          0 kB
Bounce:                0 kB
WritebackTmp:          0 kB
CommitLimit:     8676856 kB
Committed_AS:   76774904 kB
VmallocTotal:   263061440 kB
VmallocUsed:      132636 kB
VmallocChunk:          0 kB
Percpu:             2448 kB
CmaTotal:         405504 kB
CmaFree:               0 kB
MemTotal:        7916544 kB
MemFree:          211216 kB
MemAvailable:    3023220 kB
Buffers:           41684 kB
Cached:          2822572 kB
SwapCached:            0 kB
Active:          3796360 kB
Inactive:        1333720 kB
Active(anon):    2233996 kB
Inactive(anon):    60996 kB
Active(file):    1562364 kB
Inactive(file):  1272724 kB
Unevictable:        6192 kB
Mlocked:            5752 kB
SwapTotal:       4718584 kB
SwapFree:        4718584 kB
Dirty:               776 kB
Writeback:             0 kB
AnonPages:       2272076 kB
Mapped:          1070688 kB
Shmem:             24480 kB
KReclaimable:     367128 kB
Slab:             335232 kB
SReclaimable:     104492 kB
SUnreclaim:       230740 kB
KernelStack:       50272 kB
ShadowCallStack:   12600 kB
PageTables:        72984 kB
NFS_Unstable:          0 kB
Bounce:                0 kB
WritebackTmp:          0 kB
CommitLimit:     8676856 kB
Committed_AS:   76824060 kB
VmallocTotal:   263061440 kB
VmallocUsed:      132652 kB
VmallocChunk:          0 kB
Percpu:             2448 kB
CmaTotal:         405504 kB
CmaFree:               0 kB
MemTotal:        7916544 kB
MemFree:          211540 kB
MemAvailable:    2996472 kB
Buffers:           41684 kB
Cached:          2798284 kB
SwapCached:            0 kB
Active:          3822196 kB
Inactive:        1309324 kB
Active(anon):    2259832 kB
Inactive(anon):    60992 kB
Active(file):    1562364 kB
Inactive(file):  1248332 kB
Unevictable:        6192 kB
Mlocked:            5752 kB
SwapTotal:       4718584 kB
SwapFree:        4718584 kB
Dirty:               864 kB
Writeback:             0 kB
AnonPages:       2298056 kB
Mapped:          1070656 kB
Shmem:             24484 kB
KReclaimable:     364448 kB
Slab:             334600 kB
SReclaimable:     103948 kB
SUnreclaim:       230652 kB
KernelStack:       50272 kB
ShadowCallStack:   12596 kB
PageTables:        73016 kB
NFS_Unstable:          0 kB
Bounce:                0 kB
WritebackTmp:          0 kB
CommitLimit:     8676856 kB
Committed_AS:   76840448 kB
VmallocTotal:   263061440 kB
VmallocUsed:      132652 kB
VmallocChunk:          0 kB
Percpu:             2448 kB
CmaTotal:         405504 kB
CmaFree:              12 kB
MemTotal:        7916544 kB
MemFree:          210184 kB
MemAvailable:    2972124 kB
Buffers:           41684 kB
Cached:          2777788 kB
SwapCached:            0 kB
Active:          3846196 kB
Inactive:        1288892 kB
Active(anon):    2283832 kB
Inactive(anon):    60996 kB
Active(file):    1562364 kB
Inactive(file):  1227896 kB
Unevictable:        6192 kB
Mlocked:            5752 kB
SwapTotal:       4718584 kB
SwapFree:        4718584 kB
Dirty:               956 kB
Writeback:             0 kB
AnonPages:       2321872 kB
Mapped:          1070644 kB
Shmem:             24484 kB
KReclaimable:     361892 kB
Slab:             334156 kB
SReclaimable:     103504 kB
SUnreclaim:       230652 kB
KernelStack:       50272 kB
ShadowCallStack:   12592 kB
PageTables:        73156 kB
NFS_Unstable:          0 kB
Bounce:                0 kB
WritebackTmp:          0 kB
CommitLimit:     8676856 kB
Committed_AS:   76856832 kB
VmallocTotal:   263061440 kB
VmallocUsed:      132632 kB
VmallocChunk:          0 kB
Percpu:             2448 kB
CmaTotal:         405504 kB
CmaFree:               0 kB
MemTotal:        7916544 kB
MemFree:          210272 kB
MemAvailable:    2947440 kB
Buffers:           41684 kB
Cached:          2755948 kB
SwapCached:            0 kB
Active:          3871324 kB
Inactive:        1267080 kB
Active(anon):    2308960 kB
Inactive(anon):    60992 kB
Active(file):    1562364 kB
Inactive(file):  1206088 kB
Unevictable:        6192 kB
Mlocked:            5752 kB
SwapTotal:       4718584 kB
SwapFree:        4718584 kB
Dirty:               968 kB
Writeback:             0 kB
AnonPages:       2347016 kB
Mapped:          1070804 kB
Shmem:             24492 kB
KReclaimable:     358928 kB
Slab:             333344 kB
SReclaimable:     102700 kB
SUnreclaim:       230644 kB
KernelStack:       50256 kB
ShadowCallStack:   12588 kB
PageTables:        73196 kB
NFS_Unstable:          0 kB
Bounce:                0 kB
WritebackTmp:          0 kB
CommitLimit:     8676856 kB
Committed_AS:   76889612 kB
VmallocTotal:   263061440 kB
VmallocUsed:      132652 kB
VmallocChunk:          0 kB
Percpu:             2448 kB
CmaTotal:         405504 kB
CmaFree:               0 kB
MemTotal:        7916544 kB
MemFree:          210748 kB
MemAvailable:    2929828 kB
Buffers:           41684 kB
Cached:          2739324 kB
SwapCached:            0 kB
Active:          3887944 kB
Inactive:        1250456 kB
Active(anon):    2325580 kB
Inactive(anon):    61000 kB
Active(file):    1562364 kB
Inactive(file):  1189456 kB
Unevictable:        6192 kB
Mlocked:            5752 kB
SwapTotal:       4718584 kB
SwapFree:        4718584 kB
Dirty:               972 kB
Writeback:             0 kB
AnonPages:       2363776 kB
Mapped:          1070848 kB
Shmem:             24492 kB
KReclaimable:     357472 kB
Slab:             332936 kB
SReclaimable:     102228 kB
SUnreclaim:       230708 kB
KernelStack:       50240 kB
ShadowCallStack:   12600 kB
PageTables:        72940 kB
NFS_Unstable:          0 kB
Bounce:                0 kB
WritebackTmp:          0 kB
CommitLimit:     8676856 kB
Committed_AS:   76905996 kB
VmallocTotal:   263061440 kB
VmallocUsed:      132648 kB
VmallocChunk:          0 kB
Percpu:             2448 kB
CmaTotal:         405504 kB
CmaFree:               0 kB
MemTotal:        7916544 kB
MemFree:          211612 kB
MemAvailable:    2917788 kB
Buffers:           41692 kB
Cached:          2727824 kB
SwapCached:            0 kB
Active:          3900360 kB
Inactive:        1238968 kB
Active(anon):    2337996 kB
Inactive(anon):    60996 kB
Active(file):    1562364 kB
Inactive(file):  1177972 kB
Unevictable:        6192 kB
Mlocked:            5752 kB
SwapTotal:       4718584 kB
SwapFree:        4718584 kB
Dirty:               216 kB
Writeback:             0 kB
AnonPages:       2376040 kB
Mapped:          1070972 kB
Shmem:             24492 kB
KReclaimable:     356052 kB
Slab:             332856 kB
SReclaimable:     101960 kB
SUnreclaim:       230896 kB
KernelStack:       50304 kB
ShadowCallStack:   12600 kB
PageTables:        73292 kB
NFS_Unstable:          0 kB
Bounce:                0 kB
WritebackTmp:          0 kB
CommitLimit:     8676856 kB
Committed_AS:   76922376 kB
VmallocTotal:   263061440 kB
VmallocUsed:      132652 kB
VmallocChunk:          0 kB
Percpu:             2448 kB
CmaTotal:         405504 kB
CmaFree:               0 kB
MemTotal:        7916544 kB
MemFree:          212956 kB
MemAvailable:    2902732 kB
Buffers:           41692 kB
Cached:          2713712 kB
SwapCached:            0 kB
Active:          3914216 kB
Inactive:        1224748 kB
Active(anon):    2351848 kB
Inactive(anon):    60992 kB
Active(file):    1562368 kB
Inactive(file):  1163756 kB
Unevictable:        6192 kB
Mlocked:            5752 kB
SwapTotal:       4718584 kB
SwapFree:        4718584 kB
Dirty:               220 kB
Writeback:             0 kB
AnonPages:       2389900 kB
Mapped:          1070712 kB
Shmem:             24492 kB
KReclaimable:     353864 kB
Slab:             332544 kB
SReclaimable:     101756 kB
SUnreclaim:       230788 kB
KernelStack:       50272 kB
ShadowCallStack:   12596 kB
PageTables:        73160 kB
NFS_Unstable:          0 kB
Bounce:                0 kB
WritebackTmp:          0 kB
CommitLimit:     8676856 kB
Committed_AS:   76922376 kB
VmallocTotal:   263061440 kB
VmallocUsed:      132600 kB
VmallocChunk:          0 kB
Percpu:             2448 kB
CmaTotal:         405504 kB
CmaFree:             728 kB
MemTotal:        7916544 kB
MemFree:          212128 kB
MemAvailable:    2896388 kB
Buffers:           41692 kB
Cached:          2709392 kB
SwapCached:            0 kB
Active:          3925648 kB
Inactive:        1217692 kB
Active(anon):    2360440 kB
Inactive(anon):    60996 kB
Active(file):    1565208 kB
Inactive(file):  1156696 kB
Unevictable:        6192 kB
Mlocked:            5752 kB
SwapTotal:       4718584 kB
SwapFree:        4718584 kB
Dirty:               220 kB
Writeback:             0 kB
AnonPages:       2398560 kB
Mapped:          1069416 kB
Shmem:             24492 kB
KReclaimable:     352568 kB
Slab:             332184 kB
SReclaimable:     101612 kB
SUnreclaim:       230572 kB
KernelStack:       50272 kB
ShadowCallStack:   12592 kB
PageTables:        73232 kB
NFS_Unstable:          0 kB
Bounce:                0 kB
WritebackTmp:          0 kB
CommitLimit:     8676856 kB
Committed_AS:   76938808 kB
VmallocTotal:   263061440 kB
VmallocUsed:      132636 kB
VmallocChunk:          0 kB
Percpu:             2448 kB
CmaTotal:         405504 kB
CmaFree:               0 kB
MemTotal:        7916544 kB
MemFree:          210828 kB
MemAvailable:    2883948 kB
Buffers:           41692 kB
Cached:          2699772 kB
SwapCached:            0 kB
Active:          3946680 kB
Inactive:        1198376 kB
Active(anon):    2371744 kB
Inactive(anon):    60996 kB
Active(file):    1574936 kB
Inactive(file):  1137380 kB
Unevictable:        6192 kB
Mlocked:            5752 kB
SwapTotal:       4718584 kB
SwapFree:        4718584 kB
Dirty:               224 kB
Writeback:             0 kB
AnonPages:       2409904 kB
Mapped:          1063072 kB
Shmem:             24492 kB
KReclaimable:     351016 kB
Slab:             332180 kB
SReclaimable:     101596 kB
SUnreclaim:       230584 kB
KernelStack:       50256 kB
ShadowCallStack:   12600 kB
PageTables:        73272 kB
NFS_Unstable:          0 kB
Bounce:                0 kB
WritebackTmp:          0 kB
CommitLimit:     8676856 kB
Committed_AS:   76955144 kB
VmallocTotal:   263061440 kB
VmallocUsed:      132676 kB
VmallocChunk:          0 kB
Percpu:             2448 kB
CmaTotal:         405504 kB
CmaFree:               0 kB
MemTotal:        7916544 kB
MemFree:          224900 kB
MemAvailable:    2873056 kB
Buffers:           41692 kB
Cached:          2679192 kB
SwapCached:            0 kB
Active:          3987144 kB
Inactive:        1147560 kB
Active(anon):    2382008 kB
Inactive(anon):    60992 kB
Active(file):    1605136 kB
Inactive(file):  1086568 kB
Unevictable:        6192 kB
Mlocked:            5752 kB
SwapTotal:       4718584 kB
SwapFree:        4718584 kB
Dirty:               264 kB
Writeback:             0 kB
AnonPages:       2420060 kB
Mapped:          1058364 kB
Shmem:             24492 kB
KReclaimable:     346664 kB
Slab:             332032 kB
SReclaimable:     101340 kB
SUnreclaim:       230692 kB
KernelStack:       50256 kB
ShadowCallStack:   12596 kB
PageTables:        73372 kB
NFS_Unstable:          0 kB
Bounce:                0 kB
WritebackTmp:          0 kB
CommitLimit:     8676856 kB
Committed_AS:   76971528 kB
VmallocTotal:   263061440 kB
VmallocUsed:      132636 kB
VmallocChunk:          0 kB
Percpu:             2448 kB
CmaTotal:         405504 kB
CmaFree:               0 kB
MemTotal:        7916544 kB
MemFree:          211012 kB
MemAvailable:    2854888 kB
Buffers:           41700 kB
Cached:          2675416 kB
SwapCached:            0 kB
Active:          4005240 kB
Inactive:        1143724 kB
Active(anon):    2400036 kB
Inactive(anon):    60992 kB
Active(file):    1605204 kB
Inactive(file):  1082732 kB
Unevictable:        6192 kB
Mlocked:            5752 kB
SwapTotal:       4718584 kB
SwapFree:        4718584 kB
Dirty:               268 kB
Writeback:             0 kB
AnonPages:       2438092 kB
Mapped:          1057916 kB
Shmem:             24492 kB
KReclaimable:     346152 kB
Slab:             332024 kB
SReclaimable:     101340 kB
SUnreclaim:       230684 kB
KernelStack:       50272 kB
ShadowCallStack:   12600 kB
PageTables:        73408 kB
NFS_Unstable:          0 kB
Bounce:                0 kB
WritebackTmp:          0 kB
CommitLimit:     8676856 kB
Committed_AS:   76998028 kB
VmallocTotal:   263061440 kB
VmallocUsed:      132636 kB
VmallocChunk:          0 kB
Percpu:             2448 kB
CmaTotal:         405504 kB
CmaFree:               0 kB
MemTotal:        7916544 kB
MemFree:          211008 kB
MemAvailable:    2847256 kB
Buffers:           41708 kB
Cached:          2668184 kB
SwapCached:            0 kB
Active:          4014772 kB
Inactive:        1136136 kB
Active(anon):    2409224 kB
Inactive(anon):    60992 kB
Active(file):    1605548 kB
Inactive(file):  1075144 kB
Unevictable:        6192 kB
Mlocked:            5752 kB
SwapTotal:       4718584 kB
SwapFree:        4718584 kB
Dirty:               272 kB
Writeback:             0 kB
AnonPages:       2447264 kB
Mapped:          1055680 kB
Shmem:             24492 kB
KReclaimable:     345768 kB
Slab:             331980 kB
SReclaimable:     101340 kB
SUnreclaim:       230640 kB
KernelStack:       50256 kB
ShadowCallStack:   12596 kB
PageTables:        73184 kB
NFS_Unstable:          0 kB
Bounce:                0 kB
WritebackTmp:          0 kB
CommitLimit:     8676856 kB
Committed_AS:   77014412 kB
VmallocTotal:   263061440 kB
VmallocUsed:      132640 kB
VmallocChunk:          0 kB
Percpu:             2448 kB
CmaTotal:         405504 kB
CmaFree:               0 kB
MemTotal:        7916544 kB
MemFree:          210208 kB
MemAvailable:    2829480 kB
Buffers:           41708 kB
Cached:          2653128 kB
SwapCached:            0 kB
Active:          4038556 kB
Inactive:        1115376 kB
Active(anon):    2427288 kB
Inactive(anon):    60996 kB
Active(file):    1611268 kB
Inactive(file):  1054380 kB
Unevictable:        6192 kB
Mlocked:            5752 kB
SwapTotal:       4718584 kB
SwapFree:        4718584 kB
Dirty:               304 kB
Writeback:             0 kB
AnonPages:       2465376 kB
Mapped:          1048720 kB
Shmem:             24500 kB
KReclaimable:     343836 kB
Slab:             331984 kB
SReclaimable:     101104 kB
SUnreclaim:       230880 kB
KernelStack:       50272 kB
ShadowCallStack:   12592 kB
PageTables:        73380 kB
NFS_Unstable:          0 kB
Bounce:                0 kB
WritebackTmp:          0 kB
CommitLimit:     8676856 kB
Committed_AS:   77030804 kB
VmallocTotal:   263061440 kB
VmallocUsed:      132652 kB
VmallocChunk:          0 kB
Percpu:             2448 kB
CmaTotal:         405504 kB
CmaFree:               0 kB
MemTotal:        7916544 kB
MemFree:          210112 kB
MemAvailable:    2814256 kB
Buffers:           41708 kB
Cached:          2639788 kB
SwapCached:            0 kB
Active:          4054316 kB
Inactive:        1100648 kB
Active(anon):    2441600 kB
Inactive(anon):    60992 kB
Active(file):    1612716 kB
Inactive(file):  1039656 kB
Unevictable:        6192 kB
Mlocked:            5752 kB
SwapTotal:       4718584 kB
SwapFree:        4718584 kB
Dirty:               304 kB
Writeback:             0 kB
AnonPages:       2479652 kB
Mapped:          1047176 kB
Shmem:             24436 kB
KReclaimable:     341984 kB
Slab:             331688 kB
SReclaimable:     100788 kB
SUnreclaim:       230900 kB
KernelStack:       50240 kB
ShadowCallStack:   12592 kB
PageTables:        73520 kB
NFS_Unstable:          0 kB
Bounce:                0 kB
WritebackTmp:          0 kB
CommitLimit:     8676856 kB
Committed_AS:   77063464 kB
VmallocTotal:   263061440 kB
VmallocUsed:      132628 kB
VmallocChunk:          0 kB
Percpu:             2448 kB
CmaTotal:         405504 kB
CmaFree:               0 kB
MemTotal:        7916544 kB
MemFree:          213848 kB
MemAvailable:    2795416 kB
Buffers:           41304 kB
Cached:          2619960 kB
SwapCached:            0 kB
Active:          4092756 kB
Inactive:        1058996 kB
Active(anon):    2476352 kB
Inactive(anon):    43132 kB
Active(file):    1616404 kB
Inactive(file):  1015864 kB
Unevictable:        6192 kB
Mlocked:            5752 kB
SwapTotal:       4718584 kB
SwapFree:        4718584 kB
Dirty:               304 kB
Writeback:             0 kB
AnonPages:       2496392 kB
Mapped:          1043616 kB
Shmem:             24436 kB
KReclaimable:     339512 kB
Slab:             331044 kB
SReclaimable:     100396 kB
SUnreclaim:       230648 kB
KernelStack:       50224 kB
ShadowCallStack:   12584 kB
PageTables:        73520 kB
NFS_Unstable:          0 kB
Bounce:                0 kB
WritebackTmp:          0 kB
CommitLimit:     8676856 kB
Committed_AS:   77079848 kB
VmallocTotal:   263061440 kB
VmallocUsed:      132648 kB
VmallocChunk:          0 kB
Percpu:             2448 kB
CmaTotal:         405504 kB
CmaFree:               0 kB
MemTotal:        7916544 kB
MemFree:          215708 kB
MemAvailable:    2783208 kB
Buffers:           41244 kB
Cached:          2607236 kB
SwapCached:            0 kB
Active:          4105072 kB
Inactive:        1045640 kB
Active(anon):    2488300 kB
Inactive(anon):    43056 kB
Active(file):    1616772 kB
Inactive(file):  1002584 kB
Unevictable:        6192 kB
Mlocked:            5752 kB
SwapTotal:       4718584 kB
SwapFree:        4718584 kB
Dirty:               388 kB
Writeback:             0 kB
AnonPages:       2508520 kB
Mapped:          1043388 kB
Shmem:             24436 kB
KReclaimable:     338356 kB
Slab:             330960 kB
SReclaimable:     100264 kB
SUnreclaim:       230696 kB
KernelStack:       50256 kB
ShadowCallStack:   12588 kB
PageTables:        73480 kB
NFS_Unstable:          0 kB
Bounce:                0 kB
WritebackTmp:          0 kB
CommitLimit:     8676856 kB
Committed_AS:   77096236 kB
VmallocTotal:   263061440 kB
VmallocUsed:      132632 kB
VmallocChunk:          0 kB
Percpu:             2448 kB
CmaTotal:         405504 kB
CmaFree:              36 kB
MemTotal:        7916544 kB
MemFree:          213252 kB
MemAvailable:    2771140 kB
Buffers:           41184 kB
Cached:          2598620 kB
SwapCached:            0 kB
Active:          4116900 kB
Inactive:        1036972 kB
Active(anon):    2500128 kB
Inactive(anon):    43052 kB
Active(file):    1616772 kB
Inactive(file):   993920 kB
Unevictable:        6192 kB
Mlocked:            5752 kB
SwapTotal:       4718584 kB
SwapFree:        4718584 kB
Dirty:               408 kB
Writeback:             0 kB
AnonPages:       2520312 kB
Mapped:          1043616 kB
Shmem:             24436 kB
KReclaimable:     337408 kB
Slab:             331064 kB
SReclaimable:     100260 kB
SUnreclaim:       230804 kB
KernelStack:       50240 kB
ShadowCallStack:   12604 kB
PageTables:        73588 kB
NFS_Unstable:          0 kB
Bounce:                0 kB
WritebackTmp:          0 kB
CommitLimit:     8676856 kB
Committed_AS:   77112620 kB
VmallocTotal:   263061440 kB
VmallocUsed:      132632 kB
VmallocChunk:          0 kB
Percpu:             2448 kB
CmaTotal:         405504 kB
CmaFree:               0 kB
MemTotal:        7916544 kB
MemFree:          216744 kB
MemAvailable:    2758884 kB
Buffers:           41060 kB
Cached:          2584536 kB
SwapCached:            0 kB
Active:          4129492 kB
Inactive:        1022756 kB
Active(anon):    2512720 kB
Inactive(anon):    43056 kB
Active(file):    1616772 kB
Inactive(file):   979700 kB
Unevictable:        6192 kB
Mlocked:            5752 kB
SwapTotal:       4718584 kB
SwapFree:        4718584 kB
Dirty:               424 kB
Writeback:             0 kB
AnonPages:       2532904 kB
Mapped:          1043740 kB
Shmem:             24436 kB
KReclaimable:     335880 kB
Slab:             330924 kB
SReclaimable:     100156 kB
SUnreclaim:       230768 kB
KernelStack:       50224 kB
ShadowCallStack:   12600 kB
PageTables:        73464 kB
NFS_Unstable:          0 kB
Bounce:                0 kB
WritebackTmp:          0 kB
CommitLimit:     8676856 kB
Committed_AS:   77129000 kB
VmallocTotal:   263061440 kB
VmallocUsed:      132628 kB
VmallocChunk:          0 kB
Percpu:             2448 kB
CmaTotal:         405504 kB
CmaFree:               0 kB
MemTotal:        7916544 kB
MemFree:          212688 kB
MemAvailable:    2750668 kB
Buffers:           41016 kB
Cached:          2580824 kB
SwapCached:            0 kB
Active:          4137628 kB
Inactive:        1018992 kB
Active(anon):    2520856 kB
Inactive(anon):    43052 kB
Active(file):    1616772 kB
Inactive(file):   975940 kB
Unevictable:        6192 kB
Mlocked:            5752 kB
SwapTotal:       4718584 kB
SwapFree:        4718584 kB
Dirty:               440 kB
Writeback:             0 kB
AnonPages:       2540992 kB
Mapped:          1043708 kB
Shmem:             24440 kB
KReclaimable:     335480 kB
Slab:             330892 kB
SReclaimable:     100140 kB
SUnreclaim:       230752 kB
KernelStack:       50240 kB
ShadowCallStack:   12580 kB
PageTables:        73472 kB
NFS_Unstable:          0 kB
Bounce:                0 kB
WritebackTmp:          0 kB
CommitLimit:     8676856 kB
Committed_AS:   77145388 kB
VmallocTotal:   263061440 kB
VmallocUsed:      132628 kB
VmallocChunk:          0 kB
Percpu:             2448 kB
CmaTotal:         405504 kB
CmaFree:               0 kB
MemTotal:        7916544 kB
MemFree:          210716 kB
MemAvailable:    2734492 kB
Buffers:           40644 kB
Cached:          2568236 kB
SwapCached:            0 kB
Active:          4153232 kB
Inactive:        1006024 kB
Active(anon):    2536460 kB
Inactive(anon):    43056 kB
Active(file):    1616772 kB
Inactive(file):   962968 kB
Unevictable:        6192 kB
Mlocked:            5752 kB
SwapTotal:       4718584 kB
SwapFree:        4718584 kB
Dirty:               476 kB
Writeback:             0 kB
AnonPages:       2556608 kB
Mapped:          1043788 kB
Shmem:             24452 kB
KReclaimable:     334248 kB
Slab:             330612 kB
SReclaimable:     100028 kB
SUnreclaim:       230584 kB
KernelStack:       50256 kB
ShadowCallStack:   12580 kB
PageTables:        73632 kB
NFS_Unstable:          0 kB
Bounce:                0 kB
WritebackTmp:          0 kB
CommitLimit:     8676856 kB
Committed_AS:   77161784 kB
VmallocTotal:   263061440 kB
VmallocUsed:      132624 kB
VmallocChunk:          0 kB
Percpu:             2448 kB
CmaTotal:         405504 kB
CmaFree:               0 kB
MemTotal:        7916544 kB
MemFree:          213588 kB
MemAvailable:    2722992 kB
Buffers:           40652 kB
Cached:          2555448 kB
SwapCached:            0 kB
Active:          4164780 kB
Inactive:         993240 kB
Active(anon):    2548008 kB
Inactive(anon):    43052 kB
Active(file):    1616772 kB
Inactive(file):   950188 kB
Unevictable:        6192 kB
Mlocked:            5752 kB
SwapTotal:       4718584 kB
SwapFree:        4718584 kB
Dirty:               356 kB
Writeback:             4 kB
AnonPages:       2568072 kB
Mapped:          1043880 kB
Shmem:             24452 kB
KReclaimable:     332656 kB
Slab:             330368 kB
SReclaimable:      99652 kB
SUnreclaim:       230716 kB
KernelStack:       50240 kB
ShadowCallStack:   12592 kB
PageTables:        73884 kB
NFS_Unstable:          0 kB
Bounce:                0 kB
WritebackTmp:          0 kB
CommitLimit:     8676856 kB
Committed_AS:   77178120 kB
VmallocTotal:   263061440 kB
VmallocUsed:      132596 kB
VmallocChunk:          0 kB
Percpu:             2448 kB
CmaTotal:         405504 kB
CmaFree:               0 kB
MemTotal:        7916544 kB
MemFree:          213624 kB
MemAvailable:    2713772 kB
Buffers:           40660 kB
Cached:          2546536 kB
SwapCached:            0 kB
Active:          4175112 kB
Inactive:         984436 kB
Active(anon):    2558340 kB
Inactive(anon):    43052 kB
Active(file):    1616772 kB
Inactive(file):   941384 kB
Unevictable:        6192 kB
Mlocked:            5752 kB
SwapTotal:       4718584 kB
SwapFree:        4718584 kB
Dirty:               372 kB
Writeback:             0 kB
AnonPages:       2578524 kB
Mapped:          1043960 kB
Shmem:             24452 kB
KReclaimable:     332204 kB
Slab:             330308 kB
SReclaimable:      99616 kB
SUnreclaim:       230692 kB
KernelStack:       50256 kB
ShadowCallStack:   12596 kB
PageTables:        73720 kB
NFS_Unstable:          0 kB
Bounce:                0 kB
WritebackTmp:          0 kB
CommitLimit:     8676856 kB
Committed_AS:   77178116 kB
VmallocTotal:   263061440 kB
VmallocUsed:      132652 kB
VmallocChunk:          0 kB
Percpu:             2448 kB
CmaTotal:         405504 kB
CmaFree:               0 kB
MemTotal:        7916544 kB
MemFree:          212532 kB
MemAvailable:    2707804 kB
Buffers:           40660 kB
Cached:          2542648 kB
SwapCached:            0 kB
Active:          4181364 kB
Inactive:         980452 kB
Active(anon):    2564592 kB
Inactive(anon):    43056 kB
Active(file):    1616772 kB
Inactive(file):   937396 kB
Unevictable:        6192 kB
Mlocked:            5752 kB
SwapTotal:       4718584 kB
SwapFree:        4718584 kB
Dirty:               388 kB
Writeback:             0 kB
AnonPages:       2584780 kB
Mapped:          1043776 kB
Shmem:             24452 kB
KReclaimable:     331316 kB
Slab:             330144 kB
SReclaimable:      99368 kB
SUnreclaim:       230776 kB
KernelStack:       50240 kB
ShadowCallStack:   12584 kB
PageTables:        73700 kB
NFS_Unstable:          0 kB
Bounce:                0 kB
WritebackTmp:          0 kB
CommitLimit:     8676856 kB
Committed_AS:   77194500 kB
VmallocTotal:   263061440 kB
VmallocUsed:      132580 kB
VmallocChunk:          0 kB
Percpu:             2448 kB
CmaTotal:         405504 kB
CmaFree:               0 kB
MemTotal:        7916544 kB
MemFree:          210452 kB
MemAvailable:    2701760 kB
Buffers:           40660 kB
Cached:          2538808 kB
SwapCached:            0 kB
Active:          4188452 kB
Inactive:         976608 kB
Active(anon):    2571680 kB
Inactive(anon):    43052 kB
Active(file):    1616772 kB
Inactive(file):   933556 kB
Unevictable:        6192 kB
Mlocked:            5752 kB
SwapTotal:       4718584 kB
SwapFree:        4718584 kB
Dirty:               440 kB
Writeback:             0 kB
AnonPages:       2591940 kB
Mapped:          1043868 kB
Shmem:             24452 kB
KReclaimable:     331192 kB
Slab:             329968 kB
SReclaimable:      99244 kB
SUnreclaim:       230724 kB
KernelStack:       50192 kB
ShadowCallStack:   12588 kB
PageTables:        73668 kB
NFS_Unstable:          0 kB
Bounce:                0 kB
WritebackTmp:          0 kB
CommitLimit:     8676856 kB
Committed_AS:   77210884 kB
VmallocTotal:   263061440 kB
VmallocUsed:      132592 kB
VmallocChunk:          0 kB
Percpu:             2448 kB
CmaTotal:         405504 kB
CmaFree:               0 kB
MemTotal:        7916544 kB
MemFree:          212732 kB
MemAvailable:    2695144 kB
Buffers:           40660 kB
Cached:          2531064 kB
SwapCached:            0 kB
Active:          4195960 kB
Inactive:         968932 kB
Active(anon):    2579188 kB
Inactive(anon):    43056 kB
Active(file):    1616772 kB
Inactive(file):   925876 kB
Unevictable:        6192 kB
Mlocked:            5752 kB
SwapTotal:       4718584 kB
SwapFree:        4718584 kB
Dirty:               444 kB
Writeback:             0 kB
AnonPages:       2599340 kB
Mapped:          1041304 kB
Shmem:             24388 kB
KReclaimable:     329976 kB
Slab:             329472 kB
SReclaimable:      99148 kB
SUnreclaim:       230324 kB
KernelStack:       49840 kB
ShadowCallStack:   12488 kB
PageTables:        72976 kB
NFS_Unstable:          0 kB
Bounce:                0 kB
WritebackTmp:          0 kB
CommitLimit:     8676856 kB
Committed_AS:   75890604 kB
VmallocTotal:   263061440 kB
VmallocUsed:      132148 kB
VmallocChunk:          0 kB
Percpu:             2448 kB
CmaTotal:         405504 kB
CmaFree:               0 kB
MemTotal:        7916544 kB
MemFree:          213340 kB
MemAvailable:    2687468 kB
Buffers:           40660 kB
Cached:          2523536 kB
SwapCached:            0 kB
Active:          4204356 kB
Inactive:         961404 kB
Active(anon):    2587584 kB
Inactive(anon):    43056 kB
Active(file):    1616772 kB
Inactive(file):   918348 kB
Unevictable:        6192 kB
Mlocked:            5752 kB
SwapTotal:       4718584 kB
SwapFree:        4718584 kB
Dirty:                52 kB
Writeback:             0 kB
AnonPages:       2607904 kB
Mapped:          1041376 kB
Shmem:             24388 kB
KReclaimable:     329220 kB
Slab:             329096 kB
SReclaimable:      98968 kB
SUnreclaim:       230128 kB
KernelStack:       49792 kB
ShadowCallStack:   12468 kB
PageTables:        73244 kB
NFS_Unstable:          0 kB
Bounce:                0 kB
WritebackTmp:          0 kB
CommitLimit:     8676856 kB
Committed_AS:   75890604 kB
VmallocTotal:   263061440 kB
VmallocUsed:      132040 kB
VmallocChunk:          0 kB
Percpu:             2448 kB
CmaTotal:         405504 kB
CmaFree:              48 kB
MemTotal:        7916544 kB
MemFree:          214956 kB
MemAvailable:    2676308 kB
Buffers:           40660 kB
Cached:          2512004 kB
SwapCached:            0 kB
Active:          4215168 kB
Inactive:         949784 kB
Active(anon):    2598396 kB
Inactive(anon):    43056 kB
Active(file):    1616772 kB
Inactive(file):   906728 kB
Unevictable:        6192 kB
Mlocked:            5752 kB
SwapTotal:       4718584 kB
SwapFree:        4718584 kB
Dirty:                 4 kB
Writeback:             0 kB
AnonPages:       2618788 kB
Mapped:          1041348 kB
Shmem:             24388 kB
KReclaimable:     328064 kB
Slab:             328828 kB
SReclaimable:      98772 kB
SUnreclaim:       230056 kB
KernelStack:       49728 kB
ShadowCallStack:   12468 kB
PageTables:        72732 kB
NFS_Unstable:          0 kB
Bounce:                0 kB
WritebackTmp:          0 kB
CommitLimit:     8676856 kB
Committed_AS:   75923268 kB
VmallocTotal:   263061440 kB
VmallocUsed:      132000 kB
VmallocChunk:          0 kB
Percpu:             2448 kB
CmaTotal:         405504 kB
CmaFree:               0 kB
MemTotal:        7916544 kB
MemFree:          212168 kB
MemAvailable:    2663472 kB
Buffers:           40668 kB
Cached:          2502920 kB
SwapCached:            0 kB
Active:          4228232 kB
Inactive:         940784 kB
Active(anon):    2611460 kB
Inactive(anon):    43052 kB
Active(file):    1616772 kB
Inactive(file):   897732 kB
Unevictable:        6192 kB
Mlocked:            5752 kB
SwapTotal:       4718584 kB
SwapFree:        4718584 kB
Dirty:                76 kB
Writeback:             0 kB
AnonPages:       2631528 kB
Mapped:          1041408 kB
Shmem:             24396 kB
KReclaimable:     327012 kB
Slab:             328372 kB
SReclaimable:      98424 kB
SUnreclaim:       229948 kB
KernelStack:       49696 kB
ShadowCallStack:   12448 kB
PageTables:        73092 kB
NFS_Unstable:          0 kB
Bounce:                0 kB
WritebackTmp:          0 kB
CommitLimit:     8676856 kB
Committed_AS:   75923120 kB
VmallocTotal:   263061440 kB
VmallocUsed:      131944 kB
VmallocChunk:          0 kB
Percpu:             2448 kB
CmaTotal:         405504 kB
CmaFree:               0 kB
MemTotal:        7916544 kB
MemFree:          211728 kB
MemAvailable:    2653280 kB
Buffers:           40668 kB
Cached:          2493968 kB
SwapCached:            0 kB
Active:          4238068 kB
Inactive:         931824 kB
Active(anon):    2621296 kB
Inactive(anon):    43052 kB
Active(file):    1616772 kB
Inactive(file):   888772 kB
Unevictable:        6192 kB
Mlocked:            5752 kB
SwapTotal:       4718584 kB
SwapFree:        4718584 kB
Dirty:                80 kB
Writeback:             0 kB
AnonPages:       2641480 kB
Mapped:          1041468 kB
Shmem:             24404 kB
KReclaimable:     326220 kB
Slab:             328192 kB
SReclaimable:      98208 kB
SUnreclaim:       229984 kB
KernelStack:       49664 kB
ShadowCallStack:   12452 kB
PageTables:        73108 kB
NFS_Unstable:          0 kB
Bounce:                0 kB
WritebackTmp:          0 kB
CommitLimit:     8676856 kB
Committed_AS:   75939348 kB
VmallocTotal:   263061440 kB
VmallocUsed:      131872 kB
VmallocChunk:          0 kB
Percpu:             2448 kB
CmaTotal:         405504 kB
CmaFree:               0 kB
MemTotal:        7916544 kB
MemFree:          212156 kB
MemAvailable:    2639780 kB
Buffers:           40668 kB
Cached:          2481244 kB
SwapCached:            0 kB
Active:          4252968 kB
Inactive:         919072 kB
Active(anon):    2636196 kB
Inactive(anon):    43052 kB
Active(file):    1616772 kB
Inactive(file):   876020 kB
Unevictable:        6192 kB
Mlocked:            5752 kB
SwapTotal:       4718584 kB
SwapFree:        4718584 kB
Dirty:                84 kB
Writeback:             0 kB
AnonPages:       2656380 kB
Mapped:          1041604 kB
Shmem:             24404 kB
KReclaimable:     325044 kB
Slab:             327972 kB
SReclaimable:      97960 kB
SUnreclaim:       230012 kB
KernelStack:       49648 kB
ShadowCallStack:   12444 kB
PageTables:        73164 kB
NFS_Unstable:          0 kB
Bounce:                0 kB
WritebackTmp:          0 kB
CommitLimit:     8676856 kB
Committed_AS:   75955732 kB
VmallocTotal:   263061440 kB
VmallocUsed:      131904 kB
VmallocChunk:          0 kB
Percpu:             2448 kB
CmaTotal:         405504 kB
CmaFree:               0 kB
MemTotal:        7916544 kB
MemFree:          215564 kB
MemAvailable:    2624832 kB
Buffers:           38984 kB
Cached:          2466848 kB
SwapCached:            0 kB
Active:          4266824 kB
Inactive:         902900 kB
Active(anon):    2649928 kB
Inactive(anon):    43056 kB
Active(file):    1616896 kB
Inactive(file):   859844 kB
Unevictable:        6192 kB
Mlocked:            5752 kB
SwapTotal:       4718584 kB
SwapFree:        4718584 kB
Dirty:                92 kB
Writeback:             0 kB
AnonPages:       2670152 kB
Mapped:          1041580 kB
Shmem:             24404 kB
KReclaimable:     322740 kB
Slab:             327376 kB
SReclaimable:      97352 kB
SUnreclaim:       230024 kB
KernelStack:       49648 kB
ShadowCallStack:   12436 kB
PageTables:        73080 kB
NFS_Unstable:          0 kB
Bounce:                0 kB
WritebackTmp:          0 kB
CommitLimit:     8676856 kB
Committed_AS:   75957736 kB
VmallocTotal:   263061440 kB
VmallocUsed:      131840 kB
VmallocChunk:          0 kB
Percpu:             2448 kB
CmaTotal:         405504 kB
CmaFree:               0 kB
MemTotal:        7916544 kB
MemFree:          213496 kB
MemAvailable:    2618392 kB
Buffers:           38984 kB
Cached:          2463008 kB
SwapCached:            0 kB
Active:          4273836 kB
Inactive:         899056 kB
Active(anon):    2656940 kB
Inactive(anon):    43052 kB
Active(file):    1616896 kB
Inactive(file):   856004 kB
Unevictable:        6192 kB
Mlocked:            5752 kB
SwapTotal:       4718584 kB
SwapFree:        4718584 kB
Dirty:                 0 kB
Writeback:             0 kB
AnonPages:       2677012 kB
Mapped:          1041524 kB
Shmem:             24404 kB
KReclaimable:     322208 kB
Slab:             327404 kB
SReclaimable:      97332 kB
SUnreclaim:       230072 kB
KernelStack:       49568 kB
ShadowCallStack:   12416 kB
PageTables:        73168 kB
NFS_Unstable:          0 kB
Bounce:                0 kB
WritebackTmp:          0 kB
CommitLimit:     8676856 kB
Committed_AS:   75957528 kB
VmallocTotal:   263061440 kB
VmallocUsed:      131792 kB
VmallocChunk:          0 kB
Percpu:             2448 kB
CmaTotal:         405504 kB
CmaFree:             128 kB
MemTotal:        7916544 kB
MemFree:          210580 kB
MemAvailable:    2611692 kB
Buffers:           38984 kB
Cached:          2459224 kB
SwapCached:            0 kB
Active:          4280000 kB
Inactive:         895276 kB
Active(anon):    2663104 kB
Inactive(anon):    43056 kB
Active(file):    1616896 kB
Inactive(file):   852220 kB
Unevictable:        6192 kB
Mlocked:            5752 kB
SwapTotal:       4718584 kB
SwapFree:        4718584 kB
Dirty:                 0 kB
Writeback:             0 kB
AnonPages:       2683244 kB
Mapped:          1041592 kB
Shmem:             24404 kB
KReclaimable:     322208 kB
Slab:             327424 kB
SReclaimable:      97332 kB
SUnreclaim:       230092 kB
KernelStack:       49552 kB
ShadowCallStack:   12420 kB
PageTables:        73088 kB
NFS_Unstable:          0 kB
Bounce:                0 kB
WritebackTmp:          0 kB
CommitLimit:     8676856 kB
Committed_AS:   75973808 kB
VmallocTotal:   263061440 kB
VmallocUsed:      131740 kB
VmallocChunk:          0 kB
Percpu:             2448 kB
CmaTotal:         405504 kB
CmaFree:               0 kB
MemTotal:        7916544 kB
MemFree:          210508 kB
MemAvailable:    2607032 kB
Buffers:           38992 kB
Cached:          2455360 kB
SwapCached:            0 kB
Active:          4282884 kB
Inactive:         891420 kB
Active(anon):    2665988 kB
Inactive(anon):    43060 kB
Active(file):    1616896 kB
Inactive(file):   848360 kB
Unevictable:        6192 kB
Mlocked:            5752 kB
SwapTotal:       4718584 kB
SwapFree:        4718584 kB
Dirty:               100 kB
Writeback:             0 kB
AnonPages:       2686124 kB
Mapped:          1041504 kB
Shmem:             24408 kB
KReclaimable:     321480 kB
Slab:             327088 kB
SReclaimable:      97116 kB
SUnreclaim:       229972 kB
KernelStack:       49552 kB
ShadowCallStack:   12404 kB
PageTables:        73184 kB
NFS_Unstable:          0 kB
Bounce:                0 kB
WritebackTmp:          0 kB
CommitLimit:     8676856 kB
Committed_AS:   75973708 kB
VmallocTotal:   263061440 kB
VmallocUsed:      131708 kB
VmallocChunk:          0 kB
Percpu:             2448 kB
CmaTotal:         405504 kB
CmaFree:               0 kB
MemTotal:        7916544 kB
MemFree:          212712 kB
MemAvailable:    2597040 kB
Buffers:           38992 kB
Cached:          2444004 kB
SwapCached:            0 kB
Active:          4294276 kB
Inactive:         879940 kB
Active(anon):    2677380 kB
Inactive(anon):    43056 kB
Active(file):    1616896 kB
Inactive(file):   836884 kB
Unevictable:        6192 kB
Mlocked:            5752 kB
SwapTotal:       4718584 kB
SwapFree:        4718584 kB
Dirty:               100 kB
Writeback:             0 kB
AnonPages:       2697484 kB
Mapped:          1041608 kB
Shmem:             24408 kB
KReclaimable:     320760 kB
Slab:             326820 kB
SReclaimable:      96820 kB
SUnreclaim:       230000 kB
KernelStack:       49456 kB
ShadowCallStack:   12392 kB
PageTables:        73080 kB
NFS_Unstable:          0 kB
Bounce:                0 kB
WritebackTmp:          0 kB
CommitLimit:     8676856 kB
Committed_AS:   75989988 kB
VmallocTotal:   263061440 kB
VmallocUsed:      131632 kB
VmallocChunk:          0 kB
Percpu:             2448 kB
CmaTotal:         405504 kB
CmaFree:               0 kB
MemTotal:        7916544 kB
MemFree:          211992 kB
MemAvailable:    2585988 kB
Buffers:           38984 kB
Cached:          2434896 kB
SwapCached:            0 kB
Active:          4304084 kB
Inactive:         871020 kB
Active(anon):    2687188 kB
Inactive(anon):    43056 kB
Active(file):    1616896 kB
Inactive(file):   827964 kB
Unevictable:        6192 kB
Mlocked:            5752 kB
SwapTotal:       4718584 kB
SwapFree:        4718584 kB
Dirty:               116 kB
Writeback:             4 kB
AnonPages:       2707164 kB
Mapped:          1041464 kB
Shmem:             24408 kB
KReclaimable:     319348 kB
Slab:             326708 kB
SReclaimable:      96616 kB
SUnreclaim:       230092 kB
KernelStack:       49488 kB
ShadowCallStack:   12404 kB
PageTables:        72984 kB
NFS_Unstable:          0 kB
Bounce:                0 kB
WritebackTmp:          0 kB
CommitLimit:     8676856 kB
Committed_AS:   76006372 kB
VmallocTotal:   263061440 kB
VmallocUsed:      131648 kB
VmallocChunk:          0 kB
Percpu:             2448 kB
CmaTotal:         405504 kB
CmaFree:               0 kB
MemTotal:        7916544 kB
MemFree:          213128 kB
MemAvailable:    2578864 kB
Buffers:           38984 kB
Cached:          2427296 kB
SwapCached:            0 kB
Active:          4312124 kB
Inactive:         863304 kB
Active(anon):    2695228 kB
Inactive(anon):    43052 kB
Active(file):    1616896 kB
Inactive(file):   820252 kB
Unevictable:        6192 kB
Mlocked:            5752 kB
SwapTotal:       4718584 kB
SwapFree:        4718584 kB
Dirty:               120 kB
Writeback:             0 kB
AnonPages:       2715472 kB
Mapped:          1041596 kB
Shmem:             24408 kB
KReclaimable:     318800 kB
Slab:             326564 kB
SReclaimable:      96452 kB
SUnreclaim:       230112 kB
KernelStack:       49472 kB
ShadowCallStack:   12408 kB
PageTables:        73256 kB
NFS_Unstable:          0 kB
Bounce:                0 kB
WritebackTmp:          0 kB
CommitLimit:     8676856 kB
Committed_AS:   76022756 kB
VmallocTotal:   263061440 kB
VmallocUsed:      131672 kB
VmallocChunk:          0 kB
Percpu:             2448 kB
CmaTotal:         405504 kB
CmaFree:               0 kB
MemTotal:        7916544 kB
MemFree:          214124 kB
MemAvailable:    2568468 kB
Buffers:           38984 kB
Cached:          2416972 kB
SwapCached:            0 kB
Active:          4322236 kB
Inactive:         853012 kB
Active(anon):    2705340 kB
Inactive(anon):    43052 kB
Active(file):    1616896 kB
Inactive(file):   809960 kB
Unevictable:        6192 kB
Mlocked:            5752 kB
SwapTotal:       4718584 kB
SwapFree:        4718584 kB
Dirty:               120 kB
Writeback:             0 kB
AnonPages:       2725548 kB
Mapped:          1041644 kB
Shmem:             24412 kB
KReclaimable:     317700 kB
Slab:             326136 kB
SReclaimable:      96080 kB
SUnreclaim:       230056 kB
KernelStack:       49488 kB
ShadowCallStack:   12396 kB
PageTables:        73288 kB
NFS_Unstable:          0 kB
Bounce:                0 kB
WritebackTmp:          0 kB
CommitLimit:     8676856 kB
Committed_AS:   76039148 kB
VmallocTotal:   263061440 kB
VmallocUsed:      131672 kB
VmallocChunk:          0 kB
Percpu:             2448 kB
CmaTotal:         405504 kB
CmaFree:              52 kB
MemTotal:        7916544 kB
MemFree:          211072 kB
MemAvailable:    2559940 kB
Buffers:           38992 kB
Cached:          2411908 kB
SwapCached:            0 kB
Active:          4331124 kB
Inactive:         847948 kB
Active(anon):    2714228 kB
Inactive(anon):    43052 kB
Active(file):    1616896 kB
Inactive(file):   804896 kB
Unevictable:        6192 kB
Mlocked:            5752 kB
SwapTotal:       4718584 kB
SwapFree:        4718584 kB
Dirty:                76 kB
Writeback:             4 kB
AnonPages:       2734400 kB
Mapped:          1041664 kB
Shmem:             24420 kB
KReclaimable:     317288 kB
Slab:             326076 kB
SReclaimable:      96076 kB
SUnreclaim:       230000 kB
KernelStack:       49424 kB
ShadowCallStack:   12388 kB
PageTables:        73300 kB
NFS_Unstable:          0 kB
Bounce:                0 kB
WritebackTmp:          0 kB
CommitLimit:     8676856 kB
Committed_AS:   76039052 kB
VmallocTotal:   263061440 kB
VmallocUsed:      131616 kB
VmallocChunk:          0 kB
Percpu:             2448 kB
CmaTotal:         405504 kB
CmaFree:               0 kB
MemTotal:        7916544 kB
MemFree:          213732 kB
MemAvailable:    2553800 kB
Buffers:           38992 kB
Cached:          2404200 kB
SwapCached:            0 kB
Active:          4338572 kB
Inactive:         840220 kB
Active(anon):    2721676 kB
Inactive(anon):    43052 kB
Active(file):    1616896 kB
Inactive(file):   797168 kB
Unevictable:        6192 kB
Mlocked:            5752 kB
SwapTotal:       4718584 kB
SwapFree:        4718584 kB
Dirty:                60 kB
Writeback:             0 kB
AnonPages:       2741900 kB
Mapped:          1041684 kB
Shmem:             24440 kB
KReclaimable:     316216 kB
Slab:             325688 kB
SReclaimable:      95644 kB
SUnreclaim:       230044 kB
KernelStack:       49456 kB
ShadowCallStack:   12388 kB
PageTables:        73312 kB
NFS_Unstable:          0 kB
Bounce:                0 kB
WritebackTmp:          0 kB
CommitLimit:     8676856 kB
Committed_AS:   76055452 kB
VmallocTotal:   263061440 kB
VmallocUsed:      131616 kB
VmallocChunk:          0 kB
Percpu:             2448 kB
CmaTotal:         405504 kB
CmaFree:             116 kB
MemTotal:        7916544 kB
MemFree:          213600 kB
MemAvailable:    2543652 kB
Buffers:           39000 kB
Cached:          2395340 kB
SwapCached:            0 kB
Active:          4349732 kB
Inactive:         831404 kB
Active(anon):    2732836 kB
Inactive(anon):    43056 kB
Active(file):    1616896 kB
Inactive(file):   788348 kB
Unevictable:        6192 kB
Mlocked:            5752 kB
SwapTotal:       4718584 kB
SwapFree:        4718584 kB
Dirty:               100 kB
Writeback:            12 kB
AnonPages:       2753116 kB
Mapped:          1041764 kB
Shmem:             24440 kB
KReclaimable:     315020 kB
Slab:             325580 kB
SReclaimable:      95624 kB
SUnreclaim:       229956 kB
KernelStack:       49424 kB
ShadowCallStack:   12392 kB
PageTables:        73124 kB
NFS_Unstable:          0 kB
Bounce:                0 kB
WritebackTmp:          0 kB
CommitLimit:     8676856 kB
Committed_AS:   76071836 kB
VmallocTotal:   263061440 kB
VmallocUsed:      131620 kB
VmallocChunk:          0 kB
Percpu:             2448 kB
CmaTotal:         405504 kB
CmaFree:               0 kB
MemTotal:        7916544 kB
MemFree:          215252 kB
MemAvailable:    2531236 kB
Buffers:           39000 kB
Cached:          2382636 kB
SwapCached:            0 kB
Active:          4360164 kB
Inactive:         818656 kB
Active(anon):    2743268 kB
Inactive(anon):    43052 kB
Active(file):    1616896 kB
Inactive(file):   775604 kB
Unevictable:        6192 kB
Mlocked:            5752 kB
SwapTotal:       4718584 kB
SwapFree:        4718584 kB
Dirty:               104 kB
Writeback:             0 kB
AnonPages:       2763484 kB
Mapped:          1041808 kB
Shmem:             24448 kB
KReclaimable:     313696 kB
Slab:             325484 kB
SReclaimable:      95484 kB
SUnreclaim:       230000 kB
KernelStack:       49456 kB
ShadowCallStack:   12392 kB
PageTables:        73260 kB
NFS_Unstable:          0 kB
Bounce:                0 kB
WritebackTmp:          0 kB
CommitLimit:     8676856 kB
Committed_AS:   76088228 kB
VmallocTotal:   263061440 kB
VmallocUsed:      131608 kB
VmallocChunk:          0 kB
Percpu:             2448 kB
CmaTotal:         405504 kB
CmaFree:               0 kB
MemTotal:        7916544 kB
MemFree:          213448 kB
MemAvailable:    2525236 kB
Buffers:           39000 kB
Cached:          2378668 kB
SwapCached:            0 kB
Active:          4365172 kB
Inactive:         814688 kB
Active(anon):    2748276 kB
Inactive(anon):    43052 kB
Active(file):    1616896 kB
Inactive(file):   771636 kB
Unevictable:        6192 kB
Mlocked:            5752 kB
SwapTotal:       4718584 kB
SwapFree:        4718584 kB
Dirty:               108 kB
Writeback:             0 kB
AnonPages:       2768476 kB
Mapped:          1041844 kB
Shmem:             24448 kB
KReclaimable:     313468 kB
Slab:             325360 kB
SReclaimable:      95344 kB
SUnreclaim:       230016 kB
KernelStack:       49472 kB
ShadowCallStack:   12384 kB
PageTables:        73112 kB
NFS_Unstable:          0 kB
Bounce:                0 kB
WritebackTmp:          0 kB
CommitLimit:     8676856 kB
Committed_AS:   76088228 kB
VmallocTotal:   263061440 kB
VmallocUsed:      131644 kB
VmallocChunk:          0 kB
Percpu:             2448 kB
CmaTotal:         405504 kB
CmaFree:               0 kB
MemTotal:        7916544 kB
MemFree:          210860 kB
MemAvailable:    2522440 kB
Buffers:           39000 kB
Cached:          2378612 kB
SwapCached:            0 kB
Active:          4367484 kB
Inactive:         814636 kB
Active(anon):    2750588 kB
Inactive(anon):    43056 kB
Active(file):    1616896 kB
Inactive(file):   771580 kB
Unevictable:        6192 kB
Mlocked:            5752 kB
SwapTotal:       4718584 kB
SwapFree:        4718584 kB
Dirty:                48 kB
Writeback:             0 kB
AnonPages:       2770796 kB
Mapped:          1041748 kB
Shmem:             24448 kB
KReclaimable:     313316 kB
Slab:             325280 kB
SReclaimable:      95192 kB
SUnreclaim:       230088 kB
KernelStack:       49472 kB
ShadowCallStack:   12400 kB
PageTables:        73308 kB
NFS_Unstable:          0 kB
Bounce:                0 kB
WritebackTmp:          0 kB
CommitLimit:     8676856 kB
Committed_AS:   76088228 kB
VmallocTotal:   263061440 kB
VmallocUsed:      131612 kB
VmallocChunk:          0 kB
Percpu:             2448 kB
CmaTotal:         405504 kB
CmaFree:               0 kB
MemTotal:        7916544 kB
MemFree:          214216 kB
MemAvailable:    2512840 kB
Buffers:           39032 kB
Cached:          2367120 kB
SwapCached:            0 kB
Active:          4376872 kB
Inactive:         803172 kB
Active(anon):    2759976 kB
Inactive(anon):    43052 kB
Active(file):    1616896 kB
Inactive(file):   760120 kB
Unevictable:        6192 kB
Mlocked:            5752 kB
SwapTotal:       4718584 kB
SwapFree:        4718584 kB
Dirty:               192 kB
Writeback:             0 kB
AnonPages:       2780124 kB
Mapped:          1041876 kB
Shmem:             24448 kB
KReclaimable:     311820 kB
Slab:             324828 kB
SReclaimable:      94744 kB
SUnreclaim:       230084 kB
KernelStack:       49440 kB
ShadowCallStack:   12384 kB
PageTables:        73376 kB
NFS_Unstable:          0 kB
Bounce:                0 kB
WritebackTmp:          0 kB
CommitLimit:     8676856 kB
Committed_AS:   76088124 kB
VmallocTotal:   263061440 kB
VmallocUsed:      131588 kB
VmallocChunk:          0 kB
Percpu:             2448 kB
CmaTotal:         405504 kB
CmaFree:               0 kB
MemTotal:        7916544 kB
MemFree:          211412 kB
MemAvailable:    2507336 kB
Buffers:           39032 kB
Cached:          2364528 kB
SwapCached:            0 kB
Active:          4383684 kB
Inactive:         800584 kB
Active(anon):    2766788 kB
Inactive(anon):    43056 kB
Active(file):    1616896 kB
Inactive(file):   757528 kB
Unevictable:        6192 kB
Mlocked:            5752 kB
SwapTotal:       4718584 kB
SwapFree:        4718584 kB
Dirty:               152 kB
Writeback:             0 kB
AnonPages:       2786912 kB
Mapped:          1041952 kB
Shmem:             24448 kB
KReclaimable:     311712 kB
Slab:             324736 kB
SReclaimable:      94692 kB
SUnreclaim:       230044 kB
KernelStack:       49440 kB
ShadowCallStack:   12388 kB
PageTables:        73236 kB
NFS_Unstable:          0 kB
Bounce:                0 kB
WritebackTmp:          0 kB
CommitLimit:     8676856 kB
Committed_AS:   76088124 kB
VmallocTotal:   263061440 kB
VmallocUsed:      131620 kB
VmallocChunk:          0 kB
Percpu:             2448 kB
CmaTotal:         405504 kB
CmaFree:               0 kB
MemTotal:        7916544 kB
MemFree:          214380 kB
MemAvailable:    2501652 kB
Buffers:           39040 kB
Cached:          2356920 kB
SwapCached:            0 kB
Active:          4389368 kB
Inactive:         793068 kB
Active(anon):    2772472 kB
Inactive(anon):    43056 kB
Active(file):    1616896 kB
Inactive(file):   750012 kB
Unevictable:        6192 kB
Mlocked:            5752 kB
SwapTotal:       4718584 kB
SwapFree:        4718584 kB
Dirty:               168 kB
Writeback:             0 kB
AnonPages:       2792556 kB
Mapped:          1041916 kB
Shmem:             24448 kB
KReclaimable:     310576 kB
Slab:             324672 kB
SReclaimable:      94604 kB
SUnreclaim:       230068 kB
KernelStack:       49408 kB
ShadowCallStack:   12380 kB
PageTables:        73276 kB
NFS_Unstable:          0 kB
Bounce:                0 kB
WritebackTmp:          0 kB
CommitLimit:     8676856 kB
Committed_AS:   76104512 kB
VmallocTotal:   263061440 kB
VmallocUsed:      131588 kB
VmallocChunk:          0 kB
Percpu:             2448 kB
CmaTotal:         405504 kB
CmaFree:               0 kB
MemTotal:        7916544 kB
MemFree:          213116 kB
MemAvailable:    2491636 kB
Buffers:           39040 kB
Cached:          2349172 kB
SwapCached:            0 kB
Active:          4399616 kB
Inactive:         785228 kB
Active(anon):    2782720 kB
Inactive(anon):    43052 kB
Active(file):    1616896 kB
Inactive(file):   742176 kB
Unevictable:        6192 kB
Mlocked:            5752 kB
SwapTotal:       4718584 kB
SwapFree:        4718584 kB
Dirty:               168 kB
Writeback:             0 kB
AnonPages:       2803000 kB
Mapped:          1042012 kB
Shmem:             24452 kB
KReclaimable:     309660 kB
Slab:             324432 kB
SReclaimable:      94256 kB
SUnreclaim:       230176 kB
KernelStack:       49456 kB
ShadowCallStack:   12384 kB
PageTables:        73492 kB
NFS_Unstable:          0 kB
Bounce:                0 kB
WritebackTmp:          0 kB
CommitLimit:     8676856 kB
Committed_AS:   76120896 kB
VmallocTotal:   263061440 kB
VmallocUsed:      131596 kB
VmallocChunk:          0 kB
Percpu:             2448 kB
CmaTotal:         405504 kB
CmaFree:               4 kB
MemTotal:        7916544 kB
MemFree:          214188 kB
MemAvailable:    2483184 kB
Buffers:           39040 kB
Cached:          2340276 kB
SwapCached:            0 kB
Active:          4408436 kB
Inactive:         776332 kB
Active(anon):    2791540 kB
Inactive(anon):    43056 kB
Active(file):    1616896 kB
Inactive(file):   733276 kB
Unevictable:        6192 kB
Mlocked:            5752 kB
SwapTotal:       4718584 kB
SwapFree:        4718584 kB
Dirty:               176 kB
Writeback:             0 kB
AnonPages:       2811640 kB
Mapped:          1042064 kB
Shmem:             24456 kB
KReclaimable:     309036 kB
Slab:             324160 kB
SReclaimable:      94088 kB
SUnreclaim:       230072 kB
KernelStack:       49392 kB
ShadowCallStack:   12380 kB
PageTables:        73488 kB
NFS_Unstable:          0 kB
Bounce:                0 kB
WritebackTmp:          0 kB
CommitLimit:     8676856 kB
Committed_AS:   76137288 kB
VmallocTotal:   263061440 kB
VmallocUsed:      131600 kB
VmallocChunk:          0 kB
Percpu:             2448 kB
CmaTotal:         405504 kB
CmaFree:               0 kB
MemTotal:        7916544 kB
MemFree:          211836 kB
MemAvailable:    2472124 kB
Buffers:           39040 kB
Cached:          2332548 kB
SwapCached:            0 kB
Active:          4418452 kB
Inactive:         768588 kB
Active(anon):    2801556 kB
Inactive(anon):    43052 kB
Active(file):    1616896 kB
Inactive(file):   725536 kB
Unevictable:        6192 kB
Mlocked:            5752 kB
SwapTotal:       4718584 kB
SwapFree:        4718584 kB
Dirty:                16 kB
Writeback:             0 kB
AnonPages:       2821756 kB
Mapped:          1042048 kB
Shmem:             24468 kB
KReclaimable:     308068 kB
Slab:             323896 kB
SReclaimable:      93840 kB
SUnreclaim:       230056 kB
KernelStack:       49456 kB
ShadowCallStack:   12384 kB
PageTables:        73476 kB
NFS_Unstable:          0 kB
Bounce:                0 kB
WritebackTmp:          0 kB
CommitLimit:     8676856 kB
Committed_AS:   76153680 kB
VmallocTotal:   263061440 kB
VmallocUsed:      131612 kB
VmallocChunk:          0 kB
Percpu:             2448 kB
CmaTotal:         405504 kB
CmaFree:               0 kB
MemTotal:        7916544 kB
MemFree:          214680 kB
MemAvailable:    2469164 kB
Buffers:           38616 kB
Cached:          2327856 kB
SwapCached:            0 kB
Active:          4422008 kB
Inactive:         763472 kB
Active(anon):    2805112 kB
Inactive(anon):    43052 kB
Active(file):    1616896 kB
Inactive(file):   720420 kB
Unevictable:        6192 kB
Mlocked:            5752 kB
SwapTotal:       4718584 kB
SwapFree:        4718584 kB
Dirty:                92 kB
Writeback:             0 kB
AnonPages:       2825524 kB
Mapped:          1042048 kB
Shmem:             24468 kB
KReclaimable:     307380 kB
Slab:             323764 kB
SReclaimable:      93664 kB
SUnreclaim:       230100 kB
KernelStack:       49456 kB
ShadowCallStack:   12388 kB
PageTables:        73480 kB
NFS_Unstable:          0 kB
Bounce:                0 kB
WritebackTmp:          0 kB
CommitLimit:     8676856 kB
Committed_AS:   76153724 kB
VmallocTotal:   263061440 kB
VmallocUsed:      131620 kB
VmallocChunk:          0 kB
Percpu:             2448 kB
CmaTotal:         405504 kB
CmaFree:               0 kB
MemTotal:        7916544 kB
MemFree:          210724 kB
MemAvailable:    2461428 kB
Buffers:           38616 kB
Cached:          2324080 kB
SwapCached:            0 kB
Active:          4429192 kB
Inactive:         759692 kB
Active(anon):    2812296 kB
Inactive(anon):    43052 kB
Active(file):    1616896 kB
Inactive(file):   716640 kB
Unevictable:        6192 kB
Mlocked:            5752 kB
SwapTotal:       4718584 kB
SwapFree:        4718584 kB
Dirty:               120 kB
Writeback:             0 kB
AnonPages:       2832412 kB
Mapped:          1042052 kB
Shmem:             24472 kB
KReclaimable:     307380 kB
Slab:             323764 kB
SReclaimable:      93664 kB
SUnreclaim:       230100 kB
KernelStack:       49424 kB
ShadowCallStack:   12384 kB
PageTables:        73504 kB
NFS_Unstable:          0 kB
Bounce:                0 kB
WritebackTmp:          0 kB
CommitLimit:     8676856 kB
Committed_AS:   76170072 kB
VmallocTotal:   263061440 kB
VmallocUsed:      131620 kB
VmallocChunk:          0 kB
Percpu:             2448 kB
CmaTotal:         405504 kB
CmaFree:               0 kB
MemTotal:        7916544 kB
MemFree:          212032 kB
MemAvailable:    2449768 kB
Buffers:           38616 kB
Cached:          2312516 kB
SwapCached:            0 kB
Active:          4441088 kB
Inactive:         748196 kB
Active(anon):    2824192 kB
Inactive(anon):    43056 kB
Active(file):    1616896 kB
Inactive(file):   705140 kB
Unevictable:        6192 kB
Mlocked:            5752 kB
SwapTotal:       4718584 kB
SwapFree:        4718584 kB
Dirty:               100 kB
Writeback:             0 kB
AnonPages:       2844368 kB
Mapped:          1041952 kB
Shmem:             24476 kB
KReclaimable:     305912 kB
Slab:             323388 kB
SReclaimable:      93228 kB
SUnreclaim:       230160 kB
KernelStack:       49440 kB
ShadowCallStack:   12388 kB
PageTables:        73304 kB
NFS_Unstable:          0 kB
Bounce:                0 kB
WritebackTmp:          0 kB
CommitLimit:     8676856 kB
Committed_AS:   76170076 kB
VmallocTotal:   263061440 kB
VmallocUsed:      131608 kB
VmallocChunk:          0 kB
Percpu:             2448 kB
CmaTotal:         405504 kB
CmaFree:               0 kB
MemTotal:        7916544 kB
MemFree:          210636 kB
MemAvailable:    2441272 kB
Buffers:           38616 kB
Cached:          2306112 kB
SwapCached:            0 kB
Active:          4448780 kB
Inactive:         741728 kB
Active(anon):    2831884 kB
Inactive(anon):    43060 kB
Active(file):    1616896 kB
Inactive(file):   698668 kB
Unevictable:        6192 kB
Mlocked:            5752 kB
SwapTotal:       4718584 kB
SwapFree:        4718584 kB
Dirty:               140 kB
Writeback:             0 kB
AnonPages:       2852296 kB
Mapped:          1042152 kB
Shmem:             24476 kB
KReclaimable:     305284 kB
Slab:             323160 kB
SReclaimable:      93112 kB
SUnreclaim:       230048 kB
KernelStack:       49520 kB
ShadowCallStack:   12384 kB
PageTables:        73692 kB
NFS_Unstable:          0 kB
Bounce:                0 kB
WritebackTmp:          0 kB
CommitLimit:     8676856 kB
Committed_AS:   76170076 kB
VmallocTotal:   263061440 kB
VmallocUsed:      131640 kB
VmallocChunk:          0 kB
Percpu:             2448 kB
CmaTotal:         405504 kB
CmaFree:               0 kB
MemTotal:        7916544 kB
MemFree:          214172 kB
MemAvailable:    2431808 kB
Buffers:           38616 kB
Cached:          2294592 kB
SwapCached:            0 kB
Active:          4459368 kB
Inactive:         730204 kB
Active(anon):    2842472 kB
Inactive(anon):    43056 kB
Active(file):    1616896 kB
Inactive(file):   687148 kB
Unevictable:        6192 kB
Mlocked:            5752 kB
SwapTotal:       4718584 kB
SwapFree:        4718584 kB
Dirty:               152 kB
Writeback:             0 kB
AnonPages:       2862568 kB
Mapped:          1042132 kB
Shmem:             24476 kB
KReclaimable:     303804 kB
Slab:             322692 kB
SReclaimable:      92672 kB
SUnreclaim:       230020 kB
KernelStack:       49440 kB
ShadowCallStack:   12384 kB
PageTables:        73468 kB
NFS_Unstable:          0 kB
Bounce:                0 kB
WritebackTmp:          0 kB
CommitLimit:     8676856 kB
Committed_AS:   76191228 kB
VmallocTotal:   263061440 kB
VmallocUsed:      131620 kB
VmallocChunk:          0 kB
Percpu:             2448 kB
CmaTotal:         405504 kB
CmaFree:               0 kB
MemTotal:        7916544 kB
MemFree:          213684 kB
MemAvailable:    2427312 kB
Buffers:           38616 kB
Cached:          2290752 kB
SwapCached:            0 kB
Active:          4463936 kB
Inactive:         726360 kB
Active(anon):    2847040 kB
Inactive(anon):    43052 kB
Active(file):    1616896 kB
Inactive(file):   683308 kB
Unevictable:        6192 kB
Mlocked:            5752 kB
SwapTotal:       4718584 kB
SwapFree:        4718584 kB
Dirty:                 0 kB
Writeback:             0 kB
AnonPages:       2867208 kB
Mapped:          1042084 kB
Shmem:             24476 kB
KReclaimable:     303636 kB
Slab:             322588 kB
SReclaimable:      92536 kB
SUnreclaim:       230052 kB
KernelStack:       49456 kB
ShadowCallStack:   12388 kB
PageTables:        73572 kB
NFS_Unstable:          0 kB
Bounce:                0 kB
WritebackTmp:          0 kB
CommitLimit:     8676856 kB
Committed_AS:   76207612 kB
VmallocTotal:   263061440 kB
VmallocUsed:      131636 kB
VmallocChunk:          0 kB
Percpu:             2448 kB
CmaTotal:         405504 kB
CmaFree:               0 kB
MemTotal:        7916544 kB
MemFree:          214032 kB
MemAvailable:    2423204 kB
Buffers:           38632 kB
Cached:          2286916 kB
SwapCached:            0 kB
Active:          4467040 kB
Inactive:         722544 kB
Active(anon):    2850144 kB
Inactive(anon):    43056 kB
Active(file):    1616896 kB
Inactive(file):   679488 kB
Unevictable:        6192 kB
Mlocked:            5752 kB
SwapTotal:       4718584 kB
SwapFree:        4718584 kB
Dirty:                60 kB
Writeback:             0 kB
AnonPages:       2870416 kB
Mapped:          1042080 kB
Shmem:             24476 kB
KReclaimable:     303000 kB
Slab:             322576 kB
SReclaimable:      92412 kB
SUnreclaim:       230164 kB
KernelStack:       49456 kB
ShadowCallStack:   12392 kB
PageTables:        73292 kB
NFS_Unstable:          0 kB
Bounce:                0 kB
WritebackTmp:          0 kB
CommitLimit:     8676856 kB
Committed_AS:   76207612 kB
VmallocTotal:   263061440 kB
VmallocUsed:      131632 kB
VmallocChunk:          0 kB
Percpu:             2448 kB
CmaTotal:         405504 kB
CmaFree:               0 kB
MemTotal:        7916544 kB
MemFree:          217496 kB
MemAvailable:    2426672 kB
Buffers:           38632 kB
Cached:          2286920 kB
SwapCached:            0 kB
Active:          4464244 kB
Inactive:         722540 kB
Active(anon):    2847348 kB
Inactive(anon):    43048 kB
Active(file):    1616896 kB
Inactive(file):   679492 kB
Unevictable:        6192 kB
Mlocked:            5752 kB
SwapTotal:       4718584 kB
SwapFree:        4718584 kB
Dirty:               164 kB
Writeback:             0 kB
AnonPages:       2867436 kB
Mapped:          1042084 kB
Shmem:             24476 kB
KReclaimable:     303000 kB
Slab:             322576 kB
SReclaimable:      92412 kB
SUnreclaim:       230164 kB
KernelStack:       49456 kB
ShadowCallStack:   12384 kB
PageTables:        73688 kB
NFS_Unstable:          0 kB
Bounce:                0 kB
WritebackTmp:          0 kB
CommitLimit:     8676856 kB
Committed_AS:   76207612 kB
VmallocTotal:   263061440 kB
VmallocUsed:      131632 kB
VmallocChunk:          0 kB
Percpu:             2448 kB
CmaTotal:         405504 kB
CmaFree:               0 kB
MemTotal:        7916544 kB
MemFree:          211084 kB
MemAvailable:    2416296 kB
Buffers:           38632 kB
Cached:          2283080 kB
SwapCached:            0 kB
Active:          4474112 kB
Inactive:         718708 kB
Active(anon):    2857216 kB
Inactive(anon):    43056 kB
Active(file):    1616896 kB
Inactive(file):   675652 kB
Unevictable:        6192 kB
Mlocked:            5752 kB
SwapTotal:       4718584 kB
SwapFree:        4718584 kB
Dirty:               164 kB
Writeback:             0 kB
AnonPages:       2877476 kB
Mapped:          1042152 kB
Shmem:             24476 kB
KReclaimable:     302876 kB
Slab:             322380 kB
SReclaimable:      92288 kB
SUnreclaim:       230092 kB
KernelStack:       49440 kB
ShadowCallStack:   12372 kB
PageTables:        73388 kB
NFS_Unstable:          0 kB
Bounce:                0 kB
WritebackTmp:          0 kB
CommitLimit:     8676856 kB
Committed_AS:   76207612 kB
VmallocTotal:   263061440 kB
VmallocUsed:      131596 kB
VmallocChunk:          0 kB
Percpu:             2448 kB
CmaTotal:         405504 kB
CmaFree:             124 kB
MemTotal:        7916544 kB
MemFree:          212872 kB
MemAvailable:    2413604 kB
Buffers:           38632 kB
Cached:          2279244 kB
SwapCached:            0 kB
Active:          4476884 kB
Inactive:         714864 kB
Active(anon):    2859988 kB
Inactive(anon):    43052 kB
Active(file):    1616896 kB
Inactive(file):   671812 kB
Unevictable:        6192 kB
Mlocked:            5752 kB
SwapTotal:       4718584 kB
SwapFree:        4718584 kB
Dirty:               164 kB
Writeback:             0 kB
AnonPages:       2880216 kB
Mapped:          1042096 kB
Shmem:             24480 kB
KReclaimable:     302236 kB
Slab:             322284 kB
SReclaimable:      92160 kB
SUnreclaim:       230124 kB
KernelStack:       49440 kB
ShadowCallStack:   12380 kB
PageTables:        73584 kB
NFS_Unstable:          0 kB
Bounce:                0 kB
WritebackTmp:          0 kB
CommitLimit:     8676856 kB
Committed_AS:   76207616 kB
VmallocTotal:   263061440 kB
VmallocUsed:      131608 kB
VmallocChunk:          0 kB
Percpu:             2448 kB
CmaTotal:         405504 kB
CmaFree:              24 kB
MemTotal:        7916544 kB
MemFree:          211252 kB
MemAvailable:    2407816 kB
Buffers:           38632 kB
Cached:          2275460 kB
SwapCached:            0 kB
Active:          4482180 kB
Inactive:         711076 kB
Active(anon):    2865284 kB
Inactive(anon):    43048 kB
Active(file):    1616896 kB
Inactive(file):   668028 kB
Unevictable:        6192 kB
Mlocked:            5752 kB
SwapTotal:       4718584 kB
SwapFree:        4718584 kB
Dirty:               164 kB
Writeback:             0 kB
AnonPages:       2885416 kB
Mapped:          1042136 kB
Shmem:             24480 kB
KReclaimable:     301852 kB
Slab:             322340 kB
SReclaimable:      92160 kB
SUnreclaim:       230180 kB
KernelStack:       49456 kB
ShadowCallStack:   12396 kB
PageTables:        73720 kB
NFS_Unstable:          0 kB
Bounce:                0 kB
WritebackTmp:          0 kB
CommitLimit:     8676856 kB
Committed_AS:   76224000 kB
VmallocTotal:   263061440 kB
VmallocUsed:      131624 kB
VmallocChunk:          0 kB
Percpu:             2448 kB
CmaTotal:         405504 kB
CmaFree:               0 kB
MemTotal:        7916544 kB
MemFree:          211152 kB
MemAvailable:    2403532 kB
Buffers:           38632 kB
Cached:          2271576 kB
SwapCached:            0 kB
Active:          4486400 kB
Inactive:         707184 kB
Active(anon):    2869504 kB
Inactive(anon):    43044 kB
Active(file):    1616896 kB
Inactive(file):   664140 kB
Unevictable:        6192 kB
Mlocked:            5752 kB
SwapTotal:       4718584 kB
SwapFree:        4718584 kB
Dirty:               168 kB
Writeback:             0 kB
AnonPages:       2889748 kB
Mapped:          1042108 kB
Shmem:             24484 kB
KReclaimable:     301556 kB
Slab:             322132 kB
SReclaimable:      91992 kB
SUnreclaim:       230140 kB
KernelStack:       49456 kB
ShadowCallStack:   12396 kB
PageTables:        73620 kB
NFS_Unstable:          0 kB
Bounce:                0 kB
WritebackTmp:          0 kB
CommitLimit:     8676856 kB
Committed_AS:   76240388 kB
VmallocTotal:   263061440 kB
VmallocUsed:      131624 kB
VmallocChunk:          0 kB
Percpu:             2448 kB
CmaTotal:         405504 kB
CmaFree:               0 kB
MemTotal:        7916544 kB
MemFree:          211928 kB
MemAvailable:    2396036 kB
Buffers:           38640 kB
Cached:          2263896 kB
SwapCached:            0 kB
Active:          4495320 kB
Inactive:         699520 kB
Active(anon):    2878424 kB
Inactive(anon):    43052 kB
Active(file):    1616896 kB
Inactive(file):   656468 kB
Unevictable:        6192 kB
Mlocked:            5752 kB
SwapTotal:       4718584 kB
SwapFree:        4718584 kB
Dirty:               172 kB
Writeback:             0 kB
AnonPages:       2898480 kB
Mapped:          1042100 kB
Shmem:             24484 kB
KReclaimable:     300956 kB
Slab:             321900 kB
SReclaimable:      91904 kB
SUnreclaim:       229996 kB
KernelStack:       49408 kB
ShadowCallStack:   12384 kB
PageTables:        73520 kB
NFS_Unstable:          0 kB
Bounce:                0 kB
WritebackTmp:          0 kB
CommitLimit:     8676856 kB
Committed_AS:   76240388 kB
VmallocTotal:   263061440 kB
VmallocUsed:      131608 kB
VmallocChunk:          0 kB
Percpu:             2448 kB
CmaTotal:         405504 kB
CmaFree:               4 kB
MemTotal:        7916544 kB
MemFree:          213004 kB
MemAvailable:    2389052 kB
Buffers:           38640 kB
Cached:          2256276 kB
SwapCached:            0 kB
Active:          4501736 kB
Inactive:         691884 kB
Active(anon):    2884840 kB
Inactive(anon):    43056 kB
Active(file):    1616896 kB
Inactive(file):   648828 kB
Unevictable:        6192 kB
Mlocked:            5752 kB
SwapTotal:       4718584 kB
SwapFree:        4718584 kB
Dirty:               172 kB
Writeback:             0 kB
AnonPages:       2905012 kB
Mapped:          1042148 kB
Shmem:             24484 kB
KReclaimable:     300536 kB
Slab:             321908 kB
SReclaimable:      91868 kB
SUnreclaim:       230040 kB
KernelStack:       49408 kB
ShadowCallStack:   12392 kB
PageTables:        73464 kB
NFS_Unstable:          0 kB
Bounce:                0 kB
WritebackTmp:          0 kB
CommitLimit:     8676856 kB
Committed_AS:   76256772 kB
VmallocTotal:   263061440 kB
VmallocUsed:      131624 kB
VmallocChunk:          0 kB
Percpu:             2448 kB
CmaTotal:         405504 kB
CmaFree:               0 kB
MemTotal:        7916544 kB
MemFree:          213248 kB
MemAvailable:    2380504 kB
Buffers:           38640 kB
Cached:          2248536 kB
SwapCached:            0 kB
Active:          4509848 kB
Inactive:         684160 kB
Active(anon):    2892952 kB
Inactive(anon):    43052 kB
Active(file):    1616896 kB
Inactive(file):   641108 kB
Unevictable:        6192 kB
Mlocked:            5752 kB
SwapTotal:       4718584 kB
SwapFree:        4718584 kB
Dirty:               180 kB
Writeback:             0 kB
AnonPages:       2913036 kB
Mapped:          1042100 kB
Shmem:             24484 kB
KReclaimable:     299464 kB
Slab:             321540 kB
SReclaimable:      91436 kB
SUnreclaim:       230104 kB
KernelStack:       49456 kB
ShadowCallStack:   12388 kB
PageTables:        73688 kB
NFS_Unstable:          0 kB
Bounce:                0 kB
WritebackTmp:          0 kB
CommitLimit:     8676856 kB
Committed_AS:   76256772 kB
VmallocTotal:   263061440 kB
VmallocUsed:      131608 kB
VmallocChunk:          0 kB
Percpu:             2448 kB
CmaTotal:         405504 kB
CmaFree:               0 kB
MemTotal:        7916544 kB
MemFree:          212952 kB
MemAvailable:    2375916 kB
Buffers:           38640 kB
Cached:          2244764 kB
SwapCached:            0 kB
Active:          4514736 kB
Inactive:         680388 kB
Active(anon):    2897840 kB
Inactive(anon):    43056 kB
Active(file):    1616896 kB
Inactive(file):   637332 kB
Unevictable:        6192 kB
Mlocked:            5752 kB
SwapTotal:       4718584 kB
SwapFree:        4718584 kB
Dirty:               204 kB
Writeback:            56 kB
AnonPages:       2918004 kB
Mapped:          1042152 kB
Shmem:             24484 kB
KReclaimable:     298948 kB
Slab:             321572 kB
SReclaimable:      91432 kB
SUnreclaim:       230140 kB
KernelStack:       49440 kB
ShadowCallStack:   12384 kB
PageTables:        73584 kB
NFS_Unstable:          0 kB
Bounce:                0 kB
WritebackTmp:          0 kB
CommitLimit:     8676856 kB
Committed_AS:   76256772 kB
VmallocTotal:   263061440 kB
VmallocUsed:      131604 kB
VmallocChunk:          0 kB
Percpu:             2448 kB
CmaTotal:         405504 kB
CmaFree:               0 kB
MemTotal:        7916544 kB
MemFree:          213164 kB
MemAvailable:    2367700 kB
Buffers:           38640 kB
Cached:          2237072 kB
SwapCached:            0 kB
Active:          4521852 kB
Inactive:         672696 kB
Active(anon):    2904956 kB
Inactive(anon):    43052 kB
Active(file):    1616896 kB
Inactive(file):   629644 kB
Unevictable:        6192 kB
Mlocked:            5752 kB
SwapTotal:       4718584 kB
SwapFree:        4718584 kB
Dirty:               160 kB
Writeback:             0 kB
AnonPages:       2925052 kB
Mapped:          1042100 kB
Shmem:             24484 kB
KReclaimable:     298208 kB
Slab:             321152 kB
SReclaimable:      91076 kB
SUnreclaim:       230076 kB
KernelStack:       49424 kB
ShadowCallStack:   12392 kB
PageTables:        73516 kB
NFS_Unstable:          0 kB
Bounce:                0 kB
WritebackTmp:          0 kB
CommitLimit:     8676856 kB
Committed_AS:   76273156 kB
VmallocTotal:   263061440 kB
VmallocUsed:      131604 kB
VmallocChunk:          0 kB
Percpu:             2448 kB
CmaTotal:         405504 kB
CmaFree:               0 kB
MemTotal:        7916544 kB
MemFree:          212436 kB
MemAvailable:    2362976 kB
Buffers:           38640 kB
Cached:          2233288 kB
SwapCached:            0 kB
Active:          4526892 kB
Inactive:         668880 kB
Active(anon):    2909996 kB
Inactive(anon):    43052 kB
Active(file):    1616896 kB
Inactive(file):   625828 kB
Unevictable:        6192 kB
Mlocked:            5752 kB
SwapTotal:       4718584 kB
SwapFree:        4718584 kB
Dirty:                16 kB
Writeback:             0 kB
AnonPages:       2930036 kB
Mapped:          1042100 kB
Shmem:             24484 kB
KReclaimable:     298028 kB
Slab:             321140 kB
SReclaimable:      91024 kB
SUnreclaim:       230116 kB
KernelStack:       49440 kB
ShadowCallStack:   12384 kB
PageTables:        73416 kB
NFS_Unstable:          0 kB
Bounce:                0 kB
WritebackTmp:          0 kB
CommitLimit:     8676856 kB
Committed_AS:   76289544 kB
VmallocTotal:   263061440 kB
VmallocUsed:      131620 kB
VmallocChunk:          0 kB
Percpu:             2448 kB
CmaTotal:         405504 kB
CmaFree:               0 kB
MemTotal:        7916544 kB
MemFree:          211752 kB
MemAvailable:    2356720 kB
Buffers:           38640 kB
Cached:          2228164 kB
SwapCached:            0 kB
Active:          4533752 kB
Inactive:         663852 kB
Active(anon):    2916856 kB
Inactive(anon):    43056 kB
Active(file):    1616896 kB
Inactive(file):   620796 kB
Unevictable:        6192 kB
Mlocked:            5752 kB
SwapTotal:       4718584 kB
SwapFree:        4718584 kB
Dirty:                44 kB
Writeback:             0 kB
AnonPages:       2936872 kB
Mapped:          1041968 kB
Shmem:             24484 kB
KReclaimable:     297488 kB
Slab:             321096 kB
SReclaimable:      90996 kB
SUnreclaim:       230100 kB
KernelStack:       49456 kB
ShadowCallStack:   12396 kB
PageTables:        73652 kB
NFS_Unstable:          0 kB
Bounce:                0 kB
WritebackTmp:          0 kB
CommitLimit:     8676856 kB
Committed_AS:   76289564 kB
VmallocTotal:   263061440 kB
VmallocUsed:      131608 kB
VmallocChunk:          0 kB
Percpu:             2448 kB
CmaTotal:         405504 kB
CmaFree:               0 kB
MemTotal:        7916544 kB
MemFree:          216864 kB
MemAvailable:    2357020 kB
Buffers:           38648 kB
Cached:          2224220 kB
SwapCached:            0 kB
Active:          4533056 kB
Inactive:         659852 kB
Active(anon):    2916160 kB
Inactive(anon):    43052 kB
Active(file):    1616896 kB
Inactive(file):   616800 kB
Unevictable:        6192 kB
Mlocked:            5752 kB
SwapTotal:       4718584 kB
SwapFree:        4718584 kB
Dirty:                56 kB
Writeback:             0 kB
AnonPages:       2936284 kB
Mapped:          1034872 kB
Shmem:             24484 kB
KReclaimable:     296672 kB
Slab:             320708 kB
SReclaimable:      90692 kB
SUnreclaim:       230016 kB
KernelStack:       49472 kB
ShadowCallStack:   12392 kB
PageTables:        73736 kB
NFS_Unstable:          0 kB
Bounce:                0 kB
WritebackTmp:          0 kB
CommitLimit:     8676856 kB
Committed_AS:   76305976 kB
VmallocTotal:   263061440 kB
VmallocUsed:      131644 kB
VmallocChunk:          0 kB
Percpu:             2448 kB
CmaTotal:         405504 kB
CmaFree:             320 kB
MemTotal:        7916544 kB
MemFree:          210960 kB
MemAvailable:    2351116 kB
Buffers:           38648 kB
Cached:          2224220 kB
SwapCached:            0 kB
Active:          4539332 kB
Inactive:         659852 kB
Active(anon):    2922436 kB
Inactive(anon):    43052 kB
Active(file):    1616896 kB
Inactive(file):   616800 kB
Unevictable:        6192 kB
Mlocked:            5752 kB
SwapTotal:       4718584 kB
SwapFree:        4718584 kB
Dirty:                56 kB
Writeback:             0 kB
AnonPages:       2942564 kB
Mapped:          1034872 kB
Shmem:             24484 kB
KReclaimable:     296672 kB
Slab:             320776 kB
SReclaimable:      90692 kB
SUnreclaim:       230084 kB
KernelStack:       49456 kB
ShadowCallStack:   12404 kB
PageTables:        73756 kB
NFS_Unstable:          0 kB
Bounce:                0 kB
WritebackTmp:          0 kB
CommitLimit:     8676856 kB
Committed_AS:   76322360 kB
VmallocTotal:   263061440 kB
VmallocUsed:      131648 kB
VmallocChunk:          0 kB
Percpu:             2448 kB
CmaTotal:         405504 kB
CmaFree:               0 kB
MemTotal:        7916544 kB
MemFree:          210744 kB
MemAvailable:    2340364 kB
Buffers:           38656 kB
Cached:          2214020 kB
SwapCached:            0 kB
Active:          4549188 kB
Inactive:         649768 kB
Active(anon):    2932292 kB
Inactive(anon):    43056 kB
Active(file):    1616896 kB
Inactive(file):   606712 kB
Unevictable:        6192 kB
Mlocked:            5752 kB
SwapTotal:       4718584 kB
SwapFree:        4718584 kB
Dirty:               124 kB
Writeback:             0 kB
AnonPages:       2952360 kB
Mapped:          1034884 kB
Shmem:             24484 kB
KReclaimable:     296224 kB
Slab:             320768 kB
SReclaimable:      90628 kB
SUnreclaim:       230140 kB
KernelStack:       49472 kB
ShadowCallStack:   12380 kB
PageTables:        73724 kB
NFS_Unstable:          0 kB
Bounce:                0 kB
WritebackTmp:          0 kB
CommitLimit:     8676856 kB
Committed_AS:   76322404 kB
VmallocTotal:   263061440 kB
VmallocUsed:      131660 kB
VmallocChunk:          0 kB
Percpu:             2448 kB
CmaTotal:         405504 kB
CmaFree:               0 kB
MemTotal:        7916544 kB
MemFree:          211900 kB
MemAvailable:    2331396 kB
Buffers:           38656 kB
Cached:          2205020 kB
SwapCached:            0 kB
Active:          4559184 kB
Inactive:         640664 kB
Active(anon):    2942288 kB
Inactive(anon):    43056 kB
Active(file):    1616896 kB
Inactive(file):   597608 kB
Unevictable:        6192 kB
Mlocked:            5752 kB
SwapTotal:       4718584 kB
SwapFree:        4718584 kB
Dirty:               124 kB
Writeback:             0 kB
AnonPages:       2962424 kB
Mapped:          1034956 kB
Shmem:             24484 kB
KReclaimable:     295204 kB
Slab:             320404 kB
SReclaimable:      90248 kB
SUnreclaim:       230156 kB
KernelStack:       49488 kB
ShadowCallStack:   12404 kB
PageTables:        73744 kB
NFS_Unstable:          0 kB
Bounce:                0 kB
WritebackTmp:          0 kB
CommitLimit:     8676856 kB
Committed_AS:   76338744 kB
VmallocTotal:   263061440 kB
VmallocUsed:      131628 kB
VmallocChunk:          0 kB
Percpu:             2448 kB
CmaTotal:         405504 kB
CmaFree:               0 kB
MemTotal:        7916544 kB
MemFree:          218572 kB
MemAvailable:    2319532 kB
Buffers:           38656 kB
Cached:          2188380 kB
SwapCached:            0 kB
Active:          4569604 kB
Inactive:         624024 kB
Active(anon):    2952708 kB
Inactive(anon):    43056 kB
Active(file):    1616896 kB
Inactive(file):   580968 kB
Unevictable:        6192 kB
Mlocked:            5752 kB
SwapTotal:       4718584 kB
SwapFree:        4718584 kB
Dirty:                80 kB
Writeback:             0 kB
AnonPages:       2972848 kB
Mapped:          1034952 kB
Shmem:             24484 kB
KReclaimable:     293308 kB
Slab:             320020 kB
SReclaimable:      89888 kB
SUnreclaim:       230132 kB
KernelStack:       49456 kB
ShadowCallStack:   12392 kB
PageTables:        73760 kB
NFS_Unstable:          0 kB
Bounce:                0 kB
WritebackTmp:          0 kB
CommitLimit:     8676856 kB
Committed_AS:   76338744 kB
VmallocTotal:   263061440 kB
VmallocUsed:      131644 kB
VmallocChunk:          0 kB
Percpu:             2448 kB
CmaTotal:         405504 kB
CmaFree:               0 kB
MemTotal:        7916544 kB
MemFree:          212008 kB
MemAvailable:    2312968 kB
Buffers:           38656 kB
Cached:          2188380 kB
SwapCached:            0 kB
Active:          4577336 kB
Inactive:         624024 kB
Active(anon):    2960440 kB
Inactive(anon):    43056 kB
Active(file):    1616896 kB
Inactive(file):   580968 kB
Unevictable:        6192 kB
Mlocked:            5752 kB
SwapTotal:       4718584 kB
SwapFree:        4718584 kB
Dirty:                80 kB
Writeback:             0 kB
AnonPages:       2980444 kB
Mapped:          1034916 kB
Shmem:             24484 kB
KReclaimable:     293308 kB
Slab:             320008 kB
SReclaimable:      89888 kB
SUnreclaim:       230120 kB
KernelStack:       49088 kB
ShadowCallStack:   12324 kB
PageTables:        73568 kB
NFS_Unstable:          0 kB
Bounce:                0 kB
WritebackTmp:          0 kB
CommitLimit:     8676856 kB
Committed_AS:   76355132 kB
VmallocTotal:   263061440 kB
VmallocUsed:      131232 kB
VmallocChunk:          0 kB
Percpu:             2448 kB
CmaTotal:         405504 kB
CmaFree:               0 kB
MemTotal:        7916544 kB
MemFree:          214680 kB
MemAvailable:    2303480 kB
Buffers:           38084 kB
Cached:          2177440 kB
SwapCached:            0 kB
Active:          4587252 kB
Inactive:         612512 kB
Active(anon):    2970356 kB
Inactive(anon):    43056 kB
Active(file):    1616896 kB
Inactive(file):   569456 kB
Unevictable:        6192 kB
Mlocked:            5752 kB
SwapTotal:       4718584 kB
SwapFree:        4718584 kB
Dirty:                84 kB
Writeback:             0 kB
AnonPages:       2990412 kB
Mapped:          1034692 kB
Shmem:             24484 kB
KReclaimable:     292660 kB
Slab:             319848 kB
SReclaimable:      89752 kB
SUnreclaim:       230096 kB
KernelStack:       49152 kB
ShadowCallStack:   12308 kB
PageTables:        73744 kB
NFS_Unstable:          0 kB
Bounce:                0 kB
WritebackTmp:          0 kB
CommitLimit:     8676856 kB
Committed_AS:   76371512 kB
VmallocTotal:   263061440 kB
VmallocUsed:      131244 kB
VmallocChunk:          0 kB
Percpu:             2448 kB
CmaTotal:         405504 kB
CmaFree:               0 kB
MemTotal:        7916544 kB
MemFree:          213868 kB
MemAvailable:    2292828 kB
Buffers:           38084 kB
Cached:          2168480 kB
SwapCached:            0 kB
Active:          4598116 kB
Inactive:         603548 kB
Active(anon):    2981220 kB
Inactive(anon):    43052 kB
Active(file):    1616896 kB
Inactive(file):   560496 kB
Unevictable:        6192 kB
Mlocked:            5752 kB
SwapTotal:       4718584 kB
SwapFree:        4718584 kB
Dirty:               116 kB
Writeback:             0 kB
AnonPages:       3001364 kB
Mapped:          1034876 kB
Shmem:             24484 kB
KReclaimable:     291780 kB
Slab:             319520 kB
SReclaimable:      89384 kB
SUnreclaim:       230136 kB
KernelStack:       49120 kB
ShadowCallStack:   12304 kB
PageTables:        73888 kB
NFS_Unstable:          0 kB
Bounce:                0 kB
WritebackTmp:          0 kB
CommitLimit:     8676856 kB
Committed_AS:   76387896 kB
VmallocTotal:   263061440 kB
VmallocUsed:      131232 kB
VmallocChunk:          0 kB
Percpu:             2448 kB
CmaTotal:         405504 kB
CmaFree:               0 kB
MemTotal:        7916544 kB
MemFree:          213020 kB
MemAvailable:    2287812 kB
Buffers:           38084 kB
Cached:          2164696 kB
SwapCached:            0 kB
Active:          4603304 kB
Inactive:         599768 kB
Active(anon):    2986408 kB
Inactive(anon):    43056 kB
Active(file):    1616896 kB
Inactive(file):   556712 kB
Unevictable:        6192 kB
Mlocked:            5752 kB
SwapTotal:       4718584 kB
SwapFree:        4718584 kB
Dirty:               128 kB
Writeback:             0 kB
AnonPages:       3006500 kB
Mapped:          1035036 kB
Shmem:             24484 kB
KReclaimable:     291396 kB
Slab:             319544 kB
SReclaimable:      89384 kB
SUnreclaim:       230160 kB
KernelStack:       49136 kB
ShadowCallStack:   12300 kB
PageTables:        73936 kB
NFS_Unstable:          0 kB
Bounce:                0 kB
WritebackTmp:          0 kB
CommitLimit:     8676856 kB
Committed_AS:   76404280 kB
VmallocTotal:   263061440 kB
VmallocUsed:      131228 kB
VmallocChunk:          0 kB
Percpu:             2448 kB
CmaTotal:         405504 kB
CmaFree:               0 kB
MemTotal:        7916544 kB
MemFree:          213336 kB
MemAvailable:    2283364 kB
Buffers:           38084 kB
Cached:          2160800 kB
SwapCached:            0 kB
Active:          4607112 kB
Inactive:         595872 kB
Active(anon):    2990216 kB
Inactive(anon):    43056 kB
Active(file):    1616896 kB
Inactive(file):   552816 kB
Unevictable:        6192 kB
Mlocked:            5752 kB
SwapTotal:       4718584 kB
SwapFree:        4718584 kB
Dirty:               148 kB
Writeback:             0 kB
AnonPages:       3010336 kB
Mapped:          1034960 kB
Shmem:             24484 kB
KReclaimable:     290528 kB
Slab:             319304 kB
SReclaimable:      89236 kB
SUnreclaim:       230068 kB
KernelStack:       49120 kB
ShadowCallStack:   12304 kB
PageTables:        73708 kB
NFS_Unstable:          0 kB
Bounce:                0 kB
WritebackTmp:          0 kB
CommitLimit:     8676856 kB
Committed_AS:   76404280 kB
VmallocTotal:   263061440 kB
VmallocUsed:      131204 kB
VmallocChunk:          0 kB
Percpu:             2448 kB
CmaTotal:         405504 kB
CmaFree:               0 kB
MemTotal:        7916544 kB
MemFree:          216304 kB
MemAvailable:    2276976 kB
Buffers:           38084 kB
Cached:          2151932 kB
SwapCached:            0 kB
Active:          4613972 kB
Inactive:         587028 kB
Active(anon):    2997076 kB
Inactive(anon):    43052 kB
Active(file):    1616896 kB
Inactive(file):   543976 kB
Unevictable:        6192 kB
Mlocked:            5752 kB
SwapTotal:       4718584 kB
SwapFree:        4718584 kB
Dirty:               180 kB
Writeback:             0 kB
AnonPages:       3017248 kB
Mapped:          1034952 kB
Shmem:             24484 kB
KReclaimable:     290012 kB
Slab:             319264 kB
SReclaimable:      89232 kB
SUnreclaim:       230032 kB
KernelStack:       49104 kB
ShadowCallStack:   12308 kB
PageTables:        73816 kB
NFS_Unstable:          0 kB
Bounce:                0 kB
WritebackTmp:          0 kB
CommitLimit:     8676856 kB
Committed_AS:   76404280 kB
VmallocTotal:   263061440 kB
VmallocUsed:      131224 kB
VmallocChunk:          0 kB
Percpu:             2448 kB
CmaTotal:         405504 kB
CmaFree:               0 kB
MemTotal:        7916544 kB
MemFree:          219880 kB
MemAvailable:    2270756 kB
Buffers:           38084 kB
Cached:          2142932 kB
SwapCached:            0 kB
Active:          4617628 kB
Inactive:         578108 kB
Active(anon):    3000732 kB
Inactive(anon):    43056 kB
Active(file):    1616896 kB
Inactive(file):   535052 kB
Unevictable:        6192 kB
Mlocked:            5752 kB
SwapTotal:       4718584 kB
SwapFree:        4718584 kB
Dirty:                80 kB
Writeback:             0 kB
AnonPages:       3020716 kB
Mapped:          1034844 kB
Shmem:             24484 kB
KReclaimable:     289140 kB
Slab:             318956 kB
SReclaimable:      88872 kB
SUnreclaim:       230084 kB
KernelStack:       49152 kB
ShadowCallStack:   12312 kB
PageTables:        73728 kB
NFS_Unstable:          0 kB
Bounce:                0 kB
WritebackTmp:          0 kB
CommitLimit:     8676856 kB
Committed_AS:   76424508 kB
VmallocTotal:   263061440 kB
VmallocUsed:      131208 kB
VmallocChunk:          0 kB
Percpu:             2448 kB
CmaTotal:         405504 kB
CmaFree:               0 kB
MemTotal:        7916544 kB
MemFree:          214376 kB
MemAvailable:    2264944 kB
Buffers:           38092 kB
Cached:          2142880 kB
SwapCached:            0 kB
Active:          4624728 kB
Inactive:         577956 kB
Active(anon):    3007832 kB
Inactive(anon):    43052 kB
Active(file):    1616896 kB
Inactive(file):   534904 kB
Unevictable:        6192 kB
Mlocked:            5752 kB
SwapTotal:       4718584 kB
SwapFree:        4718584 kB
Dirty:               116 kB
Writeback:             0 kB
AnonPages:       3027836 kB
Mapped:          1034952 kB
Shmem:             24484 kB
KReclaimable:     288980 kB
Slab:             318824 kB
SReclaimable:      88712 kB
SUnreclaim:       230112 kB
KernelStack:       49136 kB
ShadowCallStack:   12304 kB
PageTables:        74032 kB
NFS_Unstable:          0 kB
Bounce:                0 kB
WritebackTmp:          0 kB
CommitLimit:     8676856 kB
Committed_AS:   76426556 kB
VmallocTotal:   263061440 kB
VmallocUsed:      131216 kB
VmallocChunk:          0 kB
Percpu:             2448 kB
CmaTotal:         405504 kB
CmaFree:              56 kB
MemTotal:        7916544 kB
MemFree:          210816 kB
MemAvailable:    2257512 kB
Buffers:           38092 kB
Cached:          2139040 kB
SwapCached:            0 kB
Active:          4633292 kB
Inactive:         574112 kB
Active(anon):    3016396 kB
Inactive(anon):    43048 kB
Active(file):    1616896 kB
Inactive(file):   531064 kB
Unevictable:        6192 kB
Mlocked:            5752 kB
SwapTotal:       4718584 kB
SwapFree:        4718584 kB
Dirty:               128 kB
Writeback:             0 kB
AnonPages:       3036640 kB
Mapped:          1034952 kB
Shmem:             24484 kB
KReclaimable:     288948 kB
Slab:             318860 kB
SReclaimable:      88680 kB
SUnreclaim:       230180 kB
KernelStack:       49136 kB
ShadowCallStack:   12312 kB
PageTables:        74096 kB
NFS_Unstable:          0 kB
Bounce:                0 kB
WritebackTmp:          0 kB
CommitLimit:     8676856 kB
Committed_AS:   76442940 kB
VmallocTotal:   263061440 kB
VmallocUsed:      131224 kB
VmallocChunk:          0 kB
Percpu:             2448 kB
CmaTotal:         405504 kB
CmaFree:               0 kB
MemTotal:        7916544 kB
MemFree:          213328 kB
MemAvailable:    2255720 kB
Buffers:           38092 kB
Cached:          2135168 kB
SwapCached:            0 kB
Active:          4635052 kB
Inactive:         570280 kB
Active(anon):    3018156 kB
Inactive(anon):    43056 kB
Active(file):    1616896 kB
Inactive(file):   527224 kB
Unevictable:        6192 kB
Mlocked:            5752 kB
SwapTotal:       4718584 kB
SwapFree:        4718584 kB
Dirty:               184 kB
Writeback:             0 kB
AnonPages:       3038348 kB
Mapped:          1035008 kB
Shmem:             24452 kB
KReclaimable:     288484 kB
Slab:             318640 kB
SReclaimable:      88500 kB
SUnreclaim:       230140 kB
KernelStack:       49120 kB
ShadowCallStack:   12304 kB
PageTables:        73900 kB
NFS_Unstable:          0 kB
Bounce:                0 kB
WritebackTmp:          0 kB
CommitLimit:     8676856 kB
Committed_AS:   76442908 kB
VmallocTotal:   263061440 kB
VmallocUsed:      131224 kB
VmallocChunk:          0 kB
Percpu:             2448 kB
CmaTotal:         405504 kB
CmaFree:               0 kB
MemTotal:        7916544 kB
MemFree:          212312 kB
MemAvailable:    2250320 kB
Buffers:           38092 kB
Cached:          2131456 kB
SwapCached:            0 kB
Active:          4638916 kB
Inactive:         566504 kB
Active(anon):    3022020 kB
Inactive(anon):    43052 kB
Active(file):    1616896 kB
Inactive(file):   523452 kB
Unevictable:        6192 kB
Mlocked:            5752 kB
SwapTotal:       4718584 kB
SwapFree:        4718584 kB
Dirty:               184 kB
Writeback:             0 kB
AnonPages:       3042108 kB
Mapped:          1034980 kB
Shmem:             24452 kB
KReclaimable:     287872 kB
Slab:             318536 kB
SReclaimable:      88484 kB
SUnreclaim:       230052 kB
KernelStack:       49136 kB
ShadowCallStack:   12296 kB
PageTables:        73872 kB
NFS_Unstable:          0 kB
Bounce:                0 kB
WritebackTmp:          0 kB
CommitLimit:     8676856 kB
Committed_AS:   76442908 kB
VmallocTotal:   263061440 kB
VmallocUsed:      131224 kB
VmallocChunk:          0 kB
Percpu:             2448 kB
CmaTotal:         405504 kB
CmaFree:               0 kB
MemTotal:        7916544 kB
MemFree:          210748 kB
MemAvailable:    2247240 kB
Buffers:           38092 kB
Cached:          2130052 kB
SwapCached:            0 kB
Active:          4643504 kB
Inactive:         565156 kB
Active(anon):    3026608 kB
Inactive(anon):    43052 kB
Active(file):    1616896 kB
Inactive(file):   522104 kB
Unevictable:        6192 kB
Mlocked:            5752 kB
SwapTotal:       4718584 kB
SwapFree:        4718584 kB
Dirty:               184 kB
Writeback:             0 kB
AnonPages:       3046784 kB
Mapped:          1034984 kB
Shmem:             24456 kB
KReclaimable:     287704 kB
Slab:             318404 kB
SReclaimable:      88316 kB
SUnreclaim:       230088 kB
KernelStack:       49136 kB
ShadowCallStack:   12312 kB
PageTables:        74004 kB
NFS_Unstable:          0 kB
Bounce:                0 kB
WritebackTmp:          0 kB
CommitLimit:     8676856 kB
Committed_AS:   76442912 kB
VmallocTotal:   263061440 kB
VmallocUsed:      131228 kB
VmallocChunk:          0 kB
Percpu:             2448 kB
CmaTotal:         405504 kB
CmaFree:               0 kB
MemTotal:        7916544 kB
MemFree:          214072 kB
MemAvailable:    2238236 kB
Buffers:           38108 kB
Cached:          2118532 kB
SwapCached:            0 kB
Active:          4650616 kB
Inactive:         553656 kB
Active(anon):    3033720 kB
Inactive(anon):    43056 kB
Active(file):    1616896 kB
Inactive(file):   510600 kB
Unevictable:        6192 kB
Mlocked:            5752 kB
SwapTotal:       4718584 kB
SwapFree:        4718584 kB
Dirty:               188 kB
Writeback:             0 kB
AnonPages:       3053756 kB
Mapped:          1034988 kB
Shmem:             24456 kB
KReclaimable:     286880 kB
Slab:             318144 kB
SReclaimable:      88004 kB
SUnreclaim:       230140 kB
KernelStack:       49136 kB
ShadowCallStack:   12312 kB
PageTables:        74052 kB
NFS_Unstable:          0 kB
Bounce:                0 kB
WritebackTmp:          0 kB
CommitLimit:     8676856 kB
Committed_AS:   76442912 kB
VmallocTotal:   263061440 kB
VmallocUsed:      131244 kB
VmallocChunk:          0 kB
Percpu:             2448 kB
CmaTotal:         405504 kB
CmaFree:               4 kB
MemTotal:        7916544 kB
MemFree:          214700 kB
MemAvailable:    2232948 kB
Buffers:           38108 kB
Cached:          2113412 kB
SwapCached:            0 kB
Active:          4656552 kB
Inactive:         548532 kB
Active(anon):    3039656 kB
Inactive(anon):    43052 kB
Active(file):    1616896 kB
Inactive(file):   505480 kB
Unevictable:        6192 kB
Mlocked:            5752 kB
SwapTotal:       4718584 kB
SwapFree:        4718584 kB
Dirty:               188 kB
Writeback:             0 kB
AnonPages:       3059724 kB
