MemTotal:        7916544 kB
MemFree:         3265800 kB
MemAvailable:    4483688 kB
Buffers:            3732 kB
Cached:          1127644 kB
SwapCached:         5684 kB
Active:           825256 kB
Inactive:        1032260 kB
Active(anon):     497772 kB
Inactive(anon):   250872 kB
Active(file):     327484 kB
Inactive(file):   781388 kB
Unevictable:        6200 kB
Mlocked:            5760 kB
SwapTotal:       4718584 kB
SwapFree:        3949048 kB
Dirty:             17676 kB
Writeback:             0 kB
AnonPages:        727976 kB
Mapped:           453612 kB
Shmem:             17816 kB
KReclaimable:     767700 kB
Slab:             320160 kB
SReclaimable:      89624 kB
SUnreclaim:       230536 kB
KernelStack:       50096 kB
ShadowCallStack:   12548 kB
PageTables:        66364 kB
NFS_Unstable:          0 kB
Bounce:                0 kB
WritebackTmp:          0 kB
CommitLimit:     8676856 kB
Committed_AS:   68907968 kB
VmallocTotal:   263061440 kB
VmallocUsed:      132352 kB
VmallocChunk:          0 kB
Percpu:             2448 kB
CmaTotal:         405504 kB
CmaFree:          250124 kB
MemTotal:        7916544 kB
MemFree:         3242972 kB
MemAvailable:    4215116 kB
Buffers:            3732 kB
Cached:          1127672 kB
SwapCached:         5696 kB
Active:           846132 kB
Inactive:        1032280 kB
Active(anon):     518648 kB
Inactive(anon):   250868 kB
Active(file):     327484 kB
Inactive(file):   781412 kB
Unevictable:        6200 kB
Mlocked:            5760 kB
SwapTotal:       4718584 kB
SwapFree:        3949816 kB
Dirty:             17676 kB
Writeback:             0 kB
AnonPages:        748932 kB
Mapped:           471860 kB
Shmem:             17820 kB
KReclaimable:     521932 kB
Slab:             320496 kB
SReclaimable:      89640 kB
SUnreclaim:       230856 kB
KernelStack:       50144 kB
ShadowCallStack:   12544 kB
PageTables:        66848 kB
NFS_Unstable:          0 kB
Bounce:                0 kB
WritebackTmp:          0 kB
CommitLimit:     8676856 kB
Committed_AS:   68932020 kB
VmallocTotal:   263061440 kB
VmallocUsed:      132440 kB
VmallocChunk:          0 kB
Percpu:             2448 kB
CmaTotal:         405504 kB
CmaFree:          250140 kB
MemTotal:        7916544 kB
MemFree:         3237916 kB
MemAvailable:    4209276 kB
Buffers:            3732 kB
Cached:          1127672 kB
SwapCached:         5696 kB
Active:           850516 kB
Inactive:        1032280 kB
Active(anon):     523032 kB
Inactive(anon):   250868 kB
Active(file):     327484 kB
Inactive(file):   781412 kB
Unevictable:        6200 kB
Mlocked:            5760 kB
SwapTotal:       4718584 kB
SwapFree:        3949816 kB
Dirty:             17676 kB
Writeback:             0 kB
AnonPages:        753372 kB
Mapped:           472316 kB
Shmem:             17820 kB
KReclaimable:     521148 kB
Slab:             320500 kB
SReclaimable:      89656 kB
SUnreclaim:       230844 kB
KernelStack:       50112 kB
ShadowCallStack:   12552 kB
PageTables:        66996 kB
NFS_Unstable:          0 kB
Bounce:                0 kB
WritebackTmp:          0 kB
CommitLimit:     8676856 kB
Committed_AS:   68932024 kB
VmallocTotal:   263061440 kB
VmallocUsed:      132416 kB
VmallocChunk:          0 kB
Percpu:             2448 kB
CmaTotal:         405504 kB
CmaFree:          250124 kB
MemTotal:        7916544 kB
MemFree:         3234092 kB
MemAvailable:    4205460 kB
Buffers:            3732 kB
Cached:          1127692 kB
SwapCached:         5696 kB
Active:           854776 kB
Inactive:        1032292 kB
Active(anon):     527292 kB
Inactive(anon):   250872 kB
Active(file):     327484 kB
Inactive(file):   781420 kB
Unevictable:        6200 kB
Mlocked:            5760 kB
SwapTotal:       4718584 kB
SwapFree:        3949816 kB
Dirty:             17696 kB
Writeback:             0 kB
AnonPages:        757600 kB
Mapped:           473180 kB
Shmem:             17832 kB
KReclaimable:     521148 kB
Slab:             320500 kB
SReclaimable:      89656 kB
SUnreclaim:       230844 kB
KernelStack:       50112 kB
ShadowCallStack:   12552 kB
PageTables:        66924 kB
NFS_Unstable:          0 kB
Bounce:                0 kB
WritebackTmp:          0 kB
CommitLimit:     8676856 kB
Committed_AS:   68932036 kB
VmallocTotal:   263061440 kB
VmallocUsed:      132432 kB
VmallocChunk:          0 kB
Percpu:             2448 kB
CmaTotal:         405504 kB
CmaFree:          250124 kB
MemTotal:        7916544 kB
MemFree:         3234060 kB
MemAvailable:    4205380 kB
Buffers:            3732 kB
Cached:          1127692 kB
SwapCached:         5696 kB
Active:           854932 kB
Inactive:        1032288 kB
Active(anon):     527448 kB
Inactive(anon):   250868 kB
Active(file):     327484 kB
Inactive(file):   781420 kB
Unevictable:        6200 kB
Mlocked:            5760 kB
SwapTotal:       4718584 kB
SwapFree:        3949816 kB
Dirty:             17696 kB
Writeback:             0 kB
AnonPages:        757772 kB
Mapped:           473348 kB
Shmem:             17832 kB
KReclaimable:     521100 kB
Slab:             320500 kB
SReclaimable:      89656 kB
SUnreclaim:       230844 kB
KernelStack:       50112 kB
ShadowCallStack:   12556 kB
PageTables:        67000 kB
NFS_Unstable:          0 kB
Bounce:                0 kB
WritebackTmp:          0 kB
CommitLimit:     8676856 kB
Committed_AS:   68932032 kB
VmallocTotal:   263061440 kB
VmallocUsed:      132428 kB
VmallocChunk:          0 kB
Percpu:             2448 kB
CmaTotal:         405504 kB
CmaFree:          250124 kB
MemTotal:        7916544 kB
MemFree:         3212612 kB
MemAvailable:    4184396 kB
Buffers:            3732 kB
Cached:          1128144 kB
SwapCached:         5696 kB
Active:           875412 kB
Inactive:        1032280 kB
Active(anon):     547480 kB
Inactive(anon):   250860 kB
Active(file):     327932 kB
Inactive(file):   781420 kB
Unevictable:        6200 kB
Mlocked:            5760 kB
SwapTotal:       4718584 kB
SwapFree:        3949816 kB
Dirty:             17696 kB
Writeback:             0 kB
AnonPages:        777772 kB
Mapped:           475260 kB
Shmem:             17836 kB
KReclaimable:     521116 kB
Slab:             320516 kB
SReclaimable:      89672 kB
SUnreclaim:       230844 kB
KernelStack:       50128 kB
ShadowCallStack:   12552 kB
PageTables:        66836 kB
NFS_Unstable:          0 kB
Bounce:                0 kB
WritebackTmp:          0 kB
CommitLimit:     8676856 kB
Committed_AS:   68952272 kB
VmallocTotal:   263061440 kB
VmallocUsed:      132432 kB
VmallocChunk:          0 kB
Percpu:             2448 kB
CmaTotal:         405504 kB
CmaFree:          250124 kB
MemTotal:        7916544 kB
MemFree:         3137724 kB
MemAvailable:    4109520 kB
Buffers:            3744 kB
Cached:          1128144 kB
SwapCached:         5696 kB
Active:           951880 kB
Inactive:        1032288 kB
Active(anon):     623948 kB
Inactive(anon):   250856 kB
Active(file):     327932 kB
Inactive(file):   781432 kB
Unevictable:        6200 kB
Mlocked:            5760 kB
SwapTotal:       4718584 kB
SwapFree:        3949816 kB
Dirty:             17700 kB
Writeback:             0 kB
AnonPages:        854224 kB
Mapped:           486764 kB
Shmem:             17836 kB
KReclaimable:     521116 kB
Slab:             320548 kB
SReclaimable:      89672 kB
SUnreclaim:       230876 kB
KernelStack:       50128 kB
ShadowCallStack:   12560 kB
PageTables:        67092 kB
NFS_Unstable:          0 kB
Bounce:                0 kB
WritebackTmp:          0 kB
CommitLimit:     8676856 kB
Committed_AS:   69119300 kB
VmallocTotal:   263061440 kB
VmallocUsed:      132400 kB
VmallocChunk:          0 kB
Percpu:             2448 kB
CmaTotal:         405504 kB
CmaFree:          250136 kB
MemTotal:        7916544 kB
MemFree:         2997860 kB
MemAvailable:    3931724 kB
Buffers:            3888 kB
Cached:          1128376 kB
SwapCached:         5704 kB
Active:          1088996 kB
Inactive:        1032284 kB
Active(anon):     761064 kB
Inactive(anon):   250476 kB
Active(file):     327932 kB
Inactive(file):   781808 kB
Unevictable:        6200 kB
Mlocked:            5760 kB
SwapTotal:       4718584 kB
SwapFree:        3952632 kB
Dirty:             17716 kB
Writeback:             0 kB
AnonPages:        990776 kB
Mapped:           559404 kB
Shmem:             17836 kB
KReclaimable:     454632 kB
Slab:             320836 kB
SReclaimable:      89688 kB
SUnreclaim:       231148 kB
KernelStack:       50160 kB
ShadowCallStack:   12568 kB
PageTables:        67740 kB
NFS_Unstable:          0 kB
Bounce:                0 kB
WritebackTmp:          0 kB
CommitLimit:     8676856 kB
Committed_AS:   69314512 kB
VmallocTotal:   263061440 kB
VmallocUsed:      132440 kB
VmallocChunk:          0 kB
Percpu:             2448 kB
CmaTotal:         405504 kB
CmaFree:          250124 kB
MemTotal:        7916544 kB
MemFree:         2951116 kB
MemAvailable:    3867404 kB
Buffers:            3888 kB
Cached:          1129336 kB
SwapCached:         5712 kB
Active:          1134960 kB
Inactive:        1032380 kB
Active(anon):     806164 kB
Inactive(anon):   250480 kB
Active(file):     328796 kB
Inactive(file):   781900 kB
Unevictable:        6200 kB
Mlocked:            5760 kB
SwapTotal:       4718584 kB
SwapFree:        3952632 kB
Dirty:             17792 kB
Writeback:             0 kB
AnonPages:       1036088 kB
Mapped:           571492 kB
Shmem:             17840 kB
KReclaimable:     417568 kB
Slab:             321024 kB
SReclaimable:      89688 kB
SUnreclaim:       231336 kB
KernelStack:       50224 kB
ShadowCallStack:   12584 kB
PageTables:        67972 kB
NFS_Unstable:          0 kB
Bounce:                0 kB
WritebackTmp:          0 kB
CommitLimit:     8676856 kB
Committed_AS:   69438536 kB
VmallocTotal:   263061440 kB
VmallocUsed:      132484 kB
VmallocChunk:          0 kB
Percpu:             2448 kB
CmaTotal:         405504 kB
CmaFree:          250124 kB
MemTotal:        7916544 kB
MemFree:         2841560 kB
MemAvailable:    3756440 kB
Buffers:            3912 kB
Cached:          1129356 kB
SwapCached:         5712 kB
Active:          1244444 kB
Inactive:        1032416 kB
Active(anon):     915648 kB
Inactive(anon):   250476 kB
Active(file):     328796 kB
Inactive(file):   781940 kB
Unevictable:        6200 kB
Mlocked:            5760 kB
SwapTotal:       4718584 kB
SwapFree:        3952632 kB
Dirty:             17816 kB
Writeback:             0 kB
AnonPages:       1145760 kB
Mapped:           573492 kB
Shmem:             17844 kB
KReclaimable:     414672 kB
Slab:             321024 kB
SReclaimable:      89688 kB
SUnreclaim:       231336 kB
KernelStack:       50192 kB
ShadowCallStack:   12568 kB
PageTables:        68408 kB
NFS_Unstable:          0 kB
Bounce:                0 kB
WritebackTmp:          0 kB
CommitLimit:     8676856 kB
Committed_AS:   69700660 kB
VmallocTotal:   263061440 kB
VmallocUsed:      132484 kB
VmallocChunk:          0 kB
Percpu:             2448 kB
CmaTotal:         405504 kB
CmaFree:          250124 kB
MemTotal:        7916544 kB
MemFree:         2722680 kB
MemAvailable:    3636864 kB
Buffers:            3912 kB
Cached:          1129360 kB
SwapCached:         5712 kB
Active:          1362040 kB
Inactive:        1032408 kB
Active(anon):    1033244 kB
Inactive(anon):   250468 kB
Active(file):     328796 kB
Inactive(file):   781940 kB
Unevictable:        6200 kB
Mlocked:            5760 kB
SwapTotal:       4718584 kB
SwapFree:        3952632 kB
Dirty:             17824 kB
Writeback:             0 kB
AnonPages:       1263356 kB
Mapped:           574336 kB
Shmem:             17848 kB
KReclaimable:     413280 kB
Slab:             321060 kB
SReclaimable:      89688 kB
SUnreclaim:       231372 kB
KernelStack:       50208 kB
ShadowCallStack:   12576 kB
PageTables:        68948 kB
NFS_Unstable:          0 kB
Bounce:                0 kB
WritebackTmp:          0 kB
CommitLimit:     8676856 kB
Committed_AS:   69979188 kB
VmallocTotal:   263061440 kB
VmallocUsed:      132548 kB
VmallocChunk:          0 kB
Percpu:             2448 kB
CmaTotal:         405504 kB
CmaFree:          250124 kB
MemTotal:        7916544 kB
MemFree:         2626496 kB
MemAvailable:    3535932 kB
Buffers:            3912 kB
Cached:          1129368 kB
SwapCached:         5712 kB
Active:          1457724 kB
Inactive:        1032416 kB
Active(anon):    1128928 kB
Inactive(anon):   250476 kB
Active(file):     328796 kB
Inactive(file):   781940 kB
Unevictable:        6200 kB
Mlocked:            5760 kB
SwapTotal:       4718584 kB
SwapFree:        3952632 kB
Dirty:             17908 kB
Writeback:             0 kB
AnonPages:       1358980 kB
Mapped:           575188 kB
Shmem:             17856 kB
KReclaimable:     403780 kB
Slab:             321116 kB
SReclaimable:      89688 kB
SUnreclaim:       231428 kB
KernelStack:       50176 kB
ShadowCallStack:   12580 kB
PageTables:        69296 kB
NFS_Unstable:          0 kB
Bounce:                0 kB
WritebackTmp:          0 kB
CommitLimit:     8676856 kB
Committed_AS:   70208572 kB
VmallocTotal:   263061440 kB
VmallocUsed:      132540 kB
VmallocChunk:          0 kB
Percpu:             2448 kB
CmaTotal:         405504 kB
CmaFree:          250124 kB
MemTotal:        7916544 kB
MemFree:         2525084 kB
MemAvailable:    3434924 kB
Buffers:            3912 kB
Cached:          1130340 kB
SwapCached:         5712 kB
Active:          1559284 kB
Inactive:        1032432 kB
Active(anon):    1229540 kB
Inactive(anon):   250472 kB
Active(file):     329744 kB
Inactive(file):   781960 kB
Unevictable:        6200 kB
Mlocked:            5760 kB
SwapTotal:       4718584 kB
SwapFree:        3952632 kB
Dirty:             17928 kB
Writeback:             0 kB
AnonPages:       1459288 kB
Mapped:           576332 kB
Shmem:             17860 kB
KReclaimable:     402652 kB
Slab:             321144 kB
SReclaimable:      89688 kB
SUnreclaim:       231456 kB
KernelStack:       50160 kB
ShadowCallStack:   12572 kB
PageTables:        69816 kB
NFS_Unstable:          0 kB
Bounce:                0 kB
WritebackTmp:          0 kB
CommitLimit:     8676856 kB
Committed_AS:   70470680 kB
VmallocTotal:   263061440 kB
VmallocUsed:      132576 kB
VmallocChunk:          0 kB
Percpu:             2448 kB
CmaTotal:         405504 kB
CmaFree:          250124 kB
MemTotal:        7916544 kB
MemFree:         2414076 kB
MemAvailable:    3323092 kB
Buffers:            3912 kB
Cached:          1130340 kB
SwapCached:         5712 kB
Active:          1669972 kB
Inactive:        1032432 kB
Active(anon):    1340228 kB
Inactive(anon):   250472 kB
Active(file):     329744 kB
Inactive(file):   781960 kB
Unevictable:        6200 kB
Mlocked:            5760 kB
SwapTotal:       4718584 kB
SwapFree:        3952632 kB
Dirty:             17928 kB
Writeback:             0 kB
AnonPages:       1570152 kB
Mapped:           577488 kB
Shmem:             17860 kB
KReclaimable:     401004 kB
Slab:             321340 kB
SReclaimable:      89688 kB
SUnreclaim:       231652 kB
KernelStack:       50192 kB
ShadowCallStack:   12572 kB
PageTables:        70300 kB
NFS_Unstable:          0 kB
Bounce:                0 kB
WritebackTmp:          0 kB
CommitLimit:     8676856 kB
Committed_AS:   70732824 kB
VmallocTotal:   263061440 kB
VmallocUsed:      132568 kB
VmallocChunk:          0 kB
Percpu:             2448 kB
CmaTotal:         405504 kB
CmaFree:          250124 kB
MemTotal:        7916544 kB
MemFree:         2295224 kB
MemAvailable:    3203352 kB
Buffers:            3920 kB
Cached:          1130344 kB
SwapCached:         5712 kB
Active:          1788388 kB
Inactive:        1032432 kB
Active(anon):    1458644 kB
Inactive(anon):   250464 kB
Active(file):     329744 kB
Inactive(file):   781968 kB
Unevictable:        6200 kB
Mlocked:            5760 kB
SwapTotal:       4718584 kB
SwapFree:        3952632 kB
Dirty:             17952 kB
Writeback:             0 kB
AnonPages:       1688668 kB
Mapped:           578844 kB
Shmem:             17864 kB
KReclaimable:     399212 kB
Slab:             321452 kB
SReclaimable:      89688 kB
SUnreclaim:       231764 kB
KernelStack:       50176 kB
ShadowCallStack:   12568 kB
PageTables:        70804 kB
NFS_Unstable:          0 kB
Bounce:                0 kB
WritebackTmp:          0 kB
CommitLimit:     8676856 kB
Committed_AS:   71043460 kB
VmallocTotal:   263061440 kB
VmallocUsed:      132468 kB
VmallocChunk:          0 kB
Percpu:             2448 kB
CmaTotal:         405504 kB
CmaFree:          250124 kB
MemTotal:        7916544 kB
MemFree:         2189848 kB
MemAvailable:    3097576 kB
Buffers:            3920 kB
Cached:          1130344 kB
SwapCached:         5712 kB
Active:          1893100 kB
Inactive:        1032440 kB
Active(anon):    1563356 kB
Inactive(anon):   250472 kB
Active(file):     329744 kB
Inactive(file):   781968 kB
Unevictable:        6200 kB
Mlocked:            5760 kB
SwapTotal:       4718584 kB
SwapFree:        3952632 kB
Dirty:             17952 kB
Writeback:             0 kB
AnonPages:       1793204 kB
Mapped:           579472 kB
Shmem:             17864 kB
KReclaimable:     398412 kB
Slab:             321440 kB
SReclaimable:      89688 kB
SUnreclaim:       231752 kB
KernelStack:       50192 kB
ShadowCallStack:   12572 kB
PageTables:        71220 kB
NFS_Unstable:          0 kB
Bounce:                0 kB
WritebackTmp:          0 kB
CommitLimit:     8676856 kB
Committed_AS:   71321404 kB
VmallocTotal:   263061440 kB
VmallocUsed:      132540 kB
VmallocChunk:          0 kB
Percpu:             2448 kB
CmaTotal:         405504 kB
CmaFree:          250124 kB
MemTotal:        7916544 kB
MemFree:         2074120 kB
MemAvailable:    2981048 kB
Buffers:            3924 kB
Cached:          1130352 kB
SwapCached:         5712 kB
Active:          2006980 kB
Inactive:        1032456 kB
Active(anon):    1677236 kB
Inactive(anon):   250476 kB
Active(file):     329744 kB
Inactive(file):   781980 kB
Unevictable:        6200 kB
Mlocked:            5760 kB
SwapTotal:       4718584 kB
SwapFree:        3952632 kB
Dirty:               644 kB
Writeback:             0 kB
AnonPages:       1907112 kB
Mapped:           580228 kB
Shmem:             17864 kB
KReclaimable:     396788 kB
Slab:             321484 kB
SReclaimable:      89688 kB
SUnreclaim:       231796 kB
KernelStack:       50192 kB
ShadowCallStack:   12568 kB
PageTables:        71448 kB
NFS_Unstable:          0 kB
Bounce:                0 kB
WritebackTmp:          0 kB
CommitLimit:     8676856 kB
Committed_AS:   71572340 kB
VmallocTotal:   263061440 kB
VmallocUsed:      132508 kB
VmallocChunk:          0 kB
Percpu:             2448 kB
CmaTotal:         405504 kB
CmaFree:          250124 kB
MemTotal:        7916544 kB
MemFree:         1969252 kB
MemAvailable:    2875644 kB
Buffers:            3924 kB
Cached:          1130352 kB
SwapCached:         5712 kB
Active:          2112076 kB
Inactive:        1032452 kB
Active(anon):    1782332 kB
Inactive(anon):   250472 kB
Active(file):     329744 kB
Inactive(file):   781980 kB
Unevictable:        6200 kB
Mlocked:            5760 kB
SwapTotal:       4718584 kB
SwapFree:        3952632 kB
Dirty:               644 kB
Writeback:             0 kB
AnonPages:       2012328 kB
Mapped:           580876 kB
Shmem:             17864 kB
KReclaimable:     395716 kB
Slab:             321692 kB
SReclaimable:      89688 kB
SUnreclaim:       232004 kB
KernelStack:       50176 kB
ShadowCallStack:   12568 kB
PageTables:        72044 kB
NFS_Unstable:          0 kB
Bounce:                0 kB
WritebackTmp:          0 kB
CommitLimit:     8676856 kB
Committed_AS:   71785168 kB
VmallocTotal:   263061440 kB
VmallocUsed:      132460 kB
VmallocChunk:          0 kB
Percpu:             2448 kB
CmaTotal:         405504 kB
CmaFree:          250124 kB
MemTotal:        7916544 kB
MemFree:         1897204 kB
MemAvailable:    2803668 kB
Buffers:            3924 kB
Cached:          1130864 kB
SwapCached:         5712 kB
Active:          2184628 kB
Inactive:        1032452 kB
Active(anon):    1854372 kB
Inactive(anon):   250472 kB
Active(file):     330256 kB
Inactive(file):   781980 kB
Unevictable:        6200 kB
Mlocked:            5760 kB
SwapTotal:       4718584 kB
SwapFree:        3952632 kB
Dirty:               644 kB
Writeback:             0 kB
AnonPages:       2084168 kB
Mapped:           581836 kB
Shmem:             17864 kB
KReclaimable:     394836 kB
Slab:             321700 kB
SReclaimable:      89688 kB
SUnreclaim:       232012 kB
KernelStack:       50128 kB
ShadowCallStack:   12560 kB
PageTables:        72324 kB
NFS_Unstable:          0 kB
Bounce:                0 kB
WritebackTmp:          0 kB
CommitLimit:     8676856 kB
Committed_AS:   71965096 kB
VmallocTotal:   263061440 kB
VmallocUsed:      132464 kB
VmallocChunk:          0 kB
Percpu:             2448 kB
CmaTotal:         405504 kB
CmaFree:          250124 kB
MemTotal:        7916544 kB
MemFree:         1830156 kB
MemAvailable:    2736080 kB
Buffers:            3956 kB
Cached:          1130876 kB
SwapCached:         5712 kB
Active:          2250760 kB
Inactive:        1032476 kB
Active(anon):    1920504 kB
Inactive(anon):   250464 kB
Active(file):     330256 kB
Inactive(file):   782012 kB
Unevictable:        6200 kB
Mlocked:            5760 kB
SwapTotal:       4718584 kB
SwapFree:        3952632 kB
Dirty:               672 kB
Writeback:             0 kB
AnonPages:       2150356 kB
Mapped:           582572 kB
Shmem:             17876 kB
KReclaimable:     393692 kB
Slab:             321740 kB
SReclaimable:      89704 kB
SUnreclaim:       232036 kB
KernelStack:       50096 kB
ShadowCallStack:   12556 kB
PageTables:        72584 kB
NFS_Unstable:          0 kB
Bounce:                0 kB
WritebackTmp:          0 kB
CommitLimit:     8676856 kB
Committed_AS:   72096140 kB
VmallocTotal:   263061440 kB
VmallocUsed:      132400 kB
VmallocChunk:          0 kB
Percpu:             2448 kB
CmaTotal:         405504 kB
CmaFree:          250124 kB
MemTotal:        7916544 kB
MemFree:         1781240 kB
MemAvailable:    2686964 kB
Buffers:            3956 kB
Cached:          1130876 kB
SwapCached:         5712 kB
Active:          2299824 kB
Inactive:        1032484 kB
Active(anon):    1969568 kB
Inactive(anon):   250472 kB
Active(file):     330256 kB
Inactive(file):   782012 kB
Unevictable:        6200 kB
Mlocked:            5760 kB
SwapTotal:       4718584 kB
SwapFree:        3952632 kB
Dirty:               672 kB
Writeback:             0 kB
AnonPages:       2199408 kB
Mapped:           583012 kB
Shmem:             17876 kB
KReclaimable:     393292 kB
Slab:             321820 kB
SReclaimable:      89720 kB
SUnreclaim:       232100 kB
KernelStack:       50112 kB
ShadowCallStack:   12552 kB
PageTables:        72752 kB
NFS_Unstable:          0 kB
Bounce:                0 kB
WritebackTmp:          0 kB
CommitLimit:     8676856 kB
Committed_AS:   72243600 kB
VmallocTotal:   263061440 kB
VmallocUsed:      132376 kB
VmallocChunk:          0 kB
Percpu:             2448 kB
CmaTotal:         405504 kB
CmaFree:          250124 kB
MemTotal:        7916544 kB
MemFree:         1704200 kB
MemAvailable:    2609444 kB
Buffers:            3956 kB
Cached:          1130876 kB
SwapCached:         5712 kB
Active:          2376436 kB
Inactive:        1032476 kB
Active(anon):    2046180 kB
Inactive(anon):   250464 kB
Active(file):     330256 kB
Inactive(file):   782012 kB
Unevictable:        6200 kB
Mlocked:            5760 kB
SwapTotal:       4718584 kB
SwapFree:        3952632 kB
Dirty:               672 kB
Writeback:             0 kB
AnonPages:       2276052 kB
Mapped:           583568 kB
Shmem:             17876 kB
KReclaimable:     392332 kB
Slab:             321844 kB
SReclaimable:      89720 kB
SUnreclaim:       232124 kB
KernelStack:       50096 kB
ShadowCallStack:   12564 kB
PageTables:        72988 kB
NFS_Unstable:          0 kB
Bounce:                0 kB
WritebackTmp:          0 kB
CommitLimit:     8676856 kB
Committed_AS:   72423856 kB
VmallocTotal:   263061440 kB
VmallocUsed:      132516 kB
VmallocChunk:          0 kB
Percpu:             2448 kB
CmaTotal:         405504 kB
CmaFree:          250124 kB
MemTotal:        7916544 kB
MemFree:         1638184 kB
MemAvailable:    2543080 kB
Buffers:            3956 kB
Cached:          1130876 kB
SwapCached:         5712 kB
Active:          2442168 kB
Inactive:        1032472 kB
Active(anon):    2111912 kB
Inactive(anon):   250460 kB
Active(file):     330256 kB
Inactive(file):   782012 kB
Unevictable:        6200 kB
Mlocked:            5760 kB
SwapTotal:       4718584 kB
SwapFree:        3952632 kB
Dirty:               672 kB
Writeback:             0 kB
AnonPages:       2341724 kB
Mapped:           583956 kB
Shmem:             17876 kB
KReclaimable:     391636 kB
Slab:             321872 kB
SReclaimable:      89720 kB
SUnreclaim:       232152 kB
KernelStack:       50112 kB
ShadowCallStack:   12552 kB
PageTables:        73436 kB
NFS_Unstable:          0 kB
Bounce:                0 kB
WritebackTmp:          0 kB
CommitLimit:     8676856 kB
Committed_AS:   72567236 kB
VmallocTotal:   263061440 kB
VmallocUsed:      132400 kB
VmallocChunk:          0 kB
Percpu:             2448 kB
CmaTotal:         405504 kB
CmaFree:          250124 kB
MemTotal:        7916544 kB
MemFree:         1573000 kB
MemAvailable:    2477496 kB
Buffers:            3964 kB
Cached:          1130876 kB
SwapCached:         5712 kB
Active:          2506664 kB
Inactive:        1032484 kB
Active(anon):    2176408 kB
Inactive(anon):   250464 kB
Active(file):     330256 kB
Inactive(file):   782020 kB
Unevictable:        6200 kB
Mlocked:            5760 kB
SwapTotal:       4718584 kB
SwapFree:        3952632 kB
Dirty:               672 kB
Writeback:             0 kB
AnonPages:       2406480 kB
Mapped:           584532 kB
Shmem:             17876 kB
KReclaimable:     390820 kB
Slab:             321968 kB
SReclaimable:      89736 kB
SUnreclaim:       232232 kB
KernelStack:       50080 kB
ShadowCallStack:   12544 kB
PageTables:        73584 kB
NFS_Unstable:          0 kB
Bounce:                0 kB
WritebackTmp:          0 kB
CommitLimit:     8676856 kB
Committed_AS:   72747352 kB
VmallocTotal:   263061440 kB
VmallocUsed:      132360 kB
VmallocChunk:          0 kB
Percpu:             2448 kB
CmaTotal:         405504 kB
CmaFree:          250124 kB
MemTotal:        7916544 kB
MemFree:         1502888 kB
MemAvailable:    2407152 kB
Buffers:            3972 kB
Cached:          1131372 kB
SwapCached:         5712 kB
Active:          2577660 kB
Inactive:        1032476 kB
Active(anon):    2246904 kB
Inactive(anon):   250456 kB
Active(file):     330756 kB
Inactive(file):   782020 kB
Unevictable:        6200 kB
Mlocked:            5760 kB
SwapTotal:       4718584 kB
SwapFree:        3952632 kB
Dirty:               672 kB
Writeback:             0 kB
AnonPages:       2476672 kB
Mapped:           585596 kB
Shmem:             17880 kB
KReclaimable:     389356 kB
Slab:             321956 kB
SReclaimable:      89736 kB
SUnreclaim:       232220 kB
KernelStack:       50080 kB
ShadowCallStack:   12540 kB
PageTables:        73760 kB
NFS_Unstable:          0 kB
Bounce:                0 kB
WritebackTmp:          0 kB
CommitLimit:     8676856 kB
Committed_AS:   72898884 kB
VmallocTotal:   263061440 kB
VmallocUsed:      132392 kB
VmallocChunk:          0 kB
Percpu:             2448 kB
CmaTotal:         405504 kB
CmaFree:          250124 kB
MemTotal:        7916544 kB
MemFree:         1481596 kB
MemAvailable:    2385784 kB
Buffers:            3972 kB
Cached:          1131384 kB
SwapCached:         5712 kB
Active:          2597688 kB
Inactive:        1032496 kB
Active(anon):    2266932 kB
Inactive(anon):   250464 kB
Active(file):     330756 kB
Inactive(file):   782032 kB
Unevictable:        6200 kB
Mlocked:            5760 kB
SwapTotal:       4718584 kB
SwapFree:        3952632 kB
Dirty:               676 kB
Writeback:             0 kB
AnonPages:       2496836 kB
Mapped:           585888 kB
Shmem:             17880 kB
KReclaimable:     389180 kB
Slab:             321980 kB
SReclaimable:      89736 kB
SUnreclaim:       232244 kB
KernelStack:       50096 kB
ShadowCallStack:   12548 kB
PageTables:        73988 kB
NFS_Unstable:          0 kB
Bounce:                0 kB
WritebackTmp:          0 kB
CommitLimit:     8676856 kB
Committed_AS:   72964328 kB
VmallocTotal:   263061440 kB
VmallocUsed:      132392 kB
VmallocChunk:          0 kB
Percpu:             2448 kB
CmaTotal:         405504 kB
CmaFree:          250124 kB
MemTotal:        7916544 kB
MemFree:         1446172 kB
MemAvailable:    2350048 kB
Buffers:            3972 kB
Cached:          1131384 kB
SwapCached:         5712 kB
Active:          2634020 kB
Inactive:        1032496 kB
Active(anon):    2303264 kB
Inactive(anon):   250464 kB
Active(file):     330756 kB
Inactive(file):   782032 kB
Unevictable:        6200 kB
Mlocked:            5760 kB
SwapTotal:       4718584 kB
SwapFree:        3952632 kB
Dirty:               272 kB
Writeback:             0 kB
AnonPages:       2533104 kB
Mapped:           586324 kB
Shmem:             17880 kB
KReclaimable:     388556 kB
Slab:             322008 kB
SReclaimable:      89736 kB
SUnreclaim:       232272 kB
KernelStack:       50096 kB
ShadowCallStack:   12556 kB
PageTables:        74096 kB
NFS_Unstable:          0 kB
Bounce:                0 kB
WritebackTmp:          0 kB
CommitLimit:     8676856 kB
Committed_AS:   73046000 kB
VmallocTotal:   263061440 kB
VmallocUsed:      132392 kB
VmallocChunk:          0 kB
Percpu:             2448 kB
CmaTotal:         405504 kB
CmaFree:          250124 kB
MemTotal:        7916544 kB
MemFree:         1399420 kB
MemAvailable:    2303084 kB
Buffers:            3972 kB
Cached:          1131384 kB
SwapCached:         5712 kB
Active:          2679748 kB
Inactive:        1032496 kB
Active(anon):    2348992 kB
Inactive(anon):   250464 kB
Active(file):     330756 kB
Inactive(file):   782032 kB
Unevictable:        6200 kB
Mlocked:            5760 kB
SwapTotal:       4718584 kB
SwapFree:        3952632 kB
Dirty:               304 kB
Writeback:             0 kB
AnonPages:       2578804 kB
Mapped:           586464 kB
Shmem:             17880 kB
KReclaimable:     388132 kB
Slab:             322036 kB
SReclaimable:      89736 kB
SUnreclaim:       232300 kB
KernelStack:       50080 kB
ShadowCallStack:   12552 kB
PageTables:        74320 kB
NFS_Unstable:          0 kB
Bounce:                0 kB
WritebackTmp:          0 kB
CommitLimit:     8676856 kB
Committed_AS:   73176804 kB
VmallocTotal:   263061440 kB
VmallocUsed:      132380 kB
VmallocChunk:          0 kB
Percpu:             2448 kB
CmaTotal:         405504 kB
CmaFree:          250124 kB
MemTotal:        7916544 kB
MemFree:         1386836 kB
MemAvailable:    2290316 kB
Buffers:            3972 kB
Cached:          1131388 kB
SwapCached:         5712 kB
Active:          2691848 kB
Inactive:        1032492 kB
Active(anon):    2361092 kB
Inactive(anon):   250460 kB
Active(file):     330756 kB
Inactive(file):   782032 kB
Unevictable:        6200 kB
Mlocked:            5760 kB
SwapTotal:       4718584 kB
SwapFree:        3952632 kB
Dirty:               304 kB
Writeback:             0 kB
AnonPages:       2591216 kB
Mapped:           586416 kB
Shmem:             17884 kB
KReclaimable:     387764 kB
Slab:             322116 kB
SReclaimable:      89736 kB
SUnreclaim:       232380 kB
KernelStack:       50064 kB
ShadowCallStack:   12540 kB
PageTables:        74320 kB
NFS_Unstable:          0 kB
Bounce:                0 kB
WritebackTmp:          0 kB
CommitLimit:     8676856 kB
Committed_AS:   73193200 kB
VmallocTotal:   263061440 kB
VmallocUsed:      132392 kB
VmallocChunk:          0 kB
Percpu:             2448 kB
CmaTotal:         405504 kB
CmaFree:          250124 kB
MemTotal:        7916544 kB
MemFree:         1307016 kB
MemAvailable:    2210104 kB
Buffers:            3996 kB
Cached:          1131388 kB
SwapCached:         5712 kB
Active:          2772292 kB
Inactive:        1032500 kB
Active(anon):    2441536 kB
Inactive(anon):   250444 kB
Active(file):     330756 kB
Inactive(file):   782056 kB
Unevictable:        6200 kB
Mlocked:            5760 kB
SwapTotal:       4718584 kB
SwapFree:        3952632 kB
Dirty:               308 kB
Writeback:             0 kB
AnonPages:       2671248 kB
Mapped:           586952 kB
Shmem:             17884 kB
KReclaimable:     386932 kB
Slab:             322160 kB
SReclaimable:      89736 kB
SUnreclaim:       232424 kB
KernelStack:       50096 kB
ShadowCallStack:   12548 kB
PageTables:        74640 kB
NFS_Unstable:          0 kB
Bounce:                0 kB
WritebackTmp:          0 kB
CommitLimit:     8676856 kB
Committed_AS:   73389848 kB
VmallocTotal:   263061440 kB
VmallocUsed:      132388 kB
VmallocChunk:          0 kB
Percpu:             2448 kB
CmaTotal:         405504 kB
CmaFree:          250124 kB
MemTotal:        7916544 kB
MemFree:         1226928 kB
MemAvailable:    2129660 kB
Buffers:            3996 kB
Cached:          1131404 kB
SwapCached:         5712 kB
Active:          2850316 kB
Inactive:        1032504 kB
Active(anon):    2519560 kB
Inactive(anon):   250444 kB
Active(file):     330756 kB
Inactive(file):   782060 kB
Unevictable:        6200 kB
Mlocked:            5760 kB
SwapTotal:       4718584 kB
SwapFree:        3952888 kB
Dirty:               308 kB
Writeback:             0 kB
AnonPages:       2749488 kB
Mapped:           587556 kB
Shmem:             17896 kB
KReclaimable:     386212 kB
Slab:             322156 kB
SReclaimable:      89736 kB
SUnreclaim:       232420 kB
KernelStack:       50112 kB
ShadowCallStack:   12544 kB
PageTables:        74892 kB
NFS_Unstable:          0 kB
Bounce:                0 kB
WritebackTmp:          0 kB
CommitLimit:     8676856 kB
Committed_AS:   73617916 kB
VmallocTotal:   263061440 kB
VmallocUsed:      132356 kB
VmallocChunk:          0 kB
Percpu:             2448 kB
CmaTotal:         405504 kB
CmaFree:          198848 kB
MemTotal:        7916544 kB
MemFree:         1175808 kB
MemAvailable:    2078476 kB
Buffers:            3996 kB
Cached:          1131604 kB
SwapCached:         5712 kB
Active:          2903256 kB
Inactive:        1032504 kB
Active(anon):    2572300 kB
Inactive(anon):   250444 kB
Active(file):     330956 kB
Inactive(file):   782060 kB
Unevictable:        6200 kB
Mlocked:            5760 kB
SwapTotal:       4718584 kB
SwapFree:        3953144 kB
Dirty:               316 kB
Writeback:             0 kB
AnonPages:       2802212 kB
Mapped:           587784 kB
Shmem:             17896 kB
KReclaimable:     385684 kB
Slab:             322256 kB
SReclaimable:      89736 kB
SUnreclaim:       232520 kB
KernelStack:       50080 kB
ShadowCallStack:   12548 kB
PageTables:        75164 kB
NFS_Unstable:          0 kB
Bounce:                0 kB
WritebackTmp:          0 kB
CommitLimit:     8676856 kB
Committed_AS:   73732328 kB
VmallocTotal:   263061440 kB
VmallocUsed:      132356 kB
VmallocChunk:          0 kB
Percpu:             2448 kB
CmaTotal:         405504 kB
CmaFree:          146728 kB
MemTotal:        7916544 kB
MemFree:         1157916 kB
MemAvailable:    2060852 kB
Buffers:            3996 kB
Cached:          1131900 kB
SwapCached:         5712 kB
Active:          2920208 kB
Inactive:        1032500 kB
Active(anon):    2588956 kB
Inactive(anon):   250440 kB
Active(file):     331252 kB
Inactive(file):   782060 kB
Unevictable:        6200 kB
Mlocked:            5760 kB
SwapTotal:       4718584 kB
SwapFree:        3953144 kB
Dirty:               168 kB
Writeback:             0 kB
AnonPages:       2818928 kB
Mapped:           587804 kB
Shmem:             17896 kB
KReclaimable:     385628 kB
Slab:             322384 kB
SReclaimable:      89768 kB
SUnreclaim:       232616 kB
KernelStack:       50080 kB
ShadowCallStack:   12544 kB
PageTables:        75324 kB
NFS_Unstable:          0 kB
Bounce:                0 kB
WritebackTmp:          0 kB
CommitLimit:     8676856 kB
Committed_AS:   73767372 kB
VmallocTotal:   263061440 kB
VmallocUsed:      132372 kB
VmallocChunk:          0 kB
Percpu:             2448 kB
CmaTotal:         405504 kB
CmaFree:          129700 kB
MemTotal:        7916544 kB
MemFree:         1150540 kB
MemAvailable:    2053468 kB
Buffers:            3996 kB
Cached:          1131900 kB
SwapCached:         5712 kB
Active:          2927456 kB
Inactive:        1032500 kB
Active(anon):    2596204 kB
Inactive(anon):   250440 kB
Active(file):     331252 kB
Inactive(file):   782060 kB
Unevictable:        6200 kB
Mlocked:            5760 kB
SwapTotal:       4718584 kB
SwapFree:        3953144 kB
Dirty:               168 kB
Writeback:             0 kB
AnonPages:       2826048 kB
Mapped:           587820 kB
Shmem:             17896 kB
KReclaimable:     385612 kB
Slab:             322308 kB
SReclaimable:      89768 kB
SUnreclaim:       232540 kB
KernelStack:       50048 kB
ShadowCallStack:   12536 kB
PageTables:        75264 kB
NFS_Unstable:          0 kB
Bounce:                0 kB
WritebackTmp:          0 kB
CommitLimit:     8676856 kB
Committed_AS:   73767188 kB
VmallocTotal:   263061440 kB
VmallocUsed:      132360 kB
VmallocChunk:          0 kB
Percpu:             2448 kB
CmaTotal:         405504 kB
CmaFree:          122064 kB
MemTotal:        7916544 kB
MemFree:         1136276 kB
MemAvailable:    2038944 kB
Buffers:            4004 kB
Cached:          1131908 kB
SwapCached:         5712 kB
Active:          2942556 kB
Inactive:        1032520 kB
Active(anon):    2611304 kB
Inactive(anon):   250444 kB
Active(file):     331252 kB
Inactive(file):   782076 kB
Unevictable:        6200 kB
Mlocked:            5760 kB
SwapTotal:       4718584 kB
SwapFree:        3953144 kB
Dirty:               264 kB
Writeback:             0 kB
AnonPages:       2841052 kB
Mapped:           588192 kB
Shmem:             17896 kB
KReclaimable:     385060 kB
Slab:             322296 kB
SReclaimable:      89768 kB
SUnreclaim:       232528 kB
KernelStack:       50080 kB
ShadowCallStack:   12544 kB
PageTables:        75284 kB
NFS_Unstable:          0 kB
Bounce:                0 kB
WritebackTmp:          0 kB
CommitLimit:     8676856 kB
Committed_AS:   73799952 kB
VmallocTotal:   263061440 kB
VmallocUsed:      132452 kB
VmallocChunk:          0 kB
Percpu:             2448 kB
CmaTotal:         405504 kB
CmaFree:          106892 kB
MemTotal:        7916544 kB
MemFree:         1108348 kB
MemAvailable:    2010944 kB
Buffers:            4004 kB
Cached:          1131908 kB
SwapCached:         5712 kB
Active:          2970528 kB
Inactive:        1032516 kB
Active(anon):    2639276 kB
Inactive(anon):   250440 kB
Active(file):     331252 kB
Inactive(file):   782076 kB
Unevictable:        6200 kB
Mlocked:            5760 kB
SwapTotal:       4718584 kB
SwapFree:        3953400 kB
Dirty:               312 kB
Writeback:             0 kB
AnonPages:       2869056 kB
Mapped:           588680 kB
Shmem:             17896 kB
KReclaimable:     384916 kB
Slab:             322264 kB
SReclaimable:      89768 kB
SUnreclaim:       232496 kB
KernelStack:       50048 kB
ShadowCallStack:   12544 kB
PageTables:        75296 kB
NFS_Unstable:          0 kB
Bounce:                0 kB
WritebackTmp:          0 kB
CommitLimit:     8676856 kB
Committed_AS:   73865488 kB
VmallocTotal:   263061440 kB
VmallocUsed:      132400 kB
VmallocChunk:          0 kB
Percpu:             2448 kB
CmaTotal:         405504 kB
CmaFree:           79172 kB
MemTotal:        7916544 kB
MemFree:         1070340 kB
MemAvailable:    1972736 kB
Buffers:            4004 kB
Cached:          1131908 kB
SwapCached:         5712 kB
Active:          3007652 kB
Inactive:        1032520 kB
Active(anon):    2676400 kB
Inactive(anon):   250444 kB
Active(file):     331252 kB
Inactive(file):   782076 kB
Unevictable:        6200 kB
Mlocked:            5760 kB
SwapTotal:       4718584 kB
SwapFree:        3953400 kB
Dirty:               312 kB
Writeback:             0 kB
AnonPages:       2906280 kB
Mapped:           588908 kB
Shmem:             17896 kB
KReclaimable:     384516 kB
Slab:             322400 kB
SReclaimable:      89784 kB
SUnreclaim:       232616 kB
KernelStack:       50080 kB
ShadowCallStack:   12552 kB
PageTables:        75532 kB
NFS_Unstable:          0 kB
Bounce:                0 kB
WritebackTmp:          0 kB
CommitLimit:     8676856 kB
Committed_AS:   73963748 kB
VmallocTotal:   263061440 kB
VmallocUsed:      132452 kB
VmallocChunk:          0 kB
Percpu:             2448 kB
CmaTotal:         405504 kB
CmaFree:           42920 kB
MemTotal:        7916544 kB
MemFree:         1040308 kB
MemAvailable:    1942456 kB
Buffers:            4012 kB
Cached:          1131908 kB
SwapCached:         5712 kB
Active:          3039072 kB
Inactive:        1032528 kB
Active(anon):    2707820 kB
Inactive(anon):   250444 kB
Active(file):     331252 kB
Inactive(file):   782084 kB
Unevictable:        6200 kB
Mlocked:            5760 kB
SwapTotal:       4718584 kB
SwapFree:        3953400 kB
Dirty:               292 kB
Writeback:             0 kB
AnonPages:       2937640 kB
Mapped:           589408 kB
Shmem:             17896 kB
KReclaimable:     384004 kB
Slab:             322348 kB
SReclaimable:      89784 kB
SUnreclaim:       232564 kB
KernelStack:       50080 kB
ShadowCallStack:   12548 kB
PageTables:        75640 kB
NFS_Unstable:          0 kB
Bounce:                0 kB
WritebackTmp:          0 kB
CommitLimit:     8676856 kB
Committed_AS:   74062008 kB
VmallocTotal:   263061440 kB
VmallocUsed:      132372 kB
VmallocChunk:          0 kB
Percpu:             2448 kB
CmaTotal:         405504 kB
CmaFree:           11540 kB
MemTotal:        7916544 kB
MemFree:          976724 kB
MemAvailable:    1878140 kB
Buffers:            4012 kB
Cached:          1131908 kB
SwapCached:         5712 kB
Active:          3101784 kB
Inactive:        1032528 kB
Active(anon):    2770532 kB
Inactive(anon):   250444 kB
Active(file):     331252 kB
Inactive(file):   782084 kB
Unevictable:        6200 kB
Mlocked:            5760 kB
SwapTotal:       4718584 kB
SwapFree:        3953400 kB
Dirty:               292 kB
Writeback:             0 kB
AnonPages:       3000404 kB
Mapped:           590488 kB
Shmem:             17896 kB
KReclaimable:     382540 kB
Slab:             322312 kB
SReclaimable:      89736 kB
SUnreclaim:       232576 kB
KernelStack:       50064 kB
ShadowCallStack:   12548 kB
PageTables:        75984 kB
NFS_Unstable:          0 kB
Bounce:                0 kB
WritebackTmp:          0 kB
CommitLimit:     8676856 kB
Committed_AS:   74192616 kB
VmallocTotal:   263061440 kB
VmallocUsed:      132420 kB
VmallocChunk:          0 kB
Percpu:             2448 kB
CmaTotal:         405504 kB
CmaFree:               0 kB
MemTotal:        7916544 kB
MemFree:          895660 kB
MemAvailable:    1796432 kB
Buffers:            4036 kB
Cached:          1131880 kB
SwapCached:         5712 kB
Active:          3182572 kB
Inactive:        1032520 kB
Active(anon):    2851320 kB
Inactive(anon):   250440 kB
Active(file):     331252 kB
Inactive(file):   782080 kB
Unevictable:        6200 kB
Mlocked:            5760 kB
SwapTotal:       4718584 kB
SwapFree:        3953400 kB
Dirty:               288 kB
Writeback:            20 kB
AnonPages:       3081072 kB
Mapped:           591404 kB
Shmem:             17896 kB
KReclaimable:     381260 kB
Slab:             322392 kB
SReclaimable:      89736 kB
SUnreclaim:       232656 kB
KernelStack:       50048 kB
ShadowCallStack:   12544 kB
PageTables:        76336 kB
NFS_Unstable:          0 kB
Bounce:                0 kB
WritebackTmp:          0 kB
CommitLimit:     8676856 kB
Committed_AS:   74422004 kB
VmallocTotal:   263061440 kB
VmallocUsed:      132340 kB
VmallocChunk:          0 kB
Percpu:             2448 kB
CmaTotal:         405504 kB
CmaFree:               0 kB
MemTotal:        7916544 kB
MemFree:          825048 kB
MemAvailable:    1725412 kB
Buffers:            4036 kB
Cached:          1131912 kB
SwapCached:         5712 kB
Active:          3254304 kB
Inactive:        1032548 kB
Active(anon):    2923052 kB
Inactive(anon):   250440 kB
Active(file):     331252 kB
Inactive(file):   782108 kB
Unevictable:        6200 kB
Mlocked:            5760 kB
SwapTotal:       4718584 kB
SwapFree:        3953400 kB
Dirty:               300 kB
Writeback:             0 kB
AnonPages:       3152808 kB
Mapped:           591784 kB
Shmem:             17900 kB
KReclaimable:     380388 kB
Slab:             322428 kB
SReclaimable:      89736 kB
SUnreclaim:       232692 kB
KernelStack:       50032 kB
ShadowCallStack:   12536 kB
PageTables:        76700 kB
NFS_Unstable:          0 kB
Bounce:                0 kB
WritebackTmp:          0 kB
CommitLimit:     8676856 kB
Committed_AS:   74585852 kB
VmallocTotal:   263061440 kB
VmallocUsed:      132356 kB
VmallocChunk:          0 kB
Percpu:             2448 kB
CmaTotal:         405504 kB
CmaFree:               0 kB
MemTotal:        7916544 kB
MemFree:          750756 kB
MemAvailable:    1650616 kB
Buffers:            4036 kB
Cached:          1131920 kB
SwapCached:         5712 kB
Active:          3327208 kB
Inactive:        1032552 kB
Active(anon):    2995956 kB
Inactive(anon):   250444 kB
Active(file):     331252 kB
Inactive(file):   782108 kB
Unevictable:        6200 kB
Mlocked:            5760 kB
SwapTotal:       4718584 kB
SwapFree:        3953400 kB
Dirty:               300 kB
Writeback:             0 kB
AnonPages:       3225768 kB
Mapped:           592480 kB
Shmem:             17908 kB
KReclaimable:     379380 kB
Slab:             322496 kB
SReclaimable:      89736 kB
SUnreclaim:       232760 kB
KernelStack:       50064 kB
ShadowCallStack:   12536 kB
PageTables:        76972 kB
NFS_Unstable:          0 kB
Bounce:                0 kB
WritebackTmp:          0 kB
CommitLimit:     8676856 kB
Committed_AS:   74798700 kB
VmallocTotal:   263061440 kB
VmallocUsed:      132356 kB
VmallocChunk:          0 kB
Percpu:             2448 kB
CmaTotal:         405504 kB
CmaFree:               0 kB
MemTotal:        7916544 kB
MemFree:          694556 kB
MemAvailable:    1594124 kB
Buffers:            4036 kB
Cached:          1131920 kB
SwapCached:         5712 kB
Active:          3383288 kB
Inactive:        1032552 kB
Active(anon):    3052036 kB
Inactive(anon):   250444 kB
Active(file):     331252 kB
Inactive(file):   782108 kB
Unevictable:        6200 kB
Mlocked:            5760 kB
SwapTotal:       4718584 kB
SwapFree:        3953400 kB
Dirty:                16 kB
Writeback:             0 kB
AnonPages:       3281896 kB
Mapped:           592668 kB
Shmem:             17908 kB
KReclaimable:     378796 kB
Slab:             322660 kB
SReclaimable:      89736 kB
SUnreclaim:       232924 kB
KernelStack:       50064 kB
ShadowCallStack:   12540 kB
PageTables:        77148 kB
NFS_Unstable:          0 kB
Bounce:                0 kB
WritebackTmp:          0 kB
CommitLimit:     8676856 kB
Committed_AS:   74913392 kB
VmallocTotal:   263061440 kB
VmallocUsed:      132352 kB
VmallocChunk:          0 kB
Percpu:             2448 kB
CmaTotal:         405504 kB
CmaFree:               0 kB
MemTotal:        7916544 kB
MemFree:          639180 kB
MemAvailable:    1538428 kB
Buffers:            4036 kB
Cached:          1131920 kB
SwapCached:         5712 kB
Active:          3438280 kB
Inactive:        1032548 kB
Active(anon):    3107028 kB
Inactive(anon):   250440 kB
Active(file):     331252 kB
Inactive(file):   782108 kB
Unevictable:        6200 kB
Mlocked:            5760 kB
SwapTotal:       4718584 kB
SwapFree:        3953400 kB
Dirty:                44 kB
Writeback:             0 kB
AnonPages:       3336908 kB
Mapped:           593096 kB
Shmem:             17908 kB
KReclaimable:     378156 kB
Slab:             322696 kB
SReclaimable:      89736 kB
SUnreclaim:       232960 kB
KernelStack:       50016 kB
ShadowCallStack:   12528 kB
PageTables:        77456 kB
NFS_Unstable:          0 kB
Bounce:                0 kB
WritebackTmp:          0 kB
CommitLimit:     8676856 kB
Committed_AS:   75060612 kB
VmallocTotal:   263061440 kB
VmallocUsed:      132296 kB
VmallocChunk:          0 kB
Percpu:             2448 kB
CmaTotal:         405504 kB
CmaFree:               0 kB
MemTotal:        7916544 kB
MemFree:          633032 kB
MemAvailable:    1530100 kB
Buffers:            4040 kB
Cached:          1130184 kB
SwapCached:         5712 kB
Active:          3446144 kB
Inactive:        1031572 kB
Active(anon):    3115904 kB
Inactive(anon):   250184 kB
Active(file):     330240 kB
Inactive(file):   781388 kB
Unevictable:        6200 kB
Mlocked:            5760 kB
SwapTotal:       4718584 kB
SwapFree:        3954936 kB
Dirty:                68 kB
Writeback:             0 kB
AnonPages:       3345480 kB
Mapped:           589684 kB
Shmem:             17908 kB
KReclaimable:     377260 kB
Slab:             322184 kB
SReclaimable:      89192 kB
SUnreclaim:       232992 kB
KernelStack:       50000 kB
ShadowCallStack:   12524 kB
PageTables:        77356 kB
NFS_Unstable:          0 kB
Bounce:                0 kB
WritebackTmp:          0 kB
CommitLimit:     8676856 kB
Committed_AS:   75078316 kB
VmallocTotal:   263061440 kB
VmallocUsed:      132304 kB
VmallocChunk:          0 kB
Percpu:             2448 kB
CmaTotal:         405504 kB
CmaFree:             776 kB
MemTotal:        7916544 kB
MemFree:          630316 kB
MemAvailable:    1527264 kB
Buffers:            4052 kB
Cached:          1130184 kB
SwapCached:         5712 kB
Active:          3449328 kB
Inactive:        1031580 kB
Active(anon):    3119088 kB
Inactive(anon):   250180 kB
Active(file):     330240 kB
Inactive(file):   781400 kB
Unevictable:        6200 kB
Mlocked:            5760 kB
SwapTotal:       4718584 kB
SwapFree:        3955192 kB
Dirty:               200 kB
Writeback:             0 kB
AnonPages:       3348676 kB
Mapped:           589956 kB
Shmem:             17908 kB
KReclaimable:     376996 kB
Slab:             322172 kB
SReclaimable:      89192 kB
SUnreclaim:       232980 kB
KernelStack:       50000 kB
ShadowCallStack:   12524 kB
PageTables:        77432 kB
NFS_Unstable:          0 kB
Bounce:                0 kB
WritebackTmp:          0 kB
CommitLimit:     8676856 kB
Committed_AS:   75078212 kB
VmallocTotal:   263061440 kB
VmallocUsed:      132296 kB
VmallocChunk:          0 kB
Percpu:             2448 kB
CmaTotal:         405504 kB
CmaFree:             960 kB
MemTotal:        7916544 kB
MemFree:          628320 kB
MemAvailable:    1525268 kB
Buffers:            4052 kB
Cached:          1130184 kB
SwapCached:         5712 kB
Active:          3452036 kB
Inactive:        1031580 kB
Active(anon):    3121796 kB
Inactive(anon):   250180 kB
Active(file):     330240 kB
Inactive(file):   781400 kB
Unevictable:        6200 kB
Mlocked:            5760 kB
SwapTotal:       4718584 kB
SwapFree:        3955704 kB
Dirty:               212 kB
Writeback:             0 kB
AnonPages:       3351292 kB
Mapped:           589876 kB
Shmem:             17908 kB
KReclaimable:     376996 kB
Slab:             322072 kB
SReclaimable:      89192 kB
SUnreclaim:       232880 kB
KernelStack:       49872 kB
ShadowCallStack:   12488 kB
PageTables:        77312 kB
NFS_Unstable:          0 kB
Bounce:                0 kB
WritebackTmp:          0 kB
CommitLimit:     8676856 kB
Committed_AS:   75077848 kB
VmallocTotal:   263061440 kB
VmallocUsed:      132116 kB
VmallocChunk:          0 kB
Percpu:             2448 kB
CmaTotal:         405504 kB
CmaFree:             960 kB
MemTotal:        7916544 kB
MemFree:          620692 kB
MemAvailable:    1517640 kB
Buffers:            4052 kB
Cached:          1130184 kB
SwapCached:         5712 kB
Active:          3457472 kB
Inactive:        1031580 kB
Active(anon):    3127232 kB
Inactive(anon):   250180 kB
Active(file):     330240 kB
Inactive(file):   781400 kB
Unevictable:        6200 kB
Mlocked:            5760 kB
SwapTotal:       4718584 kB
SwapFree:        3955704 kB
Dirty:               236 kB
Writeback:             0 kB
AnonPages:       3356740 kB
Mapped:           589972 kB
Shmem:             17908 kB
KReclaimable:     376996 kB
Slab:             322100 kB
SReclaimable:      89192 kB
SUnreclaim:       232908 kB
KernelStack:       49872 kB
ShadowCallStack:   12500 kB
PageTables:        77420 kB
NFS_Unstable:          0 kB
Bounce:                0 kB
WritebackTmp:          0 kB
CommitLimit:     8676856 kB
Committed_AS:   75077836 kB
VmallocTotal:   263061440 kB
VmallocUsed:      132132 kB
VmallocChunk:          0 kB
Percpu:             2448 kB
CmaTotal:         405504 kB
CmaFree:               0 kB
MemTotal:        7916544 kB
MemFree:          615804 kB
MemAvailable:    1513604 kB
Buffers:            4052 kB
Cached:          1131060 kB
SwapCached:         5712 kB
Active:          3463164 kB
Inactive:        1031584 kB
Active(anon):    3132048 kB
Inactive(anon):   250184 kB
Active(file):     331116 kB
Inactive(file):   781400 kB
Unevictable:        6200 kB
Mlocked:            5760 kB
SwapTotal:       4718584 kB
SwapFree:        3955704 kB
Dirty:                96 kB
Writeback:             0 kB
AnonPages:       3361600 kB
Mapped:           590156 kB
Shmem:             17908 kB
KReclaimable:     376948 kB
Slab:             322112 kB
SReclaimable:      89192 kB
SUnreclaim:       232920 kB
KernelStack:       49824 kB
ShadowCallStack:   12504 kB
PageTables:        77264 kB
NFS_Unstable:          0 kB
Bounce:                0 kB
WritebackTmp:          0 kB
CommitLimit:     8676856 kB
Committed_AS:   75093948 kB
VmallocTotal:   263061440 kB
VmallocUsed:      132100 kB
VmallocChunk:          0 kB
Percpu:             2448 kB
CmaTotal:         405504 kB
CmaFree:               0 kB
MemTotal:        7916544 kB
MemFree:          612884 kB
MemAvailable:    1510684 kB
Buffers:            4052 kB
Cached:          1131064 kB
SwapCached:         5712 kB
Active:          3466324 kB
Inactive:        1031584 kB
Active(anon):    3135208 kB
Inactive(anon):   250184 kB
Active(file):     331116 kB
Inactive(file):   781400 kB
Unevictable:        6200 kB
Mlocked:            5760 kB
SwapTotal:       4718584 kB
SwapFree:        3955704 kB
Dirty:               112 kB
Writeback:             0 kB
AnonPages:       3364708 kB
Mapped:           590228 kB
Shmem:             17912 kB
KReclaimable:     376948 kB
Slab:             322036 kB
SReclaimable:      89192 kB
SUnreclaim:       232844 kB
KernelStack:       49744 kB
ShadowCallStack:   12456 kB
PageTables:        77276 kB
NFS_Unstable:          0 kB
Bounce:                0 kB
WritebackTmp:          0 kB
CommitLimit:     8676856 kB
Committed_AS:   75093708 kB
VmallocTotal:   263061440 kB
VmallocUsed:      132040 kB
VmallocChunk:          0 kB
Percpu:             2448 kB
CmaTotal:         405504 kB
CmaFree:               0 kB
MemTotal:        7916544 kB
MemFree:          596544 kB
MemAvailable:    1494324 kB
Buffers:            4076 kB
Cached:          1131064 kB
SwapCached:         5712 kB
Active:          3483900 kB
Inactive:        1031608 kB
Active(anon):    3152784 kB
Inactive(anon):   250184 kB
Active(file):     331116 kB
Inactive(file):   781424 kB
Unevictable:        6200 kB
Mlocked:            5760 kB
SwapTotal:       4718584 kB
SwapFree:        3955704 kB
Dirty:               180 kB
Writeback:             0 kB
AnonPages:       3382312 kB
Mapped:           590200 kB
Shmem:             17912 kB
KReclaimable:     376860 kB
Slab:             322044 kB
SReclaimable:      89192 kB
SUnreclaim:       232852 kB
KernelStack:       49744 kB
ShadowCallStack:   12484 kB
PageTables:        77372 kB
NFS_Unstable:          0 kB
Bounce:                0 kB
WritebackTmp:          0 kB
CommitLimit:     8676856 kB
Committed_AS:   75159244 kB
VmallocTotal:   263061440 kB
VmallocUsed:      131992 kB
VmallocChunk:          0 kB
Percpu:             2448 kB
CmaTotal:         405504 kB
CmaFree:               0 kB
MemTotal:        7916544 kB
MemFree:          569204 kB
MemAvailable:    1466584 kB
Buffers:            4076 kB
Cached:          1131064 kB
SwapCached:         5712 kB
Active:          3511604 kB
Inactive:        1031604 kB
Active(anon):    3180488 kB
Inactive(anon):   250180 kB
Active(file):     331116 kB
Inactive(file):   781424 kB
Unevictable:        6200 kB
Mlocked:            5760 kB
SwapTotal:       4718584 kB
SwapFree:        3955704 kB
Dirty:               180 kB
Writeback:             0 kB
AnonPages:       3410028 kB
Mapped:           590916 kB
Shmem:             17912 kB
KReclaimable:     376060 kB
Slab:             322064 kB
SReclaimable:      89192 kB
SUnreclaim:       232872 kB
KernelStack:       49744 kB
ShadowCallStack:   12452 kB
PageTables:        77696 kB
NFS_Unstable:          0 kB
Bounce:                0 kB
WritebackTmp:          0 kB
CommitLimit:     8676856 kB
Committed_AS:   75208284 kB
VmallocTotal:   263061440 kB
VmallocUsed:      132012 kB
VmallocChunk:          0 kB
Percpu:             2448 kB
CmaTotal:         405504 kB
CmaFree:               0 kB
MemTotal:        7916544 kB
MemFree:          565080 kB
MemAvailable:    1462464 kB
Buffers:            4084 kB
Cached:          1131064 kB
SwapCached:         5712 kB
Active:          3514124 kB
Inactive:        1031616 kB
Active(anon):    3183008 kB
Inactive(anon):   250184 kB
Active(file):     331116 kB
Inactive(file):   781432 kB
Unevictable:        6200 kB
Mlocked:            5760 kB
SwapTotal:       4718584 kB
SwapFree:        3955704 kB
Dirty:               244 kB
Writeback:             0 kB
AnonPages:       3412568 kB
Mapped:           590896 kB
Shmem:             17912 kB
KReclaimable:     376052 kB
Slab:             322108 kB
SReclaimable:      89192 kB
SUnreclaim:       232916 kB
KernelStack:       49744 kB
ShadowCallStack:   12460 kB
PageTables:        77528 kB
NFS_Unstable:          0 kB
Bounce:                0 kB
WritebackTmp:          0 kB
CommitLimit:     8676856 kB
Committed_AS:   75208284 kB
VmallocTotal:   263061440 kB
VmallocUsed:      132012 kB
VmallocChunk:          0 kB
Percpu:             2448 kB
CmaTotal:         405504 kB
CmaFree:               0 kB
MemTotal:        7916544 kB
MemFree:          559652 kB
MemAvailable:    1457044 kB
Buffers:            4084 kB
Cached:          1131072 kB
SwapCached:         5712 kB
Active:          3520424 kB
Inactive:        1031624 kB
Active(anon):    3189308 kB
Inactive(anon):   250184 kB
Active(file):     331116 kB
Inactive(file):   781440 kB
Unevictable:        6200 kB
Mlocked:            5760 kB
SwapTotal:       4718584 kB
SwapFree:        3955704 kB
Dirty:                80 kB
Writeback:             0 kB
AnonPages:       3418784 kB
Mapped:           590864 kB
Shmem:             17912 kB
KReclaimable:     376052 kB
Slab:             322044 kB
SReclaimable:      89192 kB
SUnreclaim:       232852 kB
KernelStack:       49728 kB
ShadowCallStack:   12464 kB
PageTables:        77436 kB
NFS_Unstable:          0 kB
Bounce:                0 kB
WritebackTmp:          0 kB
CommitLimit:     8676856 kB
Committed_AS:   75224084 kB
VmallocTotal:   263061440 kB
VmallocUsed:      131936 kB
VmallocChunk:          0 kB
Percpu:             2448 kB
CmaTotal:         405504 kB
CmaFree:               0 kB
MemTotal:        7916544 kB
MemFree:          538024 kB
MemAvailable:    1435368 kB
Buffers:            4084 kB
Cached:          1131076 kB
SwapCached:         5712 kB
Active:          3541800 kB
Inactive:        1031620 kB
Active(anon):    3210684 kB
Inactive(anon):   250180 kB
Active(file):     331116 kB
Inactive(file):   781440 kB
Unevictable:        6200 kB
Mlocked:            5760 kB
SwapTotal:       4718584 kB
SwapFree:        3955704 kB
Dirty:               108 kB
Writeback:             0 kB
AnonPages:       3440400 kB
Mapped:           590904 kB
Shmem:             17916 kB
KReclaimable:     375956 kB
Slab:             322040 kB
SReclaimable:      89192 kB
SUnreclaim:       232848 kB
KernelStack:       49712 kB
ShadowCallStack:   12456 kB
PageTables:        77648 kB
NFS_Unstable:          0 kB
Bounce:                0 kB
WritebackTmp:          0 kB
CommitLimit:     8676856 kB
Committed_AS:   75289732 kB
VmallocTotal:   263061440 kB
VmallocUsed:      132048 kB
VmallocChunk:          0 kB
Percpu:             2448 kB
CmaTotal:         405504 kB
CmaFree:               0 kB
MemTotal:        7916544 kB
MemFree:          511492 kB
MemAvailable:    1408552 kB
Buffers:            4084 kB
Cached:          1131076 kB
SwapCached:         5712 kB
Active:          3569384 kB
Inactive:        1031620 kB
Active(anon):    3238268 kB
Inactive(anon):   250180 kB
Active(file):     331116 kB
Inactive(file):   781440 kB
Unevictable:        6200 kB
Mlocked:            5760 kB
SwapTotal:       4718584 kB
SwapFree:        3955704 kB
Dirty:               108 kB
Writeback:             0 kB
AnonPages:       3467832 kB
Mapped:           591464 kB
Shmem:             17916 kB
KReclaimable:     375388 kB
Slab:             322052 kB
SReclaimable:      89192 kB
SUnreclaim:       232860 kB
KernelStack:       49728 kB
ShadowCallStack:   12444 kB
PageTables:        77764 kB
NFS_Unstable:          0 kB
Bounce:                0 kB
WritebackTmp:          0 kB
CommitLimit:     8676856 kB
Committed_AS:   75338884 kB
VmallocTotal:   263061440 kB
VmallocUsed:      131912 kB
VmallocChunk:          0 kB
Percpu:             2448 kB
CmaTotal:         405504 kB
CmaFree:               0 kB
MemTotal:        7916544 kB
MemFree:          477220 kB
MemAvailable:    1373904 kB
Buffers:            4092 kB
Cached:          1131076 kB
SwapCached:         5712 kB
Active:          3602500 kB
Inactive:        1031636 kB
Active(anon):    3271384 kB
Inactive(anon):   250188 kB
Active(file):     331116 kB
Inactive(file):   781448 kB
Unevictable:        6200 kB
Mlocked:            5760 kB
SwapTotal:       4718584 kB
SwapFree:        3955704 kB
Dirty:               156 kB
Writeback:             0 kB
AnonPages:       3500960 kB
Mapped:           591952 kB
Shmem:             17916 kB
KReclaimable:     374620 kB
Slab:             322104 kB
SReclaimable:      89192 kB
SUnreclaim:       232912 kB
KernelStack:       49712 kB
ShadowCallStack:   12452 kB
PageTables:        77940 kB
NFS_Unstable:          0 kB
Bounce:                0 kB
WritebackTmp:          0 kB
CommitLimit:     8676856 kB
Committed_AS:   75420520 kB
VmallocTotal:   263061440 kB
VmallocUsed:      131912 kB
VmallocChunk:          0 kB
Percpu:             2448 kB
CmaTotal:         405504 kB
CmaFree:               0 kB
MemTotal:        7916544 kB
MemFree:          435876 kB
MemAvailable:    1331984 kB
Buffers:            4092 kB
Cached:          1131076 kB
SwapCached:         5712 kB
Active:          3644124 kB
Inactive:        1031624 kB
Active(anon):    3313008 kB
Inactive(anon):   250176 kB
Active(file):     331116 kB
Inactive(file):   781448 kB
Unevictable:        6200 kB
Mlocked:            5760 kB
SwapTotal:       4718584 kB
SwapFree:        3955704 kB
Dirty:               156 kB
Writeback:             0 kB
AnonPages:       3542664 kB
Mapped:           592904 kB
Shmem:             17916 kB
KReclaimable:     373468 kB
Slab:             322120 kB
SReclaimable:      89192 kB
SUnreclaim:       232928 kB
KernelStack:       49712 kB
ShadowCallStack:   12440 kB
PageTables:        78064 kB
NFS_Unstable:          0 kB
Bounce:                0 kB
WritebackTmp:          0 kB
CommitLimit:     8676856 kB
Committed_AS:   75551652 kB
VmallocTotal:   263061440 kB
VmallocUsed:      132040 kB
VmallocChunk:          0 kB
Percpu:             2448 kB
CmaTotal:         405504 kB
CmaFree:               0 kB
MemTotal:        7916544 kB
MemFree:          397272 kB
MemAvailable:    1292960 kB
Buffers:            4092 kB
Cached:          1131084 kB
SwapCached:         5712 kB
Active:          3681292 kB
Inactive:        1031632 kB
Active(anon):    3350176 kB
Inactive(anon):   250184 kB
Active(file):     331116 kB
Inactive(file):   781448 kB
Unevictable:        6200 kB
Mlocked:            5760 kB
SwapTotal:       4718584 kB
SwapFree:        3955704 kB
Dirty:               160 kB
Writeback:             0 kB
AnonPages:       3579656 kB
Mapped:           593628 kB
Shmem:             17924 kB
KReclaimable:     372628 kB
Slab:             322164 kB
SReclaimable:      89192 kB
SUnreclaim:       232972 kB
KernelStack:       49712 kB
ShadowCallStack:   12452 kB
PageTables:        78216 kB
NFS_Unstable:          0 kB
Bounce:                0 kB
WritebackTmp:          0 kB
CommitLimit:     8676856 kB
Committed_AS:   75619200 kB
VmallocTotal:   263061440 kB
VmallocUsed:      131896 kB
VmallocChunk:          0 kB
Percpu:             2448 kB
CmaTotal:         405504 kB
CmaFree:               0 kB
MemTotal:        7916544 kB
MemFree:          364860 kB
MemAvailable:    1260216 kB
Buffers:            4092 kB
Cached:          1131084 kB
SwapCached:         5712 kB
Active:          3714152 kB
Inactive:        1031632 kB
Active(anon):    3383036 kB
Inactive(anon):   250184 kB
Active(file):     331116 kB
Inactive(file):   781448 kB
Unevictable:        6200 kB
Mlocked:            5760 kB
SwapTotal:       4718584 kB
SwapFree:        3955704 kB
Dirty:                80 kB
Writeback:             0 kB
AnonPages:       3612532 kB
Mapped:           594204 kB
Shmem:             17924 kB
KReclaimable:     371964 kB
Slab:             322172 kB
SReclaimable:      89192 kB
SUnreclaim:       232980 kB
KernelStack:       49712 kB
ShadowCallStack:   12448 kB
PageTables:        78452 kB
NFS_Unstable:          0 kB
Bounce:                0 kB
WritebackTmp:          0 kB
CommitLimit:     8676856 kB
Committed_AS:   75701124 kB
VmallocTotal:   263061440 kB
VmallocUsed:      131944 kB
VmallocChunk:          0 kB
Percpu:             2448 kB
CmaTotal:         405504 kB
CmaFree:               0 kB
MemTotal:        7916544 kB
MemFree:          337384 kB
MemAvailable:    1427712 kB
Buffers:            4048 kB
Cached:          1127656 kB
SwapCached:         5712 kB
Active:          3745620 kB
Inactive:        1028004 kB
Active(anon):    3414352 kB
Inactive(anon):   250184 kB
Active(file):     331268 kB
Inactive(file):   777820 kB
Unevictable:        6200 kB
Mlocked:            5760 kB
SwapTotal:       4718584 kB
SwapFree:        3955704 kB
Dirty:               120 kB
Writeback:             0 kB
AnonPages:       3643920 kB
Mapped:           593032 kB
Shmem:             17928 kB
KReclaimable:     371452 kB
Slab:             322028 kB
SReclaimable:      89032 kB
SUnreclaim:       232996 kB
KernelStack:       49712 kB
ShadowCallStack:   12452 kB
PageTables:        78500 kB
NFS_Unstable:          0 kB
Bounce:                0 kB
WritebackTmp:          0 kB
CommitLimit:     8676856 kB
Committed_AS:   75782892 kB
VmallocTotal:   263061440 kB
VmallocUsed:      131888 kB
VmallocChunk:          0 kB
Percpu:             2448 kB
CmaTotal:         405504 kB
CmaFree:               0 kB
MemTotal:        7916544 kB
MemFree:          319824 kB
MemAvailable:    1410120 kB
Buffers:            4048 kB
Cached:          1127660 kB
SwapCached:         5712 kB
Active:          3763076 kB
Inactive:        1028004 kB
Active(anon):    3431808 kB
Inactive(anon):   250184 kB
Active(file):     331268 kB
Inactive(file):   777820 kB
Unevictable:        6200 kB
Mlocked:            5760 kB
SwapTotal:       4718584 kB
SwapFree:        3955704 kB
Dirty:               148 kB
Writeback:             0 kB
AnonPages:       3661152 kB
Mapped:           592940 kB
Shmem:             17932 kB
KReclaimable:     371420 kB
Slab:             322036 kB
SReclaimable:      89032 kB
SUnreclaim:       233004 kB
KernelStack:       49632 kB
ShadowCallStack:   12440 kB
PageTables:        78524 kB
NFS_Unstable:          0 kB
Bounce:                0 kB
WritebackTmp:          0 kB
CommitLimit:     8676856 kB
Committed_AS:   75800036 kB
VmallocTotal:   263061440 kB
VmallocUsed:      131852 kB
VmallocChunk:          0 kB
Percpu:             2448 kB
CmaTotal:         405504 kB
CmaFree:               0 kB
MemTotal:        7916544 kB
MemFree:          318928 kB
MemAvailable:    1409224 kB
Buffers:            4048 kB
Cached:          1127660 kB
SwapCached:         5712 kB
Active:          3764228 kB
Inactive:        1027996 kB
Active(anon):    3432960 kB
Inactive(anon):   250176 kB
Active(file):     331268 kB
Inactive(file):   777820 kB
Unevictable:        6200 kB
Mlocked:            5760 kB
SwapTotal:       4718584 kB
SwapFree:        3955704 kB
Dirty:               152 kB
Writeback:             0 kB
AnonPages:       3662452 kB
Mapped:           592864 kB
Shmem:             17932 kB
KReclaimable:     371420 kB
Slab:             322084 kB
SReclaimable:      89032 kB
SUnreclaim:       233052 kB
KernelStack:       49632 kB
ShadowCallStack:   12420 kB
PageTables:        78560 kB
NFS_Unstable:          0 kB
Bounce:                0 kB
WritebackTmp:          0 kB
CommitLimit:     8676856 kB
Committed_AS:   75800036 kB
VmallocTotal:   263061440 kB
VmallocUsed:      131824 kB
VmallocChunk:          0 kB
Percpu:             2448 kB
CmaTotal:         405504 kB
CmaFree:              68 kB
MemTotal:        7916544 kB
MemFree:          302520 kB
MemAvailable:    1392496 kB
Buffers:            4048 kB
Cached:          1127660 kB
SwapCached:         5712 kB
Active:          3778880 kB
Inactive:        1028000 kB
Active(anon):    3447612 kB
Inactive(anon):   250180 kB
Active(file):     331268 kB
Inactive(file):   777820 kB
Unevictable:        6200 kB
Mlocked:            5760 kB
SwapTotal:       4718584 kB
SwapFree:        3955704 kB
Dirty:               152 kB
Writeback:             0 kB
AnonPages:       3677116 kB
Mapped:           593400 kB
Shmem:             17932 kB
KReclaimable:     371100 kB
Slab:             322080 kB
SReclaimable:      89032 kB
SUnreclaim:       233048 kB
KernelStack:       49632 kB
ShadowCallStack:   12432 kB
PageTables:        78512 kB
NFS_Unstable:          0 kB
Bounce:                0 kB
WritebackTmp:          0 kB
CommitLimit:     8676856 kB
Committed_AS:   75832736 kB
VmallocTotal:   263061440 kB
VmallocUsed:      131832 kB
VmallocChunk:          0 kB
Percpu:             2448 kB
CmaTotal:         405504 kB
CmaFree:              68 kB
MemTotal:        7916544 kB
MemFree:          277676 kB
MemAvailable:    1367108 kB
Buffers:            4048 kB
Cached:          1127660 kB
SwapCached:         5712 kB
Active:          3803348 kB
Inactive:        1028008 kB
Active(anon):    3472080 kB
Inactive(anon):   250188 kB
Active(file):     331268 kB
Inactive(file):   777820 kB
Unevictable:        6200 kB
Mlocked:            5760 kB
SwapTotal:       4718584 kB
SwapFree:        3955704 kB
Dirty:               152 kB
Writeback:             0 kB
AnonPages:       3701640 kB
Mapped:           593900 kB
Shmem:             17932 kB
KReclaimable:     370556 kB
Slab:             322128 kB
SReclaimable:      89032 kB
SUnreclaim:       233096 kB
KernelStack:       49632 kB
ShadowCallStack:   12428 kB
PageTables:        78512 kB
NFS_Unstable:          0 kB
Bounce:                0 kB
WritebackTmp:          0 kB
CommitLimit:     8676856 kB
Committed_AS:   75865508 kB
VmallocTotal:   263061440 kB
VmallocUsed:      131900 kB
VmallocChunk:          0 kB
Percpu:             2448 kB
CmaTotal:         405504 kB
CmaFree:              68 kB
MemTotal:        7916544 kB
MemFree:          259292 kB
MemAvailable:    1348500 kB
Buffers:            4048 kB
Cached:          1127660 kB
SwapCached:         5712 kB
Active:          3822712 kB
Inactive:        1028004 kB
Active(anon):    3491444 kB
Inactive(anon):   250184 kB
Active(file):     331268 kB
Inactive(file):   777820 kB
Unevictable:        6200 kB
Mlocked:            5760 kB
SwapTotal:       4718584 kB
SwapFree:        3955704 kB
Dirty:                80 kB
Writeback:             0 kB
AnonPages:       3720912 kB
Mapped:           593820 kB
Shmem:             17932 kB
KReclaimable:     370332 kB
Slab:             322132 kB
SReclaimable:      89032 kB
SUnreclaim:       233100 kB
KernelStack:       49648 kB
ShadowCallStack:   12436 kB
PageTables:        78768 kB
NFS_Unstable:          0 kB
Bounce:                0 kB
WritebackTmp:          0 kB
CommitLimit:     8676856 kB
Committed_AS:   75947428 kB
VmallocTotal:   263061440 kB
VmallocUsed:      131832 kB
VmallocChunk:          0 kB
Percpu:             2448 kB
CmaTotal:         405504 kB
CmaFree:              68 kB
MemTotal:        7916544 kB
MemFree:          248376 kB
MemAvailable:    1337496 kB
Buffers:            4056 kB
Cached:          1127660 kB
SwapCached:         5712 kB
Active:          3833640 kB
Inactive:        1028012 kB
Active(anon):    3502372 kB
Inactive(anon):   250184 kB
Active(file):     331268 kB
Inactive(file):   777828 kB
Unevictable:        6200 kB
Mlocked:            5760 kB
SwapTotal:       4718584 kB
SwapFree:        3955704 kB
Dirty:               152 kB
Writeback:             0 kB
AnonPages:       3731872 kB
Mapped:           593988 kB
Shmem:             17932 kB
KReclaimable:     370236 kB
Slab:             322196 kB
SReclaimable:      89032 kB
SUnreclaim:       233164 kB
KernelStack:       49632 kB
ShadowCallStack:   12432 kB
PageTables:        78800 kB
NFS_Unstable:          0 kB
Bounce:                0 kB
WritebackTmp:          0 kB
CommitLimit:     8676856 kB
Committed_AS:   75980196 kB
VmallocTotal:   263061440 kB
VmallocUsed:      131828 kB
VmallocChunk:          0 kB
Percpu:             2448 kB
CmaTotal:         405504 kB
CmaFree:              68 kB
MemTotal:        7916544 kB
MemFree:          242780 kB
MemAvailable:    1331868 kB
Buffers:            4056 kB
Cached:          1127680 kB
SwapCached:         5712 kB
Active:          3839400 kB
Inactive:        1028012 kB
Active(anon):    3508132 kB
Inactive(anon):   250184 kB
Active(file):     331268 kB
Inactive(file):   777828 kB
Unevictable:        6200 kB
Mlocked:            5760 kB
SwapTotal:       4718584 kB
SwapFree:        3955704 kB
Dirty:               152 kB
Writeback:             0 kB
AnonPages:       3737588 kB
Mapped:           594000 kB
Shmem:             17952 kB
KReclaimable:     370204 kB
Slab:             322156 kB
SReclaimable:      89032 kB
SUnreclaim:       233124 kB
KernelStack:       49616 kB
ShadowCallStack:   12432 kB
PageTables:        78672 kB
NFS_Unstable:          0 kB
Bounce:                0 kB
WritebackTmp:          0 kB
CommitLimit:     8676856 kB
Committed_AS:   75996404 kB
VmallocTotal:   263061440 kB
VmallocUsed:      131820 kB
VmallocChunk:          0 kB
Percpu:             2448 kB
CmaTotal:         405504 kB
CmaFree:              68 kB
MemTotal:        7916544 kB
MemFree:          236544 kB
MemAvailable:    1325608 kB
Buffers:            4064 kB
Cached:          1127680 kB
SwapCached:         5712 kB
Active:          3845460 kB
Inactive:        1028020 kB
Active(anon):    3514192 kB
Inactive(anon):   250184 kB
Active(file):     331268 kB
Inactive(file):   777836 kB
Unevictable:        6200 kB
Mlocked:            5760 kB
SwapTotal:       4718584 kB
SwapFree:        3955704 kB
Dirty:               152 kB
Writeback:             0 kB
AnonPages:       3743720 kB
Mapped:           593932 kB
Shmem:             17952 kB
KReclaimable:     370172 kB
Slab:             322188 kB
SReclaimable:      89032 kB
SUnreclaim:       233156 kB
KernelStack:       49648 kB
ShadowCallStack:   12436 kB
PageTables:        78860 kB
NFS_Unstable:          0 kB
Bounce:                0 kB
WritebackTmp:          0 kB
CommitLimit:     8676856 kB
Committed_AS:   76029176 kB
VmallocTotal:   263061440 kB
VmallocUsed:      131912 kB
VmallocChunk:          0 kB
Percpu:             2448 kB
CmaTotal:         405504 kB
CmaFree:              68 kB
MemTotal:        7916544 kB
MemFree:          211684 kB
MemAvailable:    1300540 kB
Buffers:            4064 kB
Cached:          1127680 kB
SwapCached:         5712 kB
Active:          3869960 kB
Inactive:        1028020 kB
Active(anon):    3538692 kB
Inactive(anon):   250184 kB
Active(file):     331268 kB
Inactive(file):   777836 kB
Unevictable:        6200 kB
Mlocked:            5760 kB
SwapTotal:       4718584 kB
SwapFree:        3955704 kB
Dirty:               168 kB
Writeback:             0 kB
AnonPages:       3768252 kB
Mapped:           594188 kB
Shmem:             17952 kB
KReclaimable:     369964 kB
Slab:             322236 kB
SReclaimable:      89032 kB
SUnreclaim:       233204 kB
KernelStack:       49648 kB
ShadowCallStack:   12436 kB
PageTables:        78892 kB
NFS_Unstable:          0 kB
Bounce:                0 kB
WritebackTmp:          0 kB
CommitLimit:     8676856 kB
Committed_AS:   76045560 kB
VmallocTotal:   263061440 kB
VmallocUsed:      131812 kB
VmallocChunk:          0 kB
Percpu:             2448 kB
CmaTotal:         405504 kB
CmaFree:              68 kB
MemTotal:        7916544 kB
MemFree:          212760 kB
MemAvailable:    1274012 kB
Buffers:            4088 kB
Cached:          1103848 kB
SwapCached:         5712 kB
Active:          3896036 kB
Inactive:        1004028 kB
Active(anon):    3564592 kB
Inactive(anon):   250176 kB
Active(file):     331444 kB
Inactive(file):   753852 kB
Unevictable:        6200 kB
Mlocked:            5760 kB
SwapTotal:       4718584 kB
SwapFree:        3955704 kB
Dirty:               176 kB
Writeback:             0 kB
AnonPages:       3794080 kB
Mapped:           594276 kB
Shmem:             17952 kB
KReclaimable:     366168 kB
Slab:             321092 kB
SReclaimable:      87956 kB
SUnreclaim:       233136 kB
KernelStack:       49616 kB
ShadowCallStack:   12428 kB
PageTables:        78760 kB
NFS_Unstable:          0 kB
Bounce:                0 kB
WritebackTmp:          0 kB
CommitLimit:     8676856 kB
Committed_AS:   76094708 kB
VmallocTotal:   263061440 kB
VmallocUsed:      131828 kB
VmallocChunk:          0 kB
Percpu:             2448 kB
CmaTotal:         405504 kB
CmaFree:               0 kB
MemTotal:        7916544 kB
MemFree:          211576 kB
MemAvailable:    1268244 kB
Buffers:            4088 kB
Cached:          1099952 kB
SwapCached:         5712 kB
Active:          3901820 kB
Inactive:        1000140 kB
Active(anon):    3570376 kB
Inactive(anon):   250184 kB
Active(file):     331444 kB
Inactive(file):   749956 kB
Unevictable:        6200 kB
Mlocked:            5760 kB
SwapTotal:       4718584 kB
SwapFree:        3955704 kB
Dirty:                80 kB
Writeback:             0 kB
AnonPages:       3799852 kB
Mapped:           594128 kB
Shmem:             17952 kB
KReclaimable:     365480 kB
Slab:             321084 kB
SReclaimable:      87956 kB
SUnreclaim:       233128 kB
KernelStack:       49632 kB
ShadowCallStack:   12432 kB
PageTables:        79000 kB
NFS_Unstable:          0 kB
Bounce:                0 kB
WritebackTmp:          0 kB
CommitLimit:     8676856 kB
Committed_AS:   76111620 kB
VmallocTotal:   263061440 kB
VmallocUsed:      131796 kB
VmallocChunk:          0 kB
Percpu:             2448 kB
CmaTotal:         405504 kB
CmaFree:               0 kB
MemTotal:        7916544 kB
MemFree:          210984 kB
MemAvailable:    1235156 kB
Buffers:            3952 kB
Cached:          1070464 kB
SwapCached:         5712 kB
Active:          3939064 kB
Inactive:         968564 kB
Active(anon):    3605760 kB
Inactive(anon):   250180 kB
Active(file):     333304 kB
Inactive(file):   718384 kB
Unevictable:        6200 kB
Mlocked:            5760 kB
SwapTotal:       4718584 kB
SwapFree:        3955704 kB
Dirty:               116 kB
Writeback:             0 kB
AnonPages:       3835448 kB
Mapped:           589084 kB
Shmem:             17952 kB
KReclaimable:     362696 kB
Slab:             321016 kB
SReclaimable:      87948 kB
SUnreclaim:       233068 kB
KernelStack:       49616 kB
ShadowCallStack:   12436 kB
PageTables:        78932 kB
NFS_Unstable:          0 kB
Bounce:                0 kB
WritebackTmp:          0 kB
CommitLimit:     8676856 kB
Committed_AS:   76193544 kB
VmallocTotal:   263061440 kB
VmallocUsed:      131812 kB
VmallocChunk:          0 kB
Percpu:             2448 kB
CmaTotal:         405504 kB
CmaFree:               0 kB
MemTotal:        7916544 kB
MemFree:          210976 kB
MemAvailable:    1195204 kB
Buffers:            3952 kB
Cached:          1034896 kB
SwapCached:         5712 kB
Active:          3978796 kB
Inactive:         932036 kB
Active(anon):    3644440 kB
Inactive(anon):   250184 kB
Active(file):     334356 kB
Inactive(file):   681852 kB
Unevictable:        6200 kB
Mlocked:            5760 kB
SwapTotal:       4718584 kB
SwapFree:        3955704 kB
Dirty:               116 kB
Writeback:             0 kB
AnonPages:       3874008 kB
Mapped:           573896 kB
Shmem:             17952 kB
KReclaimable:     358232 kB
Slab:             321076 kB
SReclaimable:      87948 kB
SUnreclaim:       233128 kB
KernelStack:       49648 kB
ShadowCallStack:   12436 kB
PageTables:        79276 kB
NFS_Unstable:          0 kB
Bounce:                0 kB
WritebackTmp:          0 kB
CommitLimit:     8676856 kB
Committed_AS:   76291672 kB
VmallocTotal:   263061440 kB
VmallocUsed:      131820 kB
VmallocChunk:          0 kB
Percpu:             2448 kB
CmaTotal:         405504 kB
CmaFree:               0 kB
MemTotal:        7916544 kB
MemFree:          218976 kB
MemAvailable:    1156460 kB
Buffers:            3064 kB
Cached:           998888 kB
SwapCached:         5712 kB
Active:          4082244 kB
Inactive:         836048 kB
Active(anon):    3688796 kB
Inactive(anon):   250184 kB
Active(file):     393448 kB
Inactive(file):   585864 kB
Unevictable:        6200 kB
Mlocked:            5760 kB
SwapTotal:       4718584 kB
SwapFree:        3955704 kB
Dirty:               156 kB
Writeback:             0 kB
AnonPages:       3918452 kB
Mapped:           549024 kB
Shmem:             17952 kB
KReclaimable:     348384 kB
Slab:             321164 kB
SReclaimable:      87948 kB
SUnreclaim:       233216 kB
KernelStack:       49632 kB
ShadowCallStack:   12444 kB
PageTables:        79496 kB
NFS_Unstable:          0 kB
Bounce:                0 kB
WritebackTmp:          0 kB
CommitLimit:     8676856 kB
Committed_AS:   76406224 kB
VmallocTotal:   263061440 kB
VmallocUsed:      131820 kB
VmallocChunk:          0 kB
Percpu:             2448 kB
CmaTotal:         405504 kB
CmaFree:               0 kB
MemTotal:        7916544 kB
MemFree:          215552 kB
MemAvailable:    1100472 kB
Buffers:            2640 kB
Cached:           955512 kB
SwapCached:         5712 kB
Active:          4150076 kB
Inactive:         776644 kB
Active(anon):    3740936 kB
Inactive(anon):   250188 kB
Active(file):     409140 kB
Inactive(file):   526456 kB
Unevictable:        6200 kB
Mlocked:            5760 kB
SwapTotal:       4718584 kB
SwapFree:        3955704 kB
Dirty:               212 kB
Writeback:             0 kB
AnonPages:       3970468 kB
Mapped:           540840 kB
Shmem:             17956 kB
KReclaimable:     339536 kB
Slab:             320628 kB
SReclaimable:      87296 kB
SUnreclaim:       233332 kB
KernelStack:       49648 kB
ShadowCallStack:   12436 kB
PageTables:        79764 kB
NFS_Unstable:          0 kB
Bounce:                0 kB
WritebackTmp:          0 kB
CommitLimit:     8676856 kB
Committed_AS:   76537300 kB
VmallocTotal:   263061440 kB
VmallocUsed:      131816 kB
VmallocChunk:          0 kB
Percpu:             2448 kB
CmaTotal:         405504 kB
CmaFree:               0 kB
MemTotal:        7916544 kB
MemFree:          210896 kB
MemAvailable:    1056452 kB
Buffers:            2640 kB
Cached:           920160 kB
SwapCached:         5712 kB
Active:          4195216 kB
Inactive:         740028 kB
Active(anon):    3784856 kB
Inactive(anon):   250180 kB
Active(file):     410360 kB
Inactive(file):   489848 kB
Unevictable:        6200 kB
Mlocked:            5760 kB
SwapTotal:       4718584 kB
SwapFree:        3955704 kB
Dirty:               224 kB
Writeback:             0 kB
AnonPages:       4014320 kB
Mapped:           541180 kB
Shmem:             17956 kB
KReclaimable:     335560 kB
Slab:             320276 kB
SReclaimable:      86888 kB
SUnreclaim:       233388 kB
KernelStack:       49632 kB
ShadowCallStack:   12436 kB
PageTables:        79808 kB
NFS_Unstable:          0 kB
Bounce:                0 kB
WritebackTmp:          0 kB
CommitLimit:     8676856 kB
Committed_AS:   76618884 kB
VmallocTotal:   263061440 kB
VmallocUsed:      131764 kB
VmallocChunk:          0 kB
Percpu:             2448 kB
CmaTotal:         405504 kB
CmaFree:               0 kB
MemTotal:        7916544 kB
MemFree:          212428 kB
MemAvailable:    1013128 kB
Buffers:            2640 kB
Cached:           880980 kB
SwapCached:         5712 kB
Active:          4237844 kB
Inactive:         700448 kB
Active(anon):    3827164 kB
Inactive(anon):   250172 kB
Active(file):     410680 kB
Inactive(file):   450276 kB
Unevictable:        6200 kB
Mlocked:            5760 kB
SwapTotal:       4718584 kB
SwapFree:        3955704 kB
Dirty:               224 kB
Writeback:             4 kB
AnonPages:       4056652 kB
Mapped:           542404 kB
Shmem:             17976 kB
KReclaimable:     329956 kB
Slab:             319260 kB
SReclaimable:      85892 kB
SUnreclaim:       233368 kB
KernelStack:       49632 kB
ShadowCallStack:   12432 kB
PageTables:        80140 kB
NFS_Unstable:          0 kB
Bounce:                0 kB
WritebackTmp:          0 kB
CommitLimit:     8676856 kB
Committed_AS:   76782760 kB
VmallocTotal:   263061440 kB
VmallocUsed:      131808 kB
VmallocChunk:          0 kB
Percpu:             2448 kB
CmaTotal:         405504 kB
CmaFree:               0 kB
MemTotal:        7916544 kB
MemFree:          212108 kB
MemAvailable:     961624 kB
Buffers:            2488 kB
Cached:           836108 kB
SwapCached:         5712 kB
Active:          4301500 kB
Inactive:         641068 kB
Active(anon):    3876648 kB
Inactive(anon):   250184 kB
Active(file):     424852 kB
Inactive(file):   390884 kB
Unevictable:        6200 kB
Mlocked:            5760 kB
SwapTotal:       4718584 kB
SwapFree:        3955704 kB
Dirty:               264 kB
Writeback:             0 kB
AnonPages:       4106096 kB
Mapped:           533388 kB
Shmem:             17976 kB
KReclaimable:     323992 kB
Slab:             318528 kB
SReclaimable:      85072 kB
SUnreclaim:       233456 kB
KernelStack:       49632 kB
ShadowCallStack:   12436 kB
PageTables:        80148 kB
NFS_Unstable:          0 kB
Bounce:                0 kB
WritebackTmp:          0 kB
CommitLimit:     8676856 kB
Committed_AS:   76897492 kB
VmallocTotal:   263061440 kB
VmallocUsed:      131928 kB
VmallocChunk:          0 kB
Percpu:             2448 kB
CmaTotal:         405504 kB
CmaFree:               0 kB
MemTotal:        7916544 kB
MemFree:          212064 kB
MemAvailable:     908288 kB
Buffers:            2444 kB
Cached:           791472 kB
SwapCached:         5712 kB
Active:          4392484 kB
Inactive:         558772 kB
Active(anon):    3929920 kB
Inactive(anon):   250184 kB
Active(file):     462564 kB
Inactive(file):   308588 kB
Unevictable:        6200 kB
Mlocked:            5760 kB
SwapTotal:       4718584 kB
SwapFree:        3955704 kB
Dirty:               268 kB
Writeback:             0 kB
AnonPages:       4159420 kB
Mapped:           520800 kB
Shmem:             17976 kB
KReclaimable:     315284 kB
Slab:             317920 kB
SReclaimable:      84420 kB
SUnreclaim:       233500 kB
KernelStack:       49664 kB
ShadowCallStack:   12440 kB
PageTables:        80432 kB
NFS_Unstable:          0 kB
Bounce:                0 kB
WritebackTmp:          0 kB
CommitLimit:     8676856 kB
Committed_AS:   76995748 kB
VmallocTotal:   263061440 kB
VmallocUsed:      131848 kB
VmallocChunk:          0 kB
Percpu:             2448 kB
CmaTotal:         405504 kB
CmaFree:               0 kB
MemTotal:        7916544 kB
MemFree:          211060 kB
MemAvailable:     856256 kB
Buffers:            2448 kB
Cached:           746008 kB
SwapCached:         5712 kB
Active:          4458540 kB
Inactive:         498320 kB
Active(anon):    3980896 kB
Inactive(anon):   250172 kB
Active(file):     477644 kB
Inactive(file):   248148 kB
Unevictable:        6200 kB
Mlocked:            5760 kB
SwapTotal:       4718584 kB
SwapFree:        3955704 kB
Dirty:               268 kB
Writeback:             0 kB
AnonPages:       4210552 kB
Mapped:           502320 kB
Shmem:             17976 kB
KReclaimable:     309616 kB
Slab:             317520 kB
SReclaimable:      84008 kB
SUnreclaim:       233512 kB
KernelStack:       49648 kB
ShadowCallStack:   12428 kB
PageTables:        80788 kB
NFS_Unstable:          0 kB
Bounce:                0 kB
WritebackTmp:          0 kB
CommitLimit:     8676856 kB
Committed_AS:   77160252 kB
VmallocTotal:   263061440 kB
VmallocUsed:      131852 kB
VmallocChunk:          0 kB
Percpu:             2448 kB
CmaTotal:         405504 kB
CmaFree:               0 kB
MemTotal:        7916544 kB
MemFree:          212148 kB
MemAvailable:     808016 kB
Buffers:            2448 kB
Cached:           701964 kB
SwapCached:         5712 kB
Active:          4505428 kB
Inactive:         453632 kB
Active(anon):    4027128 kB
Inactive(anon):   250184 kB
Active(file):     478300 kB
Inactive(file):   203448 kB
Unevictable:        6200 kB
Mlocked:            5760 kB
SwapTotal:       4718584 kB
SwapFree:        3955704 kB
Dirty:               284 kB
Writeback:             0 kB
AnonPages:       4256636 kB
Mapped:           501364 kB
Shmem:             17976 kB
KReclaimable:     304332 kB
Slab:             316564 kB
SReclaimable:      83020 kB
SUnreclaim:       233544 kB
KernelStack:       49632 kB
ShadowCallStack:   12420 kB
PageTables:        80660 kB
NFS_Unstable:          0 kB
Bounce:                0 kB
WritebackTmp:          0 kB
CommitLimit:     8676856 kB
Committed_AS:   77258556 kB
VmallocTotal:   263061440 kB
VmallocUsed:      131840 kB
VmallocChunk:          0 kB
Percpu:             2448 kB
CmaTotal:         405504 kB
CmaFree:               0 kB
MemTotal:        7916544 kB
MemFree:          210444 kB
MemAvailable:     791648 kB
Buffers:            2448 kB
Cached:           689168 kB
SwapCached:         5712 kB
Active:          4521492 kB
Inactive:         440828 kB
Active(anon):    4043192 kB
Inactive(anon):   250176 kB
Active(file):     478300 kB
Inactive(file):   190652 kB
Unevictable:        6200 kB
Mlocked:            5760 kB
SwapTotal:       4718584 kB
SwapFree:        3955704 kB
Dirty:                80 kB
Writeback:             0 kB
AnonPages:       4272808 kB
Mapped:           501448 kB
Shmem:             17976 kB
KReclaimable:     302464 kB
Slab:             316328 kB
SReclaimable:      82656 kB
SUnreclaim:       233672 kB
KernelStack:       49648 kB
ShadowCallStack:   12440 kB
PageTables:        80788 kB
NFS_Unstable:          0 kB
Bounce:                0 kB
WritebackTmp:          0 kB
CommitLimit:     8676856 kB
Committed_AS:   77274800 kB
VmallocTotal:   263061440 kB
VmallocUsed:      131832 kB
VmallocChunk:          0 kB
Percpu:             2448 kB
CmaTotal:         405504 kB
CmaFree:               0 kB
MemTotal:        7916544 kB
MemFree:          211952 kB
MemAvailable:     788676 kB
Buffers:            2456 kB
Cached:           685328 kB
SwapCached:         5712 kB
Active:          4524452 kB
Inactive:         437004 kB
Active(anon):    4046152 kB
Inactive(anon):   250184 kB
Active(file):     478300 kB
Inactive(file):   186820 kB
Unevictable:        6200 kB
Mlocked:            5760 kB
SwapTotal:       4718584 kB
SwapFree:        3955704 kB
Dirty:                80 kB
Writeback:             0 kB
AnonPages:       4275644 kB
Mapped:           501440 kB
Shmem:             17976 kB
KReclaimable:     301816 kB
Slab:             316176 kB
SReclaimable:      82520 kB
SUnreclaim:       233656 kB
KernelStack:       49648 kB
ShadowCallStack:   12436 kB
PageTables:        80928 kB
NFS_Unstable:          0 kB
Bounce:                0 kB
WritebackTmp:          0 kB
CommitLimit:     8676856 kB
Committed_AS:   77274804 kB
VmallocTotal:   263061440 kB
VmallocUsed:      131860 kB
VmallocChunk:          0 kB
Percpu:             2448 kB
CmaTotal:         405504 kB
CmaFree:               0 kB
MemTotal:        7916544 kB
MemFree:          213144 kB
MemAvailable:     786084 kB
Buffers:            2452 kB
Cached:           681548 kB
SwapCached:         5712 kB
Active:          4527208 kB
Inactive:         433216 kB
Active(anon):    4048908 kB
Inactive(anon):   250180 kB
Active(file):     478300 kB
Inactive(file):   183036 kB
Unevictable:        6200 kB
Mlocked:            5760 kB
SwapTotal:       4718584 kB
SwapFree:        3955704 kB
Dirty:                80 kB
Writeback:             0 kB
AnonPages:       4278312 kB
Mapped:           501460 kB
Shmem:             17976 kB
KReclaimable:     301816 kB
Slab:             316164 kB
SReclaimable:      82520 kB
SUnreclaim:       233644 kB
KernelStack:       49632 kB
ShadowCallStack:   12428 kB
PageTables:        80756 kB
NFS_Unstable:          0 kB
Bounce:                0 kB
WritebackTmp:          0 kB
CommitLimit:     8676856 kB
Committed_AS:   77274800 kB
VmallocTotal:   263061440 kB
VmallocUsed:      131888 kB
VmallocChunk:          0 kB
Percpu:             2448 kB
CmaTotal:         405504 kB
CmaFree:               0 kB
MemTotal:        7916544 kB
MemFree:          215148 kB
MemAvailable:     779240 kB
Buffers:            2436 kB
Cached:           673556 kB
SwapCached:         5712 kB
Active:          4534172 kB
Inactive:         424680 kB
Active(anon):    4055344 kB
Inactive(anon):   250180 kB
Active(file):     478828 kB
Inactive(file):   174500 kB
Unevictable:        6200 kB
Mlocked:            5760 kB
SwapTotal:       4718584 kB
SwapFree:        3955704 kB
Dirty:               216 kB
Writeback:             0 kB
AnonPages:       4284708 kB
Mapped:           501284 kB
Shmem:             17976 kB
KReclaimable:     300976 kB
Slab:             315944 kB
SReclaimable:      82272 kB
SUnreclaim:       233672 kB
KernelStack:       49648 kB
ShadowCallStack:   12436 kB
PageTables:        81020 kB
NFS_Unstable:          0 kB
Bounce:                0 kB
WritebackTmp:          0 kB
CommitLimit:     8676856 kB
Committed_AS:   77291184 kB
VmallocTotal:   263061440 kB
VmallocUsed:      131836 kB
VmallocChunk:          0 kB
Percpu:             2448 kB
CmaTotal:         405504 kB
CmaFree:             128 kB
MemTotal:        7916544 kB
MemFree:          213456 kB
MemAvailable:     763864 kB
Buffers:            2288 kB
Cached:           662456 kB
SwapCached:         5712 kB
Active:          4559284 kB
Inactive:         402116 kB
Active(anon):    4069136 kB
Inactive(anon):   250184 kB
Active(file):     490148 kB
Inactive(file):   151932 kB
Unevictable:        6200 kB
Mlocked:            5760 kB
SwapTotal:       4718584 kB
SwapFree:        3955704 kB
Dirty:               216 kB
Writeback:             0 kB
AnonPages:       4298576 kB
Mapped:           500152 kB
Shmem:             17976 kB
KReclaimable:     298540 kB
Slab:             315644 kB
SReclaimable:      82044 kB
SUnreclaim:       233600 kB
KernelStack:       49600 kB
ShadowCallStack:   12440 kB
PageTables:        80816 kB
NFS_Unstable:          0 kB
Bounce:                0 kB
WritebackTmp:          0 kB
CommitLimit:     8676856 kB
Committed_AS:   77307572 kB
VmallocTotal:   263061440 kB
VmallocUsed:      131820 kB
VmallocChunk:          0 kB
Percpu:             2448 kB
CmaTotal:         405504 kB
CmaFree:             128 kB
MemTotal:        7916544 kB
MemFree:          213464 kB
MemAvailable:     746852 kB
Buffers:            2288 kB
Cached:           647152 kB
SwapCached:         5712 kB
Active:          4576936 kB
Inactive:         386812 kB
Active(anon):    4086788 kB
Inactive(anon):   250184 kB
Active(file):     490148 kB
Inactive(file):   136628 kB
Unevictable:        6200 kB
Mlocked:            5760 kB
SwapTotal:       4718584 kB
SwapFree:        3955704 kB
Dirty:               216 kB
Writeback:             0 kB
AnonPages:       4316268 kB
Mapped:           500524 kB
Shmem:             17976 kB
KReclaimable:     296824 kB
Slab:             315284 kB
SReclaimable:      81688 kB
SUnreclaim:       233596 kB
KernelStack:       49616 kB
ShadowCallStack:   12424 kB
PageTables:        80752 kB
NFS_Unstable:          0 kB
Bounce:                0 kB
WritebackTmp:          0 kB
CommitLimit:     8676856 kB
Committed_AS:   77340352 kB
VmallocTotal:   263061440 kB
VmallocUsed:      131880 kB
VmallocChunk:          0 kB
Percpu:             2448 kB
CmaTotal:         405504 kB
CmaFree:             128 kB
MemTotal:        7916544 kB
MemFree:          213852 kB
MemAvailable:     721748 kB
Buffers:            2288 kB
Cached:           624048 kB
SwapCached:         5712 kB
Active:          4600964 kB
Inactive:         363796 kB
Active(anon):    4110816 kB
Inactive(anon):   250188 kB
Active(file):     490148 kB
Inactive(file):   113608 kB
Unevictable:        6200 kB
Mlocked:            5760 kB
SwapTotal:       4718584 kB
SwapFree:        3955704 kB
Dirty:               216 kB
Writeback:             0 kB
AnonPages:       4340252 kB
Mapped:           500604 kB
Shmem:             17976 kB
KReclaimable:     294352 kB
Slab:             314708 kB
SReclaimable:      81072 kB
SUnreclaim:       233636 kB
KernelStack:       49648 kB
ShadowCallStack:   12428 kB
PageTables:        80752 kB
NFS_Unstable:          0 kB
Bounce:                0 kB
WritebackTmp:          0 kB
CommitLimit:     8676856 kB
Committed_AS:   77405888 kB
VmallocTotal:   263061440 kB
VmallocUsed:      131816 kB
VmallocChunk:          0 kB
Percpu:             2448 kB
CmaTotal:         405504 kB
CmaFree:             128 kB
MemTotal:        7916544 kB
MemFree:          210384 kB
MemAvailable:     713640 kB
Buffers:            2288 kB
Cached:           620132 kB
SwapCached:         5712 kB
Active:          4609172 kB
Inactive:         359792 kB
Active(anon):    4119024 kB
Inactive(anon):   250184 kB
Active(file):     490148 kB
Inactive(file):   109608 kB
Unevictable:        6200 kB
Mlocked:            5760 kB
SwapTotal:       4718584 kB
SwapFree:        3955704 kB
Dirty:               216 kB
Writeback:             0 kB
AnonPages:       4348560 kB
Mapped:           500676 kB
Shmem:             17976 kB
KReclaimable:     293712 kB
Slab:             314624 kB
SReclaimable:      80944 kB
SUnreclaim:       233680 kB
KernelStack:       49616 kB
ShadowCallStack:   12436 kB
PageTables:        81012 kB
NFS_Unstable:          0 kB
Bounce:                0 kB
WritebackTmp:          0 kB
CommitLimit:     8676856 kB
Committed_AS:   77422268 kB
VmallocTotal:   263061440 kB
VmallocUsed:      131876 kB
VmallocChunk:          0 kB
Percpu:             2448 kB
CmaTotal:         405504 kB
CmaFree:             128 kB
MemTotal:        7916544 kB
MemFree:          212620 kB
MemAvailable:     686276 kB
Buffers:            2312 kB
Cached:           593308 kB
SwapCached:         5712 kB
Active:          4636980 kB
Inactive:         332992 kB
Active(anon):    4146832 kB
Inactive(anon):   250184 kB
Active(file):     490148 kB
Inactive(file):    82808 kB
Unevictable:        6200 kB
Mlocked:            5760 kB
SwapTotal:       4718584 kB
SwapFree:        3955704 kB
Dirty:               120 kB
Writeback:             0 kB
AnonPages:       4376336 kB
Mapped:           501000 kB
Shmem:             17976 kB
KReclaimable:     290912 kB
Slab:             314020 kB
SReclaimable:      80328 kB
SUnreclaim:       233692 kB
KernelStack:       49632 kB
ShadowCallStack:   12432 kB
PageTables:        80828 kB
NFS_Unstable:          0 kB
Bounce:                0 kB
WritebackTmp:          0 kB
CommitLimit:     8676856 kB
Committed_AS:   77455036 kB
VmallocTotal:   263061440 kB
VmallocUsed:      131848 kB
VmallocChunk:          0 kB
Percpu:             2448 kB
CmaTotal:         405504 kB
CmaFree:             128 kB
MemTotal:        7916544 kB
MemFree:          212736 kB
MemAvailable:     679036 kB
Buffers:            2312 kB
Cached:           587496 kB
SwapCached:         5712 kB
Active:          4647440 kB
Inactive:         324012 kB
Active(anon):    4154128 kB
Inactive(anon):   250180 kB
Active(file):     493312 kB
Inactive(file):    73832 kB
Unevictable:        6200 kB
Mlocked:            5760 kB
SwapTotal:       4718584 kB
SwapFree:        3955704 kB
Dirty:               148 kB
Writeback:             0 kB
AnonPages:       4383616 kB
