MemTotal:        7916544 kB
MemFree:         1621288 kB
MemAvailable:    4176452 kB
Buffers:           25732 kB
Cached:          2234444 kB
SwapCached:            0 kB
Active:          2993088 kB
Inactive:         742856 kB
Active(anon):    1462160 kB
Inactive(anon):    43052 kB
Active(file):    1530928 kB
Inactive(file):   699804 kB
Unevictable:        6192 kB
Mlocked:            5752 kB
SwapTotal:       4718584 kB
SwapFree:        4718584 kB
Dirty:             18868 kB
Writeback:            44 kB
AnonPages:       1482052 kB
Mapped:           969556 kB
Shmem:             24584 kB
KReclaimable:     714644 kB
Slab:             321404 kB
SReclaimable:      92240 kB
SUnreclaim:       229164 kB
KernelStack:       49600 kB
ShadowCallStack:   12388 kB
PageTables:        69308 kB
NFS_Unstable:          0 kB
Bounce:                0 kB
WritebackTmp:          0 kB
CommitLimit:     8676856 kB
Committed_AS:   74223892 kB
VmallocTotal:   263061440 kB
VmallocUsed:      131776 kB
VmallocChunk:          0 kB
Percpu:             2448 kB
CmaTotal:         405504 kB
CmaFree:          144960 kB
MemTotal:        7916544 kB
MemFree:         1581284 kB
MemAvailable:    3891140 kB
Buffers:           25764 kB
Cached:          2235220 kB
SwapCached:            0 kB
Active:          3031368 kB
Inactive:         743252 kB
Active(anon):    1500440 kB
Inactive(anon):    43052 kB
Active(file):    1530928 kB
Inactive(file):   700200 kB
Unevictable:        6192 kB
Mlocked:            5752 kB
SwapTotal:       4718584 kB
SwapFree:        4718584 kB
Dirty:             19100 kB
Writeback:             0 kB
AnonPages:       1519780 kB
Mapped:           988776 kB
Shmem:             25168 kB
KReclaimable:     468940 kB
Slab:             321956 kB
SReclaimable:      92304 kB
SUnreclaim:       229652 kB
KernelStack:       49856 kB
ShadowCallStack:   12480 kB
PageTables:        69948 kB
NFS_Unstable:          0 kB
Bounce:                0 kB
WritebackTmp:          0 kB
CommitLimit:     8676856 kB
Committed_AS:   74254216 kB
VmallocTotal:   263061440 kB
VmallocUsed:      132108 kB
VmallocChunk:          0 kB
Percpu:             2448 kB
CmaTotal:         405504 kB
CmaFree:          145060 kB
MemTotal:        7916544 kB
MemFree:         1581788 kB
MemAvailable:    3891640 kB
Buffers:           25764 kB
Cached:          2235232 kB
SwapCached:            0 kB
Active:          3030128 kB
Inactive:         743264 kB
Active(anon):    1499200 kB
Inactive(anon):    43052 kB
Active(file):    1530928 kB
Inactive(file):   700212 kB
Unevictable:        6192 kB
Mlocked:            5752 kB
SwapTotal:       4718584 kB
SwapFree:        4718584 kB
Dirty:             19140 kB
Writeback:             0 kB
AnonPages:       1518804 kB
Mapped:           989348 kB
Shmem:             25168 kB
KReclaimable:     468924 kB
Slab:             322116 kB
SReclaimable:      92336 kB
SUnreclaim:       229780 kB
KernelStack:       49872 kB
ShadowCallStack:   12492 kB
PageTables:        69928 kB
NFS_Unstable:          0 kB
Bounce:                0 kB
WritebackTmp:          0 kB
CommitLimit:     8676856 kB
Committed_AS:   74254168 kB
VmallocTotal:   263061440 kB
VmallocUsed:      132112 kB
VmallocChunk:          0 kB
Percpu:             2448 kB
CmaTotal:         405504 kB
CmaFree:          145060 kB
MemTotal:        7916544 kB
MemFree:         1581280 kB
MemAvailable:    3890332 kB
Buffers:           25772 kB
Cached:          2235300 kB
SwapCached:            0 kB
Active:          3030584 kB
Inactive:         743328 kB
Active(anon):    1499656 kB
Inactive(anon):    43052 kB
Active(file):    1530928 kB
Inactive(file):   700276 kB
Unevictable:        6192 kB
Mlocked:            5752 kB
SwapTotal:       4718584 kB
SwapFree:        4718584 kB
Dirty:             19288 kB
Writeback:             0 kB
AnonPages:       1519044 kB
Mapped:           990056 kB
Shmem:             25180 kB
KReclaimable:     468060 kB
Slab:             322124 kB
SReclaimable:      92240 kB
SUnreclaim:       229884 kB
KernelStack:       49824 kB
ShadowCallStack:   12480 kB
PageTables:        69804 kB
NFS_Unstable:          0 kB
Bounce:                0 kB
WritebackTmp:          0 kB
CommitLimit:     8676856 kB
Committed_AS:   74254176 kB
VmallocTotal:   263061440 kB
VmallocUsed:      132116 kB
VmallocChunk:          0 kB
Percpu:             2448 kB
CmaTotal:         405504 kB
CmaFree:          145188 kB
MemTotal:        7916544 kB
MemFree:         1579264 kB
MemAvailable:    3888300 kB
Buffers:           25772 kB
Cached:          2235308 kB
SwapCached:            0 kB
Active:          3032188 kB
Inactive:         743328 kB
Active(anon):    1501260 kB
Inactive(anon):    43052 kB
Active(file):    1530928 kB
Inactive(file):   700276 kB
Unevictable:        6192 kB
Mlocked:            5752 kB
SwapTotal:       4718584 kB
SwapFree:        4718584 kB
Dirty:             19288 kB
Writeback:             0 kB
AnonPages:       1520632 kB
Mapped:           990388 kB
Shmem:             25188 kB
KReclaimable:     468044 kB
Slab:             321968 kB
SReclaimable:      92240 kB
SUnreclaim:       229728 kB
KernelStack:       49840 kB
ShadowCallStack:   12480 kB
PageTables:        69840 kB
NFS_Unstable:          0 kB
Bounce:                0 kB
WritebackTmp:          0 kB
CommitLimit:     8676856 kB
Committed_AS:   74254184 kB
VmallocTotal:   263061440 kB
VmallocUsed:      132120 kB
VmallocChunk:          0 kB
Percpu:             2448 kB
CmaTotal:         405504 kB
CmaFree:          145188 kB
MemTotal:        7916544 kB
MemFree:         1566500 kB
MemAvailable:    3876136 kB
Buffers:           25856 kB
Cached:          2235860 kB
SwapCached:            0 kB
Active:          3045188 kB
Inactive:         743964 kB
Active(anon):    1514260 kB
Inactive(anon):    43056 kB
Active(file):    1530928 kB
Inactive(file):   700908 kB
Unevictable:        6192 kB
Mlocked:            5752 kB
SwapTotal:       4718584 kB
SwapFree:        4718584 kB
Dirty:             19416 kB
Writeback:             0 kB
AnonPages:       1533664 kB
Mapped:           991916 kB
Shmem:             25192 kB
KReclaimable:     468012 kB
Slab:             321892 kB
SReclaimable:      92240 kB
SUnreclaim:       229652 kB
KernelStack:       49808 kB
ShadowCallStack:   12484 kB
PageTables:        69900 kB
NFS_Unstable:          0 kB
Bounce:                0 kB
WritebackTmp:          0 kB
CommitLimit:     8676856 kB
Committed_AS:   74272464 kB
VmallocTotal:   263061440 kB
VmallocUsed:      132088 kB
VmallocChunk:          0 kB
Percpu:             2448 kB
CmaTotal:         405504 kB
CmaFree:          145188 kB
MemTotal:        7916544 kB
MemFree:         1541144 kB
MemAvailable:    3850944 kB
Buffers:           25856 kB
Cached:          2236028 kB
SwapCached:            0 kB
Active:          3069888 kB
Inactive:         744124 kB
Active(anon):    1538960 kB
Inactive(anon):    43052 kB
Active(file):    1530928 kB
Inactive(file):   701072 kB
Unevictable:        6192 kB
Mlocked:            5752 kB
SwapTotal:       4718584 kB
SwapFree:        4718584 kB
Dirty:             19496 kB
Writeback:             0 kB
AnonPages:       1558388 kB
Mapped:           994756 kB
Shmem:             25196 kB
KReclaimable:     468012 kB
Slab:             321868 kB
SReclaimable:      92240 kB
SUnreclaim:       229628 kB
KernelStack:       49920 kB
ShadowCallStack:   12508 kB
PageTables:        69976 kB
NFS_Unstable:          0 kB
Bounce:                0 kB
WritebackTmp:          0 kB
CommitLimit:     8676856 kB
Committed_AS:   74356192 kB
VmallocTotal:   263061440 kB
VmallocUsed:      132228 kB
VmallocChunk:          0 kB
Percpu:             2448 kB
CmaTotal:         405504 kB
CmaFree:          145188 kB
MemTotal:        7916544 kB
MemFree:         1345740 kB
MemAvailable:    3589204 kB
Buffers:           25856 kB
Cached:          2236052 kB
SwapCached:            0 kB
Active:          3264224 kB
Inactive:         744140 kB
Active(anon):    1733296 kB
Inactive(anon):    43048 kB
Active(file):    1530928 kB
Inactive(file):   701092 kB
Unevictable:        6192 kB
Mlocked:            5752 kB
SwapTotal:       4718584 kB
SwapFree:        4718584 kB
Dirty:             19504 kB
Writeback:             0 kB
AnonPages:       1752796 kB
Mapped:          1073768 kB
Shmem:             25200 kB
KReclaimable:     401656 kB
Slab:             322236 kB
SReclaimable:      92240 kB
SUnreclaim:       229996 kB
KernelStack:       49968 kB
ShadowCallStack:   12524 kB
PageTables:        70584 kB
NFS_Unstable:          0 kB
Bounce:                0 kB
WritebackTmp:          0 kB
CommitLimit:     8676856 kB
Committed_AS:   74637340 kB
VmallocTotal:   263061440 kB
VmallocUsed:      132304 kB
VmallocChunk:          0 kB
Percpu:             2448 kB
CmaTotal:         405504 kB
CmaFree:          145188 kB
MemTotal:        7916544 kB
MemFree:         1325728 kB
MemAvailable:    3540644 kB
Buffers:           25856 kB
Cached:          2236108 kB
SwapCached:            0 kB
Active:          3282424 kB
Inactive:         744196 kB
Active(anon):    1751496 kB
Inactive(anon):    43056 kB
Active(file):    1530928 kB
Inactive(file):   701140 kB
Unevictable:        6192 kB
Mlocked:            5752 kB
SwapTotal:       4718584 kB
SwapFree:        4718584 kB
Dirty:             19516 kB
Writeback:             0 kB
AnonPages:       1770912 kB
Mapped:          1078548 kB
Shmem:             25208 kB
KReclaimable:     373060 kB
Slab:             322452 kB
SReclaimable:      92256 kB
SUnreclaim:       230196 kB
KernelStack:       50000 kB
ShadowCallStack:   12536 kB
PageTables:        70740 kB
NFS_Unstable:          0 kB
Bounce:                0 kB
WritebackTmp:          0 kB
CommitLimit:     8676856 kB
Committed_AS:   74695840 kB
VmallocTotal:   263061440 kB
VmallocUsed:      132384 kB
VmallocChunk:          0 kB
Percpu:             2448 kB
CmaTotal:         405504 kB
CmaFree:          145188 kB
MemTotal:        7916544 kB
MemFree:         1226432 kB
MemAvailable:    3430804 kB
Buffers:           25856 kB
Cached:          2236196 kB
SwapCached:            0 kB
Active:          3381244 kB
Inactive:         744280 kB
Active(anon):    1850316 kB
Inactive(anon):    43056 kB
Active(file):    1530928 kB
Inactive(file):   701224 kB
Unevictable:        6192 kB
Mlocked:            5752 kB
SwapTotal:       4718584 kB
SwapFree:        4718584 kB
Dirty:             19584 kB
Writeback:             0 kB
AnonPages:       1869780 kB
Mapped:          1089036 kB
Shmem:             25212 kB
KReclaimable:     362432 kB
Slab:             322612 kB
SReclaimable:      92256 kB
SUnreclaim:       230356 kB
KernelStack:       50016 kB
ShadowCallStack:   12528 kB
PageTables:        71392 kB
NFS_Unstable:          0 kB
Bounce:                0 kB
WritebackTmp:          0 kB
CommitLimit:     8676856 kB
Committed_AS:   74974332 kB
VmallocTotal:   263061440 kB
VmallocUsed:      132296 kB
VmallocChunk:          0 kB
Percpu:             2448 kB
CmaTotal:         405504 kB
CmaFree:          145188 kB
MemTotal:        7916544 kB
MemFree:         1126608 kB
MemAvailable:    3329132 kB
Buffers:           25928 kB
Cached:          2236224 kB
SwapCached:            0 kB
Active:          3482620 kB
Inactive:         744384 kB
Active(anon):    1951692 kB
Inactive(anon):    43056 kB
Active(file):    1530928 kB
Inactive(file):   701328 kB
Unevictable:        6192 kB
Mlocked:            5752 kB
SwapTotal:       4718584 kB
SwapFree:        4718584 kB
Dirty:             19616 kB
Writeback:             0 kB
AnonPages:       1971268 kB
Mapped:          1082524 kB
Shmem:             25208 kB
KReclaimable:     360480 kB
Slab:             321916 kB
SReclaimable:      92256 kB
SUnreclaim:       229660 kB
KernelStack:       49504 kB
ShadowCallStack:   12444 kB
PageTables:        70488 kB
NFS_Unstable:          0 kB
Bounce:                0 kB
WritebackTmp:          0 kB
CommitLimit:     8676856 kB
Committed_AS:   72591008 kB
VmallocTotal:   263061440 kB
VmallocUsed:      131652 kB
VmallocChunk:          0 kB
Percpu:             2448 kB
CmaTotal:         405504 kB
CmaFree:          147668 kB
MemTotal:        7916544 kB
MemFree:         1047192 kB
MemAvailable:    3240120 kB
Buffers:           25936 kB
Cached:          2236116 kB
SwapCached:            0 kB
Active:          3562684 kB
Inactive:         744392 kB
Active(anon):    2031756 kB
Inactive(anon):    43056 kB
Active(file):    1530928 kB
Inactive(file):   701336 kB
Unevictable:        6192 kB
Mlocked:            5752 kB
SwapTotal:       4718584 kB
SwapFree:        4718584 kB
Dirty:             19616 kB
Writeback:             0 kB
AnonPages:       2051296 kB
Mapped:          1083368 kB
Shmem:             25100 kB
KReclaimable:     350876 kB
Slab:             321440 kB
SReclaimable:      92256 kB
SUnreclaim:       229184 kB
KernelStack:       49504 kB
ShadowCallStack:   12400 kB
PageTables:        70728 kB
NFS_Unstable:          0 kB
Bounce:                0 kB
WritebackTmp:          0 kB
CommitLimit:     8676856 kB
Committed_AS:   72804004 kB
VmallocTotal:   263061440 kB
VmallocUsed:      131660 kB
VmallocChunk:          0 kB
Percpu:             2448 kB
CmaTotal:         405504 kB
CmaFree:          147784 kB
MemTotal:        7916544 kB
MemFree:          947480 kB
MemAvailable:    3139024 kB
Buffers:           25960 kB
Cached:          2236160 kB
SwapCached:            0 kB
Active:          3662668 kB
Inactive:         744456 kB
Active(anon):    2131740 kB
Inactive(anon):    43056 kB
Active(file):    1530928 kB
Inactive(file):   701400 kB
Unevictable:        6192 kB
Mlocked:            5752 kB
SwapTotal:       4718584 kB
SwapFree:        4718584 kB
Dirty:             19652 kB
Writeback:             0 kB
AnonPages:       2151212 kB
Mapped:          1084364 kB
Shmem:             25104 kB
KReclaimable:     349428 kB
Slab:             321488 kB
SReclaimable:      92256 kB
SUnreclaim:       229232 kB
KernelStack:       49456 kB
ShadowCallStack:   12388 kB
PageTables:        71264 kB
NFS_Unstable:          0 kB
Bounce:                0 kB
WritebackTmp:          0 kB
CommitLimit:     8676856 kB
Committed_AS:   73049728 kB
VmallocTotal:   263061440 kB
VmallocUsed:      131700 kB
VmallocChunk:          0 kB
Percpu:             2448 kB
CmaTotal:         405504 kB
CmaFree:          147784 kB
MemTotal:        7916544 kB
MemFree:          818644 kB
MemAvailable:    3008124 kB
Buffers:           25960 kB
Cached:          2236164 kB
SwapCached:            0 kB
Active:          3789916 kB
Inactive:         744456 kB
Active(anon):    2258988 kB
Inactive(anon):    43056 kB
Active(file):    1530928 kB
Inactive(file):   701400 kB
Unevictable:        6192 kB
Mlocked:            5752 kB
SwapTotal:       4718584 kB
SwapFree:        4718584 kB
Dirty:             19652 kB
Writeback:             0 kB
AnonPages:       2278440 kB
Mapped:          1085864 kB
Shmem:             25108 kB
KReclaimable:     347364 kB
Slab:             321528 kB
SReclaimable:      92256 kB
SUnreclaim:       229272 kB
KernelStack:       49472 kB
ShadowCallStack:   12392 kB
PageTables:        71444 kB
NFS_Unstable:          0 kB
Bounce:                0 kB
WritebackTmp:          0 kB
CommitLimit:     8676856 kB
Committed_AS:   73295492 kB
VmallocTotal:   263061440 kB
VmallocUsed:      131760 kB
VmallocChunk:          0 kB
Percpu:             2448 kB
CmaTotal:         405504 kB
CmaFree:          147784 kB
MemTotal:        7916544 kB
MemFree:          814796 kB
MemAvailable:    3004276 kB
Buffers:           25960 kB
Cached:          2236172 kB
SwapCached:            0 kB
Active:          3792916 kB
Inactive:         744464 kB
Active(anon):    2261988 kB
Inactive(anon):    43064 kB
Active(file):    1530928 kB
Inactive(file):   701400 kB
Unevictable:        6192 kB
Mlocked:            5752 kB
SwapTotal:       4718584 kB
SwapFree:        4718584 kB
Dirty:             19652 kB
Writeback:             0 kB
AnonPages:       2281504 kB
Mapped:          1086036 kB
Shmem:             25116 kB
KReclaimable:     347364 kB
Slab:             321676 kB
SReclaimable:      92256 kB
SUnreclaim:       229420 kB
KernelStack:       49456 kB
ShadowCallStack:   12388 kB
PageTables:        71668 kB
NFS_Unstable:          0 kB
Bounce:                0 kB
WritebackTmp:          0 kB
CommitLimit:     8676856 kB
Committed_AS:   73294756 kB
VmallocTotal:   263061440 kB
VmallocUsed:      131612 kB
VmallocChunk:          0 kB
Percpu:             2448 kB
CmaTotal:         405504 kB
CmaFree:          147784 kB
MemTotal:        7916544 kB
MemFree:          822228 kB
MemAvailable:    3011708 kB
Buffers:           25960 kB
Cached:          2236172 kB
SwapCached:            0 kB
Active:          3786808 kB
Inactive:         744460 kB
Active(anon):    2255880 kB
Inactive(anon):    43060 kB
Active(file):    1530928 kB
Inactive(file):   701400 kB
Unevictable:        6192 kB
Mlocked:            5752 kB
SwapTotal:       4718584 kB
SwapFree:        4718584 kB
Dirty:             19652 kB
Writeback:             0 kB
AnonPages:       2275584 kB
Mapped:          1083432 kB
Shmem:             25116 kB
KReclaimable:     347364 kB
Slab:             321140 kB
SReclaimable:      92256 kB
SUnreclaim:       228884 kB
KernelStack:       49232 kB
ShadowCallStack:   12344 kB
PageTables:        70780 kB
NFS_Unstable:          0 kB
Bounce:                0 kB
WritebackTmp:          0 kB
CommitLimit:     8676856 kB
Committed_AS:   71958264 kB
VmallocTotal:   263061440 kB
VmallocUsed:      131432 kB
VmallocChunk:          0 kB
Percpu:             2448 kB
CmaTotal:         405504 kB
CmaFree:          148512 kB
MemTotal:        7916544 kB
MemFree:          821840 kB
MemAvailable:    3011320 kB
Buffers:           25960 kB
Cached:          2236068 kB
SwapCached:            0 kB
Active:          3787712 kB
Inactive:         744456 kB
Active(anon):    2256784 kB
Inactive(anon):    43056 kB
Active(file):    1530928 kB
Inactive(file):   701400 kB
Unevictable:        6192 kB
Mlocked:            5752 kB
SwapTotal:       4718584 kB
SwapFree:        4718584 kB
Dirty:             19652 kB
Writeback:             0 kB
AnonPages:       2276364 kB
Mapped:          1083344 kB
Shmem:             25012 kB
KReclaimable:     347364 kB
Slab:             321108 kB
SReclaimable:      92256 kB
SUnreclaim:       228852 kB
KernelStack:       49248 kB
ShadowCallStack:   12336 kB
PageTables:        70804 kB
NFS_Unstable:          0 kB
Bounce:                0 kB
WritebackTmp:          0 kB
CommitLimit:     8676856 kB
Committed_AS:   71958068 kB
VmallocTotal:   263061440 kB
VmallocUsed:      131292 kB
VmallocChunk:          0 kB
Percpu:             2448 kB
CmaTotal:         405504 kB
CmaFree:          148532 kB
MemTotal:        7916544 kB
MemFree:          820420 kB
MemAvailable:    3009908 kB
Buffers:           25968 kB
Cached:          2236068 kB
SwapCached:            0 kB
Active:          3788508 kB
Inactive:         744464 kB
Active(anon):    2257580 kB
Inactive(anon):    43056 kB
Active(file):    1530928 kB
Inactive(file):   701408 kB
Unevictable:        6192 kB
Mlocked:            5752 kB
SwapTotal:       4718584 kB
SwapFree:        4718584 kB
Dirty:             19660 kB
Writeback:             0 kB
AnonPages:       2277376 kB
Mapped:          1083476 kB
Shmem:             25012 kB
KReclaimable:     347364 kB
Slab:             321108 kB
SReclaimable:      92256 kB
SUnreclaim:       228852 kB
KernelStack:       49216 kB
ShadowCallStack:   12332 kB
PageTables:        70720 kB
NFS_Unstable:          0 kB
Bounce:                0 kB
WritebackTmp:          0 kB
CommitLimit:     8676856 kB
Committed_AS:   71963432 kB
VmallocTotal:   263061440 kB
VmallocUsed:      131304 kB
VmallocChunk:          0 kB
Percpu:             2448 kB
CmaTotal:         405504 kB
CmaFree:          148532 kB
MemTotal:        7916544 kB
MemFree:          819928 kB
MemAvailable:    3009436 kB
Buffers:           25972 kB
Cached:          2236084 kB
SwapCached:            0 kB
Active:          3789200 kB
Inactive:         744480 kB
Active(anon):    2258272 kB
Inactive(anon):    43052 kB
Active(file):    1530928 kB
Inactive(file):   701428 kB
Unevictable:        6192 kB
Mlocked:            5752 kB
SwapTotal:       4718584 kB
SwapFree:        4718584 kB
Dirty:              2336 kB
Writeback:          8464 kB
AnonPages:       2278036 kB
Mapped:          1083488 kB
Shmem:             25012 kB
KReclaimable:     347364 kB
Slab:             321140 kB
SReclaimable:      92256 kB
SUnreclaim:       228884 kB
KernelStack:       49216 kB
ShadowCallStack:   12332 kB
PageTables:        70904 kB
NFS_Unstable:          0 kB
Bounce:                0 kB
WritebackTmp:          0 kB
CommitLimit:     8676856 kB
Committed_AS:   71963224 kB
VmallocTotal:   263061440 kB
VmallocUsed:      131320 kB
VmallocChunk:          0 kB
Percpu:             2448 kB
CmaTotal:         405504 kB
CmaFree:          148532 kB
MemTotal:        7916544 kB
MemFree:          818704 kB
MemAvailable:    3008212 kB
Buffers:           25972 kB
Cached:          2236084 kB
SwapCached:            0 kB
Active:          3789980 kB
Inactive:         744484 kB
Active(anon):    2259052 kB
Inactive(anon):    43056 kB
Active(file):    1530928 kB
Inactive(file):   701428 kB
Unevictable:        6192 kB
Mlocked:            5752 kB
SwapTotal:       4718584 kB
SwapFree:        4718584 kB
Dirty:              2336 kB
Writeback:             0 kB
AnonPages:       2278696 kB
Mapped:          1083396 kB
Shmem:             25012 kB
KReclaimable:     347364 kB
Slab:             321072 kB
SReclaimable:      92256 kB
SUnreclaim:       228816 kB
KernelStack:       49136 kB
ShadowCallStack:   12320 kB
PageTables:        70712 kB
NFS_Unstable:          0 kB
Bounce:                0 kB
WritebackTmp:          0 kB
CommitLimit:     8676856 kB
Committed_AS:   71963076 kB
VmallocTotal:   263061440 kB
VmallocUsed:      131244 kB
VmallocChunk:          0 kB
Percpu:             2448 kB
CmaTotal:         405504 kB
CmaFree:          148532 kB
MemTotal:        7916544 kB
MemFree:          818912 kB
MemAvailable:    3008444 kB
Buffers:           25996 kB
Cached:          2236088 kB
SwapCached:            0 kB
Active:          3790268 kB
Inactive:         744508 kB
Active(anon):    2259340 kB
Inactive(anon):    43056 kB
Active(file):    1530928 kB
Inactive(file):   701452 kB
Unevictable:        6192 kB
Mlocked:            5752 kB
SwapTotal:       4718584 kB
SwapFree:        4718584 kB
Dirty:              2364 kB
Writeback:             0 kB
AnonPages:       2279000 kB
Mapped:          1083416 kB
Shmem:             25016 kB
KReclaimable:     347364 kB
Slab:             321036 kB
SReclaimable:      92256 kB
SUnreclaim:       228780 kB
KernelStack:       49152 kB
ShadowCallStack:   12312 kB
PageTables:        70848 kB
NFS_Unstable:          0 kB
Bounce:                0 kB
WritebackTmp:          0 kB
CommitLimit:     8676856 kB
Committed_AS:   71963076 kB
VmallocTotal:   263061440 kB
VmallocUsed:      131224 kB
VmallocChunk:          0 kB
Percpu:             2448 kB
CmaTotal:         405504 kB
CmaFree:          148532 kB
MemTotal:        7916544 kB
MemFree:          818248 kB
MemAvailable:    3007780 kB
Buffers:           25996 kB
Cached:          2236088 kB
SwapCached:            0 kB
Active:          3790852 kB
Inactive:         744508 kB
Active(anon):    2259924 kB
Inactive(anon):    43056 kB
Active(file):    1530928 kB
Inactive(file):   701452 kB
Unevictable:        6192 kB
Mlocked:            5752 kB
SwapTotal:       4718584 kB
SwapFree:        4718584 kB
Dirty:              2364 kB
Writeback:             0 kB
AnonPages:       2279532 kB
Mapped:          1083568 kB
Shmem:             25016 kB
KReclaimable:     347364 kB
Slab:             321032 kB
SReclaimable:      92256 kB
SUnreclaim:       228776 kB
KernelStack:       49168 kB
ShadowCallStack:   12316 kB
PageTables:        70836 kB
NFS_Unstable:          0 kB
Bounce:                0 kB
WritebackTmp:          0 kB
CommitLimit:     8676856 kB
Committed_AS:   71963056 kB
VmallocTotal:   263061440 kB
VmallocUsed:      131276 kB
VmallocChunk:          0 kB
Percpu:             2448 kB
CmaTotal:         405504 kB
CmaFree:          148532 kB
MemTotal:        7916544 kB
MemFree:          822732 kB
MemAvailable:    3012260 kB
Buffers:           25996 kB
Cached:          2236072 kB
SwapCached:            0 kB
Active:          3788444 kB
Inactive:         744500 kB
Active(anon):    2257516 kB
Inactive(anon):    43048 kB
Active(file):    1530928 kB
Inactive(file):   701452 kB
Unevictable:        6192 kB
Mlocked:            5752 kB
SwapTotal:       4718584 kB
SwapFree:        4718584 kB
Dirty:              2364 kB
Writeback:             0 kB
AnonPages:       2277076 kB
Mapped:          1083232 kB
Shmem:             25000 kB
KReclaimable:     347360 kB
Slab:             320628 kB
SReclaimable:      92252 kB
SUnreclaim:       228376 kB
KernelStack:       48960 kB
ShadowCallStack:   12252 kB
PageTables:        70196 kB
NFS_Unstable:          0 kB
Bounce:                0 kB
WritebackTmp:          0 kB
CommitLimit:     8676856 kB
Committed_AS:   70638328 kB
VmallocTotal:   263061440 kB
VmallocUsed:      130944 kB
VmallocChunk:          0 kB
Percpu:             2448 kB
CmaTotal:         405504 kB
CmaFree:          148728 kB
MemTotal:        7916544 kB
MemFree:          820936 kB
MemAvailable:    3010240 kB
Buffers:           25996 kB
Cached:          2236072 kB
SwapCached:            0 kB
Active:          3789328 kB
Inactive:         744512 kB
Active(anon):    2258400 kB
Inactive(anon):    43060 kB
Active(file):    1530928 kB
Inactive(file):   701452 kB
Unevictable:        6192 kB
Mlocked:            5752 kB
SwapTotal:       4718584 kB
SwapFree:        4718584 kB
Dirty:              2364 kB
Writeback:             0 kB
AnonPages:       2277980 kB
Mapped:          1083408 kB
Shmem:             25000 kB
KReclaimable:     347136 kB
Slab:             320552 kB
SReclaimable:      92284 kB
SUnreclaim:       228268 kB
KernelStack:       48944 kB
ShadowCallStack:   12268 kB
PageTables:        69944 kB
NFS_Unstable:          0 kB
Bounce:                0 kB
WritebackTmp:          0 kB
CommitLimit:     8676856 kB
Committed_AS:   70638264 kB
VmallocTotal:   263061440 kB
VmallocUsed:      130952 kB
VmallocChunk:          0 kB
Percpu:             2448 kB
CmaTotal:         405504 kB
CmaFree:          148728 kB
MemTotal:        7916544 kB
MemFree:          820488 kB
MemAvailable:    3009792 kB
Buffers:           25996 kB
Cached:          2236076 kB
SwapCached:            0 kB
Active:          3789632 kB
Inactive:         744492 kB
Active(anon):    2258704 kB
Inactive(anon):    43040 kB
Active(file):    1530928 kB
Inactive(file):   701452 kB
Unevictable:        6192 kB
Mlocked:            5752 kB
SwapTotal:       4718584 kB
SwapFree:        4718584 kB
Dirty:              2364 kB
Writeback:             0 kB
AnonPages:       2278156 kB
Mapped:          1083436 kB
Shmem:             25004 kB
KReclaimable:     347136 kB
Slab:             320500 kB
SReclaimable:      92284 kB
SUnreclaim:       228216 kB
KernelStack:       48864 kB
ShadowCallStack:   12248 kB
PageTables:        70228 kB
NFS_Unstable:          0 kB
Bounce:                0 kB
WritebackTmp:          0 kB
CommitLimit:     8676856 kB
Committed_AS:   70637988 kB
VmallocTotal:   263061440 kB
VmallocUsed:      130812 kB
VmallocChunk:          0 kB
Percpu:             2448 kB
CmaTotal:         405504 kB
CmaFree:          148728 kB
MemTotal:        7916544 kB
MemFree:          822988 kB
MemAvailable:    3012300 kB
Buffers:           26004 kB
Cached:          2236076 kB
SwapCached:            0 kB
Active:          3788248 kB
Inactive:         744516 kB
Active(anon):    2257320 kB
Inactive(anon):    43056 kB
Active(file):    1530928 kB
Inactive(file):   701460 kB
Unevictable:        6192 kB
Mlocked:            5752 kB
SwapTotal:       4718584 kB
SwapFree:        4718584 kB
Dirty:              2364 kB
Writeback:             0 kB
AnonPages:       2276956 kB
Mapped:          1083384 kB
Shmem:             25004 kB
KReclaimable:     347136 kB
Slab:             320484 kB
SReclaimable:      92284 kB
SUnreclaim:       228200 kB
KernelStack:       48880 kB
ShadowCallStack:   12244 kB
PageTables:        70132 kB
NFS_Unstable:          0 kB
Bounce:                0 kB
WritebackTmp:          0 kB
CommitLimit:     8676856 kB
Committed_AS:   70635240 kB
VmallocTotal:   263061440 kB
VmallocUsed:      130872 kB
VmallocChunk:          0 kB
Percpu:             2448 kB
CmaTotal:         405504 kB
CmaFree:          148728 kB
MemTotal:        7916544 kB
MemFree:          820152 kB
MemAvailable:    3009464 kB
Buffers:           26004 kB
Cached:          2236076 kB
SwapCached:            0 kB
Active:          3790092 kB
Inactive:         744512 kB
Active(anon):    2259164 kB
Inactive(anon):    43052 kB
Active(file):    1530928 kB
Inactive(file):   701460 kB
Unevictable:        6192 kB
Mlocked:            5752 kB
SwapTotal:       4718584 kB
SwapFree:        4718584 kB
Dirty:              2364 kB
Writeback:             0 kB
AnonPages:       2278824 kB
Mapped:          1083584 kB
Shmem:             25004 kB
KReclaimable:     347136 kB
Slab:             320484 kB
SReclaimable:      92284 kB
SUnreclaim:       228200 kB
KernelStack:       48880 kB
ShadowCallStack:   12244 kB
PageTables:        70224 kB
NFS_Unstable:          0 kB
Bounce:                0 kB
WritebackTmp:          0 kB
CommitLimit:     8676856 kB
Committed_AS:   70636968 kB
VmallocTotal:   263061440 kB
VmallocUsed:      130904 kB
VmallocChunk:          0 kB
Percpu:             2448 kB
CmaTotal:         405504 kB
CmaFree:          148728 kB
MemTotal:        7916544 kB
MemFree:          818404 kB
MemAvailable:    3007724 kB
Buffers:           26012 kB
Cached:          2236076 kB
SwapCached:            0 kB
Active:          3792056 kB
Inactive:         744528 kB
Active(anon):    2261128 kB
Inactive(anon):    43060 kB
Active(file):    1530928 kB
Inactive(file):   701468 kB
Unevictable:        6192 kB
Mlocked:            5752 kB
SwapTotal:       4718584 kB
SwapFree:        4718584 kB
Dirty:              2364 kB
Writeback:             0 kB
AnonPages:       2280980 kB
Mapped:          1083424 kB
Shmem:             25004 kB
KReclaimable:     347136 kB
Slab:             320464 kB
SReclaimable:      92284 kB
SUnreclaim:       228180 kB
KernelStack:       48880 kB
ShadowCallStack:   12244 kB
PageTables:        70096 kB
NFS_Unstable:          0 kB
Bounce:                0 kB
WritebackTmp:          0 kB
CommitLimit:     8676856 kB
Committed_AS:   70636800 kB
VmallocTotal:   263061440 kB
VmallocUsed:      130828 kB
VmallocChunk:          0 kB
Percpu:             2448 kB
CmaTotal:         405504 kB
CmaFree:          148728 kB
MemTotal:        7916544 kB
MemFree:          820504 kB
MemAvailable:    3009824 kB
Buffers:           26012 kB
Cached:          2236076 kB
SwapCached:            0 kB
Active:          3790216 kB
Inactive:         744524 kB
Active(anon):    2259288 kB
Inactive(anon):    43056 kB
Active(file):    1530928 kB
Inactive(file):   701468 kB
Unevictable:        6192 kB
Mlocked:            5752 kB
SwapTotal:       4718584 kB
SwapFree:        4718584 kB
Dirty:              2300 kB
Writeback:             0 kB
AnonPages:       2278720 kB
Mapped:          1083576 kB
Shmem:             25004 kB
KReclaimable:     347136 kB
Slab:             320460 kB
SReclaimable:      92284 kB
SUnreclaim:       228176 kB
KernelStack:       48848 kB
ShadowCallStack:   12244 kB
PageTables:        70160 kB
NFS_Unstable:          0 kB
Bounce:                0 kB
WritebackTmp:          0 kB
CommitLimit:     8676856 kB
Committed_AS:   70636052 kB
VmallocTotal:   263061440 kB
VmallocUsed:      130848 kB
VmallocChunk:          0 kB
Percpu:             2448 kB
CmaTotal:         405504 kB
CmaFree:          148728 kB
MemTotal:        7916544 kB
MemFree:          817728 kB
MemAvailable:    3007048 kB
Buffers:           26012 kB
Cached:          2236076 kB
SwapCached:            0 kB
Active:          3792836 kB
Inactive:         744524 kB
Active(anon):    2261908 kB
Inactive(anon):    43056 kB
Active(file):    1530928 kB
Inactive(file):   701468 kB
Unevictable:        6192 kB
Mlocked:            5752 kB
SwapTotal:       4718584 kB
SwapFree:        4718584 kB
Dirty:              1532 kB
Writeback:             0 kB
AnonPages:       2281476 kB
Mapped:          1083540 kB
Shmem:             25004 kB
KReclaimable:     347136 kB
Slab:             320520 kB
SReclaimable:      92284 kB
SUnreclaim:       228236 kB
KernelStack:       48880 kB
ShadowCallStack:   12252 kB
PageTables:        70164 kB
NFS_Unstable:          0 kB
Bounce:                0 kB
WritebackTmp:          0 kB
CommitLimit:     8676856 kB
Committed_AS:   70637872 kB
VmallocTotal:   263061440 kB
VmallocUsed:      130904 kB
VmallocChunk:          0 kB
Percpu:             2448 kB
CmaTotal:         405504 kB
CmaFree:          148728 kB
MemTotal:        7916544 kB
MemFree:          817112 kB
MemAvailable:    3006456 kB
Buffers:           26036 kB
Cached:          2236084 kB
SwapCached:            0 kB
Active:          3792572 kB
Inactive:         744548 kB
Active(anon):    2261644 kB
Inactive(anon):    43056 kB
Active(file):    1530928 kB
Inactive(file):   701492 kB
Unevictable:        6192 kB
Mlocked:            5752 kB
SwapTotal:       4718584 kB
SwapFree:        4718584 kB
Dirty:              1664 kB
Writeback:             0 kB
AnonPages:       2281244 kB
Mapped:          1083632 kB
Shmem:             25012 kB
KReclaimable:     347136 kB
Slab:             320520 kB
SReclaimable:      92284 kB
SUnreclaim:       228236 kB
KernelStack:       48896 kB
ShadowCallStack:   12248 kB
PageTables:        69952 kB
NFS_Unstable:          0 kB
Bounce:                0 kB
WritebackTmp:          0 kB
CommitLimit:     8676856 kB
Committed_AS:   70637488 kB
VmallocTotal:   263061440 kB
VmallocUsed:      130836 kB
VmallocChunk:          0 kB
Percpu:             2448 kB
CmaTotal:         405504 kB
CmaFree:          148728 kB
MemTotal:        7916544 kB
MemFree:          817612 kB
MemAvailable:    3006960 kB
Buffers:           26036 kB
Cached:          2236092 kB
SwapCached:            0 kB
Active:          3792856 kB
Inactive:         744552 kB
Active(anon):    2261928 kB
Inactive(anon):    43056 kB
Active(file):    1530928 kB
Inactive(file):   701496 kB
Unevictable:        6192 kB
Mlocked:            5752 kB
SwapTotal:       4718584 kB
SwapFree:        4718584 kB
Dirty:              1748 kB
Writeback:             0 kB
AnonPages:       2281368 kB
Mapped:          1083588 kB
Shmem:             25016 kB
KReclaimable:     347136 kB
Slab:             320520 kB
SReclaimable:      92284 kB
SUnreclaim:       228236 kB
KernelStack:       48864 kB
ShadowCallStack:   12240 kB
PageTables:        70160 kB
NFS_Unstable:          0 kB
Bounce:                0 kB
WritebackTmp:          0 kB
CommitLimit:     8676856 kB
Committed_AS:   70637280 kB
VmallocTotal:   263061440 kB
VmallocUsed:      130812 kB
VmallocChunk:          0 kB
Percpu:             2448 kB
CmaTotal:         405504 kB
CmaFree:          148728 kB
MemTotal:        7916544 kB
MemFree:          816416 kB
MemAvailable:    3005772 kB
Buffers:           26036 kB
Cached:          2236100 kB
SwapCached:            0 kB
Active:          3793216 kB
Inactive:         744560 kB
Active(anon):    2262288 kB
Inactive(anon):    43056 kB
Active(file):    1530928 kB
Inactive(file):   701504 kB
Unevictable:        6192 kB
Mlocked:            5752 kB
SwapTotal:       4718584 kB
SwapFree:        4718584 kB
Dirty:              1752 kB
Writeback:             0 kB
AnonPages:       2281840 kB
Mapped:          1083704 kB
Shmem:             25016 kB
KReclaimable:     347136 kB
Slab:             320520 kB
SReclaimable:      92284 kB
SUnreclaim:       228236 kB
KernelStack:       48864 kB
ShadowCallStack:   12240 kB
PageTables:        70144 kB
NFS_Unstable:          0 kB
Bounce:                0 kB
WritebackTmp:          0 kB
CommitLimit:     8676856 kB
Committed_AS:   70637276 kB
VmallocTotal:   263061440 kB
VmallocUsed:      130804 kB
VmallocChunk:          0 kB
Percpu:             2448 kB
CmaTotal:         405504 kB
CmaFree:          148728 kB
MemTotal:        7916544 kB
MemFree:          817864 kB
MemAvailable:    3007236 kB
Buffers:           26036 kB
Cached:          2236100 kB
SwapCached:            0 kB
Active:          3792896 kB
Inactive:         744560 kB
Active(anon):    2261968 kB
Inactive(anon):    43056 kB
Active(file):    1530928 kB
Inactive(file):   701504 kB
Unevictable:        6192 kB
Mlocked:            5752 kB
SwapTotal:       4718584 kB
SwapFree:        4718584 kB
Dirty:              1756 kB
Writeback:             0 kB
AnonPages:       2281548 kB
Mapped:          1083708 kB
Shmem:             25016 kB
KReclaimable:     347152 kB
Slab:             320536 kB
SReclaimable:      92300 kB
SUnreclaim:       228236 kB
KernelStack:       48848 kB
ShadowCallStack:   12240 kB
PageTables:        70012 kB
NFS_Unstable:          0 kB
Bounce:                0 kB
WritebackTmp:          0 kB
CommitLimit:     8676856 kB
Committed_AS:   70637284 kB
VmallocTotal:   263061440 kB
VmallocUsed:      130848 kB
VmallocChunk:          0 kB
Percpu:             2448 kB
CmaTotal:         405504 kB
CmaFree:          148728 kB
MemTotal:        7916544 kB
MemFree:          816572 kB
MemAvailable:    3005944 kB
Buffers:           26036 kB
Cached:          2236104 kB
SwapCached:            0 kB
Active:          3793404 kB
Inactive:         744564 kB
Active(anon):    2262476 kB
Inactive(anon):    43060 kB
Active(file):    1530928 kB
Inactive(file):   701504 kB
Unevictable:        6192 kB
Mlocked:            5752 kB
SwapTotal:       4718584 kB
SwapFree:        4718584 kB
Dirty:              1628 kB
Writeback:             0 kB
AnonPages:       2282064 kB
Mapped:          1083672 kB
Shmem:             25020 kB
KReclaimable:     347152 kB
Slab:             320568 kB
SReclaimable:      92300 kB
SUnreclaim:       228268 kB
KernelStack:       48896 kB
ShadowCallStack:   12240 kB
PageTables:        70144 kB
NFS_Unstable:          0 kB
Bounce:                0 kB
WritebackTmp:          0 kB
CommitLimit:     8676856 kB
Committed_AS:   70637148 kB
VmallocTotal:   263061440 kB
VmallocUsed:      130868 kB
VmallocChunk:          0 kB
Percpu:             2448 kB
CmaTotal:         405504 kB
CmaFree:          148728 kB
MemTotal:        7916544 kB
MemFree:          816320 kB
MemAvailable:    3005700 kB
Buffers:           26044 kB
Cached:          2236104 kB
SwapCached:            0 kB
Active:          3793392 kB
Inactive:         744568 kB
Active(anon):    2262464 kB
Inactive(anon):    43056 kB
Active(file):    1530928 kB
Inactive(file):   701512 kB
Unevictable:        6192 kB
Mlocked:            5752 kB
SwapTotal:       4718584 kB
SwapFree:        4718584 kB
Dirty:              1664 kB
Writeback:             0 kB
AnonPages:       2282056 kB
Mapped:          1083644 kB
Shmem:             25020 kB
KReclaimable:     347152 kB
Slab:             320568 kB
SReclaimable:      92300 kB
SUnreclaim:       228268 kB
KernelStack:       48864 kB
ShadowCallStack:   12244 kB
PageTables:        70156 kB
NFS_Unstable:          0 kB
Bounce:                0 kB
WritebackTmp:          0 kB
CommitLimit:     8676856 kB
Committed_AS:   70636948 kB
VmallocTotal:   263061440 kB
VmallocUsed:      130820 kB
VmallocChunk:          0 kB
Percpu:             2448 kB
CmaTotal:         405504 kB
CmaFree:          148728 kB
MemTotal:        7916544 kB
MemFree:          817344 kB
MemAvailable:    3006724 kB
Buffers:           26044 kB
Cached:          2236104 kB
SwapCached:            0 kB
Active:          3793520 kB
Inactive:         744568 kB
Active(anon):    2262592 kB
Inactive(anon):    43056 kB
Active(file):    1530928 kB
Inactive(file):   701512 kB
Unevictable:        6192 kB
Mlocked:            5752 kB
SwapTotal:       4718584 kB
SwapFree:        4718584 kB
Dirty:              1664 kB
Writeback:             0 kB
AnonPages:       2282152 kB
Mapped:          1083744 kB
Shmem:             25020 kB
KReclaimable:     347152 kB
Slab:             320568 kB
SReclaimable:      92300 kB
SUnreclaim:       228268 kB
KernelStack:       48864 kB
ShadowCallStack:   12240 kB
PageTables:        70144 kB
NFS_Unstable:          0 kB
Bounce:                0 kB
WritebackTmp:          0 kB
CommitLimit:     8676856 kB
Committed_AS:   70636956 kB
VmallocTotal:   263061440 kB
VmallocUsed:      130828 kB
VmallocChunk:          0 kB
Percpu:             2448 kB
CmaTotal:         405504 kB
CmaFree:          148728 kB
MemTotal:        7916544 kB
MemFree:          816824 kB
MemAvailable:    3006204 kB
Buffers:           26044 kB
Cached:          2236104 kB
SwapCached:            0 kB
Active:          3793680 kB
Inactive:         744572 kB
Active(anon):    2262752 kB
Inactive(anon):    43060 kB
Active(file):    1530928 kB
Inactive(file):   701512 kB
Unevictable:        6192 kB
Mlocked:            5752 kB
SwapTotal:       4718584 kB
SwapFree:        4718584 kB
Dirty:              1664 kB
Writeback:             0 kB
AnonPages:       2282352 kB
Mapped:          1083720 kB
Shmem:             25020 kB
KReclaimable:     347152 kB
Slab:             320568 kB
SReclaimable:      92300 kB
SUnreclaim:       228268 kB
KernelStack:       48896 kB
ShadowCallStack:   12240 kB
PageTables:        70248 kB
NFS_Unstable:          0 kB
Bounce:                0 kB
WritebackTmp:          0 kB
CommitLimit:     8676856 kB
Committed_AS:   70636924 kB
VmallocTotal:   263061440 kB
VmallocUsed:      130852 kB
VmallocChunk:          0 kB
Percpu:             2448 kB
CmaTotal:         405504 kB
CmaFree:          148728 kB
MemTotal:        7916544 kB
MemFree:          817172 kB
MemAvailable:    3006552 kB
Buffers:           26044 kB
Cached:          2236108 kB
SwapCached:            0 kB
Active:          3794420 kB
Inactive:         744568 kB
Active(anon):    2263492 kB
Inactive(anon):    43056 kB
Active(file):    1530928 kB
Inactive(file):   701512 kB
Unevictable:        6192 kB
Mlocked:            5752 kB
SwapTotal:       4718584 kB
SwapFree:        4718584 kB
Dirty:              1668 kB
Writeback:             0 kB
AnonPages:       2283040 kB
Mapped:          1083804 kB
Shmem:             25024 kB
KReclaimable:     347152 kB
Slab:             320568 kB
SReclaimable:      92300 kB
SUnreclaim:       228268 kB
KernelStack:       48848 kB
ShadowCallStack:   12236 kB
PageTables:        70148 kB
NFS_Unstable:          0 kB
Bounce:                0 kB
WritebackTmp:          0 kB
CommitLimit:     8676856 kB
Committed_AS:   70636876 kB
VmallocTotal:   263061440 kB
VmallocUsed:      130820 kB
VmallocChunk:          0 kB
Percpu:             2448 kB
CmaTotal:         405504 kB
CmaFree:          148728 kB
MemTotal:        7916544 kB
MemFree:          816060 kB
MemAvailable:    3005440 kB
Buffers:           26044 kB
Cached:          2236108 kB
SwapCached:            0 kB
Active:          3794420 kB
Inactive:         744564 kB
Active(anon):    2263492 kB
Inactive(anon):    43052 kB
Active(file):    1530928 kB
Inactive(file):   701512 kB
Unevictable:        6192 kB
Mlocked:            5752 kB
SwapTotal:       4718584 kB
SwapFree:        4718584 kB
Dirty:               316 kB
Writeback:             0 kB
AnonPages:       2283112 kB
Mapped:          1083664 kB
Shmem:             25024 kB
KReclaimable:     347152 kB
Slab:             320564 kB
SReclaimable:      92300 kB
SUnreclaim:       228264 kB
KernelStack:       48848 kB
ShadowCallStack:   12236 kB
PageTables:        70088 kB
NFS_Unstable:          0 kB
Bounce:                0 kB
WritebackTmp:          0 kB
CommitLimit:     8676856 kB
Committed_AS:   70636872 kB
VmallocTotal:   263061440 kB
VmallocUsed:      130816 kB
VmallocChunk:          0 kB
Percpu:             2448 kB
CmaTotal:         405504 kB
CmaFree:          148728 kB
MemTotal:        7916544 kB
MemFree:          815660 kB
MemAvailable:    3005076 kB
Buffers:           26076 kB
Cached:          2236112 kB
SwapCached:            0 kB
Active:          3795452 kB
Inactive:         744604 kB
Active(anon):    2264524 kB
Inactive(anon):    43056 kB
Active(file):    1530928 kB
Inactive(file):   701548 kB
Unevictable:        6192 kB
Mlocked:            5752 kB
SwapTotal:       4718584 kB
SwapFree:        4718584 kB
Dirty:               340 kB
Writeback:             0 kB
AnonPages:       2284148 kB
Mapped:          1083796 kB
Shmem:             25024 kB
KReclaimable:     347152 kB
Slab:             320564 kB
SReclaimable:      92300 kB
SUnreclaim:       228264 kB
KernelStack:       48848 kB
ShadowCallStack:   12240 kB
PageTables:        70156 kB
NFS_Unstable:          0 kB
Bounce:                0 kB
WritebackTmp:          0 kB
CommitLimit:     8676856 kB
Committed_AS:   70637876 kB
VmallocTotal:   263061440 kB
VmallocUsed:      130792 kB
VmallocChunk:          0 kB
Percpu:             2448 kB
CmaTotal:         405504 kB
CmaFree:          148728 kB
MemTotal:        7916544 kB
MemFree:          814136 kB
MemAvailable:    3003568 kB
Buffers:           26088 kB
Cached:          2236116 kB
SwapCached:            0 kB
Active:          3795388 kB
Inactive:         744620 kB
Active(anon):    2264460 kB
Inactive(anon):    43056 kB
Active(file):    1530928 kB
Inactive(file):   701564 kB
Unevictable:        6192 kB
Mlocked:            5752 kB
SwapTotal:       4718584 kB
SwapFree:        4718584 kB
Dirty:               340 kB
Writeback:             0 kB
AnonPages:       2284196 kB
Mapped:          1083832 kB
Shmem:             25024 kB
KReclaimable:     347152 kB
Slab:             320572 kB
SReclaimable:      92300 kB
SUnreclaim:       228272 kB
KernelStack:       48816 kB
ShadowCallStack:   12240 kB
PageTables:        70124 kB
NFS_Unstable:          0 kB
Bounce:                0 kB
WritebackTmp:          0 kB
CommitLimit:     8676856 kB
Committed_AS:   70637872 kB
VmallocTotal:   263061440 kB
VmallocUsed:      130800 kB
VmallocChunk:          0 kB
Percpu:             2448 kB
CmaTotal:         405504 kB
CmaFree:          148732 kB
MemTotal:        7916544 kB
MemFree:          814692 kB
MemAvailable:    3004128 kB
Buffers:           26096 kB
Cached:          2236120 kB
SwapCached:            0 kB
Active:          3795792 kB
Inactive:         744624 kB
Active(anon):    2264864 kB
Inactive(anon):    43052 kB
Active(file):    1530928 kB
Inactive(file):   701572 kB
Unevictable:        6192 kB
Mlocked:            5752 kB
SwapTotal:       4718584 kB
SwapFree:        4718584 kB
Dirty:               428 kB
Writeback:             0 kB
AnonPages:       2284516 kB
Mapped:          1083852 kB
Shmem:             25028 kB
KReclaimable:     347148 kB
Slab:             320572 kB
SReclaimable:      92300 kB
SUnreclaim:       228272 kB
KernelStack:       48848 kB
ShadowCallStack:   12232 kB
PageTables:        70276 kB
NFS_Unstable:          0 kB
Bounce:                0 kB
WritebackTmp:          0 kB
CommitLimit:     8676856 kB
Committed_AS:   70637868 kB
VmallocTotal:   263061440 kB
VmallocUsed:      130828 kB
VmallocChunk:          0 kB
Percpu:             2448 kB
CmaTotal:         405504 kB
CmaFree:          148728 kB
MemTotal:        7916544 kB
MemFree:          831724 kB
MemAvailable:    3021160 kB
Buffers:           26096 kB
Cached:          2235756 kB
SwapCached:            0 kB
Active:          3779104 kB
Inactive:         744628 kB
Active(anon):    2248176 kB
Inactive(anon):    43056 kB
Active(file):    1530928 kB
Inactive(file):   701572 kB
Unevictable:        6192 kB
Mlocked:            5752 kB
SwapTotal:       4718584 kB
SwapFree:        4718584 kB
Dirty:               424 kB
Writeback:             0 kB
AnonPages:       2268084 kB
Mapped:          1060072 kB
Shmem:             24664 kB
KReclaimable:     347148 kB
Slab:             320576 kB
SReclaimable:      92300 kB
SUnreclaim:       228276 kB
KernelStack:       48816 kB
ShadowCallStack:   12240 kB
PageTables:        69956 kB
NFS_Unstable:          0 kB
Bounce:                0 kB
WritebackTmp:          0 kB
CommitLimit:     8676856 kB
Committed_AS:   70637512 kB
VmallocTotal:   263061440 kB
VmallocUsed:      130836 kB
VmallocChunk:          0 kB
Percpu:             2448 kB
CmaTotal:         405504 kB
CmaFree:          148740 kB
MemTotal:        7916544 kB
MemFree:          833340 kB
MemAvailable:    3023092 kB
Buffers:           26096 kB
Cached:          2235660 kB
SwapCached:            0 kB
Active:          3776740 kB
Inactive:         744632 kB
Active(anon):    2245812 kB
Inactive(anon):    43060 kB
Active(file):    1530928 kB
Inactive(file):   701572 kB
Unevictable:        6192 kB
Mlocked:            5752 kB
SwapTotal:       4718584 kB
SwapFree:        4718584 kB
Dirty:               328 kB
Writeback:             0 kB
AnonPages:       2265988 kB
Mapped:          1060152 kB
Shmem:             24568 kB
KReclaimable:     347464 kB
Slab:             320576 kB
SReclaimable:      92300 kB
SUnreclaim:       228276 kB
KernelStack:       48816 kB
ShadowCallStack:   12224 kB
PageTables:        70264 kB
NFS_Unstable:          0 kB
Bounce:                0 kB
WritebackTmp:          0 kB
CommitLimit:     8676856 kB
Committed_AS:   70636948 kB
VmallocTotal:   263061440 kB
VmallocUsed:      130824 kB
VmallocChunk:          0 kB
Percpu:             2448 kB
CmaTotal:         405504 kB
CmaFree:          148716 kB
MemTotal:        7916544 kB
MemFree:          833940 kB
MemAvailable:    3023692 kB
Buffers:           26096 kB
Cached:          2235660 kB
SwapCached:            0 kB
Active:          3776144 kB
Inactive:         744628 kB
Active(anon):    2245216 kB
Inactive(anon):    43056 kB
Active(file):    1530928 kB
Inactive(file):   701572 kB
Unevictable:        6192 kB
Mlocked:            5752 kB
SwapTotal:       4718584 kB
SwapFree:        4718584 kB
Dirty:               336 kB
Writeback:             0 kB
AnonPages:       2265132 kB
Mapped:          1060084 kB
Shmem:             24568 kB
KReclaimable:     347464 kB
Slab:             320576 kB
SReclaimable:      92300 kB
SUnreclaim:       228276 kB
KernelStack:       48736 kB
ShadowCallStack:   12208 kB
PageTables:        70064 kB
NFS_Unstable:          0 kB
Bounce:                0 kB
WritebackTmp:          0 kB
CommitLimit:     8676856 kB
Committed_AS:   70636448 kB
VmallocTotal:   263061440 kB
VmallocUsed:      130728 kB
VmallocChunk:          0 kB
Percpu:             2448 kB
CmaTotal:         405504 kB
CmaFree:          148720 kB
MemTotal:        7916544 kB
MemFree:          834024 kB
MemAvailable:    3023776 kB
Buffers:           26096 kB
Cached:          2235664 kB
SwapCached:            0 kB
Active:          3776148 kB
Inactive:         744616 kB
Active(anon):    2245220 kB
Inactive(anon):    43044 kB
Active(file):    1530928 kB
Inactive(file):   701572 kB
Unevictable:        6192 kB
Mlocked:            5752 kB
SwapTotal:       4718584 kB
SwapFree:        4718584 kB
Dirty:               340 kB
Writeback:             0 kB
AnonPages:       2265404 kB
Mapped:          1060024 kB
Shmem:             24572 kB
KReclaimable:     347464 kB
Slab:             320544 kB
SReclaimable:      92300 kB
SUnreclaim:       228244 kB
KernelStack:       48672 kB
ShadowCallStack:   12188 kB
PageTables:        69968 kB
NFS_Unstable:          0 kB
Bounce:                0 kB
WritebackTmp:          0 kB
CommitLimit:     8676856 kB
Committed_AS:   70636176 kB
VmallocTotal:   263061440 kB
VmallocUsed:      130584 kB
VmallocChunk:          0 kB
Percpu:             2448 kB
CmaTotal:         405504 kB
CmaFree:          148724 kB
MemTotal:        7916544 kB
MemFree:          833780 kB
MemAvailable:    3023540 kB
Buffers:           26104 kB
Cached:          2235664 kB
SwapCached:            0 kB
Active:          3776772 kB
Inactive:         744636 kB
Active(anon):    2245844 kB
Inactive(anon):    43056 kB
Active(file):    1530928 kB
Inactive(file):   701580 kB
Unevictable:        6192 kB
Mlocked:            5752 kB
SwapTotal:       4718584 kB
SwapFree:        4718584 kB
Dirty:               368 kB
Writeback:             0 kB
AnonPages:       2265868 kB
Mapped:          1060124 kB
Shmem:             24572 kB
KReclaimable:     347464 kB
Slab:             320544 kB
SReclaimable:      92300 kB
SUnreclaim:       228244 kB
KernelStack:       48640 kB
ShadowCallStack:   12176 kB
PageTables:        70072 kB
NFS_Unstable:          0 kB
Bounce:                0 kB
WritebackTmp:          0 kB
CommitLimit:     8676856 kB
Committed_AS:   70636456 kB
VmallocTotal:   263061440 kB
VmallocUsed:      130596 kB
VmallocChunk:          0 kB
Percpu:             2448 kB
CmaTotal:         405504 kB
CmaFree:          148724 kB
MemTotal:        7916544 kB
MemFree:          831816 kB
MemAvailable:    3021576 kB
Buffers:           26104 kB
Cached:          2235664 kB
SwapCached:            0 kB
Active:          3779920 kB
Inactive:         744632 kB
Active(anon):    2248992 kB
Inactive(anon):    43052 kB
Active(file):    1530928 kB
Inactive(file):   701580 kB
Unevictable:        6192 kB
Mlocked:            5752 kB
SwapTotal:       4718584 kB
SwapFree:        4718584 kB
Dirty:               436 kB
Writeback:             0 kB
AnonPages:       2269012 kB
Mapped:          1059992 kB
Shmem:             24572 kB
KReclaimable:     347464 kB
Slab:             320544 kB
SReclaimable:      92300 kB
SUnreclaim:       228244 kB
KernelStack:       48624 kB
ShadowCallStack:   12192 kB
PageTables:        70100 kB
NFS_Unstable:          0 kB
Bounce:                0 kB
WritebackTmp:          0 kB
CommitLimit:     8676856 kB
Committed_AS:   70643560 kB
VmallocTotal:   263061440 kB
VmallocUsed:      130592 kB
VmallocChunk:          0 kB
Percpu:             2448 kB
CmaTotal:         405504 kB
CmaFree:          148736 kB
MemTotal:        7916544 kB
MemFree:          834532 kB
MemAvailable:    3024284 kB
Buffers:           26112 kB
Cached:          2235664 kB
SwapCached:            0 kB
Active:          3776204 kB
Inactive:         744640 kB
Active(anon):    2245276 kB
Inactive(anon):    43052 kB
Active(file):    1530928 kB
Inactive(file):   701588 kB
Unevictable:        6192 kB
Mlocked:            5752 kB
SwapTotal:       4718584 kB
SwapFree:        4718584 kB
Dirty:               484 kB
Writeback:             0 kB
AnonPages:       2265448 kB
Mapped:          1060256 kB
Shmem:             24572 kB
KReclaimable:     347448 kB
Slab:             320544 kB
SReclaimable:      92300 kB
SUnreclaim:       228244 kB
KernelStack:       48544 kB
ShadowCallStack:   12160 kB
PageTables:        70016 kB
NFS_Unstable:          0 kB
Bounce:                0 kB
WritebackTmp:          0 kB
CommitLimit:     8676856 kB
Committed_AS:   70635584 kB
VmallocTotal:   263061440 kB
VmallocUsed:      130476 kB
VmallocChunk:          0 kB
Percpu:             2448 kB
CmaTotal:         405504 kB
CmaFree:          148804 kB
MemTotal:        7916544 kB
MemFree:          834716 kB
MemAvailable:    3024488 kB
Buffers:           26136 kB
Cached:          2235664 kB
SwapCached:            0 kB
Active:          3777064 kB
Inactive:         744664 kB
Active(anon):    2246136 kB
Inactive(anon):    43056 kB
Active(file):    1530928 kB
Inactive(file):   701608 kB
Unevictable:        6192 kB
Mlocked:            5752 kB
SwapTotal:       4718584 kB
SwapFree:        4718584 kB
Dirty:               484 kB
Writeback:             0 kB
AnonPages:       2266156 kB
Mapped:          1059988 kB
Shmem:             24576 kB
KReclaimable:     347448 kB
Slab:             320548 kB
SReclaimable:      92300 kB
SUnreclaim:       228248 kB
KernelStack:       48560 kB
ShadowCallStack:   12168 kB
PageTables:        69896 kB
NFS_Unstable:          0 kB
Bounce:                0 kB
WritebackTmp:          0 kB
CommitLimit:     8676856 kB
Committed_AS:   70642856 kB
VmallocTotal:   263061440 kB
VmallocUsed:      130456 kB
VmallocChunk:          0 kB
Percpu:             2448 kB
CmaTotal:         405504 kB
CmaFree:          148804 kB
MemTotal:        7916544 kB
MemFree:          833348 kB
MemAvailable:    3023124 kB
Buffers:           26136 kB
Cached:          2235668 kB
SwapCached:            0 kB
Active:          3777532 kB
Inactive:         744668 kB
Active(anon):    2246604 kB
Inactive(anon):    43056 kB
Active(file):    1530928 kB
Inactive(file):   701612 kB
Unevictable:        6192 kB
Mlocked:            5752 kB
SwapTotal:       4718584 kB
SwapFree:        4718584 kB
Dirty:               512 kB
Writeback:             0 kB
AnonPages:       2266664 kB
Mapped:          1060000 kB
Shmem:             24576 kB
KReclaimable:     347448 kB
Slab:             320548 kB
SReclaimable:      92300 kB
SUnreclaim:       228248 kB
KernelStack:       48560 kB
ShadowCallStack:   12148 kB
PageTables:        70052 kB
NFS_Unstable:          0 kB
Bounce:                0 kB
WritebackTmp:          0 kB
CommitLimit:     8676856 kB
Committed_AS:   70635796 kB
VmallocTotal:   263061440 kB
VmallocUsed:      130380 kB
VmallocChunk:          0 kB
Percpu:             2448 kB
CmaTotal:         405504 kB
CmaFree:          148808 kB
MemTotal:        7916544 kB
MemFree:          834476 kB
MemAvailable:    3024260 kB
Buffers:           26136 kB
Cached:          2235680 kB
SwapCached:            0 kB
Active:          3778096 kB
Inactive:         744676 kB
Active(anon):    2247168 kB
Inactive(anon):    43056 kB
Active(file):    1530928 kB
Inactive(file):   701620 kB
Unevictable:        6192 kB
Mlocked:            5752 kB
SwapTotal:       4718584 kB
SwapFree:        4718584 kB
Dirty:               568 kB
Writeback:             0 kB
AnonPages:       2267260 kB
Mapped:          1059880 kB
Shmem:             24580 kB
KReclaimable:     347448 kB
Slab:             320548 kB
SReclaimable:      92300 kB
SUnreclaim:       228248 kB
KernelStack:       48496 kB
ShadowCallStack:   12148 kB
PageTables:        69920 kB
NFS_Unstable:          0 kB
Bounce:                0 kB
WritebackTmp:          0 kB
CommitLimit:     8676856 kB
Committed_AS:   70642708 kB
VmallocTotal:   263061440 kB
VmallocUsed:      130384 kB
VmallocChunk:          0 kB
Percpu:             2448 kB
CmaTotal:         405504 kB
CmaFree:          148804 kB
MemTotal:        7916544 kB
MemFree:          826708 kB
MemAvailable:    3016496 kB
Buffers:           26136 kB
Cached:          2235684 kB
SwapCached:            0 kB
Active:          3784796 kB
Inactive:         744680 kB
Active(anon):    2253868 kB
Inactive(anon):    43056 kB
Active(file):    1530928 kB
Inactive(file):   701624 kB
Unevictable:        6192 kB
Mlocked:            5752 kB
SwapTotal:       4718584 kB
SwapFree:        4718584 kB
Dirty:               588 kB
Writeback:             0 kB
AnonPages:       2273716 kB
Mapped:          1059992 kB
Shmem:             24580 kB
KReclaimable:     347448 kB
Slab:             320548 kB
SReclaimable:      92300 kB
SUnreclaim:       228248 kB
KernelStack:       48480 kB
ShadowCallStack:   12140 kB
PageTables:        69956 kB
NFS_Unstable:          0 kB
Bounce:                0 kB
WritebackTmp:          0 kB
CommitLimit:     8676856 kB
Committed_AS:   70642604 kB
VmallocTotal:   263061440 kB
VmallocUsed:      130392 kB
VmallocChunk:          0 kB
Percpu:             2448 kB
CmaTotal:         405504 kB
CmaFree:          148808 kB
MemTotal:        7916544 kB
MemFree:          827304 kB
MemAvailable:    3017092 kB
Buffers:           26136 kB
Cached:          2235684 kB
SwapCached:            0 kB
Active:          3784608 kB
Inactive:         744684 kB
Active(anon):    2253680 kB
Inactive(anon):    43060 kB
Active(file):    1530928 kB
Inactive(file):   701624 kB
Unevictable:        6192 kB
Mlocked:            5752 kB
SwapTotal:       4718584 kB
SwapFree:        4718584 kB
Dirty:                32 kB
Writeback:             0 kB
AnonPages:       2273720 kB
Mapped:          1060096 kB
Shmem:             24580 kB
KReclaimable:     347448 kB
Slab:             320548 kB
SReclaimable:      92300 kB
SUnreclaim:       228248 kB
KernelStack:       48480 kB
ShadowCallStack:   12144 kB
PageTables:        70120 kB
NFS_Unstable:          0 kB
Bounce:                0 kB
WritebackTmp:          0 kB
CommitLimit:     8676856 kB
Committed_AS:   70642608 kB
VmallocTotal:   263061440 kB
VmallocUsed:      130412 kB
VmallocChunk:          0 kB
Percpu:             2448 kB
CmaTotal:         405504 kB
CmaFree:          148932 kB
MemTotal:        7916544 kB
MemFree:          833824 kB
MemAvailable:    3023612 kB
Buffers:           26136 kB
Cached:          2235684 kB
SwapCached:            0 kB
Active:          3777624 kB
Inactive:         744680 kB
Active(anon):    2246696 kB
Inactive(anon):    43056 kB
Active(file):    1530928 kB
Inactive(file):   701624 kB
Unevictable:        6192 kB
Mlocked:            5752 kB
SwapTotal:       4718584 kB
SwapFree:        4718584 kB
Dirty:                32 kB
Writeback:             0 kB
AnonPages:       2266892 kB
Mapped:          1060068 kB
Shmem:             24580 kB
KReclaimable:     347448 kB
Slab:             320548 kB
SReclaimable:      92300 kB
SUnreclaim:       228248 kB
KernelStack:       48480 kB
ShadowCallStack:   12160 kB
PageTables:        69920 kB
NFS_Unstable:          0 kB
Bounce:                0 kB
WritebackTmp:          0 kB
CommitLimit:     8676856 kB
Committed_AS:   70636032 kB
VmallocTotal:   263061440 kB
VmallocUsed:      130388 kB
VmallocChunk:          0 kB
Percpu:             2448 kB
CmaTotal:         405504 kB
CmaFree:          148932 kB
MemTotal:        7916544 kB
MemFree:          833240 kB
MemAvailable:    3023036 kB
Buffers:           26144 kB
Cached:          2235688 kB
SwapCached:            0 kB
Active:          3777652 kB
Inactive:         744692 kB
Active(anon):    2246724 kB
Inactive(anon):    43060 kB
Active(file):    1530928 kB
Inactive(file):   701632 kB
Unevictable:        6192 kB
Mlocked:            5752 kB
SwapTotal:       4718584 kB
SwapFree:        4718584 kB
Dirty:               116 kB
Writeback:             0 kB
AnonPages:       2266792 kB
Mapped:          1060048 kB
Shmem:             24584 kB
KReclaimable:     347448 kB
Slab:             320548 kB
SReclaimable:      92300 kB
SUnreclaim:       228248 kB
KernelStack:       48512 kB
ShadowCallStack:   12144 kB
PageTables:        70124 kB
NFS_Unstable:          0 kB
Bounce:                0 kB
WritebackTmp:          0 kB
CommitLimit:     8676856 kB
Committed_AS:   70635756 kB
VmallocTotal:   263061440 kB
VmallocUsed:      130372 kB
VmallocChunk:          0 kB
Percpu:             2448 kB
CmaTotal:         405504 kB
CmaFree:          148932 kB
MemTotal:        7916544 kB
MemFree:          832264 kB
MemAvailable:    3022068 kB
Buffers:           26152 kB
Cached:          2235688 kB
SwapCached:            0 kB
Active:          3778656 kB
Inactive:         744696 kB
Active(anon):    2247728 kB
Inactive(anon):    43056 kB
Active(file):    1530928 kB
Inactive(file):   701640 kB
Unevictable:        6192 kB
Mlocked:            5752 kB
SwapTotal:       4718584 kB
SwapFree:        4718584 kB
Dirty:               168 kB
Writeback:             0 kB
AnonPages:       2267796 kB
Mapped:          1059996 kB
Shmem:             24584 kB
KReclaimable:     347448 kB
Slab:             320552 kB
SReclaimable:      92300 kB
SUnreclaim:       228252 kB
KernelStack:       48480 kB
ShadowCallStack:   12152 kB
PageTables:        70064 kB
NFS_Unstable:          0 kB
Bounce:                0 kB
WritebackTmp:          0 kB
CommitLimit:     8676856 kB
Committed_AS:   70642288 kB
VmallocTotal:   263061440 kB
VmallocUsed:      130324 kB
VmallocChunk:          0 kB
Percpu:             2448 kB
CmaTotal:         405504 kB
CmaFree:          148932 kB
MemTotal:        7916544 kB
MemFree:          833152 kB
MemAvailable:    3022956 kB
Buffers:           26152 kB
Cached:          2235688 kB
SwapCached:            0 kB
Active:          3778644 kB
Inactive:         744700 kB
Active(anon):    2247716 kB
Inactive(anon):    43060 kB
Active(file):    1530928 kB
Inactive(file):   701640 kB
Unevictable:        6192 kB
Mlocked:            5752 kB
SwapTotal:       4718584 kB
SwapFree:        4718584 kB
Dirty:               168 kB
Writeback:             0 kB
AnonPages:       2267716 kB
Mapped:          1059944 kB
Shmem:             24584 kB
KReclaimable:     347448 kB
Slab:             320552 kB
SReclaimable:      92300 kB
SUnreclaim:       228252 kB
KernelStack:       48480 kB
ShadowCallStack:   12152 kB
PageTables:        69924 kB
NFS_Unstable:          0 kB
Bounce:                0 kB
WritebackTmp:          0 kB
CommitLimit:     8676856 kB
Committed_AS:   70635720 kB
VmallocTotal:   263061440 kB
VmallocUsed:      130352 kB
VmallocChunk:          0 kB
Percpu:             2448 kB
CmaTotal:         405504 kB
CmaFree:          148932 kB
MemTotal:        7916544 kB
MemFree:          832284 kB
MemAvailable:    3022088 kB
Buffers:           26152 kB
Cached:          2235688 kB
SwapCached:            0 kB
Active:          3779096 kB
Inactive:         744692 kB
Active(anon):    2248168 kB
Inactive(anon):    43052 kB
Active(file):    1530928 kB
Inactive(file):   701640 kB
Unevictable:        6192 kB
Mlocked:            5752 kB
SwapTotal:       4718584 kB
SwapFree:        4718584 kB
Dirty:               188 kB
Writeback:             0 kB
AnonPages:       2268332 kB
Mapped:          1060048 kB
Shmem:             24584 kB
KReclaimable:     347448 kB
Slab:             320552 kB
SReclaimable:      92300 kB
SUnreclaim:       228252 kB
KernelStack:       48480 kB
ShadowCallStack:   12144 kB
PageTables:        70012 kB
NFS_Unstable:          0 kB
Bounce:                0 kB
WritebackTmp:          0 kB
CommitLimit:     8676856 kB
Committed_AS:   70636164 kB
VmallocTotal:   263061440 kB
VmallocUsed:      130372 kB
VmallocChunk:          0 kB
Percpu:             2448 kB
CmaTotal:         405504 kB
CmaFree:          148932 kB
MemTotal:        7916544 kB
MemFree:          832568 kB
MemAvailable:    3022376 kB
Buffers:           26176 kB
Cached:          2235672 kB
SwapCached:            0 kB
Active:          3778844 kB
Inactive:         744696 kB
Active(anon):    2247916 kB
Inactive(anon):    43052 kB
Active(file):    1530928 kB
Inactive(file):   701644 kB
Unevictable:        6192 kB
Mlocked:            5752 kB
SwapTotal:       4718584 kB
SwapFree:        4718584 kB
Dirty:               188 kB
Writeback:            20 kB
AnonPages:       2267856 kB
Mapped:          1060116 kB
Shmem:             24588 kB
KReclaimable:     347448 kB
Slab:             320552 kB
SReclaimable:      92300 kB
SUnreclaim:       228252 kB
KernelStack:       48416 kB
ShadowCallStack:   12144 kB
PageTables:        70168 kB
NFS_Unstable:          0 kB
Bounce:                0 kB
WritebackTmp:          0 kB
CommitLimit:     8676856 kB
Committed_AS:   70635664 kB
VmallocTotal:   263061440 kB
VmallocUsed:      130340 kB
VmallocChunk:          0 kB
Percpu:             2448 kB
CmaTotal:         405504 kB
CmaFree:          148932 kB
MemTotal:        7916544 kB
MemFree:          833004 kB
MemAvailable:    3022836 kB
Buffers:           26176 kB
Cached:          2235696 kB
SwapCached:            0 kB
Active:          3779648 kB
Inactive:         744724 kB
Active(anon):    2248720 kB
Inactive(anon):    43056 kB
Active(file):    1530928 kB
Inactive(file):   701668 kB
Unevictable:        6192 kB
Mlocked:            5752 kB
SwapTotal:       4718584 kB
SwapFree:        4718584 kB
Dirty:                80 kB
Writeback:             0 kB
AnonPages:       2268744 kB
Mapped:          1060000 kB
Shmem:             24588 kB
KReclaimable:     347448 kB
Slab:             320552 kB
SReclaimable:      92300 kB
SUnreclaim:       228252 kB
KernelStack:       48416 kB
ShadowCallStack:   12128 kB
PageTables:        70028 kB
NFS_Unstable:          0 kB
Bounce:                0 kB
WritebackTmp:          0 kB
CommitLimit:     8676856 kB
Committed_AS:   70642140 kB
VmallocTotal:   263061440 kB
VmallocUsed:      130300 kB
VmallocChunk:          0 kB
Percpu:             2448 kB
CmaTotal:         405504 kB
CmaFree:          148932 kB
MemTotal:        7916544 kB
MemFree:          830892 kB
MemAvailable:    3020724 kB
Buffers:           26176 kB
Cached:          2235696 kB
SwapCached:            0 kB
Active:          3780276 kB
Inactive:         744724 kB
Active(anon):    2249348 kB
Inactive(anon):    43056 kB
Active(file):    1530928 kB
Inactive(file):   701668 kB
Unevictable:        6192 kB
Mlocked:            5752 kB
SwapTotal:       4718584 kB
SwapFree:        4718584 kB
Dirty:                80 kB
Writeback:             0 kB
AnonPages:       2269408 kB
Mapped:          1060148 kB
Shmem:             24588 kB
KReclaimable:     347448 kB
Slab:             320548 kB
SReclaimable:      92300 kB
SUnreclaim:       228248 kB
KernelStack:       48416 kB
ShadowCallStack:   12128 kB
PageTables:        70176 kB
NFS_Unstable:          0 kB
Bounce:                0 kB
WritebackTmp:          0 kB
CommitLimit:     8676856 kB
Committed_AS:   70642132 kB
VmallocTotal:   263061440 kB
VmallocUsed:      130288 kB
VmallocChunk:          0 kB
Percpu:             2448 kB
CmaTotal:         405504 kB
CmaFree:          148932 kB
MemTotal:        7916544 kB
MemFree:          833152 kB
MemAvailable:    3022996 kB
Buffers:           26176 kB
Cached:          2235676 kB
SwapCached:            0 kB
Active:          3777264 kB
Inactive:         744736 kB
Active(anon):    2246336 kB
Inactive(anon):    43056 kB
Active(file):    1530928 kB
Inactive(file):   701680 kB
Unevictable:        6192 kB
Mlocked:            5752 kB
SwapTotal:       4718584 kB
SwapFree:        4718584 kB
Dirty:               172 kB
Writeback:             0 kB
AnonPages:       2266384 kB
Mapped:          1060108 kB
Shmem:             24556 kB
KReclaimable:     347448 kB
Slab:             320548 kB
SReclaimable:      92300 kB
SUnreclaim:       228248 kB
KernelStack:       48384 kB
ShadowCallStack:   12108 kB
PageTables:        69924 kB
NFS_Unstable:          0 kB
Bounce:                0 kB
WritebackTmp:          0 kB
CommitLimit:     8676856 kB
Committed_AS:   70642108 kB
VmallocTotal:   263061440 kB
VmallocUsed:      130268 kB
VmallocChunk:          0 kB
Percpu:             2448 kB
CmaTotal:         405504 kB
CmaFree:          148932 kB
MemTotal:        7916544 kB
MemFree:          830084 kB
MemAvailable:    3019928 kB
Buffers:           26176 kB
Cached:          2235676 kB
SwapCached:            0 kB
Active:          3782756 kB
Inactive:         744736 kB
Active(anon):    2251828 kB
Inactive(anon):    43056 kB
Active(file):    1530928 kB
Inactive(file):   701680 kB
Unevictable:        6192 kB
Mlocked:            5752 kB
SwapTotal:       4718584 kB
SwapFree:        4718584 kB
Dirty:               172 kB
Writeback:             0 kB
AnonPages:       2271820 kB
Mapped:          1059916 kB
Shmem:             24556 kB
KReclaimable:     347448 kB
Slab:             320548 kB
SReclaimable:      92300 kB
SUnreclaim:       228248 kB
KernelStack:       48288 kB
ShadowCallStack:   12112 kB
PageTables:        69884 kB
NFS_Unstable:          0 kB
Bounce:                0 kB
WritebackTmp:          0 kB
CommitLimit:     8676856 kB
Committed_AS:   70642100 kB
VmallocTotal:   263061440 kB
VmallocUsed:      130136 kB
VmallocChunk:          0 kB
Percpu:             2448 kB
CmaTotal:         405504 kB
CmaFree:          148920 kB
MemTotal:        7916544 kB
MemFree:          828980 kB
MemAvailable:    3018824 kB
Buffers:           26176 kB
Cached:          2235676 kB
SwapCached:            0 kB
Active:          3782844 kB
Inactive:         744736 kB
Active(anon):    2251916 kB
Inactive(anon):    43056 kB
Active(file):    1530928 kB
Inactive(file):   701680 kB
Unevictable:        6192 kB
Mlocked:            5752 kB
SwapTotal:       4718584 kB
SwapFree:        4718584 kB
Dirty:               172 kB
Writeback:             0 kB
AnonPages:       2271988 kB
Mapped:          1060068 kB
Shmem:             24556 kB
KReclaimable:     347448 kB
Slab:             320552 kB
SReclaimable:      92300 kB
SUnreclaim:       228252 kB
KernelStack:       48304 kB
ShadowCallStack:   12100 kB
PageTables:        70040 kB
NFS_Unstable:          0 kB
Bounce:                0 kB
WritebackTmp:          0 kB
CommitLimit:     8676856 kB
Committed_AS:   70642104 kB
VmallocTotal:   263061440 kB
VmallocUsed:      130172 kB
VmallocChunk:          0 kB
Percpu:             2448 kB
CmaTotal:         405504 kB
CmaFree:          148932 kB
MemTotal:        7916544 kB
MemFree:          829008 kB
MemAvailable:    3018856 kB
Buffers:           26184 kB
Cached:          2235672 kB
SwapCached:            0 kB
Active:          3782680 kB
Inactive:         744736 kB
Active(anon):    2251752 kB
Inactive(anon):    43052 kB
Active(file):    1530928 kB
Inactive(file):   701684 kB
Unevictable:        6192 kB
Mlocked:            5752 kB
SwapTotal:       4718584 kB
SwapFree:        4718584 kB
Dirty:               220 kB
Writeback:             0 kB
AnonPages:       2272008 kB
Mapped:          1060064 kB
Shmem:             24556 kB
KReclaimable:     347448 kB
Slab:             320552 kB
SReclaimable:      92300 kB
SUnreclaim:       228252 kB
KernelStack:       48272 kB
ShadowCallStack:   12092 kB
PageTables:        69956 kB
NFS_Unstable:          0 kB
Bounce:                0 kB
WritebackTmp:          0 kB
CommitLimit:     8676856 kB
Committed_AS:   70641892 kB
VmallocTotal:   263061440 kB
VmallocUsed:      130088 kB
VmallocChunk:          0 kB
Percpu:             2448 kB
CmaTotal:         405504 kB
CmaFree:          148932 kB
MemTotal:        7916544 kB
MemFree:          833780 kB
MemAvailable:    3023636 kB
Buffers:           26184 kB
Cached:          2235680 kB
SwapCached:            0 kB
Active:          3778228 kB
Inactive:         744748 kB
Active(anon):    2247300 kB
Inactive(anon):    43056 kB
Active(file):    1530928 kB
Inactive(file):   701692 kB
Unevictable:        6192 kB
Mlocked:            5752 kB
SwapTotal:       4718584 kB
SwapFree:        4718584 kB
Dirty:               228 kB
Writeback:             0 kB
AnonPages:       2267200 kB
Mapped:          1060008 kB
Shmem:             24556 kB
KReclaimable:     347448 kB
Slab:             320552 kB
SReclaimable:      92300 kB
SUnreclaim:       228252 kB
KernelStack:       48224 kB
ShadowCallStack:   12084 kB
PageTables:        69940 kB
NFS_Unstable:          0 kB
Bounce:                0 kB
WritebackTmp:          0 kB
CommitLimit:     8676856 kB
Committed_AS:   70641892 kB
VmallocTotal:   263061440 kB
VmallocUsed:      130156 kB
VmallocChunk:          0 kB
Percpu:             2448 kB
CmaTotal:         405504 kB
CmaFree:          148932 kB
MemTotal:        7916544 kB
MemFree:          832696 kB
MemAvailable:    3022552 kB
Buffers:           26184 kB
Cached:          2235700 kB
SwapCached:            0 kB
Active:          3779940 kB
Inactive:         744748 kB
Active(anon):    2249012 kB
Inactive(anon):    43056 kB
Active(file):    1530928 kB
Inactive(file):   701692 kB
Unevictable:        6192 kB
Mlocked:            5752 kB
SwapTotal:       4718584 kB
SwapFree:        4718584 kB
Dirty:               108 kB
Writeback:             0 kB
AnonPages:       2268992 kB
Mapped:          1060216 kB
Shmem:             24576 kB
KReclaimable:     347448 kB
Slab:             320552 kB
SReclaimable:      92300 kB
SUnreclaim:       228252 kB
KernelStack:       48256 kB
ShadowCallStack:   12088 kB
PageTables:        70000 kB
NFS_Unstable:          0 kB
Bounce:                0 kB
WritebackTmp:          0 kB
CommitLimit:     8676856 kB
Committed_AS:   70641920 kB
VmallocTotal:   263061440 kB
VmallocUsed:      130076 kB
VmallocChunk:          0 kB
Percpu:             2448 kB
CmaTotal:         405504 kB
CmaFree:          148936 kB
MemTotal:        7916544 kB
MemFree:          826868 kB
MemAvailable:    3016728 kB
Buffers:           26184 kB
Cached:          2235704 kB
SwapCached:            0 kB
Active:          3784836 kB
Inactive:         744752 kB
Active(anon):    2253908 kB
Inactive(anon):    43056 kB
Active(file):    1530928 kB
Inactive(file):   701696 kB
Unevictable:        6192 kB
Mlocked:            5752 kB
SwapTotal:       4718584 kB
SwapFree:        4718584 kB
Dirty:               112 kB
Writeback:             0 kB
AnonPages:       2273940 kB
Mapped:          1060136 kB
Shmem:             24576 kB
KReclaimable:     347448 kB
Slab:             320552 kB
SReclaimable:      92300 kB
SUnreclaim:       228252 kB
KernelStack:       48256 kB
ShadowCallStack:   12088 kB
PageTables:        70048 kB
NFS_Unstable:          0 kB
Bounce:                0 kB
WritebackTmp:          0 kB
CommitLimit:     8676856 kB
Committed_AS:   70641920 kB
VmallocTotal:   263061440 kB
VmallocUsed:      130168 kB
VmallocChunk:          0 kB
Percpu:             2448 kB
CmaTotal:         405504 kB
CmaFree:          148932 kB
MemTotal:        7916544 kB
MemFree:          832720 kB
MemAvailable:    3022592 kB
Buffers:           26184 kB
Cached:          2235716 kB
SwapCached:            0 kB
Active:          3779052 kB
Inactive:         744764 kB
Active(anon):    2248124 kB
Inactive(anon):    43056 kB
Active(file):    1530928 kB
Inactive(file):   701708 kB
Unevictable:        6192 kB
Mlocked:            5752 kB
SwapTotal:       4718584 kB
SwapFree:        4718584 kB
Dirty:               136 kB
Writeback:             0 kB
AnonPages:       2268164 kB
Mapped:          1060188 kB
Shmem:             24576 kB
KReclaimable:     347448 kB
Slab:             320552 kB
SReclaimable:      92300 kB
SUnreclaim:       228252 kB
KernelStack:       48256 kB
ShadowCallStack:   12088 kB
PageTables:        69840 kB
NFS_Unstable:          0 kB
Bounce:                0 kB
WritebackTmp:          0 kB
CommitLimit:     8676856 kB
Committed_AS:   70641932 kB
VmallocTotal:   263061440 kB
VmallocUsed:      130064 kB
VmallocChunk:          0 kB
Percpu:             2448 kB
CmaTotal:         405504 kB
CmaFree:          148932 kB
MemTotal:        7916544 kB
MemFree:          833380 kB
MemAvailable:    3023276 kB
Buffers:           26208 kB
Cached:          2235720 kB
SwapCached:            0 kB
Active:          3778920 kB
Inactive:         744784 kB
Active(anon):    2247992 kB
Inactive(anon):    43052 kB
Active(file):    1530928 kB
Inactive(file):   701732 kB
Unevictable:        6192 kB
Mlocked:            5752 kB
SwapTotal:       4718584 kB
SwapFree:        4718584 kB
Dirty:               184 kB
Writeback:             0 kB
AnonPages:       2268048 kB
Mapped:          1060016 kB
Shmem:             24580 kB
KReclaimable:     347448 kB
Slab:             320552 kB
SReclaimable:      92300 kB
SUnreclaim:       228252 kB
KernelStack:       48256 kB
ShadowCallStack:   12088 kB
PageTables:        70028 kB
NFS_Unstable:          0 kB
Bounce:                0 kB
WritebackTmp:          0 kB
CommitLimit:     8676856 kB
Committed_AS:   70635756 kB
VmallocTotal:   263061440 kB
VmallocUsed:      130012 kB
VmallocChunk:          0 kB
Percpu:             2448 kB
CmaTotal:         405504 kB
CmaFree:          148932 kB
MemTotal:        7916544 kB
MemFree:          831928 kB
MemAvailable:    3021560 kB
Buffers:           26216 kB
Cached:          2235712 kB
SwapCached:            0 kB
Active:          3779448 kB
Inactive:         744788 kB
Active(anon):    2248520 kB
Inactive(anon):    43056 kB
Active(file):    1530928 kB
Inactive(file):   701732 kB
Unevictable:        6192 kB
Mlocked:            5752 kB
SwapTotal:       4718584 kB
SwapFree:        4718584 kB
Dirty:               184 kB
Writeback:             0 kB
AnonPages:       2268404 kB
Mapped:          1060164 kB
Shmem:             24580 kB
KReclaimable:     347184 kB
Slab:             320560 kB
SReclaimable:      92300 kB
SUnreclaim:       228260 kB
KernelStack:       48288 kB
ShadowCallStack:   12100 kB
PageTables:        69832 kB
NFS_Unstable:          0 kB
Bounce:                0 kB
WritebackTmp:          0 kB
CommitLimit:     8676856 kB
Committed_AS:   70635708 kB
VmallocTotal:   263061440 kB
VmallocUsed:      130116 kB
VmallocChunk:          0 kB
Percpu:             2448 kB
CmaTotal:         405504 kB
CmaFree:          148936 kB
MemTotal:        7916544 kB
MemFree:          827796 kB
MemAvailable:    3017436 kB
Buffers:           26216 kB
Cached:          2235720 kB
SwapCached:            0 kB
Active:          3783856 kB
Inactive:         744796 kB
Active(anon):    2252928 kB
Inactive(anon):    43056 kB
Active(file):    1530928 kB
Inactive(file):   701740 kB
Unevictable:        6192 kB
Mlocked:            5752 kB
SwapTotal:       4718584 kB
SwapFree:        4718584 kB
Dirty:               256 kB
Writeback:             0 kB
AnonPages:       2272940 kB
Mapped:          1060144 kB
Shmem:             24580 kB
KReclaimable:     347184 kB
Slab:             320556 kB
SReclaimable:      92300 kB
SUnreclaim:       228256 kB
KernelStack:       48240 kB
ShadowCallStack:   12084 kB
PageTables:        70068 kB
NFS_Unstable:          0 kB
Bounce:                0 kB
WritebackTmp:          0 kB
CommitLimit:     8676856 kB
Committed_AS:   70641832 kB
VmallocTotal:   263061440 kB
VmallocUsed:      130072 kB
VmallocChunk:          0 kB
Percpu:             2448 kB
CmaTotal:         405504 kB
CmaFree:          148932 kB
MemTotal:        7916544 kB
MemFree:          826560 kB
MemAvailable:    3016200 kB
Buffers:           26216 kB
Cached:          2235720 kB
SwapCached:            0 kB
Active:          3785788 kB
Inactive:         744796 kB
Active(anon):    2254860 kB
Inactive(anon):    43056 kB
Active(file):    1530928 kB
Inactive(file):   701740 kB
Unevictable:        6192 kB
Mlocked:            5752 kB
SwapTotal:       4718584 kB
SwapFree:        4718584 kB
Dirty:               256 kB
Writeback:             0 kB
AnonPages:       2274780 kB
Mapped:          1060236 kB
Shmem:             24580 kB
KReclaimable:     347184 kB
Slab:             320556 kB
SReclaimable:      92300 kB
SUnreclaim:       228256 kB
KernelStack:       48192 kB
ShadowCallStack:   12088 kB
PageTables:        70052 kB
NFS_Unstable:          0 kB
Bounce:                0 kB
WritebackTmp:          0 kB
CommitLimit:     8676856 kB
Committed_AS:   70641832 kB
VmallocTotal:   263061440 kB
VmallocUsed:      130112 kB
VmallocChunk:          0 kB
Percpu:             2448 kB
CmaTotal:         405504 kB
CmaFree:          148932 kB
MemTotal:        7916544 kB
MemFree:          826768 kB
MemAvailable:    3016408 kB
Buffers:           26216 kB
Cached:          2235720 kB
SwapCached:            0 kB
Active:          3785852 kB
Inactive:         744796 kB
Active(anon):    2254924 kB
Inactive(anon):    43056 kB
Active(file):    1530928 kB
Inactive(file):   701740 kB
Unevictable:        6192 kB
Mlocked:            5752 kB
SwapTotal:       4718584 kB
SwapFree:        4718584 kB
Dirty:               260 kB
Writeback:             0 kB
AnonPages:       2274920 kB
Mapped:          1060140 kB
Shmem:             24580 kB
KReclaimable:     347184 kB
Slab:             320552 kB
SReclaimable:      92300 kB
SUnreclaim:       228252 kB
KernelStack:       48240 kB
ShadowCallStack:   12084 kB
PageTables:        70076 kB
NFS_Unstable:          0 kB
Bounce:                0 kB
WritebackTmp:          0 kB
CommitLimit:     8676856 kB
Committed_AS:   70641832 kB
VmallocTotal:   263061440 kB
VmallocUsed:      130040 kB
VmallocChunk:          0 kB
Percpu:             2448 kB
CmaTotal:         405504 kB
CmaFree:          148932 kB
MemTotal:        7916544 kB
MemFree:          826000 kB
MemAvailable:    3015644 kB
Buffers:           26224 kB
Cached:          2235716 kB
SwapCached:            0 kB
Active:          3785904 kB
Inactive:         744800 kB
Active(anon):    2254976 kB
Inactive(anon):    43056 kB
Active(file):    1530928 kB
Inactive(file):   701744 kB
Unevictable:        6192 kB
Mlocked:            5752 kB
SwapTotal:       4718584 kB
SwapFree:        4718584 kB
Dirty:               264 kB
Writeback:             0 kB
AnonPages:       2275008 kB
Mapped:          1060208 kB
Shmem:             24580 kB
KReclaimable:     347184 kB
Slab:             320552 kB
SReclaimable:      92300 kB
SUnreclaim:       228252 kB
KernelStack:       48240 kB
ShadowCallStack:   12080 kB
PageTables:        70044 kB
NFS_Unstable:          0 kB
Bounce:                0 kB
WritebackTmp:          0 kB
CommitLimit:     8676856 kB
Committed_AS:   70641832 kB
VmallocTotal:   263061440 kB
VmallocUsed:      130092 kB
VmallocChunk:          0 kB
Percpu:             2448 kB
CmaTotal:         405504 kB
CmaFree:          148932 kB
MemTotal:        7916544 kB
MemFree:          825444 kB
MemAvailable:    3015092 kB
Buffers:           26224 kB
Cached:          2235720 kB
SwapCached:            0 kB
Active:          3786576 kB
Inactive:         744808 kB
Active(anon):    2255648 kB
Inactive(anon):    43060 kB
Active(file):    1530928 kB
Inactive(file):   701748 kB
Unevictable:        6192 kB
Mlocked:            5752 kB
SwapTotal:       4718584 kB
SwapFree:        4718584 kB
Dirty:               264 kB
Writeback:             0 kB
AnonPages:       2275496 kB
Mapped:          1060160 kB
Shmem:             24580 kB
KReclaimable:     347184 kB
Slab:             320552 kB
SReclaimable:      92300 kB
SUnreclaim:       228252 kB
KernelStack:       48240 kB
ShadowCallStack:   12088 kB
PageTables:        70060 kB
NFS_Unstable:          0 kB
Bounce:                0 kB
WritebackTmp:          0 kB
CommitLimit:     8676856 kB
Committed_AS:   70641832 kB
VmallocTotal:   263061440 kB
VmallocUsed:      130044 kB
VmallocChunk:          0 kB
Percpu:             2448 kB
CmaTotal:         405504 kB
CmaFree:          148932 kB
MemTotal:        7916544 kB
MemFree:          825312 kB
MemAvailable:    3014960 kB
Buffers:           26224 kB
Cached:          2235724 kB
SwapCached:            0 kB
Active:          3786212 kB
Inactive:         744804 kB
Active(anon):    2255284 kB
Inactive(anon):    43056 kB
Active(file):    1530928 kB
Inactive(file):   701748 kB
Unevictable:        6192 kB
Mlocked:            5752 kB
SwapTotal:       4718584 kB
SwapFree:        4718584 kB
Dirty:                80 kB
Writeback:             0 kB
AnonPages:       2275280 kB
Mapped:          1060136 kB
Shmem:             24584 kB
KReclaimable:     347184 kB
Slab:             320552 kB
SReclaimable:      92300 kB
SUnreclaim:       228252 kB
KernelStack:       48224 kB
ShadowCallStack:   12088 kB
PageTables:        70068 kB
NFS_Unstable:          0 kB
Bounce:                0 kB
WritebackTmp:          0 kB
CommitLimit:     8676856 kB
Committed_AS:   70641836 kB
VmallocTotal:   263061440 kB
VmallocUsed:      130020 kB
VmallocChunk:          0 kB
Percpu:             2448 kB
CmaTotal:         405504 kB
CmaFree:          148932 kB
MemTotal:        7916544 kB
MemFree:          825924 kB
MemAvailable:    3015572 kB
Buffers:           26224 kB
Cached:          2235724 kB
SwapCached:            0 kB
Active:          3786352 kB
Inactive:         744804 kB
Active(anon):    2255424 kB
Inactive(anon):    43056 kB
Active(file):    1530928 kB
Inactive(file):   701748 kB
Unevictable:        6192 kB
Mlocked:            5752 kB
SwapTotal:       4718584 kB
SwapFree:        4718584 kB
Dirty:                80 kB
Writeback:             0 kB
AnonPages:       2275616 kB
Mapped:          1060292 kB
Shmem:             24584 kB
KReclaimable:     347184 kB
Slab:             320552 kB
SReclaimable:      92300 kB
SUnreclaim:       228252 kB
KernelStack:       48128 kB
ShadowCallStack:   12060 kB
PageTables:        69904 kB
NFS_Unstable:          0 kB
Bounce:                0 kB
WritebackTmp:          0 kB
CommitLimit:     8676856 kB
Committed_AS:   70641632 kB
VmallocTotal:   263061440 kB
VmallocUsed:      129924 kB
VmallocChunk:          0 kB
Percpu:             2448 kB
CmaTotal:         405504 kB
CmaFree:          148928 kB
MemTotal:        7916544 kB
MemFree:          825800 kB
MemAvailable:    3015448 kB
Buffers:           26224 kB
Cached:          2235728 kB
SwapCached:            0 kB
Active:          3786816 kB
Inactive:         744800 kB
Active(anon):    2255888 kB
Inactive(anon):    43052 kB
Active(file):    1530928 kB
Inactive(file):   701748 kB
Unevictable:        6192 kB
Mlocked:            5752 kB
SwapTotal:       4718584 kB
SwapFree:        4718584 kB
Dirty:                48 kB
Writeback:             0 kB
AnonPages:       2275844 kB
Mapped:          1060220 kB
Shmem:             24588 kB
KReclaimable:     347184 kB
Slab:             320552 kB
SReclaimable:      92300 kB
SUnreclaim:       228252 kB
KernelStack:       48096 kB
ShadowCallStack:   12048 kB
PageTables:        69976 kB
NFS_Unstable:          0 kB
Bounce:                0 kB
WritebackTmp:          0 kB
CommitLimit:     8676856 kB
Committed_AS:   70641476 kB
VmallocTotal:   263061440 kB
VmallocUsed:      129916 kB
VmallocChunk:          0 kB
Percpu:             2448 kB
CmaTotal:         405504 kB
CmaFree:          148932 kB
MemTotal:        7916544 kB
MemFree:          824552 kB
MemAvailable:    3014224 kB
Buffers:           26248 kB
Cached:          2235732 kB
SwapCached:            0 kB
Active:          3786840 kB
Inactive:         744828 kB
Active(anon):    2255912 kB
Inactive(anon):    43056 kB
Active(file):    1530928 kB
Inactive(file):   701772 kB
Unevictable:        6192 kB
Mlocked:            5752 kB
SwapTotal:       4718584 kB
SwapFree:        4718584 kB
Dirty:                96 kB
Writeback:             0 kB
AnonPages:       2275932 kB
Mapped:          1060152 kB
Shmem:             24592 kB
KReclaimable:     347184 kB
Slab:             320552 kB
SReclaimable:      92300 kB
SUnreclaim:       228252 kB
KernelStack:       48096 kB
ShadowCallStack:   12048 kB
PageTables:        70024 kB
NFS_Unstable:          0 kB
Bounce:                0 kB
WritebackTmp:          0 kB
CommitLimit:     8676856 kB
Committed_AS:   70641480 kB
VmallocTotal:   263061440 kB
VmallocUsed:      129860 kB
VmallocChunk:          0 kB
Percpu:             2448 kB
CmaTotal:         405504 kB
CmaFree:          148932 kB
MemTotal:        7916544 kB
MemFree:          824400 kB
MemAvailable:    3014072 kB
Buffers:           26248 kB
Cached:          2235732 kB
SwapCached:            0 kB
Active:          3787244 kB
Inactive:         744836 kB
Active(anon):    2256316 kB
Inactive(anon):    43064 kB
Active(file):    1530928 kB
Inactive(file):   701772 kB
Unevictable:        6192 kB
Mlocked:            5752 kB
SwapTotal:       4718584 kB
SwapFree:        4718584 kB
Dirty:               140 kB
Writeback:             0 kB
AnonPages:       2276344 kB
Mapped:          1060188 kB
Shmem:             24592 kB
KReclaimable:     347184 kB
Slab:             320548 kB
SReclaimable:      92300 kB
SUnreclaim:       228248 kB
KernelStack:       48080 kB
ShadowCallStack:   12032 kB
PageTables:        69932 kB
NFS_Unstable:          0 kB
Bounce:                0 kB
WritebackTmp:          0 kB
CommitLimit:     8676856 kB
Committed_AS:   70641480 kB
VmallocTotal:   263061440 kB
VmallocUsed:      129856 kB
VmallocChunk:          0 kB
Percpu:             2448 kB
CmaTotal:         405504 kB
CmaFree:          148924 kB
MemTotal:        7916544 kB
MemFree:          824572 kB
MemAvailable:    3014244 kB
Buffers:           26248 kB
Cached:          2235732 kB
SwapCached:            0 kB
Active:          3787780 kB
Inactive:         744828 kB
Active(anon):    2256852 kB
Inactive(anon):    43056 kB
Active(file):    1530928 kB
Inactive(file):   701772 kB
Unevictable:        6192 kB
Mlocked:            5752 kB
SwapTotal:       4718584 kB
SwapFree:        4718584 kB
Dirty:               188 kB
Writeback:             0 kB
AnonPages:       2276760 kB
Mapped:          1060144 kB
Shmem:             24592 kB
KReclaimable:     347184 kB
Slab:             320548 kB
SReclaimable:      92300 kB
SUnreclaim:       228248 kB
KernelStack:       48096 kB
ShadowCallStack:   12048 kB
PageTables:        70016 kB
NFS_Unstable:          0 kB
Bounce:                0 kB
WritebackTmp:          0 kB
CommitLimit:     8676856 kB
Committed_AS:   70641480 kB
VmallocTotal:   263061440 kB
VmallocUsed:      129968 kB
VmallocChunk:          0 kB
Percpu:             2448 kB
CmaTotal:         405504 kB
CmaFree:          148932 kB
MemTotal:        7916544 kB
MemFree:          823968 kB
MemAvailable:    3013640 kB
Buffers:           26248 kB
Cached:          2235732 kB
SwapCached:            0 kB
Active:          3787820 kB
Inactive:         744828 kB
Active(anon):    2256892 kB
Inactive(anon):    43056 kB
Active(file):    1530928 kB
Inactive(file):   701772 kB
Unevictable:        6192 kB
Mlocked:            5752 kB
SwapTotal:       4718584 kB
SwapFree:        4718584 kB
Dirty:               188 kB
Writeback:             0 kB
AnonPages:       2276968 kB
Mapped:          1060096 kB
Shmem:             24592 kB
KReclaimable:     347184 kB
Slab:             320548 kB
SReclaimable:      92300 kB
SUnreclaim:       228248 kB
KernelStack:       48112 kB
ShadowCallStack:   12044 kB
PageTables:        69996 kB
NFS_Unstable:          0 kB
Bounce:                0 kB
WritebackTmp:          0 kB
CommitLimit:     8676856 kB
Committed_AS:   70641480 kB
VmallocTotal:   263061440 kB
VmallocUsed:      129892 kB
VmallocChunk:          0 kB
Percpu:             2448 kB
CmaTotal:         405504 kB
CmaFree:          148932 kB
MemTotal:        7916544 kB
MemFree:          823524 kB
MemAvailable:    3013196 kB
Buffers:           26248 kB
Cached:          2235732 kB
SwapCached:            0 kB
Active:          3788112 kB
Inactive:         744828 kB
Active(anon):    2257184 kB
Inactive(anon):    43056 kB
Active(file):    1530928 kB
Inactive(file):   701772 kB
Unevictable:        6192 kB
Mlocked:            5752 kB
SwapTotal:       4718584 kB
SwapFree:        4718584 kB
Dirty:                16 kB
Writeback:             0 kB
AnonPages:       2277236 kB
Mapped:          1060144 kB
Shmem:             24592 kB
KReclaimable:     347184 kB
Slab:             320548 kB
SReclaimable:      92300 kB
SUnreclaim:       228248 kB
KernelStack:       48096 kB
ShadowCallStack:   12048 kB
PageTables:        70028 kB
NFS_Unstable:          0 kB
Bounce:                0 kB
WritebackTmp:          0 kB
CommitLimit:     8676856 kB
Committed_AS:   70641480 kB
VmallocTotal:   263061440 kB
VmallocUsed:      129904 kB
VmallocChunk:          0 kB
Percpu:             2448 kB
CmaTotal:         405504 kB
CmaFree:          148932 kB
MemTotal:        7916544 kB
MemFree:          823076 kB
MemAvailable:    3012756 kB
Buffers:           26256 kB
Cached:          2235732 kB
SwapCached:            0 kB
Active:          3788636 kB
Inactive:         744836 kB
Active(anon):    2257708 kB
Inactive(anon):    43056 kB
Active(file):    1530928 kB
Inactive(file):   701780 kB
Unevictable:        6192 kB
Mlocked:            5752 kB
SwapTotal:       4718584 kB
SwapFree:        4718584 kB
Dirty:               148 kB
Writeback:             0 kB
AnonPages:       2277628 kB
Mapped:          1060148 kB
Shmem:             24592 kB
KReclaimable:     347184 kB
Slab:             320552 kB
SReclaimable:      92300 kB
SUnreclaim:       228252 kB
KernelStack:       48096 kB
ShadowCallStack:   12036 kB
PageTables:        69984 kB
NFS_Unstable:          0 kB
Bounce:                0 kB
WritebackTmp:          0 kB
CommitLimit:     8676856 kB
Committed_AS:   70641480 kB
VmallocTotal:   263061440 kB
VmallocUsed:      129908 kB
VmallocChunk:          0 kB
Percpu:             2448 kB
CmaTotal:         405504 kB
CmaFree:          148932 kB
MemTotal:        7916544 kB
MemFree:          823204 kB
MemAvailable:    3012892 kB
Buffers:           26264 kB
Cached:          2235732 kB
SwapCached:            0 kB
Active:          3788824 kB
Inactive:         744840 kB
Active(anon):    2257896 kB
Inactive(anon):    43052 kB
Active(file):    1530928 kB
Inactive(file):   701788 kB
Unevictable:        6192 kB
Mlocked:            5752 kB
SwapTotal:       4718584 kB
SwapFree:        4718584 kB
Dirty:               224 kB
Writeback:             0 kB
AnonPages:       2277952 kB
Mapped:          1060100 kB
Shmem:             24592 kB
KReclaimable:     347184 kB
Slab:             320552 kB
SReclaimable:      92300 kB
SUnreclaim:       228252 kB
KernelStack:       48096 kB
ShadowCallStack:   12052 kB
PageTables:        69992 kB
NFS_Unstable:          0 kB
Bounce:                0 kB
WritebackTmp:          0 kB
CommitLimit:     8676856 kB
Committed_AS:   70641480 kB
VmallocTotal:   263061440 kB
VmallocUsed:      129960 kB
VmallocChunk:          0 kB
Percpu:             2448 kB
CmaTotal:         405504 kB
CmaFree:          148932 kB
MemTotal:        7916544 kB
MemFree:          822044 kB
MemAvailable:    3011732 kB
Buffers:           26264 kB
Cached:          2235732 kB
SwapCached:            0 kB
Active:          3789792 kB
Inactive:         744844 kB
Active(anon):    2258864 kB
Inactive(anon):    43056 kB
Active(file):    1530928 kB
Inactive(file):   701788 kB
Unevictable:        6192 kB
Mlocked:            5752 kB
SwapTotal:       4718584 kB
SwapFree:        4718584 kB
Dirty:               224 kB
Writeback:             0 kB
AnonPages:       2278956 kB
Mapped:          1060224 kB
Shmem:             24592 kB
KReclaimable:     347184 kB
Slab:             320552 kB
SReclaimable:      92300 kB
SUnreclaim:       228252 kB
KernelStack:       48096 kB
ShadowCallStack:   12044 kB
PageTables:        69900 kB
NFS_Unstable:          0 kB
Bounce:                0 kB
WritebackTmp:          0 kB
CommitLimit:     8676856 kB
Committed_AS:   70641488 kB
VmallocTotal:   263061440 kB
VmallocUsed:      129940 kB
VmallocChunk:          0 kB
Percpu:             2448 kB
CmaTotal:         405504 kB
CmaFree:          148932 kB
MemTotal:        7916544 kB
MemFree:          821072 kB
MemAvailable:    3010760 kB
Buffers:           26264 kB
Cached:          2235732 kB
SwapCached:            0 kB
Active:          3789924 kB
Inactive:         744840 kB
Active(anon):    2258996 kB
Inactive(anon):    43052 kB
Active(file):    1530928 kB
Inactive(file):   701788 kB
Unevictable:        6192 kB
Mlocked:            5752 kB
SwapTotal:       4718584 kB
SwapFree:        4718584 kB
Dirty:               224 kB
Writeback:             0 kB
AnonPages:       2278996 kB
Mapped:          1060168 kB
Shmem:             24592 kB
KReclaimable:     347184 kB
Slab:             320552 kB
SReclaimable:      92300 kB
SUnreclaim:       228252 kB
KernelStack:       48064 kB
ShadowCallStack:   12040 kB
PageTables:        69972 kB
NFS_Unstable:          0 kB
Bounce:                0 kB
WritebackTmp:          0 kB
CommitLimit:     8676856 kB
Committed_AS:   70641484 kB
VmallocTotal:   263061440 kB
VmallocUsed:      129896 kB
VmallocChunk:          0 kB
Percpu:             2448 kB
CmaTotal:         405504 kB
CmaFree:          148932 kB
MemTotal:        7916544 kB
MemFree:          823340 kB
MemAvailable:    3013028 kB
Buffers:           26264 kB
Cached:          2235732 kB
SwapCached:            0 kB
Active:          3789720 kB
Inactive:         744848 kB
Active(anon):    2258792 kB
Inactive(anon):    43060 kB
Active(file):    1530928 kB
Inactive(file):   701788 kB
Unevictable:        6192 kB
Mlocked:            5752 kB
SwapTotal:       4718584 kB
SwapFree:        4718584 kB
Dirty:               364 kB
Writeback:             0 kB
AnonPages:       2278796 kB
Mapped:          1060304 kB
Shmem:             24592 kB
KReclaimable:     347184 kB
Slab:             320552 kB
SReclaimable:      92300 kB
SUnreclaim:       228252 kB
KernelStack:       48096 kB
ShadowCallStack:   12048 kB
PageTables:        70040 kB
NFS_Unstable:          0 kB
Bounce:                0 kB
WritebackTmp:          0 kB
CommitLimit:     8676856 kB
Committed_AS:   70641484 kB
VmallocTotal:   263061440 kB
VmallocUsed:      129824 kB
VmallocChunk:          0 kB
Percpu:             2448 kB
CmaTotal:         405504 kB
CmaFree:          148932 kB
MemTotal:        7916544 kB
MemFree:          827668 kB
MemAvailable:    3017388 kB
Buffers:           26296 kB
Cached:          2235732 kB
SwapCached:            0 kB
Active:          3784012 kB
Inactive:         744872 kB
Active(anon):    2253084 kB
Inactive(anon):    43052 kB
Active(file):    1530928 kB
Inactive(file):   701820 kB
Unevictable:        6192 kB
Mlocked:            5752 kB
SwapTotal:       4718584 kB
SwapFree:        4718584 kB
Dirty:               124 kB
Writeback:             0 kB
AnonPages:       2273084 kB
