MemTotal:        7916544 kB
MemFree:         1468668 kB
MemAvailable:    4194468 kB
Buffers:           27352 kB
Cached:          2404468 kB
SwapCached:            0 kB
Active:          2983740 kB
Inactive:         910836 kB
Active(anon):    1449456 kB
Inactive(anon):    43048 kB
Active(file):    1534284 kB
Inactive(file):   867788 kB
Unevictable:        6192 kB
Mlocked:            5752 kB
SwapTotal:       4718584 kB
SwapFree:        4718584 kB
Dirty:             17676 kB
Writeback:             0 kB
AnonPages:       1469076 kB
Mapped:           952016 kB
Shmem:             25060 kB
KReclaimable:     713940 kB
Slab:             323892 kB
SReclaimable:      96924 kB
SUnreclaim:       226968 kB
KernelStack:       48560 kB
ShadowCallStack:   12172 kB
PageTables:        66104 kB
NFS_Unstable:          0 kB
Bounce:                0 kB
WritebackTmp:          0 kB
CommitLimit:     8676856 kB
Committed_AS:   68908264 kB
VmallocTotal:   263061440 kB
VmallocUsed:      130404 kB
VmallocChunk:          0 kB
Percpu:             2448 kB
CmaTotal:         405504 kB
CmaFree:          149596 kB
MemTotal:        7916544 kB
MemFree:         1447848 kB
MemAvailable:    3927932 kB
Buffers:           27352 kB
Cached:          2404556 kB
SwapCached:            0 kB
Active:          3001992 kB
Inactive:         910912 kB
Active(anon):    1467708 kB
Inactive(anon):    43056 kB
Active(file):    1534284 kB
Inactive(file):   867856 kB
Unevictable:        6192 kB
Mlocked:            5752 kB
SwapTotal:       4718584 kB
SwapFree:        4718584 kB
Dirty:             17744 kB
Writeback:             0 kB
AnonPages:       1487288 kB
Mapped:           968640 kB
Shmem:             25080 kB
KReclaimable:     468156 kB
Slab:             324336 kB
SReclaimable:      96924 kB
SUnreclaim:       227412 kB
KernelStack:       48576 kB
ShadowCallStack:   12168 kB
PageTables:        66824 kB
NFS_Unstable:          0 kB
Bounce:                0 kB
WritebackTmp:          0 kB
CommitLimit:     8676856 kB
Committed_AS:   68931684 kB
VmallocTotal:   263061440 kB
VmallocUsed:      130452 kB
VmallocChunk:          0 kB
Percpu:             2448 kB
CmaTotal:         405504 kB
CmaFree:          149596 kB
MemTotal:        7916544 kB
MemFree:         1443260 kB
MemAvailable:    3922560 kB
Buffers:           27352 kB
Cached:          2404556 kB
SwapCached:            0 kB
Active:          3006324 kB
Inactive:         910908 kB
Active(anon):    1472040 kB
Inactive(anon):    43052 kB
Active(file):    1534284 kB
Inactive(file):   867856 kB
Unevictable:        6192 kB
Mlocked:            5752 kB
SwapTotal:       4718584 kB
SwapFree:        4718584 kB
Dirty:             17744 kB
Writeback:             0 kB
AnonPages:       1491556 kB
Mapped:           969456 kB
Shmem:             25080 kB
KReclaimable:     467372 kB
Slab:             324352 kB
SReclaimable:      96940 kB
SUnreclaim:       227412 kB
KernelStack:       48544 kB
ShadowCallStack:   12164 kB
PageTables:        66828 kB
NFS_Unstable:          0 kB
Bounce:                0 kB
WritebackTmp:          0 kB
CommitLimit:     8676856 kB
Committed_AS:   68931684 kB
VmallocTotal:   263061440 kB
VmallocUsed:      130488 kB
VmallocChunk:          0 kB
Percpu:             2448 kB
CmaTotal:         405504 kB
CmaFree:          149596 kB
MemTotal:        7916544 kB
MemFree:         1440804 kB
MemAvailable:    3920112 kB
Buffers:           27352 kB
Cached:          2404600 kB
SwapCached:            0 kB
Active:          3010424 kB
Inactive:         910916 kB
Active(anon):    1476140 kB
Inactive(anon):    43052 kB
Active(file):    1534284 kB
Inactive(file):   867864 kB
Unevictable:        6192 kB
Mlocked:            5752 kB
SwapTotal:       4718584 kB
SwapFree:        4718584 kB
Dirty:             17836 kB
Writeback:             0 kB
AnonPages:       1495628 kB
Mapped:           970128 kB
Shmem:             25116 kB
KReclaimable:     467372 kB
Slab:             324352 kB
SReclaimable:      96940 kB
SUnreclaim:       227412 kB
KernelStack:       48592 kB
ShadowCallStack:   12172 kB
PageTables:        66936 kB
NFS_Unstable:          0 kB
Bounce:                0 kB
WritebackTmp:          0 kB
CommitLimit:     8676856 kB
Committed_AS:   68931724 kB
VmallocTotal:   263061440 kB
VmallocUsed:      130508 kB
VmallocChunk:          0 kB
Percpu:             2448 kB
CmaTotal:         405504 kB
CmaFree:          149596 kB
MemTotal:        7916544 kB
MemFree:         1438156 kB
MemAvailable:    3917420 kB
Buffers:           27376 kB
Cached:          2404584 kB
SwapCached:            0 kB
Active:          3010956 kB
Inactive:         910920 kB
Active(anon):    1476672 kB
Inactive(anon):    43052 kB
Active(file):    1534284 kB
Inactive(file):   867868 kB
Unevictable:        6192 kB
Mlocked:            5752 kB
SwapTotal:       4718584 kB
SwapFree:        4718584 kB
Dirty:             17820 kB
Writeback:            20 kB
AnonPages:       1496108 kB
Mapped:           970292 kB
Shmem:             25120 kB
KReclaimable:     467324 kB
Slab:             324384 kB
SReclaimable:      96940 kB
SUnreclaim:       227444 kB
KernelStack:       48560 kB
ShadowCallStack:   12168 kB
PageTables:        66816 kB
NFS_Unstable:          0 kB
Bounce:                0 kB
WritebackTmp:          0 kB
CommitLimit:     8676856 kB
Committed_AS:   68931724 kB
VmallocTotal:   263061440 kB
VmallocUsed:      130492 kB
VmallocChunk:          0 kB
Percpu:             2448 kB
CmaTotal:         405504 kB
CmaFree:          149596 kB
MemTotal:        7916544 kB
MemFree:         1418564 kB
MemAvailable:    3897968 kB
Buffers:           27492 kB
Cached:          2404612 kB
SwapCached:            0 kB
Active:          3031664 kB
Inactive:         911060 kB
Active(anon):    1497380 kB
Inactive(anon):    43052 kB
Active(file):    1534284 kB
Inactive(file):   868008 kB
Unevictable:        6192 kB
Mlocked:            5752 kB
SwapTotal:       4718584 kB
SwapFree:        4718584 kB
Dirty:             17864 kB
Writeback:             0 kB
AnonPages:       1516824 kB
Mapped:           972052 kB
Shmem:             25124 kB
KReclaimable:     467324 kB
Slab:             324372 kB
SReclaimable:      96940 kB
SUnreclaim:       227432 kB
KernelStack:       48592 kB
ShadowCallStack:   12172 kB
PageTables:        66984 kB
NFS_Unstable:          0 kB
Bounce:                0 kB
WritebackTmp:          0 kB
CommitLimit:     8676856 kB
Committed_AS:   68951964 kB
VmallocTotal:   263061440 kB
VmallocUsed:      130496 kB
VmallocChunk:          0 kB
Percpu:             2448 kB
CmaTotal:         405504 kB
CmaFree:          149588 kB
MemTotal:        7916544 kB
MemFree:         1338892 kB
MemAvailable:    3818296 kB
Buffers:           27492 kB
Cached:          2404612 kB
SwapCached:            0 kB
Active:          3111252 kB
Inactive:         911060 kB
Active(anon):    1576968 kB
Inactive(anon):    43052 kB
Active(file):    1534284 kB
Inactive(file):   868008 kB
Unevictable:        6192 kB
Mlocked:            5752 kB
SwapTotal:       4718584 kB
SwapFree:        4718584 kB
Dirty:             17864 kB
Writeback:             0 kB
AnonPages:       1596564 kB
Mapped:           983968 kB
Shmem:             25124 kB
KReclaimable:     467324 kB
Slab:             324364 kB
SReclaimable:      96940 kB
SUnreclaim:       227424 kB
KernelStack:       48576 kB
ShadowCallStack:   12184 kB
PageTables:        66992 kB
NFS_Unstable:          0 kB
Bounce:                0 kB
WritebackTmp:          0 kB
CommitLimit:     8676856 kB
Committed_AS:   69118992 kB
VmallocTotal:   263061440 kB
VmallocUsed:      130512 kB
VmallocChunk:          0 kB
Percpu:             2448 kB
CmaTotal:         405504 kB
CmaFree:          149596 kB
MemTotal:        7916544 kB
MemFree:         1206220 kB
MemAvailable:    3619212 kB
Buffers:           27492 kB
Cached:          2404612 kB
SwapCached:            0 kB
Active:          3243420 kB
Inactive:         911064 kB
Active(anon):    1709136 kB
Inactive(anon):    43056 kB
Active(file):    1534284 kB
Inactive(file):   868008 kB
Unevictable:        6192 kB
Mlocked:            5752 kB
SwapTotal:       4718584 kB
SwapFree:        4718584 kB
Dirty:             17896 kB
Writeback:             0 kB
AnonPages:       1728636 kB
Mapped:          1055772 kB
Shmem:             25124 kB
KReclaimable:     400912 kB
Slab:             324704 kB
SReclaimable:      96940 kB
SUnreclaim:       227764 kB
KernelStack:       48624 kB
ShadowCallStack:   12180 kB
PageTables:        67640 kB
NFS_Unstable:          0 kB
Bounce:                0 kB
WritebackTmp:          0 kB
CommitLimit:     8676856 kB
Committed_AS:   69314208 kB
VmallocTotal:   263061440 kB
VmallocUsed:      130536 kB
VmallocChunk:          0 kB
Percpu:             2448 kB
CmaTotal:         405504 kB
CmaFree:          149596 kB
MemTotal:        7916544 kB
MemFree:         1148528 kB
MemAvailable:    3524284 kB
Buffers:           27492 kB
Cached:          2404612 kB
SwapCached:            0 kB
Active:          3298476 kB
Inactive:         911064 kB
Active(anon):    1764192 kB
Inactive(anon):    43056 kB
Active(file):    1534284 kB
Inactive(file):   868008 kB
Unevictable:        6192 kB
Mlocked:            5752 kB
SwapTotal:       4718584 kB
SwapFree:        4718584 kB
Dirty:             17904 kB
Writeback:             0 kB
AnonPages:       1783684 kB
Mapped:          1067924 kB
Shmem:             25124 kB
KReclaimable:     363676 kB
Slab:             324828 kB
SReclaimable:      96940 kB
SUnreclaim:       227888 kB
KernelStack:       48640 kB
ShadowCallStack:   12176 kB
PageTables:        68120 kB
NFS_Unstable:          0 kB
Bounce:                0 kB
WritebackTmp:          0 kB
CommitLimit:     8676856 kB
Committed_AS:   69454580 kB
VmallocTotal:   263061440 kB
VmallocUsed:      130576 kB
VmallocChunk:          0 kB
Percpu:             2448 kB
CmaTotal:         405504 kB
CmaFree:          149596 kB
MemTotal:        7916544 kB
MemFree:         1038052 kB
MemAvailable:    3411092 kB
Buffers:           27508 kB
Cached:          2404608 kB
SwapCached:            0 kB
Active:          3408128 kB
Inactive:         911064 kB
Active(anon):    1873844 kB
Inactive(anon):    43048 kB
Active(file):    1534284 kB
Inactive(file):   868016 kB
Unevictable:        6192 kB
Mlocked:            5752 kB
SwapTotal:       4718584 kB
SwapFree:        4718584 kB
Dirty:             17912 kB
Writeback:             0 kB
AnonPages:       1893480 kB
Mapped:          1069864 kB
Shmem:             25128 kB
KReclaimable:     360952 kB
Slab:             324932 kB
SReclaimable:      96940 kB
SUnreclaim:       227992 kB
KernelStack:       48640 kB
ShadowCallStack:   12180 kB
PageTables:        68472 kB
NFS_Unstable:          0 kB
Bounce:                0 kB
WritebackTmp:          0 kB
CommitLimit:     8676856 kB
Committed_AS:   69733112 kB
VmallocTotal:   263061440 kB
VmallocUsed:      130588 kB
VmallocChunk:          0 kB
Percpu:             2448 kB
CmaTotal:         405504 kB
CmaFree:          149596 kB
MemTotal:        7916544 kB
MemFree:          930772 kB
MemAvailable:    3302260 kB
Buffers:           27508 kB
Cached:          2404616 kB
SwapCached:            0 kB
Active:          3515980 kB
Inactive:         911080 kB
Active(anon):    1981696 kB
Inactive(anon):    43056 kB
Active(file):    1534284 kB
Inactive(file):   868024 kB
Unevictable:        6192 kB
Mlocked:            5752 kB
SwapTotal:       4718584 kB
SwapFree:        4718584 kB
Dirty:             17932 kB
Writeback:             0 kB
AnonPages:       2001232 kB
Mapped:          1070932 kB
Shmem:             25128 kB
KReclaimable:     359392 kB
Slab:             324964 kB
SReclaimable:      96924 kB
SUnreclaim:       228040 kB
KernelStack:       48640 kB
ShadowCallStack:   12196 kB
PageTables:        68884 kB
NFS_Unstable:          0 kB
Bounce:                0 kB
WritebackTmp:          0 kB
CommitLimit:     8676856 kB
Committed_AS:   69962488 kB
VmallocTotal:   263061440 kB
VmallocUsed:      130668 kB
VmallocChunk:          0 kB
Percpu:             2448 kB
CmaTotal:         405504 kB
CmaFree:          149596 kB
MemTotal:        7916544 kB
MemFree:          826948 kB
MemAvailable:    3188776 kB
Buffers:           27508 kB
Cached:          2404620 kB
SwapCached:            0 kB
Active:          3619728 kB
Inactive:         911080 kB
Active(anon):    2085444 kB
Inactive(anon):    43056 kB
Active(file):    1534284 kB
Inactive(file):   868024 kB
Unevictable:        6192 kB
Mlocked:            5752 kB
SwapTotal:       4718584 kB
SwapFree:        4718584 kB
Dirty:             17932 kB
Writeback:             0 kB
AnonPages:       2105092 kB
Mapped:          1071876 kB
Shmem:             25132 kB
KReclaimable:     349732 kB
Slab:             324932 kB
SReclaimable:      96924 kB
SUnreclaim:       228008 kB
KernelStack:       48656 kB
ShadowCallStack:   12156 kB
PageTables:        69248 kB
NFS_Unstable:          0 kB
Bounce:                0 kB
WritebackTmp:          0 kB
CommitLimit:     8676856 kB
Committed_AS:   70224680 kB
VmallocTotal:   263061440 kB
VmallocUsed:      130704 kB
VmallocChunk:          0 kB
Percpu:             2448 kB
CmaTotal:         405504 kB
CmaFree:          149596 kB
MemTotal:        7916544 kB
MemFree:          719576 kB
MemAvailable:    3080104 kB
Buffers:           27508 kB
Cached:          2404648 kB
SwapCached:            0 kB
Active:          3722144 kB
Inactive:         911100 kB
Active(anon):    2187860 kB
Inactive(anon):    43056 kB
Active(file):    1534284 kB
Inactive(file):   868044 kB
Unevictable:        6192 kB
Mlocked:            5752 kB
SwapTotal:       4718584 kB
SwapFree:        4718584 kB
Dirty:             17952 kB
Writeback:             0 kB
AnonPages:       2207324 kB
Mapped:          1072832 kB
Shmem:             25140 kB
KReclaimable:     348412 kB
Slab:             325100 kB
SReclaimable:      96924 kB
SUnreclaim:       228176 kB
KernelStack:       48624 kB
ShadowCallStack:   12192 kB
PageTables:        69888 kB
NFS_Unstable:          0 kB
Bounce:                0 kB
WritebackTmp:          0 kB
CommitLimit:     8676856 kB
Committed_AS:   70503128 kB
VmallocTotal:   263061440 kB
VmallocUsed:      130632 kB
VmallocChunk:          0 kB
Percpu:             2448 kB
CmaTotal:         405504 kB
CmaFree:           66888 kB
MemTotal:        7916544 kB
MemFree:          611668 kB
MemAvailable:    2970780 kB
Buffers:           27508 kB
Cached:          2404652 kB
SwapCached:            0 kB
Active:          3830308 kB
Inactive:         911100 kB
Active(anon):    2296024 kB
Inactive(anon):    43056 kB
Active(file):    1534284 kB
Inactive(file):   868044 kB
Unevictable:        6192 kB
Mlocked:            5752 kB
SwapTotal:       4718584 kB
SwapFree:        4718584 kB
Dirty:             17956 kB
Writeback:             0 kB
AnonPages:       2315480 kB
Mapped:          1073832 kB
Shmem:             25144 kB
KReclaimable:     346996 kB
Slab:             325160 kB
SReclaimable:      96924 kB
SUnreclaim:       228236 kB
KernelStack:       48640 kB
ShadowCallStack:   12184 kB
PageTables:        70348 kB
NFS_Unstable:          0 kB
Bounce:                0 kB
WritebackTmp:          0 kB
CommitLimit:     8676856 kB
Committed_AS:   70781660 kB
VmallocTotal:   263061440 kB
VmallocUsed:      130524 kB
VmallocChunk:          0 kB
Percpu:             2448 kB
CmaTotal:         405504 kB
CmaFree:               0 kB
MemTotal:        7916544 kB
MemFree:          496080 kB
MemAvailable:    2854096 kB
Buffers:           27540 kB
Cached:          2404632 kB
SwapCached:            0 kB
Active:          3944728 kB
Inactive:         911116 kB
Active(anon):    2410444 kB
Inactive(anon):    43056 kB
Active(file):    1534284 kB
Inactive(file):   868060 kB
Unevictable:        6192 kB
Mlocked:            5752 kB
SwapTotal:       4718584 kB
SwapFree:        4718584 kB
Dirty:             17964 kB
Writeback:            20 kB
AnonPages:       2429848 kB
Mapped:          1075256 kB
Shmem:             25144 kB
KReclaimable:     345884 kB
Slab:             325276 kB
SReclaimable:      96924 kB
SUnreclaim:       228352 kB
KernelStack:       48608 kB
ShadowCallStack:   12184 kB
PageTables:        70752 kB
NFS_Unstable:          0 kB
Bounce:                0 kB
WritebackTmp:          0 kB
CommitLimit:     8676856 kB
Committed_AS:   71092160 kB
VmallocTotal:   263061440 kB
VmallocUsed:      130544 kB
VmallocChunk:          0 kB
Percpu:             2448 kB
CmaTotal:         405504 kB
CmaFree:               0 kB
MemTotal:        7916544 kB
MemFree:          405680 kB
MemAvailable:    2763712 kB
Buffers:           27540 kB
Cached:          2404652 kB
SwapCached:            0 kB
Active:          4033288 kB
Inactive:         911136 kB
Active(anon):    2499004 kB
Inactive(anon):    43060 kB
Active(file):    1534284 kB
Inactive(file):   868076 kB
Unevictable:        6192 kB
Mlocked:            5752 kB
SwapTotal:       4718584 kB
SwapFree:        4718584 kB
Dirty:             17580 kB
Writeback:             0 kB
AnonPages:       2518560 kB
Mapped:          1075816 kB
Shmem:             25144 kB
KReclaimable:     345884 kB
Slab:             325360 kB
SReclaimable:      96924 kB
SUnreclaim:       228436 kB
KernelStack:       48656 kB
ShadowCallStack:   12184 kB
PageTables:        71184 kB
NFS_Unstable:          0 kB
Bounce:                0 kB
WritebackTmp:          0 kB
CommitLimit:     8676856 kB
Committed_AS:   71321448 kB
VmallocTotal:   263061440 kB
VmallocUsed:      130508 kB
VmallocChunk:          0 kB
Percpu:             2448 kB
CmaTotal:         405504 kB
CmaFree:               4 kB
MemTotal:        7916544 kB
MemFree:          280200 kB
MemAvailable:    2638232 kB
Buffers:           27540 kB
Cached:          2404652 kB
SwapCached:            0 kB
Active:          4157492 kB
Inactive:         911132 kB
Active(anon):    2623208 kB
Inactive(anon):    43056 kB
Active(file):    1534284 kB
Inactive(file):   868076 kB
Unevictable:        6192 kB
Mlocked:            5752 kB
SwapTotal:       4718584 kB
SwapFree:        4718584 kB
Dirty:             17488 kB
Writeback:             0 kB
AnonPages:       2642676 kB
Mapped:          1076628 kB
Shmem:             25144 kB
KReclaimable:     345884 kB
Slab:             325528 kB
SReclaimable:      96924 kB
SUnreclaim:       228604 kB
KernelStack:       48624 kB
ShadowCallStack:   12172 kB
PageTables:        71752 kB
NFS_Unstable:          0 kB
Bounce:                0 kB
WritebackTmp:          0 kB
CommitLimit:     8676856 kB
Committed_AS:   71616268 kB
VmallocTotal:   263061440 kB
VmallocUsed:      130612 kB
VmallocChunk:          0 kB
Percpu:             2448 kB
CmaTotal:         405504 kB
CmaFree:               0 kB
MemTotal:        7916544 kB
MemFree:          210976 kB
MemAvailable:    2543216 kB
Buffers:           27532 kB
Cached:          2394916 kB
SwapCached:            0 kB
Active:          4257100 kB
Inactive:         895536 kB
Active(anon):    2716964 kB
Inactive(anon):    43056 kB
Active(file):    1540136 kB
Inactive(file):   852480 kB
Unevictable:        6192 kB
Mlocked:            5752 kB
SwapTotal:       4718584 kB
SwapFree:        4718584 kB
Dirty:             17492 kB
Writeback:             0 kB
AnonPages:       2736296 kB
Mapped:          1075152 kB
Shmem:             25144 kB
KReclaimable:     329836 kB
Slab:             323940 kB
SReclaimable:      95272 kB
SUnreclaim:       228668 kB
KernelStack:       48624 kB
ShadowCallStack:   12176 kB
PageTables:        71980 kB
NFS_Unstable:          0 kB
Bounce:                0 kB
WritebackTmp:          0 kB
CommitLimit:     8676856 kB
Committed_AS:   71796216 kB
VmallocTotal:   263061440 kB
VmallocUsed:      130500 kB
VmallocChunk:          0 kB
Percpu:             2448 kB
CmaTotal:         405504 kB
CmaFree:               0 kB
MemTotal:        7916544 kB
MemFree:          212576 kB
MemAvailable:    2448712 kB
Buffers:           27532 kB
Cached:          2310448 kB
SwapCached:            0 kB
Active:          4403164 kB
Inactive:         756832 kB
Active(anon):    2808792 kB
Inactive(anon):    43056 kB
Active(file):    1594372 kB
Inactive(file):   713776 kB
Unevictable:        6192 kB
Mlocked:            5752 kB
SwapTotal:       4718584 kB
SwapFree:        4718584 kB
Dirty:             17492 kB
Writeback:             0 kB
AnonPages:       2828464 kB
Mapped:          1042300 kB
Shmem:             25144 kB
KReclaimable:     318200 kB
Slab:             322708 kB
SReclaimable:      94132 kB
SUnreclaim:       228576 kB
KernelStack:       48576 kB
ShadowCallStack:   12176 kB
PageTables:        72400 kB
NFS_Unstable:          0 kB
Bounce:                0 kB
WritebackTmp:          0 kB
CommitLimit:     8676856 kB
Committed_AS:   72030916 kB
VmallocTotal:   263061440 kB
VmallocUsed:      130496 kB
VmallocChunk:          0 kB
Percpu:             2448 kB
CmaTotal:         405504 kB
CmaFree:               0 kB
MemTotal:        7916544 kB
MemFree:          211612 kB
MemAvailable:    2400104 kB
Buffers:           27532 kB
Cached:          2267184 kB
SwapCached:            0 kB
Active:          4458708 kB
Inactive:         706440 kB
Active(anon):    2857204 kB
Inactive(anon):    43052 kB
Active(file):    1601504 kB
Inactive(file):   663388 kB
Unevictable:        6192 kB
Mlocked:            5752 kB
SwapTotal:       4718584 kB
SwapFree:        4718584 kB
Dirty:             17492 kB
Writeback:             0 kB
AnonPages:       2876720 kB
Mapped:          1036060 kB
Shmem:             25148 kB
KReclaimable:     313812 kB
Slab:             322200 kB
SReclaimable:      93584 kB
SUnreclaim:       228616 kB
KernelStack:       48576 kB
ShadowCallStack:   12160 kB
PageTables:        72532 kB
NFS_Unstable:          0 kB
Bounce:                0 kB
WritebackTmp:          0 kB
CommitLimit:     8676856 kB
Committed_AS:   72145608 kB
VmallocTotal:   263061440 kB
VmallocUsed:      130556 kB
VmallocChunk:          0 kB
Percpu:             2448 kB
CmaTotal:         405504 kB
CmaFree:               0 kB
MemTotal:        7916544 kB
MemFree:          212532 kB
MemAvailable:    2331060 kB
Buffers:           27540 kB
Cached:          2204208 kB
SwapCached:            0 kB
Active:          4537264 kB
Inactive:         631564 kB
Active(anon):    2923860 kB
Inactive(anon):    43056 kB
Active(file):    1613404 kB
Inactive(file):   588508 kB
Unevictable:        6192 kB
Mlocked:            5752 kB
SwapTotal:       4718584 kB
SwapFree:        4718584 kB
Dirty:               364 kB
Writeback:             0 kB
AnonPages:       2943204 kB
Mapped:          1034772 kB
Shmem:             25148 kB
KReclaimable:     306828 kB
Slab:             320596 kB
SReclaimable:      91976 kB
SUnreclaim:       228620 kB
KernelStack:       48576 kB
ShadowCallStack:   12168 kB
PageTables:        72828 kB
NFS_Unstable:          0 kB
Bounce:                0 kB
WritebackTmp:          0 kB
CommitLimit:     8676856 kB
Committed_AS:   72309452 kB
VmallocTotal:   263061440 kB
VmallocUsed:      130564 kB
VmallocChunk:          0 kB
Percpu:             2448 kB
CmaTotal:         405504 kB
CmaFree:              52 kB
MemTotal:        7916544 kB
MemFree:          212604 kB
MemAvailable:    2261984 kB
Buffers:           27540 kB
Cached:          2141496 kB
SwapCached:            0 kB
Active:          4606604 kB
Inactive:         568852 kB
Active(anon):    2993200 kB
Inactive(anon):    43056 kB
Active(file):    1613404 kB
Inactive(file):   525796 kB
Unevictable:        6192 kB
Mlocked:            5752 kB
SwapTotal:       4718584 kB
SwapFree:        4718584 kB
Dirty:               388 kB
Writeback:             0 kB
AnonPages:       3012728 kB
Mapped:          1035196 kB
Shmem:             25148 kB
KReclaimable:     300392 kB
Slab:             318824 kB
SReclaimable:      90148 kB
SUnreclaim:       228676 kB
KernelStack:       48576 kB
ShadowCallStack:   12168 kB
PageTables:        73136 kB
NFS_Unstable:          0 kB
Bounce:                0 kB
WritebackTmp:          0 kB
CommitLimit:     8676856 kB
Committed_AS:   72484440 kB
VmallocTotal:   263061440 kB
VmallocUsed:      130544 kB
VmallocChunk:          0 kB
Percpu:             2448 kB
CmaTotal:         405504 kB
CmaFree:               0 kB
MemTotal:        7916544 kB
MemFree:          212148 kB
MemAvailable:    2208184 kB
Buffers:           27540 kB
Cached:          2092856 kB
SwapCached:            0 kB
Active:          4659452 kB
Inactive:         520212 kB
Active(anon):    3046048 kB
Inactive(anon):    43056 kB
Active(file):    1613404 kB
Inactive(file):   477156 kB
Unevictable:        6192 kB
Mlocked:            5752 kB
SwapTotal:       4718584 kB
SwapFree:        4718584 kB
Dirty:               388 kB
Writeback:             0 kB
AnonPages:       3065548 kB
Mapped:          1035616 kB
Shmem:             25148 kB
KReclaimable:     295688 kB
Slab:             317788 kB
SReclaimable:      89028 kB
SUnreclaim:       228760 kB
KernelStack:       48528 kB
ShadowCallStack:   12156 kB
PageTables:        73236 kB
NFS_Unstable:          0 kB
Bounce:                0 kB
WritebackTmp:          0 kB
CommitLimit:     8676856 kB
Committed_AS:   72620472 kB
VmallocTotal:   263061440 kB
VmallocUsed:      130452 kB
VmallocChunk:          0 kB
Percpu:             2448 kB
CmaTotal:         405504 kB
CmaFree:               0 kB
MemTotal:        7916544 kB
MemFree:          209304 kB
MemAvailable:    2117652 kB
Buffers:           23300 kB
Cached:          2017172 kB
SwapCached:            0 kB
Active:          4762980 kB
Inactive:         424900 kB
Active(anon):    3134168 kB
Inactive(anon):    43052 kB
Active(file):    1628812 kB
Inactive(file):   381848 kB
Unevictable:        6192 kB
Mlocked:            5752 kB
SwapTotal:       4718584 kB
SwapFree:        4718584 kB
Dirty:               424 kB
Writeback:             0 kB
AnonPages:       3153616 kB
Mapped:          1035572 kB
Shmem:             25180 kB
KReclaimable:     287900 kB
Slab:             316236 kB
SReclaimable:      87384 kB
SUnreclaim:       228852 kB
KernelStack:       48528 kB
ShadowCallStack:   12172 kB
PageTables:        73776 kB
NFS_Unstable:          0 kB
Bounce:                0 kB
WritebackTmp:          0 kB
CommitLimit:     8676856 kB
Committed_AS:   72833500 kB
VmallocTotal:   263061440 kB
VmallocUsed:      130440 kB
VmallocChunk:          0 kB
Percpu:             2448 kB
CmaTotal:         405504 kB
CmaFree:               0 kB
MemTotal:        7916544 kB
MemFree:          205808 kB
MemAvailable:    2069088 kB
Buffers:           23332 kB
Cached:          1976232 kB
SwapCached:            0 kB
Active:          4810544 kB
Inactive:         384040 kB
Active(anon):    3181732 kB
Inactive(anon):    43056 kB
Active(file):    1628812 kB
Inactive(file):   340984 kB
Unevictable:        6192 kB
Mlocked:            5752 kB
SwapTotal:       4718584 kB
SwapFree:        4718584 kB
Dirty:               456 kB
Writeback:             0 kB
AnonPages:       3201112 kB
Mapped:          1036192 kB
Shmem:             25180 kB
KReclaimable:     283696 kB
Slab:             315088 kB
SReclaimable:      86252 kB
SUnreclaim:       228836 kB
KernelStack:       48544 kB
ShadowCallStack:   12160 kB
PageTables:        73488 kB
NFS_Unstable:          0 kB
Bounce:                0 kB
WritebackTmp:          0 kB
CommitLimit:     8676856 kB
Committed_AS:   72915312 kB
VmallocTotal:   263061440 kB
VmallocUsed:      130468 kB
VmallocChunk:          0 kB
Percpu:             2448 kB
CmaTotal:         405504 kB
CmaFree:               0 kB
MemTotal:        7916544 kB
MemFree:          204252 kB
MemAvailable:    2046728 kB
Buffers:           17620 kB
Cached:          1962828 kB
SwapCached:            0 kB
Active:          4832212 kB
Inactive:         364716 kB
Active(anon):    3203400 kB
Inactive(anon):    43056 kB
Active(file):    1628812 kB
Inactive(file):   321660 kB
Unevictable:        6192 kB
Mlocked:            5752 kB
SwapTotal:       4718584 kB
SwapFree:        4718584 kB
Dirty:               192 kB
Writeback:             0 kB
AnonPages:       3222860 kB
Mapped:          1036412 kB
Shmem:             25180 kB
KReclaimable:     282216 kB
Slab:             314652 kB
SReclaimable:      85668 kB
SUnreclaim:       228984 kB
KernelStack:       48512 kB
ShadowCallStack:   12168 kB
PageTables:        73920 kB
NFS_Unstable:          0 kB
Bounce:                0 kB
WritebackTmp:          0 kB
CommitLimit:     8676856 kB
Committed_AS:   72964340 kB
VmallocTotal:   263061440 kB
VmallocUsed:      130548 kB
VmallocChunk:          0 kB
Percpu:             2448 kB
CmaTotal:         405504 kB
CmaFree:               4 kB
MemTotal:        7916544 kB
MemFree:          214772 kB
MemAvailable:    2037948 kB
Buffers:            9644 kB
Cached:          1955344 kB
SwapCached:            0 kB
Active:          4875880 kB
Inactive:         307340 kB
Active(anon):    3247068 kB
Inactive(anon):      164 kB
Active(file):    1628812 kB
Inactive(file):   307176 kB
Unevictable:        6192 kB
Mlocked:            5752 kB
SwapTotal:       4718584 kB
SwapFree:        4675576 kB
Dirty:               192 kB
Writeback:             0 kB
AnonPages:       3224476 kB
Mapped:          1036016 kB
Shmem:             24312 kB
KReclaimable:     277400 kB
Slab:             314660 kB
SReclaimable:      85588 kB
SUnreclaim:       229072 kB
KernelStack:       48528 kB
ShadowCallStack:   12164 kB
PageTables:        74060 kB
NFS_Unstable:          0 kB
Bounce:                0 kB
WritebackTmp:          0 kB
CommitLimit:     8676856 kB
Committed_AS:   73079028 kB
VmallocTotal:   263061440 kB
VmallocUsed:      130408 kB
VmallocChunk:          0 kB
Percpu:             2448 kB
CmaTotal:         405504 kB
CmaFree:               4 kB
MemTotal:        7916544 kB
MemFree:          212712 kB
MemAvailable:    2006008 kB
Buffers:            8976 kB
Cached:          1929036 kB
SwapCached:            0 kB
Active:          2921988 kB
Inactive:        2266316 kB
Active(anon):    2561628 kB
Inactive(anon):   717540 kB
Active(file):     360360 kB
Inactive(file):  1548776 kB
Unevictable:        6200 kB
Mlocked:            5760 kB
SwapTotal:       4718584 kB
SwapFree:        4675576 kB
Dirty:               196 kB
Writeback:             0 kB
AnonPages:       3256692 kB
Mapped:          1036108 kB
Shmem:             24188 kB
KReclaimable:     274372 kB
Slab:             314028 kB
SReclaimable:      84864 kB
SUnreclaim:       229164 kB
KernelStack:       48544 kB
ShadowCallStack:   12160 kB
PageTables:        74200 kB
NFS_Unstable:          0 kB
Bounce:                0 kB
WritebackTmp:          0 kB
CommitLimit:     8676856 kB
Committed_AS:   73144444 kB
VmallocTotal:   263061440 kB
VmallocUsed:      130484 kB
VmallocChunk:          0 kB
Percpu:             2448 kB
CmaTotal:         405504 kB
CmaFree:               0 kB
MemTotal:        7916544 kB
MemFree:          214248 kB
MemAvailable:    1963820 kB
Buffers:            8940 kB
Cached:          1888244 kB
SwapCached:            0 kB
Active:          2963492 kB
Inactive:        2225488 kB
Active(anon):    2603132 kB
Inactive(anon):   717540 kB
Active(file):     360360 kB
Inactive(file):  1507948 kB
Unevictable:        6200 kB
Mlocked:            5760 kB
SwapTotal:       4718584 kB
SwapFree:        4675576 kB
Dirty:               196 kB
Writeback:             0 kB
AnonPages:       3298048 kB
Mapped:          1036300 kB
Shmem:             24188 kB
KReclaimable:     271476 kB
Slab:             313516 kB
SReclaimable:      84400 kB
SUnreclaim:       229116 kB
KernelStack:       48528 kB
ShadowCallStack:   12156 kB
PageTables:        74172 kB
NFS_Unstable:          0 kB
Bounce:                0 kB
WritebackTmp:          0 kB
CommitLimit:     8676856 kB
Committed_AS:   73259132 kB
VmallocTotal:   263061440 kB
VmallocUsed:      130460 kB
VmallocChunk:          0 kB
Percpu:             2448 kB
CmaTotal:         405504 kB
CmaFree:              20 kB
MemTotal:        7916544 kB
MemFree:          210596 kB
MemAvailable:    1881460 kB
Buffers:            8940 kB
Cached:          1815988 kB
SwapCached:            0 kB
Active:          3045060 kB
Inactive:        2153252 kB
Active(anon):    2684700 kB
Inactive(anon):   717536 kB
Active(file):     360360 kB
Inactive(file):  1435716 kB
Unevictable:        6200 kB
Mlocked:            5760 kB
SwapTotal:       4718584 kB
SwapFree:        4675576 kB
Dirty:               196 kB
Writeback:             0 kB
AnonPages:       3379580 kB
Mapped:          1036700 kB
Shmem:             24192 kB
KReclaimable:     265000 kB
Slab:             311296 kB
SReclaimable:      82084 kB
SUnreclaim:       229212 kB
KernelStack:       48544 kB
ShadowCallStack:   12160 kB
PageTables:        74756 kB
NFS_Unstable:          0 kB
Bounce:                0 kB
WritebackTmp:          0 kB
CommitLimit:     8676856 kB
Committed_AS:   73456768 kB
VmallocTotal:   263061440 kB
VmallocUsed:      130452 kB
VmallocChunk:          0 kB
Percpu:             2448 kB
CmaTotal:         405504 kB
CmaFree:               0 kB
MemTotal:        7916544 kB
MemFree:          216756 kB
MemAvailable:    1807200 kB
Buffers:            6360 kB
Cached:          1744804 kB
SwapCached:            0 kB
Active:          3119724 kB
Inactive:        2078776 kB
Active(anon):    2758700 kB
Inactive(anon):   717524 kB
Active(file):     361024 kB
Inactive(file):  1361252 kB
Unevictable:        6200 kB
Mlocked:            5760 kB
SwapTotal:       4718584 kB
SwapFree:        4675576 kB
Dirty:               320 kB
Writeback:             0 kB
AnonPages:       3453616 kB
Mapped:          1037244 kB
Shmem:             24200 kB
KReclaimable:     258380 kB
Slab:             309328 kB
SReclaimable:      80136 kB
SUnreclaim:       229192 kB
KernelStack:       48528 kB
ShadowCallStack:   12156 kB
PageTables:        75020 kB
NFS_Unstable:          0 kB
Bounce:                0 kB
WritebackTmp:          0 kB
CommitLimit:     8676856 kB
Committed_AS:   73667252 kB
VmallocTotal:   263061440 kB
VmallocUsed:      130416 kB
VmallocChunk:          0 kB
Percpu:             2448 kB
CmaTotal:         405504 kB
CmaFree:              64 kB
MemTotal:        7916544 kB
MemFree:          213448 kB
MemAvailable:    1757644 kB
Buffers:            6360 kB
Cached:          1702564 kB
SwapCached:            0 kB
Active:          3166592 kB
Inactive:        2036528 kB
Active(anon):    2805568 kB
Inactive(anon):   717516 kB
Active(file):     361024 kB
Inactive(file):  1319012 kB
Unevictable:        6200 kB
Mlocked:            5760 kB
SwapTotal:       4718584 kB
SwapFree:        4675576 kB
Dirty:               308 kB
Writeback:             0 kB
AnonPages:       3500392 kB
Mapped:          1037372 kB
Shmem:             24200 kB
KReclaimable:     254372 kB
Slab:             308096 kB
SReclaimable:      78688 kB
SUnreclaim:       229408 kB
KernelStack:       48544 kB
ShadowCallStack:   12160 kB
PageTables:        75556 kB
NFS_Unstable:          0 kB
Bounce:                0 kB
WritebackTmp:          0 kB
CommitLimit:     8676856 kB
Committed_AS:   73748884 kB
VmallocTotal:   263061440 kB
VmallocUsed:      130424 kB
VmallocChunk:          0 kB
Percpu:             2448 kB
CmaTotal:         405504 kB
CmaFree:               0 kB
MemTotal:        7916544 kB
MemFree:          210452 kB
MemAvailable:    1744372 kB
Buffers:            6360 kB
Cached:          1693604 kB
SwapCached:            0 kB
Active:          3179484 kB
Inactive:        2027576 kB
Active(anon):    2818460 kB
Inactive(anon):   717524 kB
Active(file):     361024 kB
Inactive(file):  1310052 kB
Unevictable:        6200 kB
Mlocked:            5760 kB
SwapTotal:       4718584 kB
SwapFree:        4675576 kB
Dirty:               308 kB
Writeback:             0 kB
AnonPages:       3513368 kB
Mapped:          1037972 kB
Shmem:             24200 kB
KReclaimable:     253056 kB
Slab:             307772 kB
SReclaimable:      78396 kB
SUnreclaim:       229376 kB
KernelStack:       48560 kB
ShadowCallStack:   12164 kB
PageTables:        75256 kB
NFS_Unstable:          0 kB
Bounce:                0 kB
WritebackTmp:          0 kB
CommitLimit:     8676856 kB
Committed_AS:   73781512 kB
VmallocTotal:   263061440 kB
VmallocUsed:      130468 kB
VmallocChunk:          0 kB
Percpu:             2448 kB
CmaTotal:         405504 kB
CmaFree:               0 kB
MemTotal:        7916544 kB
MemFree:          214640 kB
MemAvailable:    1740136 kB
Buffers:            6360 kB
Cached:          1685940 kB
SwapCached:            0 kB
Active:          3183000 kB
Inactive:        2019904 kB
Active(anon):    2821976 kB
Inactive(anon):   717516 kB
Active(file):     361024 kB
Inactive(file):  1302388 kB
Unevictable:        6200 kB
Mlocked:            5760 kB
SwapTotal:       4718584 kB
SwapFree:        4675576 kB
Dirty:               336 kB
Writeback:             0 kB
AnonPages:       3516844 kB
Mapped:          1038000 kB
Shmem:             24200 kB
KReclaimable:     252296 kB
Slab:             307584 kB
SReclaimable:      78148 kB
SUnreclaim:       229436 kB
KernelStack:       48576 kB
ShadowCallStack:   12160 kB
PageTables:        75396 kB
NFS_Unstable:          0 kB
Bounce:                0 kB
WritebackTmp:          0 kB
CommitLimit:     8676856 kB
Committed_AS:   73783456 kB
VmallocTotal:   263061440 kB
VmallocUsed:      130444 kB
VmallocChunk:          0 kB
Percpu:             2448 kB
CmaTotal:         405504 kB
CmaFree:              72 kB
MemTotal:        7916544 kB
MemFree:          211552 kB
MemAvailable:    1737160 kB
Buffers:            6360 kB
Cached:          1686052 kB
SwapCached:            0 kB
Active:          3187212 kB
Inactive:        2020024 kB
Active(anon):    2826188 kB
Inactive(anon):   717524 kB
Active(file):     361024 kB
Inactive(file):  1302500 kB
Unevictable:        6200 kB
Mlocked:            5760 kB
SwapTotal:       4718584 kB
SwapFree:        4675576 kB
Dirty:               392 kB
Writeback:             0 kB
AnonPages:       3520996 kB
Mapped:          1037876 kB
Shmem:             24200 kB
KReclaimable:     252296 kB
Slab:             307444 kB
SReclaimable:      78148 kB
SUnreclaim:       229296 kB
KernelStack:       48544 kB
ShadowCallStack:   12160 kB
PageTables:        75228 kB
NFS_Unstable:          0 kB
Bounce:                0 kB
WritebackTmp:          0 kB
CommitLimit:     8676856 kB
Committed_AS:   73783456 kB
VmallocTotal:   263061440 kB
VmallocUsed:      130496 kB
VmallocChunk:          0 kB
Percpu:             2448 kB
CmaTotal:         405504 kB
CmaFree:             168 kB
MemTotal:        7916544 kB
MemFree:          210308 kB
MemAvailable:    1705248 kB
Buffers:            6220 kB
Cached:          1657544 kB
SwapCached:            0 kB
Active:          3217348 kB
Inactive:        1991204 kB
Active(anon):    2856324 kB
Inactive(anon):   717524 kB
Active(file):     361024 kB
Inactive(file):  1273680 kB
Unevictable:        6200 kB
Mlocked:            5760 kB
SwapTotal:       4718584 kB
SwapFree:        4675576 kB
Dirty:               420 kB
Writeback:             0 kB
AnonPages:       3551204 kB
Mapped:          1038216 kB
Shmem:             24200 kB
KReclaimable:     250448 kB
Slab:             306856 kB
SReclaimable:      77644 kB
SUnreclaim:       229212 kB
KernelStack:       48544 kB
ShadowCallStack:   12160 kB
PageTables:        75228 kB
NFS_Unstable:          0 kB
Bounce:                0 kB
WritebackTmp:          0 kB
CommitLimit:     8676856 kB
Committed_AS:   73865376 kB
VmallocTotal:   263061440 kB
VmallocUsed:      130520 kB
VmallocChunk:          0 kB
Percpu:             2448 kB
CmaTotal:         405504 kB
CmaFree:               0 kB
MemTotal:        7916544 kB
MemFree:          209624 kB
MemAvailable:    1697856 kB
Buffers:            5520 kB
Cached:          1653700 kB
SwapCached:            4 kB
Active:          3249428 kB
Inactive:        1959220 kB
Active(anon):    2888404 kB
Inactive(anon):   689888 kB
Active(file):     361024 kB
Inactive(file):  1269332 kB
Unevictable:        6200 kB
Mlocked:            5760 kB
SwapTotal:       4718584 kB
SwapFree:        4648696 kB
Dirty:               484 kB
Writeback:             4 kB
AnonPages:       3555968 kB
Mapped:          1037728 kB
Shmem:             24176 kB
KReclaimable:     248088 kB
Slab:             306760 kB
SReclaimable:      77396 kB
SUnreclaim:       229364 kB
KernelStack:       48528 kB
ShadowCallStack:   12160 kB
PageTables:        75492 kB
NFS_Unstable:          0 kB
Bounce:                0 kB
WritebackTmp:          0 kB
CommitLimit:     8676856 kB
Committed_AS:   73946536 kB
VmallocTotal:   263061440 kB
VmallocUsed:      130600 kB
VmallocChunk:          0 kB
Percpu:             2448 kB
CmaTotal:         405504 kB
CmaFree:               0 kB
MemTotal:        7916544 kB
MemFree:          217912 kB
MemAvailable:    1703096 kB
Buffers:            5520 kB
Cached:          1656256 kB
SwapCached:            0 kB
Active:          3296612 kB
Inactive:        1897552 kB
Active(anon):    2935580 kB
Inactive(anon):   625416 kB
Active(file):     361032 kB
Inactive(file):  1272136 kB
Unevictable:        6200 kB
Mlocked:            5760 kB
SwapTotal:       4718584 kB
SwapFree:        4590584 kB
Dirty:               540 kB
Writeback:             0 kB
AnonPages:       3538676 kB
Mapped:          1038064 kB
Shmem:             23920 kB
KReclaimable:     241944 kB
Slab:             307060 kB
SReclaimable:      77524 kB
SUnreclaim:       229536 kB
KernelStack:       48544 kB
ShadowCallStack:   12160 kB
PageTables:        75700 kB
NFS_Unstable:          0 kB
Bounce:                0 kB
WritebackTmp:          0 kB
CommitLimit:     8676856 kB
Committed_AS:   74044840 kB
VmallocTotal:   263061440 kB
VmallocUsed:      130504 kB
VmallocChunk:          0 kB
Percpu:             2448 kB
CmaTotal:         405504 kB
CmaFree:               0 kB
MemTotal:        7916544 kB
MemFree:          211324 kB
MemAvailable:    1691876 kB
Buffers:            5520 kB
Cached:          1654684 kB
SwapCached:            0 kB
Active:          3400092 kB
Inactive:        1792672 kB
Active(anon):    3039060 kB
Inactive(anon):   520536 kB
Active(file):     361032 kB
Inactive(file):  1272136 kB
Unevictable:        6200 kB
Mlocked:            5760 kB
SwapTotal:       4718584 kB
SwapFree:        4501752 kB
Dirty:               540 kB
Writeback:             0 kB
AnonPages:       3538888 kB
Mapped:          1039240 kB
Shmem:             22348 kB
KReclaimable:     232680 kB
Slab:             307620 kB
SReclaimable:      77732 kB
SUnreclaim:       229888 kB
KernelStack:       48528 kB
ShadowCallStack:   12156 kB
PageTables:        76000 kB
NFS_Unstable:          0 kB
Bounce:                0 kB
WritebackTmp:          0 kB
CommitLimit:     8676856 kB
Committed_AS:   74258068 kB
VmallocTotal:   263061440 kB
VmallocUsed:      130512 kB
VmallocChunk:          0 kB
Percpu:             2448 kB
CmaTotal:         405504 kB
CmaFree:               0 kB
MemTotal:        7916544 kB
MemFree:          207192 kB
MemAvailable:    1678280 kB
Buffers:            5520 kB
Cached:          1654080 kB
SwapCached:            4 kB
Active:          3490600 kB
Inactive:        1709604 kB
Active(anon):    3129568 kB
Inactive(anon):   437468 kB
Active(file):     361032 kB
Inactive(file):  1272136 kB
Unevictable:        6200 kB
Mlocked:            5760 kB
SwapTotal:       4718584 kB
SwapFree:        4428280 kB
Dirty:               540 kB
Writeback:             4 kB
AnonPages:       3547324 kB
Mapped:          1039424 kB
Shmem:             21744 kB
KReclaimable:     213752 kB
Slab:             307996 kB
SReclaimable:      77876 kB
SUnreclaim:       230120 kB
KernelStack:       48528 kB
ShadowCallStack:   12164 kB
PageTables:        76332 kB
NFS_Unstable:          0 kB
Bounce:                0 kB
WritebackTmp:          0 kB
CommitLimit:     8676856 kB
Committed_AS:   74455984 kB
VmallocTotal:   263061440 kB
VmallocUsed:      130468 kB
VmallocChunk:          0 kB
Percpu:             2448 kB
CmaTotal:         405504 kB
CmaFree:               0 kB
MemTotal:        7916544 kB
MemFree:          216128 kB
MemAvailable:    1667696 kB
Buffers:            5740 kB
Cached:          1644436 kB
SwapCached:            0 kB
Active:          3573136 kB
Inactive:        1625456 kB
Active(anon):    3211656 kB
Inactive(anon):   361964 kB
Active(file):     361480 kB
Inactive(file):  1263492 kB
Unevictable:        6200 kB
Mlocked:            5760 kB
SwapTotal:       4718584 kB
SwapFree:        4362488 kB
Dirty:               540 kB
Writeback:             0 kB
AnonPages:       3554676 kB
Mapped:          1037600 kB
Shmem:             20516 kB
KReclaimable:     191104 kB
Slab:             308576 kB
SReclaimable:      78012 kB
SUnreclaim:       230564 kB
KernelStack:       48528 kB
ShadowCallStack:   12156 kB
PageTables:        76612 kB
NFS_Unstable:          0 kB
Bounce:                0 kB
WritebackTmp:          0 kB
CommitLimit:     8676856 kB
Committed_AS:   74636148 kB
VmallocTotal:   263061440 kB
VmallocUsed:      130444 kB
VmallocChunk:          0 kB
Percpu:             2448 kB
CmaTotal:         405504 kB
CmaFree:             128 kB
MemTotal:        7916544 kB
MemFree:          210960 kB
MemAvailable:    1657556 kB
Buffers:            5744 kB
Cached:          1644388 kB
SwapCached:            4 kB
Active:          3637624 kB
Inactive:        1558968 kB
Active(anon):    3276144 kB
Inactive(anon):   295400 kB
Active(file):     361480 kB
Inactive(file):  1263568 kB
Unevictable:        6200 kB
Mlocked:            5760 kB
SwapTotal:       4718584 kB
SwapFree:        4299768 kB
Dirty:               620 kB
Writeback:             4 kB
AnonPages:       3553276 kB
Mapped:          1037932 kB
Shmem:             20396 kB
KReclaimable:     181008 kB
Slab:             309028 kB
SReclaimable:      78156 kB
SUnreclaim:       230872 kB
KernelStack:       48512 kB
ShadowCallStack:   12148 kB
PageTables:        76768 kB
NFS_Unstable:          0 kB
Bounce:                0 kB
WritebackTmp:          0 kB
CommitLimit:     8676856 kB
Committed_AS:   74783276 kB
VmallocTotal:   263061440 kB
VmallocUsed:      130452 kB
VmallocChunk:          0 kB
Percpu:             2448 kB
CmaTotal:         405504 kB
CmaFree:              52 kB
MemTotal:        7916544 kB
MemFree:          215220 kB
MemAvailable:    1655812 kB
Buffers:            5744 kB
Cached:          1644416 kB
SwapCached:            0 kB
Active:          3697768 kB
Inactive:        1490032 kB
Active(anon):    3336288 kB
Inactive(anon):   226388 kB
Active(file):     361480 kB
Inactive(file):  1263644 kB
Unevictable:        6200 kB
Mlocked:            5760 kB
SwapTotal:       4718584 kB
SwapFree:        4232184 kB
Dirty:               688 kB
Writeback:             0 kB
AnonPages:       3543924 kB
Mapped:          1038068 kB
Shmem:             20348 kB
KReclaimable:     168848 kB
Slab:             309496 kB
SReclaimable:      78284 kB
SUnreclaim:       231212 kB
KernelStack:       48528 kB
ShadowCallStack:   12156 kB
PageTables:        77120 kB
NFS_Unstable:          0 kB
Bounce:                0 kB
WritebackTmp:          0 kB
CommitLimit:     8676856 kB
Committed_AS:   74914136 kB
VmallocTotal:   263061440 kB
VmallocUsed:      130424 kB
VmallocChunk:          0 kB
Percpu:             2448 kB
CmaTotal:         405504 kB
CmaFree:               0 kB
MemTotal:        7916544 kB
MemFree:          218248 kB
MemAvailable:    1653800 kB
Buffers:            5744 kB
Cached:          1643088 kB
SwapCached:            0 kB
Active:          3763968 kB
Inactive:        1414364 kB
Active(anon):    3402488 kB
Inactive(anon):   150720 kB
Active(file):     361480 kB
Inactive(file):  1263644 kB
Unevictable:        6200 kB
Mlocked:            5760 kB
SwapTotal:       4718584 kB
SwapFree:        4157432 kB
Dirty:               688 kB
Writeback:             0 kB
AnonPages:       3535748 kB
Mapped:          1036756 kB
Shmem:             19024 kB
KReclaimable:     158768 kB
Slab:             309916 kB
SReclaimable:      78444 kB
SUnreclaim:       231472 kB
KernelStack:       48496 kB
ShadowCallStack:   12168 kB
PageTables:        77380 kB
NFS_Unstable:          0 kB
Bounce:                0 kB
WritebackTmp:          0 kB
CommitLimit:     8676856 kB
Committed_AS:   75077880 kB
VmallocTotal:   263061440 kB
VmallocUsed:      130396 kB
VmallocChunk:          0 kB
Percpu:             2448 kB
CmaTotal:         405504 kB
CmaFree:               0 kB
MemTotal:        7916544 kB
MemFree:          213748 kB
MemAvailable:    1647292 kB
Buffers:            5744 kB
Cached:          1642924 kB
SwapCached:            0 kB
Active:          3793332 kB
Inactive:        1386320 kB
Active(anon):    3431852 kB
Inactive(anon):   122676 kB
Active(file):     361480 kB
Inactive(file):  1263644 kB
Unevictable:        6200 kB
Mlocked:            5760 kB
SwapTotal:       4718584 kB
SwapFree:        4132344 kB
Dirty:               688 kB
Writeback:             0 kB
AnonPages:       3537252 kB
Mapped:          1036724 kB
Shmem:             18856 kB
KReclaimable:     154752 kB
Slab:             309948 kB
SReclaimable:      78524 kB
SUnreclaim:       231424 kB
KernelStack:       48464 kB
ShadowCallStack:   12140 kB
PageTables:        77572 kB
NFS_Unstable:          0 kB
Bounce:                0 kB
WritebackTmp:          0 kB
CommitLimit:     8676856 kB
Committed_AS:   75110600 kB
VmallocTotal:   263061440 kB
VmallocUsed:      130356 kB
VmallocChunk:          0 kB
Percpu:             2448 kB
CmaTotal:         405504 kB
CmaFree:            2660 kB
MemTotal:        7916544 kB
MemFree:          212404 kB
MemAvailable:    1644848 kB
Buffers:            5772 kB
Cached:          1642952 kB
SwapCached:            0 kB
Active:          3798164 kB
Inactive:        1385168 kB
Active(anon):    3436684 kB
Inactive(anon):   121472 kB
Active(file):     361480 kB
Inactive(file):  1263696 kB
Unevictable:        6200 kB
Mlocked:            5760 kB
SwapTotal:       4718584 kB
SwapFree:        4131064 kB
Dirty:               708 kB
Writeback:             0 kB
AnonPages:       3540588 kB
Mapped:          1037088 kB
Shmem:             18860 kB
KReclaimable:     152448 kB
Slab:             310024 kB
SReclaimable:      78524 kB
SUnreclaim:       231500 kB
KernelStack:       48368 kB
ShadowCallStack:   12112 kB
PageTables:        77572 kB
NFS_Unstable:          0 kB
Bounce:                0 kB
WritebackTmp:          0 kB
CommitLimit:     8676856 kB
Committed_AS:   75110240 kB
VmallocTotal:   263061440 kB
VmallocUsed:      130236 kB
VmallocChunk:          0 kB
Percpu:             2448 kB
CmaTotal:         405504 kB
CmaFree:               0 kB
MemTotal:        7916544 kB
MemFree:          210720 kB
MemAvailable:    1643188 kB
Buffers:            5776 kB
Cached:          1642972 kB
SwapCached:            0 kB
Active:          3800220 kB
Inactive:        1383836 kB
Active(anon):    3438740 kB
Inactive(anon):   120116 kB
Active(file):     361480 kB
Inactive(file):  1263720 kB
Unevictable:        6200 kB
Mlocked:            5760 kB
SwapTotal:       4718584 kB
SwapFree:        4129784 kB
Dirty:               308 kB
Writeback:             8 kB
AnonPages:       3541676 kB
Mapped:          1036824 kB
Shmem:             18860 kB
KReclaimable:     152448 kB
Slab:             309940 kB
SReclaimable:      78524 kB
SUnreclaim:       231416 kB
KernelStack:       48320 kB
ShadowCallStack:   12104 kB
PageTables:        77336 kB
NFS_Unstable:          0 kB
Bounce:                0 kB
WritebackTmp:          0 kB
CommitLimit:     8676856 kB
Committed_AS:   75109708 kB
VmallocTotal:   263061440 kB
VmallocUsed:      130176 kB
VmallocChunk:          0 kB
Percpu:             2448 kB
CmaTotal:         405504 kB
CmaFree:             304 kB
MemTotal:        7916544 kB
MemFree:          214340 kB
MemAvailable:    1639124 kB
Buffers:            5776 kB
Cached:          1635292 kB
SwapCached:            0 kB
Active:          3805496 kB
Inactive:        1374724 kB
Active(anon):    3443864 kB
Inactive(anon):   118836 kB
Active(file):     361632 kB
Inactive(file):  1255888 kB
Unevictable:        6200 kB
Mlocked:            5760 kB
SwapTotal:       4718584 kB
SwapFree:        4128504 kB
Dirty:               264 kB
Writeback:             0 kB
AnonPages:       3545340 kB
Mapped:          1033948 kB
Shmem:             18860 kB
KReclaimable:     152436 kB
Slab:             309948 kB
SReclaimable:      78512 kB
SUnreclaim:       231436 kB
KernelStack:       48304 kB
ShadowCallStack:   12100 kB
PageTables:        77480 kB
NFS_Unstable:          0 kB
Bounce:                0 kB
WritebackTmp:          0 kB
CommitLimit:     8676856 kB
Committed_AS:   75109424 kB
VmallocTotal:   263061440 kB
VmallocUsed:      130132 kB
VmallocChunk:          0 kB
Percpu:             2448 kB
CmaTotal:         405504 kB
CmaFree:            3436 kB
MemTotal:        7916544 kB
MemFree:          214580 kB
MemAvailable:    1639384 kB
Buffers:            5776 kB
Cached:          1635312 kB
SwapCached:            0 kB
Active:          3806840 kB
Inactive:        1374744 kB
Active(anon):    3445208 kB
Inactive(anon):   118836 kB
Active(file):     361632 kB
Inactive(file):  1255908 kB
Unevictable:        6200 kB
Mlocked:            5760 kB
SwapTotal:       4718584 kB
SwapFree:        4128504 kB
Dirty:               288 kB
Writeback:             0 kB
AnonPages:       3546804 kB
Mapped:          1034176 kB
Shmem:             18860 kB
KReclaimable:     152436 kB
Slab:             309976 kB
SReclaimable:      78512 kB
SUnreclaim:       231464 kB
KernelStack:       48272 kB
ShadowCallStack:   12088 kB
PageTables:        77428 kB
NFS_Unstable:          0 kB
Bounce:                0 kB
WritebackTmp:          0 kB
CommitLimit:     8676856 kB
Committed_AS:   75109944 kB
VmallocTotal:   263061440 kB
VmallocUsed:      130092 kB
VmallocChunk:          0 kB
Percpu:             2448 kB
CmaTotal:         405504 kB
CmaFree:            1992 kB
MemTotal:        7916544 kB
MemFree:          211892 kB
MemAvailable:    1636696 kB
Buffers:            5776 kB
Cached:          1635284 kB
SwapCached:            0 kB
Active:          3812724 kB
Inactive:        1369988 kB
Active(anon):    3451092 kB
Inactive(anon):   114088 kB
Active(file):     361632 kB
Inactive(file):  1255900 kB
Unevictable:        6200 kB
Mlocked:            5760 kB
SwapTotal:       4718584 kB
SwapFree:        4124408 kB
Dirty:               280 kB
Writeback:             0 kB
AnonPages:       3548008 kB
Mapped:          1034132 kB
Shmem:             18840 kB
KReclaimable:     152452 kB
Slab:             310020 kB
SReclaimable:      78528 kB
SUnreclaim:       231492 kB
KernelStack:       48240 kB
ShadowCallStack:   12076 kB
PageTables:        77232 kB
NFS_Unstable:          0 kB
Bounce:                0 kB
WritebackTmp:          0 kB
CommitLimit:     8676856 kB
Committed_AS:   75126632 kB
VmallocTotal:   263061440 kB
VmallocUsed:      130012 kB
VmallocChunk:          0 kB
Percpu:             2448 kB
CmaTotal:         405504 kB
CmaFree:             172 kB
MemTotal:        7916544 kB
MemFree:          211824 kB
MemAvailable:    1635620 kB
Buffers:            5784 kB
Cached:          1635208 kB
SwapCached:            0 kB
Active:          3817852 kB
Inactive:        1366940 kB
Active(anon):    3456220 kB
Inactive(anon):   111008 kB
Active(file):     361632 kB
Inactive(file):  1255932 kB
Unevictable:        6200 kB
Mlocked:            5760 kB
SwapTotal:       4718584 kB
SwapFree:        4121592 kB
Dirty:               316 kB
Writeback:             0 kB
AnonPages:       3550072 kB
Mapped:          1034112 kB
Shmem:             18740 kB
KReclaimable:     150372 kB
Slab:             310024 kB
SReclaimable:      78496 kB
SUnreclaim:       231528 kB
KernelStack:       48176 kB
ShadowCallStack:   12076 kB
PageTables:        77448 kB
NFS_Unstable:          0 kB
Bounce:                0 kB
WritebackTmp:          0 kB
CommitLimit:     8676856 kB
Committed_AS:   75142912 kB
VmallocTotal:   263061440 kB
VmallocUsed:      129996 kB
VmallocChunk:          0 kB
Percpu:             2448 kB
CmaTotal:         405504 kB
CmaFree:               0 kB
MemTotal:        7916544 kB
MemFree:          210356 kB
MemAvailable:    1626308 kB
Buffers:            5784 kB
Cached:          1627372 kB
SwapCached:            0 kB
Active:          3828812 kB
Inactive:        1358972 kB
Active(anon):    3467052 kB
Inactive(anon):   111008 kB
Active(file):     361760 kB
Inactive(file):  1247964 kB
Unevictable:        6200 kB
Mlocked:            5760 kB
SwapTotal:       4718584 kB
SwapFree:        4121592 kB
Dirty:               316 kB
Writeback:             0 kB
AnonPages:       3560852 kB
Mapped:          1027704 kB
Shmem:             18744 kB
KReclaimable:     150364 kB
Slab:             310044 kB
SReclaimable:      78488 kB
SUnreclaim:       231556 kB
KernelStack:       48160 kB
ShadowCallStack:   12068 kB
PageTables:        77396 kB
NFS_Unstable:          0 kB
Bounce:                0 kB
WritebackTmp:          0 kB
CommitLimit:     8676856 kB
Committed_AS:   75142672 kB
VmallocTotal:   263061440 kB
VmallocUsed:      130016 kB
VmallocChunk:          0 kB
Percpu:             2448 kB
CmaTotal:         405504 kB
CmaFree:              92 kB
MemTotal:        7916544 kB
MemFree:          216948 kB
MemAvailable:    1631892 kB
Buffers:            5784 kB
Cached:          1627120 kB
SwapCached:            0 kB
Active:          3831908 kB
Inactive:        1344268 kB
Active(anon):    3470152 kB
Inactive(anon):    96292 kB
Active(file):     361756 kB
Inactive(file):  1247976 kB
Unevictable:        6200 kB
Mlocked:            5760 kB
SwapTotal:       4718584 kB
SwapFree:        4107256 kB
Dirty:               204 kB
Writeback:             0 kB
AnonPages:       3549548 kB
Mapped:          1027396 kB
Shmem:             18484 kB
KReclaimable:     148332 kB
Slab:             310080 kB
SReclaimable:      78504 kB
SUnreclaim:       231576 kB
KernelStack:       48112 kB
ShadowCallStack:   12048 kB
PageTables:        77476 kB
NFS_Unstable:          0 kB
Bounce:                0 kB
WritebackTmp:          0 kB
CommitLimit:     8676856 kB
Committed_AS:   75174904 kB
VmallocTotal:   263061440 kB
VmallocUsed:      129932 kB
VmallocChunk:          0 kB
Percpu:             2448 kB
CmaTotal:         405504 kB
CmaFree:            4504 kB
MemTotal:        7916544 kB
MemFree:          214268 kB
MemAvailable:    1628200 kB
Buffers:            5784 kB
Cached:          1627116 kB
SwapCached:            4 kB
Active:          3851664 kB
Inactive:        1327640 kB
Active(anon):    3489908 kB
Inactive(anon):    79660 kB
Active(file):     361756 kB
Inactive(file):  1247980 kB
Unevictable:        6200 kB
Mlocked:            5760 kB
SwapTotal:       4718584 kB
SwapFree:        4092664 kB
Dirty:               208 kB
Writeback:             0 kB
AnonPages:       3552624 kB
Mapped:          1027812 kB
Shmem:             18476 kB
KReclaimable:     146300 kB
Slab:             310060 kB
SReclaimable:      78520 kB
SUnreclaim:       231540 kB
KernelStack:       48160 kB
ShadowCallStack:   12064 kB
PageTables:        77560 kB
NFS_Unstable:          0 kB
Bounce:                0 kB
WritebackTmp:          0 kB
CommitLimit:     8676856 kB
Committed_AS:   75207716 kB
VmallocTotal:   263061440 kB
VmallocUsed:      130008 kB
VmallocChunk:          0 kB
Percpu:             2448 kB
CmaTotal:         405504 kB
CmaFree:            3468 kB
MemTotal:        7916544 kB
MemFree:          211148 kB
MemAvailable:    1624088 kB
Buffers:            5784 kB
Cached:          1627096 kB
SwapCached:            4 kB
Active:          3872128 kB
Inactive:        1308236 kB
Active(anon):    3510372 kB
Inactive(anon):    60256 kB
Active(file):     361756 kB
Inactive(file):  1247980 kB
Unevictable:        6200 kB
Mlocked:            5760 kB
SwapTotal:       4718584 kB
SwapFree:        4074232 kB
Dirty:               208 kB
Writeback:             0 kB
AnonPages:       3554032 kB
Mapped:          1028156 kB
Shmem:             18460 kB
KReclaimable:     144316 kB
Slab:             310208 kB
SReclaimable:      78584 kB
SUnreclaim:       231624 kB
KernelStack:       48112 kB
ShadowCallStack:   12056 kB
PageTables:        77540 kB
NFS_Unstable:          0 kB
Bounce:                0 kB
WritebackTmp:          0 kB
CommitLimit:     8676856 kB
Committed_AS:   75256824 kB
VmallocTotal:   263061440 kB
VmallocUsed:      130020 kB
VmallocChunk:          0 kB
Percpu:             2448 kB
CmaTotal:         405504 kB
CmaFree:               0 kB
MemTotal:        7916544 kB
MemFree:          200712 kB
MemAvailable:    1578924 kB
Buffers:            5824 kB
Cached:          1626752 kB
SwapCached:            8 kB
Active:          1444492 kB
Inactive:        3735256 kB
Active(anon):    1348372 kB
Inactive(anon):  2221600 kB
Active(file):      96120 kB
Inactive(file):  1513656 kB
Unevictable:        6200 kB
Mlocked:            5760 kB
SwapTotal:       4718584 kB
SwapFree:        4034808 kB
Dirty:               248 kB
Writeback:             4 kB
AnonPages:       3553576 kB
Mapped:          1028188 kB
Shmem:             18112 kB
KReclaimable:     140316 kB
Slab:             310468 kB
SReclaimable:      78680 kB
SUnreclaim:       231788 kB
KernelStack:       48144 kB
ShadowCallStack:   12060 kB
PageTables:        77820 kB
NFS_Unstable:          0 kB
Bounce:                0 kB
WritebackTmp:          0 kB
CommitLimit:     8676856 kB
Committed_AS:   75338884 kB
VmallocTotal:   263061440 kB
VmallocUsed:      129936 kB
VmallocChunk:          0 kB
Percpu:             2448 kB
CmaTotal:         405504 kB
CmaFree:            4444 kB
MemTotal:        7916544 kB
MemFree:          248260 kB
MemAvailable:    1588668 kB
Buffers:            5692 kB
Cached:          1564428 kB
SwapCached:            4 kB
Active:          1480444 kB
Inactive:        3654140 kB
Active(anon):    1383652 kB
Inactive(anon):  2203516 kB
Active(file):      96792 kB
Inactive(file):  1450624 kB
Unevictable:        6200 kB
Mlocked:            5760 kB
SwapTotal:       4718584 kB
SwapFree:        4017144 kB
Dirty:               248 kB
Writeback:             0 kB
AnonPages:       3570756 kB
Mapped:           997500 kB
Shmem:             18028 kB
KReclaimable:     132084 kB
Slab:             310528 kB
SReclaimable:      78640 kB
SUnreclaim:       231888 kB
KernelStack:       48144 kB
ShadowCallStack:   12052 kB
PageTables:        78056 kB
NFS_Unstable:          0 kB
Bounce:                0 kB
WritebackTmp:          0 kB
CommitLimit:     8676856 kB
Committed_AS:   75437208 kB
VmallocTotal:   263061440 kB
VmallocUsed:      130008 kB
VmallocChunk:          0 kB
Percpu:             2448 kB
CmaTotal:         405504 kB
CmaFree:               0 kB
MemTotal:        7916544 kB
MemFree:          215816 kB
MemAvailable:    1549464 kB
Buffers:            5692 kB
Cached:          1553568 kB
SwapCached:            4 kB
Active:          1523628 kB
Inactive:        3642492 kB
Active(anon):    1426208 kB
Inactive(anon):  2203360 kB
Active(file):      97420 kB
Inactive(file):  1439132 kB
Unevictable:        6200 kB
Mlocked:            5760 kB
SwapTotal:       4718584 kB
SwapFree:        4017144 kB
Dirty:               212 kB
Writeback:             0 kB
AnonPages:       3613324 kB
Mapped:           991268 kB
Shmem:             18020 kB
KReclaimable:     132100 kB
Slab:             310584 kB
SReclaimable:      78656 kB
SUnreclaim:       231928 kB
KernelStack:       48144 kB
ShadowCallStack:   12060 kB
PageTables:        78180 kB
NFS_Unstable:          0 kB
Bounce:                0 kB
WritebackTmp:          0 kB
CommitLimit:     8676856 kB
Committed_AS:   75568844 kB
VmallocTotal:   263061440 kB
VmallocUsed:      129940 kB
VmallocChunk:          0 kB
Percpu:             2448 kB
CmaTotal:         405504 kB
CmaFree:               0 kB
MemTotal:        7916544 kB
MemFree:          211080 kB
MemAvailable:    1517316 kB
Buffers:            5692 kB
Cached:          1527348 kB
SwapCached:            4 kB
Active:          1556764 kB
Inactive:        3615660 kB
Active(anon):    1458772 kB
Inactive(anon):  2203360 kB
Active(file):      97992 kB
Inactive(file):  1412300 kB
Unevictable:        6200 kB
Mlocked:            5760 kB
SwapTotal:       4718584 kB
SwapFree:        4017144 kB
Dirty:               220 kB
Writeback:             0 kB
AnonPages:       3645560 kB
Mapped:           975948 kB
Shmem:             18024 kB
KReclaimable:     129796 kB
Slab:             310592 kB
SReclaimable:      78656 kB
SUnreclaim:       231936 kB
KernelStack:       48144 kB
ShadowCallStack:   12056 kB
PageTables:        78188 kB
NFS_Unstable:          0 kB
Bounce:                0 kB
WritebackTmp:          0 kB
CommitLimit:     8676856 kB
Committed_AS:   75650736 kB
VmallocTotal:   263061440 kB
VmallocUsed:      129960 kB
VmallocChunk:          0 kB
Percpu:             2448 kB
CmaTotal:         405504 kB
CmaFree:               0 kB
MemTotal:        7916544 kB
MemFree:          214852 kB
MemAvailable:    1496296 kB
Buffers:            5692 kB
Cached:          1503956 kB
SwapCached:            4 kB
Active:          1578192 kB
Inactive:        3591112 kB
Active(anon):    1479444 kB
Inactive(anon):  2203336 kB
Active(file):      98748 kB
Inactive(file):  1387776 kB
Unevictable:        6200 kB
Mlocked:            5760 kB
SwapTotal:       4718584 kB
SwapFree:        4017144 kB
Dirty:               292 kB
Writeback:             0 kB
AnonPages:       3666384 kB
Mapped:           963460 kB
Shmem:             18024 kB
KReclaimable:     127748 kB
Slab:             310608 kB
SReclaimable:      78656 kB
SUnreclaim:       231952 kB
KernelStack:       48144 kB
ShadowCallStack:   12060 kB
PageTables:        78404 kB
NFS_Unstable:          0 kB
Bounce:                0 kB
WritebackTmp:          0 kB
CommitLimit:     8676856 kB
Committed_AS:   75685400 kB
VmallocTotal:   263061440 kB
VmallocUsed:      130020 kB
VmallocChunk:          0 kB
Percpu:             2448 kB
CmaTotal:         405504 kB
CmaFree:               0 kB
MemTotal:        7916544 kB
MemFree:          217024 kB
MemAvailable:    1468696 kB
Buffers:            5692 kB
Cached:          1474952 kB
SwapCached:            4 kB
Active:          1612636 kB
Inactive:        3556692 kB
Active(anon):    1508216 kB
Inactive(anon):  2203336 kB
Active(file):     104420 kB
Inactive(file):  1353356 kB
Unevictable:        6200 kB
Mlocked:            5760 kB
SwapTotal:       4718584 kB
SwapFree:        4017144 kB
Dirty:               296 kB
Writeback:             0 kB
AnonPages:       3695056 kB
Mapped:           950780 kB
Shmem:             18024 kB
KReclaimable:     125700 kB
Slab:             310640 kB
SReclaimable:      78656 kB
SUnreclaim:       231984 kB
KernelStack:       48096 kB
ShadowCallStack:   12056 kB
PageTables:        78584 kB
NFS_Unstable:          0 kB
Bounce:                0 kB
WritebackTmp:          0 kB
CommitLimit:     8676856 kB
Committed_AS:   75767324 kB
VmallocTotal:   263061440 kB
VmallocUsed:      129916 kB
VmallocChunk:          0 kB
Percpu:             2448 kB
CmaTotal:         405504 kB
CmaFree:               0 kB
MemTotal:        7916544 kB
MemFree:          212776 kB
MemAvailable:    1458944 kB
Buffers:            5700 kB
Cached:          1469288 kB
SwapCached:            4 kB
Active:          1623808 kB
Inactive:        3549576 kB
Active(anon):    1517800 kB
Inactive(anon):  2203312 kB
Active(file):     106008 kB
Inactive(file):  1346264 kB
Unevictable:        6200 kB
Mlocked:            5760 kB
SwapTotal:       4718584 kB
SwapFree:        4017144 kB
Dirty:               264 kB
Writeback:             0 kB
AnonPages:       3704560 kB
Mapped:           947900 kB
Shmem:             18028 kB
KReclaimable:     125700 kB
Slab:             310660 kB
SReclaimable:      78656 kB
SUnreclaim:       232004 kB
KernelStack:       48128 kB
ShadowCallStack:   12064 kB
PageTables:        78440 kB
NFS_Unstable:          0 kB
Bounce:                0 kB
WritebackTmp:          0 kB
CommitLimit:     8676856 kB
Committed_AS:   75783716 kB
VmallocTotal:   263061440 kB
VmallocUsed:      129932 kB
VmallocChunk:          0 kB
Percpu:             2448 kB
CmaTotal:         405504 kB
CmaFree:               0 kB
MemTotal:        7916544 kB
MemFree:          213164 kB
MemAvailable:    1440768 kB
Buffers:            5700 kB
Cached:          1450724 kB
SwapCached:            4 kB
Active:          1643700 kB
Inactive:        3530644 kB
Active(anon):    1537324 kB
Inactive(anon):  2203312 kB
Active(file):     106376 kB
Inactive(file):  1327332 kB
Unevictable:        6200 kB
Mlocked:            5760 kB
SwapTotal:       4718584 kB
SwapFree:        4017144 kB
Dirty:               264 kB
Writeback:             0 kB
AnonPages:       3724360 kB
Mapped:           937052 kB
Shmem:             18028 kB
KReclaimable:     125700 kB
Slab:             310668 kB
SReclaimable:      78656 kB
SUnreclaim:       232012 kB
KernelStack:       48128 kB
ShadowCallStack:   12052 kB
PageTables:        78524 kB
NFS_Unstable:          0 kB
Bounce:                0 kB
WritebackTmp:          0 kB
CommitLimit:     8676856 kB
Committed_AS:   75816480 kB
VmallocTotal:   263061440 kB
VmallocUsed:      129928 kB
VmallocChunk:          0 kB
Percpu:             2448 kB
CmaTotal:         405504 kB
CmaFree:               0 kB
MemTotal:        7916544 kB
MemFree:          211304 kB
MemAvailable:    1417668 kB
Buffers:            5700 kB
Cached:          1430412 kB
SwapCached:            4 kB
Active:          1665528 kB
Inactive:        3510064 kB
Active(anon):    1559072 kB
Inactive(anon):  2203028 kB
Active(file):     106456 kB
Inactive(file):  1307036 kB
Unevictable:        6200 kB
Mlocked:            5760 kB
SwapTotal:       4718584 kB
SwapFree:        4017144 kB
Dirty:               176 kB
Writeback:             0 kB
AnonPages:       3745784 kB
Mapped:           919192 kB
Shmem:             18028 kB
KReclaimable:     123652 kB
Slab:             310708 kB
SReclaimable:      78656 kB
SUnreclaim:       232052 kB
KernelStack:       48096 kB
ShadowCallStack:   12056 kB
PageTables:        78636 kB
NFS_Unstable:          0 kB
Bounce:                0 kB
WritebackTmp:          0 kB
CommitLimit:     8676856 kB
Committed_AS:   75865348 kB
VmallocTotal:   263061440 kB
VmallocUsed:      129976 kB
VmallocChunk:          0 kB
Percpu:             2448 kB
CmaTotal:         405504 kB
CmaFree:               0 kB
MemTotal:        7916544 kB
MemFree:          214140 kB
MemAvailable:    1389108 kB
Buffers:            5700 kB
Cached:          1399268 kB
SwapCached:            4 kB
Active:          1693728 kB
Inactive:        3478772 kB
Active(anon):    1587260 kB
Inactive(anon):  2203016 kB
Active(file):     106468 kB
Inactive(file):  1275756 kB
Unevictable:        6200 kB
Mlocked:            5760 kB
SwapTotal:       4718584 kB
SwapFree:        4017144 kB
Dirty:               188 kB
Writeback:             8 kB
AnonPages:       3774080 kB
Mapped:           897700 kB
Shmem:             18028 kB
KReclaimable:     123396 kB
Slab:             310696 kB
SReclaimable:      78656 kB
SUnreclaim:       232040 kB
KernelStack:       48128 kB
ShadowCallStack:   12060 kB
PageTables:        78544 kB
NFS_Unstable:          0 kB
Bounce:                0 kB
WritebackTmp:          0 kB
CommitLimit:     8676856 kB
Committed_AS:   75930664 kB
VmallocTotal:   263061440 kB
VmallocUsed:      129908 kB
VmallocChunk:          0 kB
Percpu:             2448 kB
CmaTotal:         405504 kB
CmaFree:               0 kB
MemTotal:        7916544 kB
MemFree:          212192 kB
MemAvailable:    1383248 kB
Buffers:            5724 kB
Cached:          1395308 kB
SwapCached:            4 kB
Active:          1699260 kB
Inactive:        3474860 kB
Active(anon):    1592792 kB
Inactive(anon):  2203016 kB
Active(file):     106468 kB
Inactive(file):  1271844 kB
Unevictable:        6200 kB
Mlocked:            5760 kB
SwapTotal:       4718584 kB
SwapFree:        4017144 kB
Dirty:               216 kB
Writeback:             0 kB
AnonPages:       3779436 kB
Mapped:           896292 kB
Shmem:             18032 kB
KReclaimable:     123396 kB
Slab:             310700 kB
SReclaimable:      78656 kB
SUnreclaim:       232044 kB
KernelStack:       48128 kB
ShadowCallStack:   12060 kB
PageTables:        78784 kB
NFS_Unstable:          0 kB
Bounce:                0 kB
WritebackTmp:          0 kB
CommitLimit:     8676856 kB
Committed_AS:   75930664 kB
VmallocTotal:   263061440 kB
VmallocUsed:      130028 kB
VmallocChunk:          0 kB
Percpu:             2448 kB
CmaTotal:         405504 kB
CmaFree:               0 kB
MemTotal:        7916544 kB
MemFree:          215184 kB
MemAvailable:    1359404 kB
Buffers:            5728 kB
Cached:          1369496 kB
SwapCached:            4 kB
Active:          1723004 kB
Inactive:        3449040 kB
Active(anon):    1616520 kB
Inactive(anon):  2203020 kB
Active(file):     106484 kB
Inactive(file):  1246020 kB
Unevictable:        6200 kB
Mlocked:            5760 kB
SwapTotal:       4718584 kB
SwapFree:        4017144 kB
Dirty:               248 kB
Writeback:             0 kB
AnonPages:       3803036 kB
Mapped:           881936 kB
Shmem:             18032 kB
KReclaimable:     121344 kB
Slab:             310816 kB
SReclaimable:      78652 kB
SUnreclaim:       232164 kB
KernelStack:       48128 kB
ShadowCallStack:   12056 kB
PageTables:        78884 kB
NFS_Unstable:          0 kB
Bounce:                0 kB
WritebackTmp:          0 kB
CommitLimit:     8676856 kB
Committed_AS:   76012584 kB
VmallocTotal:   263061440 kB
VmallocUsed:      129932 kB
VmallocChunk:          0 kB
Percpu:             2448 kB
CmaTotal:         405504 kB
CmaFree:               0 kB
MemTotal:        7916544 kB
MemFree:          212564 kB
MemAvailable:    1350060 kB
Buffers:            5728 kB
Cached:          1362672 kB
SwapCached:            4 kB
Active:          1731988 kB
Inactive:        3441880 kB
Active(anon):    1625476 kB
Inactive(anon):  2202732 kB
Active(file):     106512 kB
Inactive(file):  1239148 kB
Unevictable:        6200 kB
Mlocked:            5760 kB
SwapTotal:       4718584 kB
SwapFree:        4017144 kB
Dirty:               252 kB
Writeback:             0 kB
AnonPages:       3811652 kB
Mapped:           878508 kB
Shmem:             18052 kB
KReclaimable:     121584 kB
Slab:             310988 kB
SReclaimable:      78892 kB
SUnreclaim:       232096 kB
KernelStack:       48144 kB
ShadowCallStack:   12056 kB
PageTables:        78988 kB
NFS_Unstable:          0 kB
Bounce:                0 kB
WritebackTmp:          0 kB
CommitLimit:     8676856 kB
Committed_AS:   76028692 kB
VmallocTotal:   263061440 kB
VmallocUsed:      129932 kB
VmallocChunk:          0 kB
Percpu:             2448 kB
CmaTotal:         405504 kB
CmaFree:               0 kB
MemTotal:        7916544 kB
MemFree:          216184 kB
MemAvailable:    1345896 kB
Buffers:            5728 kB
Cached:          1354912 kB
SwapCached:            4 kB
Active:          1736884 kB
Inactive:        3433180 kB
Active(anon):    1629428 kB
Inactive(anon):  2202736 kB
Active(file):     107456 kB
Inactive(file):  1230444 kB
Unevictable:        6200 kB
Mlocked:            5760 kB
SwapTotal:       4718584 kB
SwapFree:        4017144 kB
Dirty:               252 kB
Writeback:             0 kB
AnonPages:       3815632 kB
Mapped:           873904 kB
Shmem:             18052 kB
KReclaimable:     121536 kB
Slab:             310956 kB
SReclaimable:      78844 kB
SUnreclaim:       232112 kB
KernelStack:       48144 kB
ShadowCallStack:   12056 kB
PageTables:        78948 kB
NFS_Unstable:          0 kB
Bounce:                0 kB
WritebackTmp:          0 kB
CommitLimit:     8676856 kB
Committed_AS:   76029360 kB
VmallocTotal:   263061440 kB
VmallocUsed:      130040 kB
VmallocChunk:          0 kB
Percpu:             2448 kB
CmaTotal:         405504 kB
CmaFree:               0 kB
MemTotal:        7916544 kB
MemFree:          212360 kB
MemAvailable:    1307084 kB
Buffers:            5728 kB
Cached:          1320948 kB
SwapCached:            4 kB
Active:          1778332 kB
Inactive:        3398632 kB
Active(anon):    1670344 kB
Inactive(anon):  2202684 kB
Active(file):     107988 kB
Inactive(file):  1195948 kB
Unevictable:        6200 kB
Mlocked:            5760 kB
SwapTotal:       4718584 kB
SwapFree:        4017144 kB
Dirty:               264 kB
Writeback:             0 kB
AnonPages:       3856488 kB
Mapped:           857328 kB
Shmem:             18052 kB
KReclaimable:     119488 kB
Slab:             310952 kB
SReclaimable:      78844 kB
SUnreclaim:       232108 kB
KernelStack:       48112 kB
ShadowCallStack:   12052 kB
PageTables:        79016 kB
NFS_Unstable:          0 kB
Bounce:                0 kB
WritebackTmp:          0 kB
CommitLimit:     8676856 kB
Committed_AS:   76110968 kB
VmallocTotal:   263061440 kB
VmallocUsed:      129888 kB
VmallocChunk:          0 kB
Percpu:             2448 kB
CmaTotal:         405504 kB
CmaFree:               0 kB
MemTotal:        7916544 kB
MemFree:          211112 kB
MemAvailable:    1283220 kB
Buffers:            5728 kB
Cached:          1298588 kB
SwapCached:            4 kB
Active:          1801324 kB
Inactive:        3376152 kB
Active(anon):    1693336 kB
Inactive(anon):  2202692 kB
Active(file):     107988 kB
Inactive(file):  1173460 kB
Unevictable:        6200 kB
Mlocked:            5760 kB
SwapTotal:       4718584 kB
SwapFree:        4017144 kB
Dirty:               272 kB
Writeback:             0 kB
AnonPages:       3879740 kB
Mapped:           848564 kB
Shmem:             18052 kB
KReclaimable:     119232 kB
Slab:             310896 kB
SReclaimable:      78844 kB
SUnreclaim:       232052 kB
KernelStack:       48112 kB
ShadowCallStack:   12056 kB
PageTables:        79112 kB
NFS_Unstable:          0 kB
Bounce:                0 kB
WritebackTmp:          0 kB
CommitLimit:     8676856 kB
Committed_AS:   76159784 kB
VmallocTotal:   263061440 kB
VmallocUsed:      129896 kB
VmallocChunk:          0 kB
Percpu:             2448 kB
CmaTotal:         405504 kB
CmaFree:               0 kB
MemTotal:        7916544 kB
MemFree:          213720 kB
MemAvailable:    1261676 kB
Buffers:            5736 kB
Cached:          1274300 kB
SwapCached:            4 kB
Active:          1822136 kB
Inactive:        3351680 kB
Active(anon):    1713828 kB
Inactive(anon):  2202692 kB
Active(file):     108308 kB
Inactive(file):  1148988 kB
Unevictable:        6200 kB
Mlocked:            5760 kB
SwapTotal:       4718584 kB
SwapFree:        4017144 kB
Dirty:               276 kB
Writeback:             0 kB
AnonPages:       3900100 kB
Mapped:           843296 kB
Shmem:             18052 kB
KReclaimable:     119232 kB
Slab:             310896 kB
SReclaimable:      78844 kB
SUnreclaim:       232052 kB
KernelStack:       48112 kB
ShadowCallStack:   12044 kB
PageTables:        79144 kB
NFS_Unstable:          0 kB
Bounce:                0 kB
WritebackTmp:          0 kB
CommitLimit:     8676856 kB
Committed_AS:   76208944 kB
VmallocTotal:   263061440 kB
VmallocUsed:      129928 kB
VmallocChunk:          0 kB
Percpu:             2448 kB
CmaTotal:         405504 kB
CmaFree:               0 kB
MemTotal:        7916544 kB
MemFree:          214004 kB
MemAvailable:    1222756 kB
Buffers:            5736 kB
Cached:          1236364 kB
SwapCached:            4 kB
Active:          1861452 kB
Inactive:        3313512 kB
Active(anon):    1753060 kB
Inactive(anon):  2202684 kB
Active(file):     108392 kB
Inactive(file):  1110828 kB
Unevictable:        6200 kB
Mlocked:            5760 kB
SwapTotal:       4718584 kB
SwapFree:        4017144 kB
Dirty:               276 kB
Writeback:             0 kB
AnonPages:       3939356 kB
Mapped:           832940 kB
Shmem:             18052 kB
KReclaimable:     116976 kB
Slab:             310820 kB
SReclaimable:      78636 kB
SUnreclaim:       232184 kB
KernelStack:       48112 kB
ShadowCallStack:   12044 kB
PageTables:        79356 kB
NFS_Unstable:          0 kB
Bounce:                0 kB
WritebackTmp:          0 kB
CommitLimit:     8676856 kB
Committed_AS:   76307248 kB
VmallocTotal:   263061440 kB
VmallocUsed:      129912 kB
VmallocChunk:          0 kB
Percpu:             2448 kB
CmaTotal:         405504 kB
CmaFree:               0 kB
MemTotal:        7916544 kB
MemFree:          216816 kB
MemAvailable:    1177348 kB
Buffers:            5736 kB
Cached:          1188968 kB
SwapCached:            4 kB
Active:          1908324 kB
Inactive:        3265896 kB
Active(anon):    1799476 kB
Inactive(anon):  2202688 kB
Active(file):     108848 kB
Inactive(file):  1063208 kB
Unevictable:        6200 kB
Mlocked:            5760 kB
SwapTotal:       4718584 kB
SwapFree:        4017144 kB
Dirty:               288 kB
Writeback:             0 kB
AnonPages:       3985708 kB
Mapped:           818232 kB
Shmem:             18052 kB
KReclaimable:     114864 kB
Slab:             310680 kB
SReclaimable:      78572 kB
SUnreclaim:       232108 kB
KernelStack:       48096 kB
ShadowCallStack:   12032 kB
PageTables:        79212 kB
NFS_Unstable:          0 kB
Bounce:                0 kB
WritebackTmp:          0 kB
CommitLimit:     8676856 kB
Committed_AS:   76421932 kB
VmallocTotal:   263061440 kB
VmallocUsed:      129912 kB
VmallocChunk:          0 kB
Percpu:             2448 kB
CmaTotal:         405504 kB
CmaFree:               0 kB
MemTotal:        7916544 kB
MemFree:          214648 kB
MemAvailable:    1125824 kB
Buffers:            5736 kB
Cached:          1141332 kB
SwapCached:            4 kB
Active:          1958400 kB
Inactive:        3217032 kB
Active(anon):    1849184 kB
Inactive(anon):  2201980 kB
Active(file):     109216 kB
Inactive(file):  1015052 kB
Unevictable:        6200 kB
Mlocked:            5760 kB
SwapTotal:       4718584 kB
SwapFree:        4017144 kB
Dirty:               344 kB
Writeback:             0 kB
AnonPages:       4034636 kB
Mapped:           798088 kB
Shmem:             18052 kB
KReclaimable:     111724 kB
Slab:             310796 kB
SReclaimable:      78572 kB
SUnreclaim:       232224 kB
KernelStack:       48096 kB
ShadowCallStack:   12044 kB
PageTables:        79636 kB
NFS_Unstable:          0 kB
Bounce:                0 kB
WritebackTmp:          0 kB
CommitLimit:     8676856 kB
Committed_AS:   76537556 kB
VmallocTotal:   263061440 kB
VmallocUsed:      129928 kB
VmallocChunk:          0 kB
Percpu:             2448 kB
CmaTotal:         405504 kB
CmaFree:               0 kB
MemTotal:        7916544 kB
MemFree:          213460 kB
MemAvailable:    1074660 kB
Buffers:            5760 kB
Cached:          1092296 kB
SwapCached:            4 kB
Active:          2011140 kB
Inactive:        3167088 kB
Active(anon):    1900936 kB
Inactive(anon):  2201976 kB
Active(file):     110204 kB
Inactive(file):   965112 kB
Unevictable:        6200 kB
Mlocked:            5760 kB
SwapTotal:       4718584 kB
SwapFree:        4017144 kB
Dirty:               364 kB
Writeback:             0 kB
AnonPages:       4086380 kB
Mapped:           769468 kB
Shmem:             18052 kB
KReclaimable:     109676 kB
Slab:             310932 kB
SReclaimable:      78572 kB
SUnreclaim:       232360 kB
KernelStack:       48160 kB
ShadowCallStack:   12056 kB
PageTables:        79944 kB
NFS_Unstable:          0 kB
Bounce:                0 kB
WritebackTmp:          0 kB
CommitLimit:     8676856 kB
Committed_AS:   76652196 kB
VmallocTotal:   263061440 kB
VmallocUsed:      129980 kB
VmallocChunk:          0 kB
Percpu:             2448 kB
CmaTotal:         405504 kB
CmaFree:               0 kB
MemTotal:        7916544 kB
MemFree:          214300 kB
MemAvailable:    1036284 kB
Buffers:            5760 kB
Cached:          1054104 kB
SwapCached:            4 kB
Active:          2050812 kB
Inactive:        3128244 kB
Active(anon):    1940252 kB
Inactive(anon):  2201680 kB
Active(file):     110560 kB
Inactive(file):   926564 kB
Unevictable:        6200 kB
Mlocked:            5760 kB
SwapTotal:       4718584 kB
SwapFree:        4017144 kB
Dirty:               368 kB
Writeback:             0 kB
AnonPages:       4125676 kB
Mapped:           756480 kB
Shmem:             18052 kB
KReclaimable:     107628 kB
Slab:             310988 kB
SReclaimable:      78572 kB
SUnreclaim:       232416 kB
KernelStack:       48128 kB
ShadowCallStack:   12048 kB
PageTables:        79972 kB
NFS_Unstable:          0 kB
Bounce:                0 kB
WritebackTmp:          0 kB
CommitLimit:     8676856 kB
Committed_AS:   76766264 kB
VmallocTotal:   263061440 kB
VmallocUsed:      129936 kB
VmallocChunk:          0 kB
Percpu:             2448 kB
CmaTotal:         405504 kB
CmaFree:               0 kB
MemTotal:        7916544 kB
MemFree:          213744 kB
MemAvailable:     984400 kB
Buffers:            5760 kB
Cached:          1002904 kB
SwapCached:            4 kB
Active:          2101896 kB
Inactive:        3076204 kB
Active(anon):    1990496 kB
Inactive(anon):  2201680 kB
Active(file):     111400 kB
Inactive(file):   874524 kB
Unevictable:        6200 kB
Mlocked:            5760 kB
SwapTotal:       4718584 kB
SwapFree:        4017144 kB
Dirty:               372 kB
Writeback:             0 kB
AnonPages:       4175744 kB
Mapped:           745184 kB
Shmem:             18052 kB
KReclaimable:     107372 kB
Slab:             311124 kB
SReclaimable:      78572 kB
SUnreclaim:       232552 kB
KernelStack:       48112 kB
ShadowCallStack:   12060 kB
PageTables:        80288 kB
NFS_Unstable:          0 kB
Bounce:                0 kB
WritebackTmp:          0 kB
CommitLimit:     8676856 kB
Committed_AS:   76871980 kB
VmallocTotal:   263061440 kB
VmallocUsed:      129928 kB
VmallocChunk:          0 kB
Percpu:             2448 kB
CmaTotal:         405504 kB
CmaFree:               0 kB
MemTotal:        7916544 kB
MemFree:          212900 kB
MemAvailable:     926108 kB
Buffers:            5760 kB
Cached:           945592 kB
SwapCached:            4 kB
Active:          2160456 kB
Inactive:        3017900 kB
Active(anon):    2048200 kB
Inactive(anon):  2201680 kB
Active(file):     112256 kB
Inactive(file):   816220 kB
Unevictable:        6200 kB
Mlocked:            5760 kB
SwapTotal:       4718584 kB
SwapFree:        4017144 kB
Dirty:               372 kB
Writeback:             0 kB
AnonPages:       4233352 kB
Mapped:           703244 kB
Shmem:             18052 kB
KReclaimable:     107372 kB
Slab:             311100 kB
SReclaimable:      78572 kB
SUnreclaim:       232528 kB
KernelStack:       48128 kB
ShadowCallStack:   12040 kB
PageTables:        80260 kB
NFS_Unstable:          0 kB
Bounce:                0 kB
WritebackTmp:          0 kB
CommitLimit:     8676856 kB
Committed_AS:   77012724 kB
VmallocTotal:   263061440 kB
VmallocUsed:      129920 kB
VmallocChunk:          0 kB
Percpu:             2448 kB
CmaTotal:         405504 kB
CmaFree:               0 kB
MemTotal:        7916544 kB
MemFree:          210824 kB
MemAvailable:     869660 kB
Buffers:            5728 kB
Cached:           892380 kB
SwapCached:            4 kB
Active:          2218928 kB
Inactive:        2962156 kB
Active(anon):    2104128 kB
Inactive(anon):  2201588 kB
Active(file):     114800 kB
Inactive(file):   760568 kB
Unevictable:        6200 kB
Mlocked:            5760 kB
SwapTotal:       4718584 kB
SwapFree:        4017144 kB
Dirty:               376 kB
Writeback:             0 kB
AnonPages:       4289248 kB
Mapped:           664724 kB
Shmem:             18052 kB
KReclaimable:     104844 kB
Slab:             310944 kB
SReclaimable:      78348 kB
SUnreclaim:       232596 kB
KernelStack:       48144 kB
ShadowCallStack:   12060 kB
PageTables:        80756 kB
NFS_Unstable:          0 kB
Bounce:                0 kB
WritebackTmp:          0 kB
CommitLimit:     8676856 kB
Committed_AS:   77143476 kB
VmallocTotal:   263061440 kB
VmallocUsed:      129960 kB
VmallocChunk:          0 kB
Percpu:             2448 kB
CmaTotal:         405504 kB
CmaFree:               0 kB
MemTotal:        7916544 kB
MemFree:          214104 kB
MemAvailable:     823060 kB
Buffers:            3108 kB
Cached:           846312 kB
SwapCached:            4 kB
Active:          2271892 kB
Inactive:        2908660 kB
Active(anon):    2152432 kB
Inactive(anon):  2201584 kB
Active(file):     119460 kB
Inactive(file):   707076 kB
Unevictable:        6200 kB
Mlocked:            5760 kB
SwapTotal:       4718584 kB
SwapFree:        4017144 kB
Dirty:               384 kB
Writeback:             0 kB
AnonPages:       4337504 kB
Mapped:           624248 kB
Shmem:             18052 kB
KReclaimable:     102748 kB
Slab:             310944 kB
SReclaimable:      78300 kB
SUnreclaim:       232644 kB
KernelStack:       48128 kB
ShadowCallStack:   12056 kB
PageTables:        81104 kB
NFS_Unstable:          0 kB
Bounce:                0 kB
WritebackTmp:          0 kB
CommitLimit:     8676856 kB
Committed_AS:   77274548 kB
VmallocTotal:   263061440 kB
VmallocUsed:      129976 kB
VmallocChunk:          0 kB
Percpu:             2448 kB
CmaTotal:         405504 kB
CmaFree:               0 kB
MemTotal:        7916544 kB
MemFree:          210220 kB
MemAvailable:     798896 kB
Buffers:            3108 kB
Cached:           825744 kB
SwapCached:            4 kB
Active:          2294796 kB
Inactive:        2887160 kB
Active(anon):    2174112 kB
Inactive(anon):  2201588 kB
Active(file):     120684 kB
Inactive(file):   685572 kB
Unevictable:        6200 kB
Mlocked:            5760 kB
SwapTotal:       4718584 kB
SwapFree:        4017144 kB
Dirty:               384 kB
Writeback:             0 kB
AnonPages:       4359220 kB
Mapped:           612556 kB
Shmem:             18052 kB
KReclaimable:     102748 kB
Slab:             310896 kB
SReclaimable:      78300 kB
SUnreclaim:       232596 kB
KernelStack:       48096 kB
ShadowCallStack:   12052 kB
PageTables:        80656 kB
NFS_Unstable:          0 kB
Bounce:                0 kB
WritebackTmp:          0 kB
CommitLimit:     8676856 kB
Committed_AS:   77307324 kB
VmallocTotal:   263061440 kB
VmallocUsed:      129992 kB
VmallocChunk:          0 kB
Percpu:             2448 kB
CmaTotal:         405504 kB
CmaFree:               0 kB
MemTotal:        7916544 kB
MemFree:          218252 kB
MemAvailable:     802128 kB
Buffers:            3108 kB
Cached:           821088 kB
SwapCached:            4 kB
Active:          2300556 kB
Inactive:        2872808 kB
Active(anon):    2179788 kB
Inactive(anon):  2192120 kB
Active(file):     120768 kB
Inactive(file):   680688 kB
Unevictable:        6200 kB
Mlocked:            5760 kB
SwapTotal:       4718584 kB
SwapFree:        4017144 kB
Dirty:               404 kB
Writeback:             0 kB
AnonPages:       4355472 kB
Mapped:           609304 kB
Shmem:             18052 kB
KReclaimable:     102748 kB
Slab:             311020 kB
SReclaimable:      78300 kB
SUnreclaim:       232720 kB
KernelStack:       48144 kB
ShadowCallStack:   12060 kB
PageTables:        81040 kB
NFS_Unstable:          0 kB
Bounce:                0 kB
WritebackTmp:          0 kB
CommitLimit:     8676856 kB
Committed_AS:   77340092 kB
VmallocTotal:   263061440 kB
VmallocUsed:      130000 kB
VmallocChunk:          0 kB
Percpu:             2448 kB
CmaTotal:         405504 kB
CmaFree:             640 kB
MemTotal:        7916544 kB
MemFree:          214188 kB
MemAvailable:     790128 kB
Buffers:            3108 kB
Cached:           813324 kB
SwapCached:            4 kB
Active:          2312888 kB
Inactive:        2864836 kB
Active(anon):    2192120 kB
Inactive(anon):  2192084 kB
Active(file):     120768 kB
Inactive(file):   672752 kB
Unevictable:        6200 kB
Mlocked:            5760 kB
SwapTotal:       4718584 kB
SwapFree:        4017144 kB
Dirty:               236 kB
Writeback:             0 kB
AnonPages:       4367732 kB
Mapped:           604028 kB
Shmem:             18060 kB
KReclaimable:     102748 kB
Slab:             311008 kB
SReclaimable:      78300 kB
SUnreclaim:       232708 kB
KernelStack:       48112 kB
ShadowCallStack:   12048 kB
PageTables:        81232 kB
NFS_Unstable:          0 kB
Bounce:                0 kB
WritebackTmp:          0 kB
CommitLimit:     8676856 kB
Committed_AS:   77340104 kB
VmallocTotal:   263061440 kB
VmallocUsed:      129952 kB
VmallocChunk:          0 kB
Percpu:             2448 kB
CmaTotal:         405504 kB
CmaFree:               4 kB
MemTotal:        7916544 kB
MemFree:          210808 kB
MemAvailable:     785188 kB
Buffers:            3108 kB
Cached:           811636 kB
SwapCached:            4 kB
Active:          2321500 kB
Inactive:        2861636 kB
Active(anon):    2199128 kB
Inactive(anon):  2192044 kB
Active(file):     122372 kB
Inactive(file):   669592 kB
Unevictable:        6200 kB
Mlocked:            5760 kB
SwapTotal:       4718584 kB
SwapFree:        4017144 kB
Dirty:               168 kB
Writeback:             0 kB
AnonPages:       4374720 kB
Mapped:           600620 kB
Shmem:             18060 kB
KReclaimable:     102744 kB
Slab:             311064 kB
SReclaimable:      78296 kB
SUnreclaim:       232768 kB
KernelStack:       48224 kB
ShadowCallStack:   12064 kB
PageTables:        80872 kB
NFS_Unstable:          0 kB
Bounce:                0 kB
WritebackTmp:          0 kB
CommitLimit:     8676856 kB
Committed_AS:   77372592 kB
VmallocTotal:   263061440 kB
VmallocUsed:      130048 kB
VmallocChunk:          0 kB
Percpu:             2448 kB
CmaTotal:         405504 kB
CmaFree:               0 kB
MemTotal:        7916544 kB
MemFree:          210996 kB
MemAvailable:     774884 kB
Buffers:            3140 kB
Cached:           801084 kB
SwapCached:            4 kB
Active:          2332288 kB
Inactive:        2849592 kB
Active(anon):    2208372 kB
Inactive(anon):  2192036 kB
Active(file):     123916 kB
Inactive(file):   657556 kB
Unevictable:        6200 kB
Mlocked:            5760 kB
SwapTotal:       4718584 kB
SwapFree:        4017144 kB
Dirty:               208 kB
Writeback:             0 kB
AnonPages:       4383952 kB
Mapped:           597868 kB
Shmem:             18064 kB
KReclaimable:     102744 kB
Slab:             311176 kB
SReclaimable:      78296 kB
SUnreclaim:       232880 kB
KernelStack:       48320 kB
ShadowCallStack:   12104 kB
PageTables:        81204 kB
NFS_Unstable:          0 kB
Bounce:                0 kB
WritebackTmp:          0 kB
CommitLimit:     8676856 kB
Committed_AS:   77372904 kB
VmallocTotal:   263061440 kB
VmallocUsed:      130304 kB
VmallocChunk:          0 kB
Percpu:             2448 kB
CmaTotal:         405504 kB
CmaFree:               0 kB
MemTotal:        7916544 kB
MemFree:          211816 kB
MemAvailable:     755236 kB
Buffers:            3140 kB
Cached:           780616 kB
SwapCached:            4 kB
Active:          2351820 kB
Inactive:        2829128 kB
Active(anon):    2227904 kB
Inactive(anon):  2192040 kB
Active(file):     123916 kB
Inactive(file):   637088 kB
Unevictable:        6200 kB
Mlocked:            5760 kB
SwapTotal:       4718584 kB
SwapFree:        4017144 kB
Dirty:               216 kB
Writeback:             0 kB
AnonPages:       4403044 kB
Mapped:           597892 kB
Shmem:             18064 kB
KReclaimable:     102744 kB
Slab:             311204 kB
SReclaimable:      78296 kB
SUnreclaim:       232908 kB
KernelStack:       48288 kB
ShadowCallStack:   12096 kB
PageTables:        81424 kB
NFS_Unstable:          0 kB
Bounce:                0 kB
WritebackTmp:          0 kB
CommitLimit:     8676856 kB
Committed_AS:   77405664 kB
VmallocTotal:   263061440 kB
VmallocUsed:      130156 kB
VmallocChunk:          0 kB
Percpu:             2448 kB
CmaTotal:         405504 kB
CmaFree:               0 kB
MemTotal:        7916544 kB
MemFree:          212000 kB
MemAvailable:     737904 kB
Buffers:            3124 kB
Cached:           764144 kB
SwapCached:            4 kB
Active:          2369708 kB
Inactive:        2812632 kB
Active(anon):    2245792 kB
Inactive(anon):  2192036 kB
Active(file):     123916 kB
Inactive(file):   620596 kB
Unevictable:        6200 kB
Mlocked:            5760 kB
SwapTotal:       4718584 kB
SwapFree:        4017144 kB
Dirty:               220 kB
Writeback:             0 kB
AnonPages:       4421396 kB
Mapped:           597928 kB
Shmem:             18068 kB
KReclaimable:     100696 kB
Slab:             311104 kB
SReclaimable:      78296 kB
SUnreclaim:       232808 kB
KernelStack:       48256 kB
ShadowCallStack:   12100 kB
PageTables:        81120 kB
NFS_Unstable:          0 kB
Bounce:                0 kB
WritebackTmp:          0 kB
CommitLimit:     8676856 kB
Committed_AS:   77445156 kB
VmallocTotal:   263061440 kB
VmallocUsed:      130188 kB
VmallocChunk:          0 kB
Percpu:             2448 kB
CmaTotal:         405504 kB
CmaFree:               0 kB
MemTotal:        7916544 kB
MemFree:          210328 kB
MemAvailable:     724928 kB
Buffers:            3124 kB
Cached:           752972 kB
SwapCached:            4 kB
Active:          2383508 kB
Inactive:        2799684 kB
Active(anon):    2257820 kB
Inactive(anon):  2192036 kB
Active(file):     125688 kB
Inactive(file):   607648 kB
Unevictable:        6200 kB
Mlocked:            5760 kB
SwapTotal:       4718584 kB
SwapFree:        4017144 kB
Dirty:               232 kB
Writeback:             0 kB
AnonPages:       4433404 kB
Mapped:           598332 kB
Shmem:             18072 kB
KReclaimable:     100436 kB
Slab:             311248 kB
SReclaimable:      78292 kB
SUnreclaim:       232956 kB
KernelStack:       48352 kB
ShadowCallStack:   12108 kB
PageTables:        81256 kB
NFS_Unstable:          0 kB
Bounce:                0 kB
WritebackTmp:          0 kB
CommitLimit:     8676856 kB
Committed_AS:   77455216 kB
VmallocTotal:   263061440 kB
VmallocUsed:      130304 kB
VmallocChunk:          0 kB
Percpu:             2448 kB
CmaTotal:         405504 kB
CmaFree:               4 kB
MemTotal:        7916544 kB
MemFree:          213940 kB
MemAvailable:     703176 kB
Buffers:            3120 kB
Cached:           727616 kB
SwapCached:            4 kB
Active:          2404928 kB
Inactive:        2773528 kB
Active(anon):    2278824 kB
Inactive(anon):  2191656 kB
Active(file):     126104 kB
Inactive(file):   581872 kB
Unevictable:        6200 kB
Mlocked:            5760 kB
SwapTotal:       4718584 kB
SwapFree:        4017144 kB
Dirty:               236 kB
Writeback:             0 kB
AnonPages:       4453960 kB
Mapped:           590396 kB
Shmem:             18072 kB
KReclaimable:     100428 kB
Slab:             311300 kB
SReclaimable:      78284 kB
SUnreclaim:       233016 kB
KernelStack:       48336 kB
ShadowCallStack:   12108 kB
PageTables:        81308 kB
NFS_Unstable:          0 kB
Bounce:                0 kB
WritebackTmp:          0 kB
CommitLimit:     8676856 kB
Committed_AS:   77504008 kB
VmallocTotal:   263061440 kB
VmallocUsed:      130148 kB
VmallocChunk:          0 kB
Percpu:             2448 kB
CmaTotal:         405504 kB
CmaFree:               0 kB
MemTotal:        7916544 kB
MemFree:          211668 kB
MemAvailable:     681856 kB
Buffers:            3112 kB
Cached:           708580 kB
SwapCached:            4 kB
Active:          2426180 kB
Inactive:        2754028 kB
Active(anon):    2299632 kB
Inactive(anon):  2191644 kB
Active(file):     126548 kB
Inactive(file):   562384 kB
Unevictable:        6200 kB
Mlocked:            5760 kB
SwapTotal:       4718584 kB
SwapFree:        4017144 kB
Dirty:               236 kB
Writeback:             0 kB
AnonPages:       4474724 kB
Mapped:           580432 kB
Shmem:             18072 kB
KReclaimable:     100424 kB
Slab:             311272 kB
SReclaimable:      78280 kB
SUnreclaim:       232992 kB
KernelStack:       48336 kB
ShadowCallStack:   12112 kB
PageTables:        81328 kB
NFS_Unstable:          0 kB
Bounce:                0 kB
WritebackTmp:          0 kB
CommitLimit:     8676856 kB
Committed_AS:   77520392 kB
VmallocTotal:   263061440 kB
VmallocUsed:      130236 kB
VmallocChunk:          0 kB
Percpu:             2448 kB
CmaTotal:         405504 kB
CmaFree:               0 kB
MemTotal:        7916544 kB
MemFree:          211804 kB
MemAvailable:     663248 kB
Buffers:            3116 kB
Cached:           689832 kB
SwapCached:            4 kB
Active:          2444268 kB
Inactive:        2734684 kB
Active(anon):    2317108 kB
Inactive(anon):  2191656 kB
Active(file):     127160 kB
Inactive(file):   543028 kB
Unevictable:        6200 kB
Mlocked:            5760 kB
SwapTotal:       4718584 kB
SwapFree:        4017144 kB
Dirty:               236 kB
Writeback:             0 kB
AnonPages:       4492308 kB
